
=== Linearization accuracy by region ===
 region_id   T_low  T_high  n_points  mean_abs_linearization_error  rmse_linearization_error  max_abs_linearization_error  mean_abs_nonlinear_residual  mean_abs_linearized_residual  mean_abs_y_PL_error_scaled  rmse_y_PL_error_scaled  max_abs_y_PL_error_scaled  mean_abs_y_PL_error_original  rmse_y_PL_error_original  max_abs_y_PL_error_original  mean_abs_f_PL  max_abs_f_PL  mean_abs_dCa  mean_abs_dCb  max_abs_dCa  max_abs_dCb  mean_abs_df_dCa  mean_abs_df_dCb  max_abs_df_dCa  max_abs_df_dCb  mean_amplification  max_amplification
         0 280.000 325.000        38                      0.043683                  0.056174                     0.121546                 7.282201e-17                      0.043683                    0.015216                0.028783                   0.105757                      0.017650                  0.030221                     0.105087       0.045934      0.123305      0.037768      0.015181     0.105087     0.042241         1.162231         0.162231        1.672695        0.672695            1.141483           1.823352
         1 325.000 347.500        18                      0.038998                  0.053197                     0.123061                 2.359224e-16                      0.038998                    0.003957                0.006665                   0.021133                      0.006150                  0.011236                     0.041998       0.042757      0.205865      0.005140      0.013309     0.016221     0.041998         2.961415         1.961415        5.140695        4.140695            2.874104           5.592646
         2 347.500 370.000        15                      0.069726                  0.092510                     0.179253                 1.569115e-15                      0.069726                    0.001386                0.002345                   0.006896                      0.002265                  0.004235                     0.013704       0.063855      0.268557      0.001465      0.005331     0.003767     0.013704        11.004272        10.004272       22.331845       21.331845           12.524297          26.315547
         3 370.000 392.500        18                      0.085870                  0.115614                     0.285021                 1.095420e-14                      0.085870                    0.000342                0.000592                   0.002253                      0.000564                  0.001082                     0.004477       0.093799      0.274280      0.000344      0.001349     0.001141     0.004477        58.846124        57.846124       98.095868       97.095868           70.528031         118.133088
         4 392.500 415.000        21                      0.113528                  0.152335                     0.372417                 5.549000e-14                      0.113528                    0.000105                0.000181                   0.000686                      0.000173                  0.000332                     0.001363       0.108224      0.386267      0.000104      0.000415     0.000342     0.001363       225.204825       224.204825      382.100838      381.100838          272.230851         462.415135
         5 415.000 426.250         8                      0.048130                  0.072483                     0.165723                 3.499423e-12                      0.048130                    0.000016                0.000032                   0.000113                      0.000027                  0.000058                     0.000224       0.044330      0.120226      0.000016      0.000065     0.000056     0.000224       582.781369       581.781369      759.017974      758.017974          705.891847         919.604012
         6 426.250 437.500        12                      0.104887                  0.131470                     0.241814                 3.079019e-13                      0.104887                    0.000019                0.000031                   0.000088                      0.000032                  0.000057                     0.000175       0.101228      0.263671      0.000019      0.000076     0.000044     0.000175      1114.977266      1113.977266     1453.351108     1452.351108         1351.234479        1761.499991
         7 437.500 443.125         4                      0.033359                  0.043240                     0.078305                 7.648282e-11                      0.033359                    0.000004                0.000007                   0.000018                      0.000006                  0.000012                     0.000036       0.036710      0.089950      0.000004      0.000015     0.000009     0.000036      1818.895141      1817.895141     1985.082031     1984.082031         2204.916043        2406.422311
         8 443.125 448.750         5                      0.032256                  0.040123                     0.076743                 9.094947e-14                      0.032256                    0.000003                0.000005                   0.000013                      0.000005                  0.000008                     0.000027       0.033917      0.086492      0.000003      0.000011     0.000007     0.000027      2360.050887      2359.050887     2598.267841     2597.267841         2861.160703        3150.017500
         9 448.750 454.375         5                      0.039470                  0.056434                     0.113501                 1.050012e-10                      0.039470                    0.000003                0.000005                   0.000015                      0.000004                  0.000009                     0.000030       0.036621      0.099939      0.000003      0.000010     0.000007     0.000030      2971.116194      2970.116194     3277.567830     3276.567830         3602.175214        3973.818462
        10 454.375 460.000         6                      0.077102                  0.096914                     0.167421                 3.486396e-12                      0.077102                    0.000004                0.000006                   0.000017                      0.000006                  0.000011                     0.000033       0.082619      0.191543      0.000004      0.000015     0.000008     0.000033      4159.389951      4158.389951     4596.088395     4595.088395         5043.142029        5572.647427

=== Overall linearization accuracy ===
Overall mean absolute linearization error: 6.623965e-02
Overall RMSE linearization error:          9.537272e-02
Overall max absolute linearization error: 3.724166e-01

=== Manual PL y accuracy ===
Overall mean absolute PL-y error, scaled:   4.526538e-03
Overall RMSE PL-y error, scaled:            1.469034e-02
Overall max absolute PL-y error, scaled:    1.057568e-01
Overall mean absolute PL-y error, original: 5.532410e-03
Overall RMSE PL-y error, original:          1.576277e-02
Overall max absolute PL-y error, original:  1.050866e-01

=== Nonlinear sensitivity diagnostic ===
Mean |f(true)|:                 5.902623e-12
Mean |f(PL)|:                   6.665788e-02
Max  |f(PL)|:                   3.862672e-01
Mean |dCa|:                     1.038987e-02
Mean |dCb|:                     6.207357e-03
Max  |dCa|:                     1.050866e-01
Max  |dCb|:                     4.224086e-02
Mean |df/dCa|:                  5.532053e+02
Mean |df/dCb|:                  5.522053e+02
Max  |df/dCa|:                  4.596088e+03
Max  |df/dCb|:                  4.595088e+03
Mean amplification |df|/|dy|:   6.701765e+02
Max  amplification |df|/|dy|:   5.572647e+03

Top 10 largest nonlinear residuals after PL projection:
 Temperature (T)       Ca       Cb    Ca_PL    Cb_PL  abs_Ca_PL_error  abs_Cb_PL_error  abs_df_dCa  abs_df_dCb  abs_f_PL  amplification
      413.000000 0.429271 0.858542 0.429068 0.857732         0.000203         0.000810  382.100838  381.100838  0.386267     462.415135
      391.000000 0.449663 0.899325 0.449089 0.897075         0.000574         0.002250   98.095868   97.095868  0.274280     118.133088
      369.000000 0.477898 0.955796 0.475193 0.945956         0.002705         0.009840   22.331845   21.331845  0.268557      26.315547
      437.000000 0.410878 0.821756 0.410842 0.821611         0.000036         0.000145 1453.351108 1452.351108  0.263671    1761.499991
      390.769320 0.449904 0.899808 0.449355 0.897656         0.000549         0.002152   96.639519   95.639519  0.258500     116.373009
      411.337980 0.430668 0.861336 0.430529 0.860783         0.000139         0.000553  346.402688  345.402688  0.239208     419.204058
      411.309381 0.430692 0.861385 0.430554 0.860835         0.000138         0.000549  345.816265  344.816265  0.237068     418.494012
      411.000000 0.430955 0.861909 0.430827 0.861402         0.000127         0.000507  339.530769  338.530769  0.214706     410.883052
      390.000000 0.450715 0.901430 0.450246 0.899589         0.000469         0.001841   91.927766   90.927766  0.210279     110.676563
      347.000000 0.534681 1.069361 0.521418 1.035023         0.013262         0.034338    5.140695    4.140695  0.205865       5.592646

Saved:
linearization_accuracy_detailed.csv
linearization_accuracy_summary.csv
