Scaler Factors: [800.           0.9936625    1.987325     1.81292375]
Scaler saved at /home/f25moham/CSTR/nonlinear/total/pieces/Reduced_T/segments/segments2/heaviside/heaviside2/scaler.pkl
Scaled dataset saved at /home/f25moham/CSTR/nonlinear/total/pieces/Reduced_T/segments/segments2/heaviside/heaviside2/scaled_data.csv
Scaler Factors outside function: [800.           0.9936625    1.987325     1.81292375]
Scaler loaded successfully.
Scaler Type: <class 'sklearn.preprocessing._data.MaxAbsScaler'>
Scaler Factors (scale_): [800.           0.9936625    1.987325     1.81292375]
Namespace(model='KKThPINN', model_id='uniform_S5_r1', input_dim=1, hidden_dim=32, hidden_num=2, z0_dim=3, optimizer='adam', epochs=1000, batch_size=16, lr=0.0001, mu=1, max_subiter=500, eta=0.8, sigma=2, mu_safe=1000000000.0, dtype=64, dataset_type='cstr', dataset_path='data.csv', val_ratio=0.2, job='train', runs=1, run=0)
Scaler Factors: [800.           0.9936625    1.987325     1.81292375]
Scaler saved at /home/f25moham/CSTR/nonlinear/total/pieces/Reduced_T/segments/segments2/heaviside/heaviside2/scaler.pkl
Scaled dataset saved at /home/f25moham/CSTR/nonlinear/total/pieces/Reduced_T/segments/segments2/heaviside/heaviside2/scaled_data.csv
train set size: 90, val set size: 30, test set size: 30
Dtypes after casting:
[torch.float64, torch.float64, torch.float64, torch.float64, torch.float64]
[torch.float64, torch.float64, torch.float64, torch.float64, torch.float64]
[torch.float64, torch.float64, torch.float64, torch.float64, torch.float64]
Start Training…
epoch: 00050 loss_train: 0.12346 loss_val: 0.13416 viol_train: 0.02751 viol_val: 0.03441
epoch: 00100 loss_train: 0.05666 loss_val: 0.06346 viol_train: 0.00639 viol_val: 0.00880
epoch: 00150 loss_train: 0.04173 loss_val: 0.04557 viol_train: 0.00388 viol_val: 0.00522
epoch: 00200 loss_train: 0.03719 loss_val: 0.04231 viol_train: 0.00819 viol_val: 0.01145
epoch: 00250 loss_train: 0.03596 loss_val: 0.04000 viol_train: 0.01000 viol_val: 0.01222
epoch: 00300 loss_train: 0.03443 loss_val: 0.03822 viol_train: 0.00841 viol_val: 0.01190
epoch: 00350 loss_train: 0.03287 loss_val: 0.03592 viol_train: 0.00766 viol_val: 0.01045
epoch: 00400 loss_train: 0.03011 loss_val: 0.03279 viol_train: 0.00647 viol_val: 0.00891
epoch: 00450 loss_train: 0.02806 loss_val: 0.03074 viol_train: 0.00536 viol_val: 0.00736
epoch: 00500 loss_train: 0.02473 loss_val: 0.02826 viol_train: 0.00458 viol_val: 0.00569
epoch: 00550 loss_train: 0.02309 loss_val: 0.02539 viol_train: 0.00385 viol_val: 0.00522
epoch: 00600 loss_train: 0.02024 loss_val: 0.02221 viol_train: 0.00362 viol_val: 0.00476
epoch: 00650 loss_train: 0.01763 loss_val: 0.01957 viol_train: 0.00362 viol_val: 0.00469
epoch: 00700 loss_train: 0.01527 loss_val: 0.01617 viol_train: 0.00402 viol_val: 0.00524
epoch: 00750 loss_train: 0.01384 loss_val: 0.01463 viol_train: 0.00554 viol_val: 0.00620
epoch: 00800 loss_train: 0.01175 loss_val: 0.01212 viol_train: 0.00513 viol_val: 0.00639
epoch: 00850 loss_train: 0.01059 loss_val: 0.01099 viol_train: 0.00563 viol_val: 0.00713
epoch: 00900 loss_train: 0.00930 loss_val: 0.00952 viol_train: 0.00613 viol_val: 0.00802
epoch: 00950 loss_train: 0.00821 loss_val: 0.00851 viol_train: 0.00649 viol_val: 0.00808
epoch: 01000 loss_train: 0.00730 loss_val: 0.00783 viol_train: 0.00713 viol_val: 0.00801
Training Finished!
