
=== Adaptive segmentation ===
Target number of regions: 90
Split metric:             mean_abs_f_pl
Tmin, Tmax:               280.0, 460.0
Scaler factors:           [800.           0.9936625    1.987325     1.81292375]
Added edge 370.00000000 K | split [280.0000, 460.0000] | score=7.225569e+01 | regions=2/90
Added edge 415.00000000 K | split [370.0000, 460.0000] | score=8.695128e+00 | regions=3/90
Added edge 437.50000000 K | split [415.0000, 460.0000] | score=2.535392e+00 | regions=4/90
Added edge 325.00000000 K | split [280.0000, 370.0000] | score=8.737247e-01 | regions=5/90
Added edge 448.75000000 K | split [437.5000, 460.0000] | score=7.960953e-01 | regions=6/90
Added edge 392.50000000 K | split [370.0000, 415.0000] | score=4.601328e-01 | regions=7/90
Added edge 426.25000000 K | split [415.0000, 437.5000] | score=3.254961e-01 | regions=8/90
Added edge 454.37500000 K | split [448.7500, 460.0000] | score=2.941520e-01 | regions=9/90
Added edge 347.50000000 K | split [325.0000, 370.0000] | score=2.519843e-01 | regions=10/90
Added edge 443.12500000 K | split [437.5000, 448.7500] | score=1.313486e-01 | regions=11/90
Added edge 403.75000000 K | split [392.5000, 415.0000] | score=1.082245e-01 | regions=12/90
Added edge 431.87500000 K | split [426.2500, 437.5000] | score=1.012277e-01 | regions=13/90
Added edge 381.25000000 K | split [370.0000, 392.5000] | score=9.379925e-02 | regions=14/90
Added edge 457.18750000 K | split [454.3750, 460.0000] | score=8.261855e-02 | regions=15/90
Added edge 358.75000000 K | split [347.5000, 370.0000] | score=6.385502e-02 | regions=16/90
Added edge 302.50000000 K | split [280.0000, 325.0000] | score=4.593441e-02 | regions=17/90
Added edge 420.62500000 K | split [415.0000, 426.2500] | score=4.433009e-02 | regions=18/90
Added edge 336.25000000 K | split [325.0000, 347.5000] | score=4.275749e-02 | regions=19/90
Added edge 440.31250000 K | split [437.5000, 443.1250] | score=3.670993e-02 | regions=20/90
Added edge 451.56250000 K | split [448.7500, 454.3750] | score=3.662114e-02 | regions=21/90
Added edge 445.93750000 K | split [443.1250, 448.7500] | score=3.391704e-02 | regions=22/90
Added edge 398.12500000 K | split [392.5000, 403.7500] | score=3.213562e-02 | regions=23/90
Added edge 458.59375000 K | split [457.1875, 460.0000] | score=2.348213e-02 | regions=24/90
Added edge 429.06250000 K | split [426.2500, 431.8750] | score=2.275988e-02 | regions=25/90
Added edge 409.37500000 K | split [403.7500, 415.0000] | score=2.156643e-02 | regions=26/90
Added edge 375.62500000 K | split [370.0000, 381.2500] | score=2.056795e-02 | regions=27/90
Added edge 455.78125000 K | split [454.3750, 457.1875] | score=1.867154e-02 | regions=28/90
Added edge 364.37500000 K | split [358.7500, 370.0000] | score=1.794830e-02 | regions=29/90
Added edge 386.87500000 K | split [381.2500, 392.5000] | score=1.660812e-02 | regions=30/90
Added edge 423.43750000 K | split [420.6250, 426.2500] | score=1.646617e-02 | regions=31/90
Added edge 434.68750000 K | split [431.8750, 437.5000] | score=1.446863e-02 | regions=32/90
Added edge 341.87500000 K | split [336.2500, 347.5000] | score=1.424791e-02 | regions=33/90
Added edge 417.81250000 K | split [415.0000, 420.6250] | score=1.218175e-02 | regions=34/90
Added edge 353.12500000 K | split [347.5000, 358.7500] | score=1.158194e-02 | regions=35/90
Added edge 452.96875000 K | split [451.5625, 454.3750] | score=1.137942e-02 | regions=36/90
Added edge 450.15625000 K | split [448.7500, 451.5625] | score=1.097856e-02 | regions=37/90
Added edge 441.71875000 K | split [440.3125, 443.1250] | score=8.978938e-03 | regions=38/90
Added edge 453.67187500 K | split [452.9688, 454.3750] | score=8.149413e-03 | regions=39/90
Added edge 400.93750000 K | split [398.1250, 403.7500] | score=8.078745e-03 | regions=40/90
Added edge 427.65625000 K | split [426.2500, 429.0625] | score=7.402770e-03 | regions=41/90
Added edge 291.25000000 K | split [280.0000, 302.5000] | score=7.393427e-03 | regions=42/90
Added edge 406.56250000 K | split [403.7500, 409.3750] | score=7.313363e-03 | regions=43/90
Added edge 330.62500000 K | split [325.0000, 336.2500] | score=6.819352e-03 | regions=44/90
Added edge 436.09375000 K | split [434.6875, 437.5000] | score=6.688457e-03 | regions=45/90
Added edge 372.81250000 K | split [370.0000, 375.6250] | score=6.290300e-03 | regions=46/90
Added edge 412.18750000 K | split [409.3750, 415.0000] | score=5.736623e-03 | regions=47/90
Added edge 447.34375000 K | split [445.9375, 448.7500] | score=5.507709e-03 | regions=48/90
Added edge 433.28125000 K | split [431.8750, 434.6875] | score=5.136247e-03 | regions=49/90
Added edge 459.29687500 K | split [458.5938, 460.0000] | score=4.925081e-03 | regions=50/90
Added edge 384.06250000 K | split [381.2500, 386.8750] | score=4.880704e-03 | regions=51/90
Added edge 416.40625000 K | split [415.0000, 417.8125] | score=4.754094e-03 | regions=52/90
Added edge 313.75000000 K | split [302.5000, 325.0000] | score=4.435006e-03 | regions=53/90
Added edge 361.56250000 K | split [358.7500, 364.3750] | score=4.267465e-03 | regions=54/90
Added edge 367.18750000 K | split [364.3750, 370.0000] | score=4.205615e-03 | regions=55/90
Added edge 422.03125000 K | split [420.6250, 423.4375] | score=4.163233e-03 | regions=56/90
Added edge 449.45312500 K | split [448.7500, 450.1562] | score=4.003449e-03 | regions=57/90
Added edge 395.31250000 K | split [392.5000, 398.1250] | score=3.789791e-03 | regions=58/90
Added edge 378.43750000 K | split [375.6250, 381.2500] | score=3.783353e-03 | regions=59/90
Added edge 452.26562500 K | split [451.5625, 452.9688] | score=3.455243e-03 | regions=60/90
Added edge 389.68750000 K | split [386.8750, 392.5000] | score=3.429354e-03 | regions=61/90
Added edge 350.31250000 K | split [347.5000, 353.1250] | score=3.350947e-03 | regions=62/90
Added edge 407.96875000 K | split [406.5625, 409.3750] | score=3.248601e-03 | regions=63/90
Added edge 442.42187500 K | split [441.7188, 443.1250] | score=3.087260e-03 | regions=64/90
Added edge 339.06250000 K | split [336.2500, 341.8750] | score=2.927316e-03 | regions=65/90
Added edge 428.35937500 K | split [427.6562, 429.0625] | score=2.882408e-03 | regions=66/90
Added edge 456.48437500 K | split [455.7812, 457.1875] | score=2.872125e-03 | regions=67/90
Added edge 344.68750000 K | split [341.8750, 347.5000] | score=2.824996e-03 | regions=68/90
Added edge 308.12500000 K | split [302.5000, 313.7500] | score=2.747436e-03 | regions=69/90
Added edge 446.64062500 K | split [445.9375, 447.3438] | score=2.747336e-03 | regions=70/90
Added edge 296.87500000 K | split [291.2500, 302.5000] | score=2.716797e-03 | regions=71/90
Added edge 355.93750000 K | split [353.1250, 358.7500] | score=2.504666e-03 | regions=72/90
Added edge 402.34375000 K | split [400.9375, 403.7500] | score=2.347407e-03 | regions=73/90
Added edge 399.53125000 K | split [398.1250, 400.9375] | score=2.210021e-03 | regions=74/90
Added edge 415.70312500 K | split [415.0000, 416.4062] | score=2.005846e-03 | regions=75/90
Added edge 388.28125000 K | split [386.8750, 389.6875] | score=1.937048e-03 | regions=76/90
Added edge 393.90625000 K | split [392.5000, 395.3125] | score=1.925696e-03 | regions=77/90
Added edge 430.46875000 K | split [429.0625, 431.8750] | score=1.865125e-03 | regions=78/90
Added edge 453.32031250 K | split [452.9688, 453.6719] | score=1.856493e-03 | regions=79/90
Added edge 379.84375000 K | split [378.4375, 381.2500] | score=1.840671e-03 | regions=80/90
Added edge 444.53125000 K | split [443.1250, 445.9375] | score=1.811405e-03 | regions=81/90
Added edge 443.82812500 K | split [443.1250, 444.5312] | score=2.822051e-03 | regions=82/90
Added edge 459.64843750 K | split [459.2969, 460.0000] | score=1.738628e-03 | regions=83/90
Added edge 365.78125000 K | split [364.3750, 367.1875] | score=1.711409e-03 | regions=84/90
Added edge 374.21875000 K | split [372.8125, 375.6250] | score=1.694071e-03 | regions=85/90
Added edge 371.40625000 K | split [370.0000, 372.8125] | score=1.638791e-03 | regions=86/90
Added edge 327.81250000 K | split [325.0000, 330.6250] | score=1.620464e-03 | regions=87/90
Added edge 351.71875000 K | split [350.3125, 353.1250] | score=1.603578e-03 | regions=88/90
Added edge 360.15625000 K | split [358.7500, 361.5625] | score=1.532815e-03 | regions=89/90
Added edge 432.57812500 K | split [431.8750, 433.2812] | score=1.461222e-03 | regions=90/90

Saved:
region_edges.npz
lin_params.csv
ABb_matrices.csv
adaptive_segmentation_summary.csv

=== Adaptive segmentation summary ===
 region_id      T_low     T_high     width  n_points  mean_abs_f_PL  max_abs_f_PL    rmse_f_PL  mean_abs_y_PL_scaled  max_abs_y_PL_scaled
         0 280.000000 291.250000 11.250000        14   1.163224e-03  3.474500e-03 1.590974e-03          3.948410e-04         3.385485e-03
         1 291.250000 296.875000  5.625000         3   2.335988e-04  2.901081e-04 2.376016e-04          8.107749e-05         2.793530e-04
         2 296.875000 302.500000  5.625000         5   1.054538e-03  2.025811e-03 1.302405e-03          3.675242e-04         1.781810e-03
         3 302.500000 308.125000  5.625000         4   6.260317e-04  1.505057e-03 8.576225e-04          2.188575e-04         1.285507e-03
         4 308.125000 313.750000  5.625000         5   3.649407e-04  7.843088e-04 5.005442e-04          1.180809e-04         5.650849e-04
         5 313.750000 325.000000 11.250000         7   6.594983e-04  2.529897e-03 1.039907e-03          1.610738e-04         9.884253e-04
         6 325.000000 327.812500  2.812500         2   5.096094e-04  8.447395e-04 6.099294e-04          9.996783e-05         2.618571e-04
         7 327.812500 330.625000  2.812500         3   2.285949e-04  3.995847e-04 2.747834e-04          3.575306e-05         9.227604e-05
         8 330.625000 336.250000  5.625000         5   1.429012e-03  4.255021e-03 2.156925e-03          1.859771e-04         9.870662e-04
         9 336.250000 339.062500  2.812500         3   8.552254e-04  1.995238e-03 1.180664e-03          7.431621e-05         2.892290e-04
        10 339.062500 341.875000  2.812500         1   3.289248e-04  3.289248e-04 3.289248e-04          2.406328e-05         4.251179e-05
        11 341.875000 344.687500  2.812500         2   7.011211e-04  1.306864e-03 9.265503e-04          4.083351e-05         1.366647e-04
        12 344.687500 347.500000  2.812500         2   1.297413e-03  1.469358e-03 1.308757e-03          6.693768e-05         1.481353e-04
        13 347.500000 350.312500  2.812500         3   5.944060e-04  1.737632e-03 1.003433e-03          2.266582e-05         1.236618e-04
        14 350.312500 351.718750  1.406250         1   3.441049e-07  3.441049e-07 3.441049e-07          1.214282e-08         2.292442e-08
        15 351.718750 353.125000  1.406250         1   4.942958e-04  4.942958e-04 4.942958e-04          1.505136e-05         2.857703e-05
        16 353.125000 355.937500  2.812500         2   7.251780e-04  1.120286e-03 8.258290e-04          2.057541e-05         6.214523e-05
        17 355.937500 358.750000  2.812500         2   1.203597e-03  2.232962e-03 1.583742e-03          2.896939e-05         1.041583e-04
        18 358.750000 360.156250  1.406250         1   3.055849e-04  3.055849e-04 3.055849e-04          5.959534e-06         1.155519e-05
        19 360.156250 361.562500  1.406250         1   3.060874e-05  3.060874e-05 3.060874e-05          5.153282e-07         1.002229e-06
        20 361.562500 364.375000  2.812500         1   1.521824e-06  1.521824e-06 1.521824e-06          2.212074e-08         4.319332e-08
        21 364.375000 365.781250  1.406250         1   9.570981e-06  9.570981e-06 9.570981e-06          1.202047e-07         2.355148e-07
        22 365.781250 367.187500  1.406250         1   4.328410e-04  4.328410e-04 4.328410e-04          4.702747e-06         9.232355e-06
        23 367.187500 370.000000  2.812500         1   2.704197e-04  2.704197e-04 2.704197e-04          2.543060e-06         5.005573e-06
        24 370.000000 371.406250  1.406250         2   4.609836e-04  7.764960e-04 5.586179e-04          3.989466e-06         1.340195e-05
        25 371.406250 372.812500  1.406250         0            NaN           NaN          NaN                   NaN                  NaN
        26 372.812500 374.218750  1.406250         1   4.296827e-04  4.296827e-04 4.296827e-04          3.036148e-06         6.004372e-06
        27 374.218750 375.625000  1.406250         1   1.026819e-05  1.026819e-05 1.026819e-05          6.301676e-08         1.247558e-07
        28 375.625000 378.437500  2.812500         3   5.083351e-04  1.198403e-03 7.168818e-04          2.571555e-06         1.194836e-05
        29 378.437500 379.843750  1.406250         1   3.419867e-05  3.419867e-05 3.419867e-05          1.588110e-07         3.152173e-07
        30 379.843750 381.250000  1.406250         1   3.712316e-04  3.712316e-04 3.712316e-04          1.502470e-06         2.984278e-06
        31 381.250000 384.062500  2.812500         1   2.179263e-04  2.179263e-04 2.179263e-04          7.695266e-07         1.529884e-06
        32 384.062500 386.875000  2.812500         2   9.912029e-04  1.577829e-03 1.151787e-03          2.844944e-06         8.840271e-06
        33 386.875000 388.281250  1.406250         1   6.325798e-04  6.325798e-04 6.325798e-04          1.706501e-06         3.398378e-06
        34 388.281250 389.687500  1.406250         2   4.473054e-05  8.897356e-05 6.291475e-05          1.043405e-07         4.134378e-07
        35 389.687500 392.500000  2.812500         3   8.609619e-04  2.349867e-03 1.362396e-03          1.895568e-06         1.035914e-05
        36 392.500000 393.906250  1.406250         1   8.844514e-05  8.844514e-05 8.844514e-05          1.608370e-07         3.207201e-07
        37 393.906250 395.312500  1.406250         2   1.758776e-04  3.474761e-04 2.457214e-04          2.812071e-07         1.107832e-06
        38 395.312500 398.125000  2.812500         3   8.513872e-04  2.249014e-03 1.304754e-03          1.289460e-06         6.851265e-06
        39 398.125000 399.531250  1.406250         1   7.365474e-05  7.365474e-05 7.365474e-05          9.128603e-08         1.821939e-07
        40 399.531250 400.937500  1.406250         1   6.004721e-04  6.004721e-04 6.004721e-04          6.684116e-07         1.334288e-06
        41 400.937500 402.343750  1.406250         1   1.059001e-03  1.059001e-03 1.059001e-03          1.157783e-06         2.311543e-06
        42 402.343750 403.750000  1.406250         3   2.107574e-04  3.473477e-04 2.571903e-04          2.023248e-07         6.535030e-07
        43 403.750000 406.562500  2.812500         2   1.133363e-03  2.195180e-03 1.553051e-03          9.122051e-07         3.521711e-06
        44 406.562500 407.968750  1.406250         1   2.195599e-04  2.195599e-04 2.195599e-04          1.659584e-07         3.315083e-07
        45 407.968750 409.375000  1.406250         1   3.613246e-04  3.613246e-04 3.613246e-04          2.420647e-07         4.835821e-07
        46 409.375000 412.187500  2.812500         4   1.097597e-03  2.076136e-03 1.288641e-03          6.653295e-07         2.617296e-06
        47 412.187500 415.000000  2.812500         1   1.334107e-03  1.334107e-03 1.334107e-03          7.044676e-07         1.407746e-06
        48 415.000000 415.703125  0.703125         1   5.040883e-04  5.040883e-04 5.040883e-04          2.367185e-07         4.730765e-07
        49 415.703125 416.406250  0.703125         0            NaN           NaN          NaN                   NaN                  NaN
        50 416.406250 417.812500  1.406250         1   5.264940e-05  5.264940e-05 5.264940e-05          2.201170e-08         4.399313e-08
        51 417.812500 420.625000  2.812500         2   1.520658e-04  2.264371e-04 1.692782e-04          5.658764e-08         1.686473e-07
        52 420.625000 422.031250  1.406250         2   3.005689e-04  5.486039e-04 3.896961e-04          9.971793e-08         3.645821e-07
        53 422.031250 423.437500  1.406250         1   3.908535e-04  3.908535e-04 3.908535e-04          1.160634e-07         2.320109e-07
        54 423.437500 426.250000  2.812500         1   1.458998e-04  1.458998e-04 1.458998e-04          3.873724e-08         7.744013e-08
        55 426.250000 427.656250  1.406250         3   6.906566e-04  1.994388e-03 1.152071e-03          1.695956e-07         9.800699e-07
        56 427.656250 428.359375  0.703125         0            NaN           NaN          NaN                   NaN                  NaN
        57 428.359375 429.062500  0.703125         1   5.847506e-04  5.847506e-04 5.847506e-04          1.245026e-07         2.489161e-07
        58 429.062500 430.468750  1.406250         1   3.996809e-04  3.996809e-04 3.996809e-04          8.058061e-08         1.611067e-07
        59 430.468750 431.875000  1.406250         1   2.227447e-04  2.227447e-04 2.227447e-04          4.253456e-08         8.504248e-08
        60 431.875000 432.578125  0.703125         0            NaN           NaN          NaN                   NaN                  NaN
        61 432.578125 433.281250  0.703125         1   4.045772e-05  4.045772e-05 4.045772e-05          6.935834e-09         1.386772e-08
        62 433.281250 434.687500  1.406250         1   1.050143e-03  1.050143e-03 1.050143e-03          1.676379e-07         3.351856e-07
        63 434.687500 436.093750  1.406250         3   4.622940e-04  1.346957e-03 7.779593e-04          7.117220e-08         4.149174e-07
        64 436.093750 437.500000  1.406250         1   3.965863e-04  3.965863e-04 3.965863e-04          5.495886e-08         1.098922e-07
        65 437.500000 440.312500  2.812500         1   9.143398e-05  9.143398e-05 9.143398e-05          1.140871e-08         2.281269e-08
        66 440.312500 441.718750  1.406250         1   2.749063e-06  2.749063e-06 2.749063e-06          3.091395e-10         6.181639e-10
        67 441.718750 442.421875  0.703125         1   5.791576e-05  5.791576e-05 5.791576e-05          6.185030e-09         1.236788e-08
        68 442.421875 443.125000  0.703125         1   6.272541e-04  6.272541e-04 6.272541e-04          6.362984e-08         1.272381e-07
        69 443.125000 443.828125  0.703125         0            NaN           NaN          NaN                   NaN                  NaN
        70 443.828125 444.531250  0.703125         1   1.739585e-04  1.739585e-04 1.739585e-04          1.651494e-08         3.302466e-08
        71 444.531250 445.937500  1.406250         1   7.245318e-04  7.245318e-04 7.245318e-04          6.636241e-08         1.327049e-07
        72 445.937500 446.640625  0.703125         0            NaN           NaN          NaN                   NaN                  NaN
        73 446.640625 447.343750  0.703125         2   1.639271e-04  3.269809e-04 2.312112e-04          1.347234e-08         5.373743e-08
        74 447.343750 448.750000  1.406250         1   1.069714e-03  1.069714e-03 1.069714e-03          8.289558e-08         1.657696e-07
        75 448.750000 449.453125  0.703125         1   1.596437e-04  1.596437e-04 1.596437e-04          1.195348e-08         2.390402e-08
        76 449.453125 450.156250  0.703125         1   6.154609e-04  6.154609e-04 6.154609e-04          4.384358e-08         8.767671e-08
        77 450.156250 451.562500  1.406250         1   3.317684e-04  3.317684e-04 3.317684e-04          2.249044e-08         4.497579e-08
        78 451.562500 452.265625  0.703125         1   1.590294e-04  1.590294e-04 1.590294e-04          1.035346e-08         2.070470e-08
        79 452.265625 452.968750  0.703125         0            NaN           NaN          NaN                   NaN                  NaN
        80 452.968750 453.320312  0.351562         1   3.784148e-04  3.784148e-04 3.784148e-04          2.324508e-08         4.648547e-08
        81 453.320312 453.671875  0.351562         0            NaN           NaN          NaN                   NaN                  NaN
        82 453.671875 454.375000  0.703125         0            NaN           NaN          NaN                   NaN                  NaN
        83 454.375000 455.781250  1.406250         1   1.196204e-04  1.196204e-04 1.196204e-04          6.664141e-09         1.332706e-08
        84 455.781250 456.484375  0.703125         0            NaN           NaN          NaN                   NaN                  NaN
        85 456.484375 457.187500  0.703125         2   1.133358e-03  1.695618e-03 1.265163e-03          5.825331e-08         1.752385e-07
        86 457.187500 458.593750  1.406250         0            NaN           NaN          NaN                   NaN                  NaN
        87 458.593750 459.296875  0.703125         1   6.851358e-05  6.851358e-05 6.851358e-05          3.147569e-09         6.294658e-09
        88 459.296875 459.648438  0.351562         1   1.474740e-05  1.474740e-05 1.474740e-05          6.615991e-10         1.323100e-09
        89 459.648438 460.000000  0.351562         1   7.361943e-04  7.361943e-04 7.361943e-04          3.224657e-08         6.448842e-08

=== Overall adaptive PL diagnostics ===
Mean |f_PL|:              4.722712e-04
Max  |f_PL|:              4.255021e-03
Mean PL-y error, scaled:  2.528336e-05
Max  PL-y error, scaled:  3.385485e-03
