Scaler Factors: [800.           0.9936625    1.987325     1.81292375]
Scaler saved at /home/f25moham/CSTR/nonlinear/total/pieces/Reduced_T/segments/segments2/heaviside/heaviside2/scaler.pkl
Scaled dataset saved at /home/f25moham/CSTR/nonlinear/total/pieces/Reduced_T/segments/segments2/heaviside/heaviside2/scaled_data.csv
Scaler Factors outside function: [800.           0.9936625    1.987325     1.81292375]
Scaler loaded successfully.
Scaler Type: <class 'sklearn.preprocessing._data.MaxAbsScaler'>
Scaler Factors (scale_): [800.           0.9936625    1.987325     1.81292375]
Namespace(model='KKThPINN', model_id='adaptive_S90', input_dim=1, hidden_dim=32, hidden_num=2, z0_dim=3, optimizer='adam', epochs=1000, batch_size=16, lr=0.0001, mu=1, max_subiter=500, eta=0.8, sigma=2, mu_safe=1000000000.0, dtype=64, dataset_type='cstr', dataset_path='data.csv', val_ratio=0.2, job='train', runs=1, run=0)
Scaler Factors: [800.           0.9936625    1.987325     1.81292375]
Scaler saved at /home/f25moham/CSTR/nonlinear/total/pieces/Reduced_T/segments/segments2/heaviside/heaviside2/scaler.pkl
Scaled dataset saved at /home/f25moham/CSTR/nonlinear/total/pieces/Reduced_T/segments/segments2/heaviside/heaviside2/scaled_data.csv
train set size: 90, val set size: 30, test set size: 30
Dtypes after casting:
[torch.float64, torch.float64, torch.float64, torch.float64, torch.float64, torch.float64, torch.float64, torch.float64, torch.float64, torch.float64, torch.float64, torch.float64, torch.float64, torch.float64, torch.float64, torch.float64, torch.float64, torch.float64, torch.float64, torch.float64, torch.float64, torch.float64, torch.float64, torch.float64, torch.float64, torch.float64, torch.float64, torch.float64, torch.float64, torch.float64, torch.float64, torch.float64, torch.float64, torch.float64, torch.float64, torch.float64, torch.float64, torch.float64, torch.float64, torch.float64, torch.float64, torch.float64, torch.float64, torch.float64, torch.float64, torch.float64, torch.float64, torch.float64, torch.float64, torch.float64, torch.float64, torch.float64, torch.float64, torch.float64, torch.float64, torch.float64, torch.float64, torch.float64, torch.float64, torch.float64, torch.float64, torch.float64, torch.float64, torch.float64, torch.float64, torch.float64, torch.float64, torch.float64, torch.float64, torch.float64, torch.float64, torch.float64, torch.float64, torch.float64, torch.float64, torch.float64, torch.float64, torch.float64, torch.float64, torch.float64, torch.float64, torch.float64, torch.float64, torch.float64, torch.float64, torch.float64, torch.float64, torch.float64, torch.float64, torch.float64]
[torch.float64, torch.float64, torch.float64, torch.float64, torch.float64, torch.float64, torch.float64, torch.float64, torch.float64, torch.float64, torch.float64, torch.float64, torch.float64, torch.float64, torch.float64, torch.float64, torch.float64, torch.float64, torch.float64, torch.float64, torch.float64, torch.float64, torch.float64, torch.float64, torch.float64, torch.float64, torch.float64, torch.float64, torch.float64, torch.float64, torch.float64, torch.float64, torch.float64, torch.float64, torch.float64, torch.float64, torch.float64, torch.float64, torch.float64, torch.float64, torch.float64, torch.float64, torch.float64, torch.float64, torch.float64, torch.float64, torch.float64, torch.float64, torch.float64, torch.float64, torch.float64, torch.float64, torch.float64, torch.float64, torch.float64, torch.float64, torch.float64, torch.float64, torch.float64, torch.float64, torch.float64, torch.float64, torch.float64, torch.float64, torch.float64, torch.float64, torch.float64, torch.float64, torch.float64, torch.float64, torch.float64, torch.float64, torch.float64, torch.float64, torch.float64, torch.float64, torch.float64, torch.float64, torch.float64, torch.float64, torch.float64, torch.float64, torch.float64, torch.float64, torch.float64, torch.float64, torch.float64, torch.float64, torch.float64, torch.float64]
[torch.float64, torch.float64, torch.float64, torch.float64, torch.float64, torch.float64, torch.float64, torch.float64, torch.float64, torch.float64, torch.float64, torch.float64, torch.float64, torch.float64, torch.float64, torch.float64, torch.float64, torch.float64, torch.float64, torch.float64, torch.float64, torch.float64, torch.float64, torch.float64, torch.float64, torch.float64, torch.float64, torch.float64, torch.float64, torch.float64, torch.float64, torch.float64, torch.float64, torch.float64, torch.float64, torch.float64, torch.float64, torch.float64, torch.float64, torch.float64, torch.float64, torch.float64, torch.float64, torch.float64, torch.float64, torch.float64, torch.float64, torch.float64, torch.float64, torch.float64, torch.float64, torch.float64, torch.float64, torch.float64, torch.float64, torch.float64, torch.float64, torch.float64, torch.float64, torch.float64, torch.float64, torch.float64, torch.float64, torch.float64, torch.float64, torch.float64, torch.float64, torch.float64, torch.float64, torch.float64, torch.float64, torch.float64, torch.float64, torch.float64, torch.float64, torch.float64, torch.float64, torch.float64, torch.float64, torch.float64, torch.float64, torch.float64, torch.float64, torch.float64, torch.float64, torch.float64, torch.float64, torch.float64, torch.float64, torch.float64]
Start Training…
epoch: 00050 loss_train: 0.10597 loss_val: 0.12167 viol_train: 0.06442 viol_val: 0.09557
epoch: 00100 loss_train: 0.06387 loss_val: 0.07611 viol_train: 0.01745 viol_val: 0.02402
epoch: 00150 loss_train: 0.04238 loss_val: 0.04858 viol_train: 0.00092 viol_val: 0.00117
epoch: 00200 loss_train: 0.03196 loss_val: 0.03691 viol_train: 0.00316 viol_val: 0.00389
epoch: 00250 loss_train: 0.02758 loss_val: 0.03025 viol_train: 0.00771 viol_val: 0.01110
epoch: 00300 loss_train: 0.02565 loss_val: 0.02747 viol_train: 0.01058 viol_val: 0.01296
epoch: 00350 loss_train: 0.02173 loss_val: 0.02338 viol_train: 0.00858 viol_val: 0.01174
epoch: 00400 loss_train: 0.01842 loss_val: 0.01941 viol_train: 0.00634 viol_val: 0.00845
epoch: 00450 loss_train: 0.01524 loss_val: 0.01622 viol_train: 0.00374 viol_val: 0.00481
epoch: 00500 loss_train: 0.01251 loss_val: 0.01316 viol_train: 0.00132 viol_val: 0.00192
epoch: 00550 loss_train: 0.01014 loss_val: 0.01103 viol_train: 0.00043 viol_val: 0.00054
epoch: 00600 loss_train: 0.00886 loss_val: 0.00908 viol_train: 0.00028 viol_val: 0.00030
epoch: 00650 loss_train: 0.00751 loss_val: 0.00782 viol_train: 0.00031 viol_val: 0.00033
epoch: 00700 loss_train: 0.00643 loss_val: 0.00677 viol_train: 0.00021 viol_val: 0.00023
epoch: 00750 loss_train: 0.00564 loss_val: 0.00602 viol_train: 0.00046 viol_val: 0.00048
epoch: 00800 loss_train: 0.00497 loss_val: 0.00538 viol_train: 0.00072 viol_val: 0.00080
epoch: 00850 loss_train: 0.00463 loss_val: 0.00494 viol_train: 0.00112 viol_val: 0.00129
epoch: 00900 loss_train: 0.00418 loss_val: 0.00455 viol_train: 0.00156 viol_val: 0.00157
epoch: 00950 loss_train: 0.00391 loss_val: 0.00416 viol_train: 0.00125 viol_val: 0.00126
epoch: 01000 loss_train: 0.00367 loss_val: 0.00392 viol_train: 0.00129 viol_val: 0.00130
Training Finished!
