Scaler Factors: [800.           0.9936625    1.987325     1.81292375]
Scaler saved at /home/f25moham/CSTR/nonlinear/total/pieces/Reduced_T/segments/segments2/heaviside/heaviside2/scaler.pkl
Scaled dataset saved at /home/f25moham/CSTR/nonlinear/total/pieces/Reduced_T/segments/segments2/heaviside/heaviside2/scaled_data.csv
Scaler Factors outside function: [800.           0.9936625    1.987325     1.81292375]
Scaler loaded successfully.
Scaler Type: <class 'sklearn.preprocessing._data.MaxAbsScaler'>
Scaler Factors (scale_): [800.           0.9936625    1.987325     1.81292375]
Namespace(model='KKThPINN', model_id='adaptive_S7_r6', input_dim=1, hidden_dim=32, hidden_num=2, z0_dim=3, optimizer='adam', epochs=1000, batch_size=16, lr=0.0001, mu=1, max_subiter=500, eta=0.8, sigma=2, mu_safe=1000000000.0, dtype=64, dataset_type='cstr', dataset_path='data.csv', val_ratio=0.2, job='train', runs=1, run=0)
Scaler Factors: [800.           0.9936625    1.987325     1.81292375]
Scaler saved at /home/f25moham/CSTR/nonlinear/total/pieces/Reduced_T/segments/segments2/heaviside/heaviside2/scaler.pkl
Scaled dataset saved at /home/f25moham/CSTR/nonlinear/total/pieces/Reduced_T/segments/segments2/heaviside/heaviside2/scaled_data.csv
train set size: 90, val set size: 30, test set size: 30
Dtypes after casting:
[torch.float64, torch.float64, torch.float64, torch.float64, torch.float64, torch.float64, torch.float64]
[torch.float64, torch.float64, torch.float64, torch.float64, torch.float64, torch.float64, torch.float64]
[torch.float64, torch.float64, torch.float64, torch.float64, torch.float64, torch.float64, torch.float64]
Start Training…
epoch: 00050 loss_train: 0.11147 loss_val: 0.12327 viol_train: 0.22601 viol_val: 0.30873
epoch: 00100 loss_train: 0.05292 loss_val: 0.06013 viol_train: 0.05436 viol_val: 0.07068
epoch: 00150 loss_train: 0.03874 loss_val: 0.04354 viol_train: 0.00160 viol_val: 0.00142
epoch: 00200 loss_train: 0.03806 loss_val: 0.04038 viol_train: 0.00643 viol_val: 0.00785
epoch: 00250 loss_train: 0.03406 loss_val: 0.03883 viol_train: 0.00848 viol_val: 0.01089
epoch: 00300 loss_train: 0.03263 loss_val: 0.03587 viol_train: 0.00823 viol_val: 0.01039
epoch: 00350 loss_train: 0.03148 loss_val: 0.03378 viol_train: 0.00810 viol_val: 0.00971
epoch: 00400 loss_train: 0.02909 loss_val: 0.03196 viol_train: 0.00679 viol_val: 0.00806
epoch: 00450 loss_train: 0.02646 loss_val: 0.02799 viol_train: 0.00518 viol_val: 0.00648
epoch: 00500 loss_train: 0.02318 loss_val: 0.02552 viol_train: 0.00436 viol_val: 0.00506
epoch: 00550 loss_train: 0.02059 loss_val: 0.02200 viol_train: 0.00300 viol_val: 0.00345
epoch: 00600 loss_train: 0.01740 loss_val: 0.01835 viol_train: 0.00210 viol_val: 0.00219
epoch: 00650 loss_train: 0.01475 loss_val: 0.01622 viol_train: 0.00149 viol_val: 0.00133
epoch: 00700 loss_train: 0.01338 loss_val: 0.01369 viol_train: 0.00138 viol_val: 0.00117
epoch: 00750 loss_train: 0.01075 loss_val: 0.01135 viol_train: 0.00141 viol_val: 0.00118
epoch: 00800 loss_train: 0.00978 loss_val: 0.00997 viol_train: 0.00140 viol_val: 0.00117
epoch: 00850 loss_train: 0.00843 loss_val: 0.00859 viol_train: 0.00141 viol_val: 0.00112
epoch: 00900 loss_train: 0.00721 loss_val: 0.00773 viol_train: 0.00154 viol_val: 0.00133
epoch: 00950 loss_train: 0.00637 loss_val: 0.00677 viol_train: 0.00169 viol_val: 0.00158
epoch: 01000 loss_train: 0.00556 loss_val: 0.00580 viol_train: 0.00204 viol_val: 0.00198
Training Finished!
