Scaler Factors: [800.           0.9936625    1.987325     1.81292375]
Scaler saved at /home/f25moham/CSTR/nonlinear/total/pieces/Reduced_T/segments/segments2/heaviside/heaviside2/scaler.pkl
Scaled dataset saved at /home/f25moham/CSTR/nonlinear/total/pieces/Reduced_T/segments/segments2/heaviside/heaviside2/scaled_data.csv
Scaler Factors outside function: [800.           0.9936625    1.987325     1.81292375]
Scaler loaded successfully.
Scaler Type: <class 'sklearn.preprocessing._data.MaxAbsScaler'>
Scaler Factors (scale_): [800.           0.9936625    1.987325     1.81292375]
Namespace(model='KKThPINN', model_id='uniform_S11_r8', input_dim=1, hidden_dim=32, hidden_num=2, z0_dim=3, optimizer='adam', epochs=1000, batch_size=16, lr=0.0001, mu=1, max_subiter=500, eta=0.8, sigma=2, mu_safe=1000000000.0, dtype=64, dataset_type='cstr', dataset_path='data.csv', val_ratio=0.2, job='train', runs=1, run=0)
Scaler Factors: [800.           0.9936625    1.987325     1.81292375]
Scaler saved at /home/f25moham/CSTR/nonlinear/total/pieces/Reduced_T/segments/segments2/heaviside/heaviside2/scaler.pkl
Scaled dataset saved at /home/f25moham/CSTR/nonlinear/total/pieces/Reduced_T/segments/segments2/heaviside/heaviside2/scaled_data.csv
train set size: 90, val set size: 30, test set size: 30
Dtypes after casting:
[torch.float64, torch.float64, torch.float64, torch.float64, torch.float64, torch.float64, torch.float64, torch.float64, torch.float64, torch.float64, torch.float64]
[torch.float64, torch.float64, torch.float64, torch.float64, torch.float64, torch.float64, torch.float64, torch.float64, torch.float64, torch.float64, torch.float64]
[torch.float64, torch.float64, torch.float64, torch.float64, torch.float64, torch.float64, torch.float64, torch.float64, torch.float64, torch.float64, torch.float64]
Start Training…
epoch: 00050 loss_train: 0.08974 loss_val: 0.09724 viol_train: 0.02017 viol_val: 0.02539
epoch: 00100 loss_train: 0.04798 loss_val: 0.05564 viol_train: 0.00291 viol_val: 0.00391
epoch: 00150 loss_train: 0.03574 loss_val: 0.04014 viol_train: 0.00764 viol_val: 0.00929
epoch: 00200 loss_train: 0.03046 loss_val: 0.03442 viol_train: 0.01689 viol_val: 0.02350
epoch: 00250 loss_train: 0.02763 loss_val: 0.03036 viol_train: 0.02058 viol_val: 0.02886
epoch: 00300 loss_train: 0.02572 loss_val: 0.02711 viol_train: 0.01904 viol_val: 0.02621
epoch: 00350 loss_train: 0.02077 loss_val: 0.02223 viol_train: 0.01808 viol_val: 0.02082
epoch: 00400 loss_train: 0.01759 loss_val: 0.01826 viol_train: 0.01121 viol_val: 0.01472
epoch: 00450 loss_train: 0.01465 loss_val: 0.01530 viol_train: 0.00652 viol_val: 0.00929
epoch: 00500 loss_train: 0.01202 loss_val: 0.01237 viol_train: 0.00358 viol_val: 0.00514
epoch: 00550 loss_train: 0.00991 loss_val: 0.01022 viol_train: 0.00178 viol_val: 0.00268
epoch: 00600 loss_train: 0.00826 loss_val: 0.00877 viol_train: 0.00102 viol_val: 0.00145
epoch: 00650 loss_train: 0.00730 loss_val: 0.00782 viol_train: 0.00099 viol_val: 0.00140
epoch: 00700 loss_train: 0.00664 loss_val: 0.00712 viol_train: 0.00145 viol_val: 0.00195
epoch: 00750 loss_train: 0.00648 loss_val: 0.00686 viol_train: 0.00209 viol_val: 0.00269
epoch: 00800 loss_train: 0.00607 loss_val: 0.00669 viol_train: 0.00273 viol_val: 0.00350
epoch: 00850 loss_train: 0.00602 loss_val: 0.00652 viol_train: 0.00333 viol_val: 0.00431
epoch: 00900 loss_train: 0.00579 loss_val: 0.00650 viol_train: 0.00363 viol_val: 0.00433
epoch: 00950 loss_train: 0.00567 loss_val: 0.00630 viol_train: 0.00408 viol_val: 0.00503
epoch: 01000 loss_train: 0.00570 loss_val: 0.00622 viol_train: 0.00412 viol_val: 0.00488
Training Finished!
