Scaler Factors: [800.           0.9936625    1.987325     1.81292375]
Scaler saved at /home/f25moham/CSTR/nonlinear/total/pieces/Reduced_T/segments/segments2/heaviside/heaviside2/scaler.pkl
Scaled dataset saved at /home/f25moham/CSTR/nonlinear/total/pieces/Reduced_T/segments/segments2/heaviside/heaviside2/scaled_data.csv
Scaler Factors outside function: [800.           0.9936625    1.987325     1.81292375]
Scaler loaded successfully.
Scaler Type: <class 'sklearn.preprocessing._data.MaxAbsScaler'>
Scaler Factors (scale_): [800.           0.9936625    1.987325     1.81292375]
Namespace(model='KKThPINN', model_id='adaptive_S1_r7', input_dim=1, hidden_dim=32, hidden_num=2, z0_dim=3, optimizer='adam', epochs=1000, batch_size=16, lr=0.0001, mu=1, max_subiter=500, eta=0.8, sigma=2, mu_safe=1000000000.0, dtype=64, dataset_type='cstr', dataset_path='data.csv', val_ratio=0.2, job='train', runs=1, run=0)
Scaler Factors: [800.           0.9936625    1.987325     1.81292375]
Scaler saved at /home/f25moham/CSTR/nonlinear/total/pieces/Reduced_T/segments/segments2/heaviside/heaviside2/scaler.pkl
Scaled dataset saved at /home/f25moham/CSTR/nonlinear/total/pieces/Reduced_T/segments/segments2/heaviside/heaviside2/scaled_data.csv
train set size: 90, val set size: 30, test set size: 30
Dtypes after casting:
[torch.float64]
[torch.float64]
[torch.float64]
Start Training…
epoch: 00050 loss_train: 0.08108 loss_val: 0.09076 viol_train: 0.45737 viol_val: 0.62449
epoch: 00100 loss_train: 0.06287 loss_val: 0.06525 viol_train: 0.51469 viol_val: 0.66675
epoch: 00150 loss_train: 0.05924 loss_val: 0.06159 viol_train: 0.51411 viol_val: 0.70089
epoch: 00200 loss_train: 0.05863 loss_val: 0.06082 viol_train: 0.50755 viol_val: 0.70734
epoch: 00250 loss_train: 0.05400 loss_val: 0.05832 viol_train: 0.52810 viol_val: 0.69767
epoch: 00300 loss_train: 0.05483 loss_val: 0.05544 viol_train: 0.54694 viol_val: 0.66796
epoch: 00350 loss_train: 0.05113 loss_val: 0.05594 viol_train: 0.55539 viol_val: 0.64967
epoch: 00400 loss_train: 0.05270 loss_val: 0.05186 viol_train: 0.49807 viol_val: 0.66508
epoch: 00450 loss_train: 0.04760 loss_val: 0.05070 viol_train: 0.46020 viol_val: 0.64552
epoch: 00500 loss_train: 0.04476 loss_val: 0.04772 viol_train: 0.51814 viol_val: 0.62824
epoch: 00550 loss_train: 0.04187 loss_val: 0.04413 viol_train: 0.49158 viol_val: 0.63420
epoch: 00600 loss_train: 0.03902 loss_val: 0.04121 viol_train: 0.43985 viol_val: 0.63175
epoch: 00650 loss_train: 0.03763 loss_val: 0.03769 viol_train: 0.47093 viol_val: 0.61357
epoch: 00700 loss_train: 0.03471 loss_val: 0.03631 viol_train: 0.45524 viol_val: 0.58444
epoch: 00750 loss_train: 0.03584 loss_val: 0.03338 viol_train: 0.43191 viol_val: 0.60603
epoch: 00800 loss_train: 0.03086 loss_val: 0.03028 viol_train: 0.48137 viol_val: 0.58682
epoch: 00850 loss_train: 0.02972 loss_val: 0.02976 viol_train: 0.43954 viol_val: 0.60245
epoch: 00900 loss_train: 0.02931 loss_val: 0.02896 viol_train: 0.42954 viol_val: 0.61605
epoch: 00950 loss_train: 0.02673 loss_val: 0.02739 viol_train: 0.45775 viol_val: 0.61857
epoch: 01000 loss_train: 0.02572 loss_val: 0.02641 viol_train: 0.47637 viol_val: 0.59956
Training Finished!
