Scaler Factors: [800.           0.9936625    1.987325     1.81292375]
Scaler saved at /home/f25moham/CSTR/nonlinear/total/pieces/Reduced_T/segments/segments2/heaviside/heaviside2/scaler.pkl
Scaled dataset saved at /home/f25moham/CSTR/nonlinear/total/pieces/Reduced_T/segments/segments2/heaviside/heaviside2/scaled_data.csv
Scaler Factors outside function: [800.           0.9936625    1.987325     1.81292375]
Scaler loaded successfully.
Scaler Type: <class 'sklearn.preprocessing._data.MaxAbsScaler'>
Scaler Factors (scale_): [800.           0.9936625    1.987325     1.81292375]
Namespace(model='KKThPINN', model_id='uniform_S2_r0', input_dim=1, hidden_dim=32, hidden_num=2, z0_dim=3, optimizer='adam', epochs=1000, batch_size=16, lr=0.0001, mu=1, max_subiter=500, eta=0.8, sigma=2, mu_safe=1000000000.0, dtype=64, dataset_type='cstr', dataset_path='data.csv', val_ratio=0.2, job='train', runs=1, run=0)
Scaler Factors: [800.           0.9936625    1.987325     1.81292375]
Scaler saved at /home/f25moham/CSTR/nonlinear/total/pieces/Reduced_T/segments/segments2/heaviside/heaviside2/scaler.pkl
Scaled dataset saved at /home/f25moham/CSTR/nonlinear/total/pieces/Reduced_T/segments/segments2/heaviside/heaviside2/scaled_data.csv
train set size: 90, val set size: 30, test set size: 30
Dtypes after casting:
[torch.float64, torch.float64]
[torch.float64, torch.float64]
[torch.float64, torch.float64]
Start Training…
epoch: 00050 loss_train: 0.09753 loss_val: 0.11230 viol_train: 0.10055 viol_val: 0.12168
epoch: 00100 loss_train: 0.04337 loss_val: 0.04911 viol_train: 0.06059 viol_val: 0.07784
epoch: 00150 loss_train: 0.03540 loss_val: 0.03849 viol_train: 0.03932 viol_val: 0.04861
epoch: 00200 loss_train: 0.03368 loss_val: 0.03664 viol_train: 0.03449 viol_val: 0.03838
epoch: 00250 loss_train: 0.03217 loss_val: 0.03287 viol_train: 0.03526 viol_val: 0.04213
epoch: 00300 loss_train: 0.03056 loss_val: 0.03167 viol_train: 0.03705 viol_val: 0.04319
epoch: 00350 loss_train: 0.02581 loss_val: 0.02761 viol_train: 0.04182 viol_val: 0.04768
epoch: 00400 loss_train: 0.02437 loss_val: 0.02550 viol_train: 0.03982 viol_val: 0.04910
epoch: 00450 loss_train: 0.02089 loss_val: 0.02160 viol_train: 0.04286 viol_val: 0.04820
epoch: 00500 loss_train: 0.01804 loss_val: 0.01844 viol_train: 0.04119 viol_val: 0.04355
epoch: 00550 loss_train: 0.01425 loss_val: 0.01465 viol_train: 0.03947 viol_val: 0.04562
epoch: 00600 loss_train: 0.01188 loss_val: 0.01219 viol_train: 0.03656 viol_val: 0.04349
epoch: 00650 loss_train: 0.01088 loss_val: 0.01058 viol_train: 0.03381 viol_val: 0.03925
epoch: 00700 loss_train: 0.00909 loss_val: 0.00920 viol_train: 0.03824 viol_val: 0.03796
epoch: 00750 loss_train: 0.00871 loss_val: 0.00811 viol_train: 0.03618 viol_val: 0.03750
epoch: 00800 loss_train: 0.00744 loss_val: 0.00744 viol_train: 0.03236 viol_val: 0.03783
epoch: 00850 loss_train: 0.00690 loss_val: 0.00653 viol_train: 0.03312 viol_val: 0.04048
epoch: 00900 loss_train: 0.00603 loss_val: 0.00596 viol_train: 0.03322 viol_val: 0.03813
epoch: 00950 loss_train: 0.00577 loss_val: 0.00538 viol_train: 0.03262 viol_val: 0.03751
epoch: 01000 loss_train: 0.00536 loss_val: 0.00493 viol_train: 0.03247 viol_val: 0.03744
Training Finished!
