Scaler Factors: [800.           0.9936625    1.987325     1.81292375]
Scaler saved at /home/f25moham/CSTR/nonlinear/total/pieces/Reduced_T/segments/segments2/heaviside/heaviside2/scaler.pkl
Scaled dataset saved at /home/f25moham/CSTR/nonlinear/total/pieces/Reduced_T/segments/segments2/heaviside/heaviside2/scaled_data.csv
Scaler Factors outside function: [800.           0.9936625    1.987325     1.81292375]
Scaler loaded successfully.
Scaler Type: <class 'sklearn.preprocessing._data.MaxAbsScaler'>
Scaler Factors (scale_): [800.           0.9936625    1.987325     1.81292375]
Namespace(model='KKThPINN', model_id='uniform_S90_r6', input_dim=1, hidden_dim=32, hidden_num=2, z0_dim=3, optimizer='adam', epochs=1000, batch_size=16, lr=0.0001, mu=1, max_subiter=500, eta=0.8, sigma=2, mu_safe=1000000000.0, dtype=64, dataset_type='cstr', dataset_path='data.csv', val_ratio=0.2, job='train', runs=1, run=0)
Scaler Factors: [800.           0.9936625    1.987325     1.81292375]
Scaler saved at /home/f25moham/CSTR/nonlinear/total/pieces/Reduced_T/segments/segments2/heaviside/heaviside2/scaler.pkl
Scaled dataset saved at /home/f25moham/CSTR/nonlinear/total/pieces/Reduced_T/segments/segments2/heaviside/heaviside2/scaled_data.csv
train set size: 90, val set size: 30, test set size: 30
Dtypes after casting:
[torch.float64, torch.float64, torch.float64, torch.float64, torch.float64, torch.float64, torch.float64, torch.float64, torch.float64, torch.float64, torch.float64, torch.float64, torch.float64, torch.float64, torch.float64, torch.float64, torch.float64, torch.float64, torch.float64, torch.float64, torch.float64, torch.float64, torch.float64, torch.float64, torch.float64, torch.float64, torch.float64, torch.float64, torch.float64, torch.float64, torch.float64, torch.float64, torch.float64, torch.float64, torch.float64, torch.float64, torch.float64, torch.float64, torch.float64, torch.float64, torch.float64, torch.float64, torch.float64, torch.float64, torch.float64, torch.float64, torch.float64, torch.float64, torch.float64, torch.float64, torch.float64, torch.float64, torch.float64, torch.float64, torch.float64, torch.float64, torch.float64, torch.float64, torch.float64, torch.float64, torch.float64, torch.float64, torch.float64, torch.float64, torch.float64, torch.float64, torch.float64, torch.float64, torch.float64, torch.float64, torch.float64, torch.float64, torch.float64, torch.float64, torch.float64, torch.float64, torch.float64, torch.float64, torch.float64, torch.float64, torch.float64, torch.float64, torch.float64, torch.float64, torch.float64, torch.float64, torch.float64, torch.float64, torch.float64, torch.float64]
[torch.float64, torch.float64, torch.float64, torch.float64, torch.float64, torch.float64, torch.float64, torch.float64, torch.float64, torch.float64, torch.float64, torch.float64, torch.float64, torch.float64, torch.float64, torch.float64, torch.float64, torch.float64, torch.float64, torch.float64, torch.float64, torch.float64, torch.float64, torch.float64, torch.float64, torch.float64, torch.float64, torch.float64, torch.float64, torch.float64, torch.float64, torch.float64, torch.float64, torch.float64, torch.float64, torch.float64, torch.float64, torch.float64, torch.float64, torch.float64, torch.float64, torch.float64, torch.float64, torch.float64, torch.float64, torch.float64, torch.float64, torch.float64, torch.float64, torch.float64, torch.float64, torch.float64, torch.float64, torch.float64, torch.float64, torch.float64, torch.float64, torch.float64, torch.float64, torch.float64, torch.float64, torch.float64, torch.float64, torch.float64, torch.float64, torch.float64, torch.float64, torch.float64, torch.float64, torch.float64, torch.float64, torch.float64, torch.float64, torch.float64, torch.float64, torch.float64, torch.float64, torch.float64, torch.float64, torch.float64, torch.float64, torch.float64, torch.float64, torch.float64, torch.float64, torch.float64, torch.float64, torch.float64, torch.float64, torch.float64]
[torch.float64, torch.float64, torch.float64, torch.float64, torch.float64, torch.float64, torch.float64, torch.float64, torch.float64, torch.float64, torch.float64, torch.float64, torch.float64, torch.float64, torch.float64, torch.float64, torch.float64, torch.float64, torch.float64, torch.float64, torch.float64, torch.float64, torch.float64, torch.float64, torch.float64, torch.float64, torch.float64, torch.float64, torch.float64, torch.float64, torch.float64, torch.float64, torch.float64, torch.float64, torch.float64, torch.float64, torch.float64, torch.float64, torch.float64, torch.float64, torch.float64, torch.float64, torch.float64, torch.float64, torch.float64, torch.float64, torch.float64, torch.float64, torch.float64, torch.float64, torch.float64, torch.float64, torch.float64, torch.float64, torch.float64, torch.float64, torch.float64, torch.float64, torch.float64, torch.float64, torch.float64, torch.float64, torch.float64, torch.float64, torch.float64, torch.float64, torch.float64, torch.float64, torch.float64, torch.float64, torch.float64, torch.float64, torch.float64, torch.float64, torch.float64, torch.float64, torch.float64, torch.float64, torch.float64, torch.float64, torch.float64, torch.float64, torch.float64, torch.float64, torch.float64, torch.float64, torch.float64, torch.float64, torch.float64, torch.float64]
Start Training…
epoch: 00050 loss_train: 0.07149 loss_val: 0.08531 viol_train: 0.10713 viol_val: 0.14241
epoch: 00100 loss_train: 0.05169 loss_val: 0.05754 viol_train: 0.01719 viol_val: 0.02331
epoch: 00150 loss_train: 0.03954 loss_val: 0.04450 viol_train: 0.00041 viol_val: 0.00051
epoch: 00200 loss_train: 0.03655 loss_val: 0.03938 viol_train: 0.00731 viol_val: 0.00945
epoch: 00250 loss_train: 0.03494 loss_val: 0.03708 viol_train: 0.00973 viol_val: 0.01387
epoch: 00300 loss_train: 0.03284 loss_val: 0.03509 viol_train: 0.00984 viol_val: 0.01346
epoch: 00350 loss_train: 0.02912 loss_val: 0.03198 viol_train: 0.00984 viol_val: 0.01338
epoch: 00400 loss_train: 0.02747 loss_val: 0.03016 viol_train: 0.00941 viol_val: 0.01207
epoch: 00450 loss_train: 0.02501 loss_val: 0.02608 viol_train: 0.00754 viol_val: 0.01098
epoch: 00500 loss_train: 0.02186 loss_val: 0.02336 viol_train: 0.00720 viol_val: 0.01008
epoch: 00550 loss_train: 0.01848 loss_val: 0.01998 viol_train: 0.00632 viol_val: 0.00815
epoch: 00600 loss_train: 0.01660 loss_val: 0.01733 viol_train: 0.00487 viol_val: 0.00633
epoch: 00650 loss_train: 0.01399 loss_val: 0.01423 viol_train: 0.00315 viol_val: 0.00458
epoch: 00700 loss_train: 0.01221 loss_val: 0.01204 viol_train: 0.00184 viol_val: 0.00252
epoch: 00750 loss_train: 0.01019 loss_val: 0.01069 viol_train: 0.00119 viol_val: 0.00164
epoch: 00800 loss_train: 0.00897 loss_val: 0.00943 viol_train: 0.00052 viol_val: 0.00064
epoch: 00850 loss_train: 0.00776 loss_val: 0.00824 viol_train: 0.00026 viol_val: 0.00031
epoch: 00900 loss_train: 0.00712 loss_val: 0.00745 viol_train: 0.00019 viol_val: 0.00021
epoch: 00950 loss_train: 0.00627 loss_val: 0.00647 viol_train: 0.00020 viol_val: 0.00021
epoch: 01000 loss_train: 0.00568 loss_val: 0.00584 viol_train: 0.00026 viol_val: 0.00027
Training Finished!
