Scaler Factors: [800.           0.9936625    1.987325     1.81292375]
Scaler saved at /home/f25moham/CSTR/nonlinear/total/pieces/Reduced_T/segments/segments2/heaviside/heaviside2/scaler.pkl
Scaled dataset saved at /home/f25moham/CSTR/nonlinear/total/pieces/Reduced_T/segments/segments2/heaviside/heaviside2/scaled_data.csv
Scaler Factors outside function: [800.           0.9936625    1.987325     1.81292375]
Scaler loaded successfully.
Scaler Type: <class 'sklearn.preprocessing._data.MaxAbsScaler'>
Scaler Factors (scale_): [800.           0.9936625    1.987325     1.81292375]
Namespace(model='KKThPINN', model_id='adaptive_S3_r6', input_dim=1, hidden_dim=32, hidden_num=2, z0_dim=3, optimizer='adam', epochs=1000, batch_size=16, lr=0.0001, mu=1, max_subiter=500, eta=0.8, sigma=2, mu_safe=1000000000.0, dtype=64, dataset_type='cstr', dataset_path='data.csv', val_ratio=0.2, job='train', runs=1, run=0)
Scaler Factors: [800.           0.9936625    1.987325     1.81292375]
Scaler saved at /home/f25moham/CSTR/nonlinear/total/pieces/Reduced_T/segments/segments2/heaviside/heaviside2/scaler.pkl
Scaled dataset saved at /home/f25moham/CSTR/nonlinear/total/pieces/Reduced_T/segments/segments2/heaviside/heaviside2/scaled_data.csv
train set size: 90, val set size: 30, test set size: 30
Dtypes after casting:
[torch.float64, torch.float64, torch.float64]
[torch.float64, torch.float64, torch.float64]
[torch.float64, torch.float64, torch.float64]
Start Training…
epoch: 00050 loss_train: 0.04449 loss_val: 0.04895 viol_train: 0.06076 viol_val: 0.08088
epoch: 00100 loss_train: 0.03837 loss_val: 0.04286 viol_train: 0.02078 viol_val: 0.02391
epoch: 00150 loss_train: 0.03730 loss_val: 0.04067 viol_train: 0.01177 viol_val: 0.00952
epoch: 00200 loss_train: 0.03607 loss_val: 0.03863 viol_train: 0.01115 viol_val: 0.00752
epoch: 00250 loss_train: 0.03403 loss_val: 0.03569 viol_train: 0.01162 viol_val: 0.00919
epoch: 00300 loss_train: 0.03213 loss_val: 0.03302 viol_train: 0.01204 viol_val: 0.01025
epoch: 00350 loss_train: 0.02931 loss_val: 0.03050 viol_train: 0.01220 viol_val: 0.01125
epoch: 00400 loss_train: 0.02698 loss_val: 0.02875 viol_train: 0.01202 viol_val: 0.01096
epoch: 00450 loss_train: 0.02413 loss_val: 0.02457 viol_train: 0.01272 viol_val: 0.01175
epoch: 00500 loss_train: 0.02059 loss_val: 0.02103 viol_train: 0.01357 viol_val: 0.01152
epoch: 00550 loss_train: 0.01797 loss_val: 0.01763 viol_train: 0.01263 viol_val: 0.01159
epoch: 00600 loss_train: 0.01549 loss_val: 0.01531 viol_train: 0.01304 viol_val: 0.01168
epoch: 00650 loss_train: 0.01300 loss_val: 0.01246 viol_train: 0.01179 viol_val: 0.01124
epoch: 00700 loss_train: 0.01092 loss_val: 0.01105 viol_train: 0.01147 viol_val: 0.01027
epoch: 00750 loss_train: 0.00993 loss_val: 0.01001 viol_train: 0.01242 viol_val: 0.01038
epoch: 00800 loss_train: 0.00886 loss_val: 0.00899 viol_train: 0.01150 viol_val: 0.01018
epoch: 00850 loss_train: 0.00874 loss_val: 0.00828 viol_train: 0.01136 viol_val: 0.00954
epoch: 00900 loss_train: 0.00806 loss_val: 0.00808 viol_train: 0.01089 viol_val: 0.00881
epoch: 00950 loss_train: 0.00795 loss_val: 0.00802 viol_train: 0.01103 viol_val: 0.00870
epoch: 01000 loss_train: 0.00768 loss_val: 0.00776 viol_train: 0.01095 viol_val: 0.00864
Training Finished!
