Scaler Factors: [800.           0.9936625    1.987325     1.81292375]
Scaler saved at /home/f25moham/CSTR/nonlinear/total/pieces/Reduced_T/segments/segments2/heaviside/heaviside2/scaler.pkl
Scaled dataset saved at /home/f25moham/CSTR/nonlinear/total/pieces/Reduced_T/segments/segments2/heaviside/heaviside2/scaled_data.csv
Scaler Factors outside function: [800.           0.9936625    1.987325     1.81292375]
Scaler loaded successfully.
Scaler Type: <class 'sklearn.preprocessing._data.MaxAbsScaler'>
Scaler Factors (scale_): [800.           0.9936625    1.987325     1.81292375]
Namespace(model='KKThPINN', model_id='adaptive_S90_r6', input_dim=1, hidden_dim=32, hidden_num=2, z0_dim=3, optimizer='adam', epochs=1000, batch_size=16, lr=0.0001, mu=1, max_subiter=500, eta=0.8, sigma=2, mu_safe=1000000000.0, dtype=64, dataset_type='cstr', dataset_path='data.csv', val_ratio=0.2, job='train', runs=1, run=0)
Scaler Factors: [800.           0.9936625    1.987325     1.81292375]
Scaler saved at /home/f25moham/CSTR/nonlinear/total/pieces/Reduced_T/segments/segments2/heaviside/heaviside2/scaler.pkl
Scaled dataset saved at /home/f25moham/CSTR/nonlinear/total/pieces/Reduced_T/segments/segments2/heaviside/heaviside2/scaled_data.csv
train set size: 90, val set size: 30, test set size: 30
Dtypes after casting:
[torch.float64, torch.float64, torch.float64, torch.float64, torch.float64, torch.float64, torch.float64, torch.float64, torch.float64, torch.float64, torch.float64, torch.float64, torch.float64, torch.float64, torch.float64, torch.float64, torch.float64, torch.float64, torch.float64, torch.float64, torch.float64, torch.float64, torch.float64, torch.float64, torch.float64, torch.float64, torch.float64, torch.float64, torch.float64, torch.float64, torch.float64, torch.float64, torch.float64, torch.float64, torch.float64, torch.float64, torch.float64, torch.float64, torch.float64, torch.float64, torch.float64, torch.float64, torch.float64, torch.float64, torch.float64, torch.float64, torch.float64, torch.float64, torch.float64, torch.float64, torch.float64, torch.float64, torch.float64, torch.float64, torch.float64, torch.float64, torch.float64, torch.float64, torch.float64, torch.float64, torch.float64, torch.float64, torch.float64, torch.float64, torch.float64, torch.float64, torch.float64, torch.float64, torch.float64, torch.float64, torch.float64, torch.float64, torch.float64, torch.float64, torch.float64, torch.float64, torch.float64, torch.float64, torch.float64, torch.float64, torch.float64, torch.float64, torch.float64, torch.float64, torch.float64, torch.float64, torch.float64, torch.float64, torch.float64, torch.float64]
[torch.float64, torch.float64, torch.float64, torch.float64, torch.float64, torch.float64, torch.float64, torch.float64, torch.float64, torch.float64, torch.float64, torch.float64, torch.float64, torch.float64, torch.float64, torch.float64, torch.float64, torch.float64, torch.float64, torch.float64, torch.float64, torch.float64, torch.float64, torch.float64, torch.float64, torch.float64, torch.float64, torch.float64, torch.float64, torch.float64, torch.float64, torch.float64, torch.float64, torch.float64, torch.float64, torch.float64, torch.float64, torch.float64, torch.float64, torch.float64, torch.float64, torch.float64, torch.float64, torch.float64, torch.float64, torch.float64, torch.float64, torch.float64, torch.float64, torch.float64, torch.float64, torch.float64, torch.float64, torch.float64, torch.float64, torch.float64, torch.float64, torch.float64, torch.float64, torch.float64, torch.float64, torch.float64, torch.float64, torch.float64, torch.float64, torch.float64, torch.float64, torch.float64, torch.float64, torch.float64, torch.float64, torch.float64, torch.float64, torch.float64, torch.float64, torch.float64, torch.float64, torch.float64, torch.float64, torch.float64, torch.float64, torch.float64, torch.float64, torch.float64, torch.float64, torch.float64, torch.float64, torch.float64, torch.float64, torch.float64]
[torch.float64, torch.float64, torch.float64, torch.float64, torch.float64, torch.float64, torch.float64, torch.float64, torch.float64, torch.float64, torch.float64, torch.float64, torch.float64, torch.float64, torch.float64, torch.float64, torch.float64, torch.float64, torch.float64, torch.float64, torch.float64, torch.float64, torch.float64, torch.float64, torch.float64, torch.float64, torch.float64, torch.float64, torch.float64, torch.float64, torch.float64, torch.float64, torch.float64, torch.float64, torch.float64, torch.float64, torch.float64, torch.float64, torch.float64, torch.float64, torch.float64, torch.float64, torch.float64, torch.float64, torch.float64, torch.float64, torch.float64, torch.float64, torch.float64, torch.float64, torch.float64, torch.float64, torch.float64, torch.float64, torch.float64, torch.float64, torch.float64, torch.float64, torch.float64, torch.float64, torch.float64, torch.float64, torch.float64, torch.float64, torch.float64, torch.float64, torch.float64, torch.float64, torch.float64, torch.float64, torch.float64, torch.float64, torch.float64, torch.float64, torch.float64, torch.float64, torch.float64, torch.float64, torch.float64, torch.float64, torch.float64, torch.float64, torch.float64, torch.float64, torch.float64, torch.float64, torch.float64, torch.float64, torch.float64, torch.float64]
Start Training…
epoch: 00050 loss_train: 0.04780 loss_val: 0.05437 viol_train: 0.00211 viol_val: 0.00268
epoch: 00100 loss_train: 0.03384 loss_val: 0.03808 viol_train: 0.00863 viol_val: 0.01063
epoch: 00150 loss_train: 0.03083 loss_val: 0.03329 viol_train: 0.01210 viol_val: 0.01656
epoch: 00200 loss_train: 0.03035 loss_val: 0.03247 viol_train: 0.01106 viol_val: 0.01461
epoch: 00250 loss_train: 0.02884 loss_val: 0.02968 viol_train: 0.00989 viol_val: 0.01333
epoch: 00300 loss_train: 0.02369 loss_val: 0.02602 viol_train: 0.00749 viol_val: 0.01009
epoch: 00350 loss_train: 0.02108 loss_val: 0.02314 viol_train: 0.00566 viol_val: 0.00743
epoch: 00400 loss_train: 0.01852 loss_val: 0.01973 viol_train: 0.00389 viol_val: 0.00477
epoch: 00450 loss_train: 0.01654 loss_val: 0.01660 viol_train: 0.00174 viol_val: 0.00242
epoch: 00500 loss_train: 0.01333 loss_val: 0.01444 viol_train: 0.00073 viol_val: 0.00108
epoch: 00550 loss_train: 0.01141 loss_val: 0.01206 viol_train: 0.00032 viol_val: 0.00033
epoch: 00600 loss_train: 0.01003 loss_val: 0.01002 viol_train: 0.00047 viol_val: 0.00052
epoch: 00650 loss_train: 0.00806 loss_val: 0.00876 viol_train: 0.00020 viol_val: 0.00018
epoch: 00700 loss_train: 0.00727 loss_val: 0.00752 viol_train: 0.00012 viol_val: 0.00012
epoch: 00750 loss_train: 0.00633 loss_val: 0.00662 viol_train: 0.00015 viol_val: 0.00012
epoch: 00800 loss_train: 0.00566 loss_val: 0.00603 viol_train: 0.00018 viol_val: 0.00018
epoch: 00850 loss_train: 0.00510 loss_val: 0.00540 viol_train: 0.00026 viol_val: 0.00028
epoch: 00900 loss_train: 0.00456 loss_val: 0.00479 viol_train: 0.00051 viol_val: 0.00059
epoch: 00950 loss_train: 0.00414 loss_val: 0.00436 viol_train: 0.00075 viol_val: 0.00089
epoch: 01000 loss_train: 0.00374 loss_val: 0.00397 viol_train: 0.00101 viol_val: 0.00114
Training Finished!
