Scaler Factors: [800.           0.9936625    1.987325     1.81292375]
Scaler saved at /home/f25moham/CSTR/nonlinear/total/pieces/Reduced_T/segments/segments2/heaviside/heaviside2/scaler.pkl
Scaled dataset saved at /home/f25moham/CSTR/nonlinear/total/pieces/Reduced_T/segments/segments2/heaviside/heaviside2/scaled_data.csv
Scaler Factors outside function: [800.           0.9936625    1.987325     1.81292375]
Scaler loaded successfully.
Scaler Type: <class 'sklearn.preprocessing._data.MaxAbsScaler'>
Scaler Factors (scale_): [800.           0.9936625    1.987325     1.81292375]
Namespace(model='KKThPINN', model_id='adaptive_S11_r7', input_dim=1, hidden_dim=32, hidden_num=2, z0_dim=3, optimizer='adam', epochs=1000, batch_size=16, lr=0.0001, mu=1, max_subiter=500, eta=0.8, sigma=2, mu_safe=1000000000.0, dtype=64, dataset_type='cstr', dataset_path='data.csv', val_ratio=0.2, job='train', runs=1, run=0)
Scaler Factors: [800.           0.9936625    1.987325     1.81292375]
Scaler saved at /home/f25moham/CSTR/nonlinear/total/pieces/Reduced_T/segments/segments2/heaviside/heaviside2/scaler.pkl
Scaled dataset saved at /home/f25moham/CSTR/nonlinear/total/pieces/Reduced_T/segments/segments2/heaviside/heaviside2/scaled_data.csv
train set size: 90, val set size: 30, test set size: 30
Dtypes after casting:
[torch.float64, torch.float64, torch.float64, torch.float64, torch.float64, torch.float64, torch.float64, torch.float64, torch.float64, torch.float64, torch.float64]
[torch.float64, torch.float64, torch.float64, torch.float64, torch.float64, torch.float64, torch.float64, torch.float64, torch.float64, torch.float64, torch.float64]
[torch.float64, torch.float64, torch.float64, torch.float64, torch.float64, torch.float64, torch.float64, torch.float64, torch.float64, torch.float64, torch.float64]
Start Training…
epoch: 00050 loss_train: 0.04902 loss_val: 0.05627 viol_train: 0.02085 viol_val: 0.02812
epoch: 00100 loss_train: 0.03779 loss_val: 0.04296 viol_train: 0.00146 viol_val: 0.00170
epoch: 00150 loss_train: 0.03587 loss_val: 0.03890 viol_train: 0.00736 viol_val: 0.00966
epoch: 00200 loss_train: 0.03331 loss_val: 0.03759 viol_train: 0.00915 viol_val: 0.01203
epoch: 00250 loss_train: 0.03190 loss_val: 0.03499 viol_train: 0.00864 viol_val: 0.01167
epoch: 00300 loss_train: 0.02941 loss_val: 0.03273 viol_train: 0.00930 viol_val: 0.01244
epoch: 00350 loss_train: 0.02721 loss_val: 0.03055 viol_train: 0.00763 viol_val: 0.01038
epoch: 00400 loss_train: 0.02453 loss_val: 0.02779 viol_train: 0.00826 viol_val: 0.01011
epoch: 00450 loss_train: 0.02240 loss_val: 0.02423 viol_train: 0.00683 viol_val: 0.00904
epoch: 00500 loss_train: 0.01927 loss_val: 0.02057 viol_train: 0.00560 viol_val: 0.00714
epoch: 00550 loss_train: 0.01599 loss_val: 0.01737 viol_train: 0.00408 viol_val: 0.00519
epoch: 00600 loss_train: 0.01383 loss_val: 0.01444 viol_train: 0.00253 viol_val: 0.00325
epoch: 00650 loss_train: 0.01174 loss_val: 0.01170 viol_train: 0.00125 viol_val: 0.00153
epoch: 00700 loss_train: 0.00989 loss_val: 0.01030 viol_train: 0.00076 viol_val: 0.00081
epoch: 00750 loss_train: 0.00848 loss_val: 0.00899 viol_train: 0.00062 viol_val: 0.00059
epoch: 00800 loss_train: 0.00751 loss_val: 0.00817 viol_train: 0.00061 viol_val: 0.00057
epoch: 00850 loss_train: 0.00677 loss_val: 0.00752 viol_train: 0.00069 viol_val: 0.00061
epoch: 00900 loss_train: 0.00668 loss_val: 0.00712 viol_train: 0.00079 viol_val: 0.00072
epoch: 00950 loss_train: 0.00631 loss_val: 0.00684 viol_train: 0.00083 viol_val: 0.00079
epoch: 01000 loss_train: 0.00604 loss_val: 0.00676 viol_train: 0.00099 viol_val: 0.00104
Training Finished!
