Scaler Factors: [800.           0.9936625    1.987325     1.81292375]
Scaler saved at /home/f25moham/CSTR/nonlinear/total/pieces/Reduced_T/segments/segments2/heaviside/heaviside2/scaler.pkl
Scaled dataset saved at /home/f25moham/CSTR/nonlinear/total/pieces/Reduced_T/segments/segments2/heaviside/heaviside2/scaled_data.csv
Scaler Factors outside function: [800.           0.9936625    1.987325     1.81292375]
Scaler loaded successfully.
Scaler Type: <class 'sklearn.preprocessing._data.MaxAbsScaler'>
Scaler Factors (scale_): [800.           0.9936625    1.987325     1.81292375]
Namespace(model='KKThPINN', model_id='adaptive_S90_r3', input_dim=1, hidden_dim=32, hidden_num=2, z0_dim=3, optimizer='adam', epochs=1000, batch_size=16, lr=0.0001, mu=1, max_subiter=500, eta=0.8, sigma=2, mu_safe=1000000000.0, dtype=64, dataset_type='cstr', dataset_path='data.csv', val_ratio=0.2, job='train', runs=1, run=0)
Scaler Factors: [800.           0.9936625    1.987325     1.81292375]
Scaler saved at /home/f25moham/CSTR/nonlinear/total/pieces/Reduced_T/segments/segments2/heaviside/heaviside2/scaler.pkl
Scaled dataset saved at /home/f25moham/CSTR/nonlinear/total/pieces/Reduced_T/segments/segments2/heaviside/heaviside2/scaled_data.csv
train set size: 90, val set size: 30, test set size: 30
Dtypes after casting:
[torch.float64, torch.float64, torch.float64, torch.float64, torch.float64, torch.float64, torch.float64, torch.float64, torch.float64, torch.float64, torch.float64, torch.float64, torch.float64, torch.float64, torch.float64, torch.float64, torch.float64, torch.float64, torch.float64, torch.float64, torch.float64, torch.float64, torch.float64, torch.float64, torch.float64, torch.float64, torch.float64, torch.float64, torch.float64, torch.float64, torch.float64, torch.float64, torch.float64, torch.float64, torch.float64, torch.float64, torch.float64, torch.float64, torch.float64, torch.float64, torch.float64, torch.float64, torch.float64, torch.float64, torch.float64, torch.float64, torch.float64, torch.float64, torch.float64, torch.float64, torch.float64, torch.float64, torch.float64, torch.float64, torch.float64, torch.float64, torch.float64, torch.float64, torch.float64, torch.float64, torch.float64, torch.float64, torch.float64, torch.float64, torch.float64, torch.float64, torch.float64, torch.float64, torch.float64, torch.float64, torch.float64, torch.float64, torch.float64, torch.float64, torch.float64, torch.float64, torch.float64, torch.float64, torch.float64, torch.float64, torch.float64, torch.float64, torch.float64, torch.float64, torch.float64, torch.float64, torch.float64, torch.float64, torch.float64, torch.float64]
[torch.float64, torch.float64, torch.float64, torch.float64, torch.float64, torch.float64, torch.float64, torch.float64, torch.float64, torch.float64, torch.float64, torch.float64, torch.float64, torch.float64, torch.float64, torch.float64, torch.float64, torch.float64, torch.float64, torch.float64, torch.float64, torch.float64, torch.float64, torch.float64, torch.float64, torch.float64, torch.float64, torch.float64, torch.float64, torch.float64, torch.float64, torch.float64, torch.float64, torch.float64, torch.float64, torch.float64, torch.float64, torch.float64, torch.float64, torch.float64, torch.float64, torch.float64, torch.float64, torch.float64, torch.float64, torch.float64, torch.float64, torch.float64, torch.float64, torch.float64, torch.float64, torch.float64, torch.float64, torch.float64, torch.float64, torch.float64, torch.float64, torch.float64, torch.float64, torch.float64, torch.float64, torch.float64, torch.float64, torch.float64, torch.float64, torch.float64, torch.float64, torch.float64, torch.float64, torch.float64, torch.float64, torch.float64, torch.float64, torch.float64, torch.float64, torch.float64, torch.float64, torch.float64, torch.float64, torch.float64, torch.float64, torch.float64, torch.float64, torch.float64, torch.float64, torch.float64, torch.float64, torch.float64, torch.float64, torch.float64]
[torch.float64, torch.float64, torch.float64, torch.float64, torch.float64, torch.float64, torch.float64, torch.float64, torch.float64, torch.float64, torch.float64, torch.float64, torch.float64, torch.float64, torch.float64, torch.float64, torch.float64, torch.float64, torch.float64, torch.float64, torch.float64, torch.float64, torch.float64, torch.float64, torch.float64, torch.float64, torch.float64, torch.float64, torch.float64, torch.float64, torch.float64, torch.float64, torch.float64, torch.float64, torch.float64, torch.float64, torch.float64, torch.float64, torch.float64, torch.float64, torch.float64, torch.float64, torch.float64, torch.float64, torch.float64, torch.float64, torch.float64, torch.float64, torch.float64, torch.float64, torch.float64, torch.float64, torch.float64, torch.float64, torch.float64, torch.float64, torch.float64, torch.float64, torch.float64, torch.float64, torch.float64, torch.float64, torch.float64, torch.float64, torch.float64, torch.float64, torch.float64, torch.float64, torch.float64, torch.float64, torch.float64, torch.float64, torch.float64, torch.float64, torch.float64, torch.float64, torch.float64, torch.float64, torch.float64, torch.float64, torch.float64, torch.float64, torch.float64, torch.float64, torch.float64, torch.float64, torch.float64, torch.float64, torch.float64, torch.float64]
Start Training…
epoch: 00050 loss_train: 0.08682 loss_val: 0.10314 viol_train: 0.21382 viol_val: 0.28832
epoch: 00100 loss_train: 0.04843 loss_val: 0.05782 viol_train: 0.04381 viol_val: 0.05536
epoch: 00150 loss_train: 0.03641 loss_val: 0.04140 viol_train: 0.00303 viol_val: 0.00393
epoch: 00200 loss_train: 0.03161 loss_val: 0.03580 viol_train: 0.00332 viol_val: 0.00416
epoch: 00250 loss_train: 0.02882 loss_val: 0.03150 viol_train: 0.01272 viol_val: 0.01689
epoch: 00300 loss_train: 0.02577 loss_val: 0.02912 viol_train: 0.01887 viol_val: 0.02337
epoch: 00350 loss_train: 0.02470 loss_val: 0.02615 viol_train: 0.01813 viol_val: 0.02458
epoch: 00400 loss_train: 0.02237 loss_val: 0.02444 viol_train: 0.01834 viol_val: 0.02486
epoch: 00450 loss_train: 0.01990 loss_val: 0.02121 viol_train: 0.01950 viol_val: 0.02544
epoch: 00500 loss_train: 0.01714 loss_val: 0.01890 viol_train: 0.01781 viol_val: 0.02373
epoch: 00550 loss_train: 0.01511 loss_val: 0.01661 viol_train: 0.01569 viol_val: 0.02000
epoch: 00600 loss_train: 0.01381 loss_val: 0.01412 viol_train: 0.01229 viol_val: 0.01781
epoch: 00650 loss_train: 0.01180 loss_val: 0.01232 viol_train: 0.00984 viol_val: 0.01332
epoch: 00700 loss_train: 0.01013 loss_val: 0.01082 viol_train: 0.00807 viol_val: 0.01031
epoch: 00750 loss_train: 0.00907 loss_val: 0.00979 viol_train: 0.00546 viol_val: 0.00726
epoch: 00800 loss_train: 0.00833 loss_val: 0.00866 viol_train: 0.00345 viol_val: 0.00467
epoch: 00850 loss_train: 0.00741 loss_val: 0.00789 viol_train: 0.00188 viol_val: 0.00259
epoch: 00900 loss_train: 0.00690 loss_val: 0.00703 viol_train: 0.00092 viol_val: 0.00132
epoch: 00950 loss_train: 0.00617 loss_val: 0.00641 viol_train: 0.00039 viol_val: 0.00055
epoch: 01000 loss_train: 0.00570 loss_val: 0.00597 viol_train: 0.00037 viol_val: 0.00041
Training Finished!
