Scaler Factors: [800.           0.9936625    1.987325     1.81292375]
Scaler saved at /home/f25moham/CSTR/nonlinear/total/pieces/Reduced_T/segments/segments2/heaviside/heaviside2/scaler.pkl
Scaled dataset saved at /home/f25moham/CSTR/nonlinear/total/pieces/Reduced_T/segments/segments2/heaviside/heaviside2/scaled_data.csv
Scaler Factors outside function: [800.           0.9936625    1.987325     1.81292375]
Scaler loaded successfully.
Scaler Type: <class 'sklearn.preprocessing._data.MaxAbsScaler'>
Scaler Factors (scale_): [800.           0.9936625    1.987325     1.81292375]
Namespace(model='KKThPINN', model_id='uniform_S1_r1', input_dim=1, hidden_dim=32, hidden_num=2, z0_dim=3, optimizer='adam', epochs=1000, batch_size=16, lr=0.0001, mu=1, max_subiter=500, eta=0.8, sigma=2, mu_safe=1000000000.0, dtype=64, dataset_type='cstr', dataset_path='data.csv', val_ratio=0.2, job='train', runs=1, run=0)
Scaler Factors: [800.           0.9936625    1.987325     1.81292375]
Scaler saved at /home/f25moham/CSTR/nonlinear/total/pieces/Reduced_T/segments/segments2/heaviside/heaviside2/scaler.pkl
Scaled dataset saved at /home/f25moham/CSTR/nonlinear/total/pieces/Reduced_T/segments/segments2/heaviside/heaviside2/scaled_data.csv
train set size: 90, val set size: 30, test set size: 30
Dtypes after casting:
[torch.float64]
[torch.float64]
[torch.float64]
Start Training…
epoch: 00050 loss_train: 0.06632 loss_val: 0.07506 viol_train: 0.47976 viol_val: 0.62313
epoch: 00100 loss_train: 0.05925 loss_val: 0.06033 viol_train: 0.48493 viol_val: 0.65137
epoch: 00150 loss_train: 0.05961 loss_val: 0.06102 viol_train: 0.47517 viol_val: 0.67661
epoch: 00200 loss_train: 0.05707 loss_val: 0.05957 viol_train: 0.46980 viol_val: 0.64943
epoch: 00250 loss_train: 0.05510 loss_val: 0.05723 viol_train: 0.46271 viol_val: 0.65155
epoch: 00300 loss_train: 0.05426 loss_val: 0.05620 viol_train: 0.53276 viol_val: 0.62304
epoch: 00350 loss_train: 0.05052 loss_val: 0.05351 viol_train: 0.48759 viol_val: 0.66488
epoch: 00400 loss_train: 0.04884 loss_val: 0.04986 viol_train: 0.48439 viol_val: 0.62643
epoch: 00450 loss_train: 0.04864 loss_val: 0.04840 viol_train: 0.44871 viol_val: 0.63951
epoch: 00500 loss_train: 0.04456 loss_val: 0.04755 viol_train: 0.47970 viol_val: 0.61767
epoch: 00550 loss_train: 0.04546 loss_val: 0.04416 viol_train: 0.44862 viol_val: 0.61199
epoch: 00600 loss_train: 0.04074 loss_val: 0.04119 viol_train: 0.43415 viol_val: 0.61723
epoch: 00650 loss_train: 0.03804 loss_val: 0.03907 viol_train: 0.44267 viol_val: 0.61940
epoch: 00700 loss_train: 0.03469 loss_val: 0.03433 viol_train: 0.44513 viol_val: 0.62464
epoch: 00750 loss_train: 0.03313 loss_val: 0.03258 viol_train: 0.43033 viol_val: 0.60149
epoch: 00800 loss_train: 0.02990 loss_val: 0.03019 viol_train: 0.44995 viol_val: 0.62468
epoch: 00850 loss_train: 0.02854 loss_val: 0.02843 viol_train: 0.43371 viol_val: 0.62739
epoch: 00900 loss_train: 0.02739 loss_val: 0.02642 viol_train: 0.44980 viol_val: 0.60507
epoch: 00950 loss_train: 0.02618 loss_val: 0.02657 viol_train: 0.42736 viol_val: 0.61854
epoch: 01000 loss_train: 0.02611 loss_val: 0.02577 viol_train: 0.43083 viol_val: 0.59625
Training Finished!
