Scaler Factors: [800.           0.9936625    1.987325     1.81292375]
Scaler saved at /home/f25moham/CSTR/nonlinear/total/pieces/Reduced_T/segments/segments2/heaviside/heaviside2/scaler.pkl
Scaled dataset saved at /home/f25moham/CSTR/nonlinear/total/pieces/Reduced_T/segments/segments2/heaviside/heaviside2/scaled_data.csv
Scaler Factors outside function: [800.           0.9936625    1.987325     1.81292375]
Scaler loaded successfully.
Scaler Type: <class 'sklearn.preprocessing._data.MaxAbsScaler'>
Scaler Factors (scale_): [800.           0.9936625    1.987325     1.81292375]
Namespace(model='KKThPINN', model_id='uniform_S1_r5', input_dim=1, hidden_dim=32, hidden_num=2, z0_dim=3, optimizer='adam', epochs=1000, batch_size=16, lr=0.0001, mu=1, max_subiter=500, eta=0.8, sigma=2, mu_safe=1000000000.0, dtype=64, dataset_type='cstr', dataset_path='data.csv', val_ratio=0.2, job='train', runs=1, run=0)
Scaler Factors: [800.           0.9936625    1.987325     1.81292375]
Scaler saved at /home/f25moham/CSTR/nonlinear/total/pieces/Reduced_T/segments/segments2/heaviside/heaviside2/scaler.pkl
Scaled dataset saved at /home/f25moham/CSTR/nonlinear/total/pieces/Reduced_T/segments/segments2/heaviside/heaviside2/scaled_data.csv
train set size: 90, val set size: 30, test set size: 30
Dtypes after casting:
[torch.float64]
[torch.float64]
[torch.float64]
Start Training…
epoch: 00050 loss_train: 0.06507 loss_val: 0.07246 viol_train: 0.52109 viol_val: 0.67517
epoch: 00100 loss_train: 0.05044 loss_val: 0.05542 viol_train: 0.46565 viol_val: 0.67181
epoch: 00150 loss_train: 0.05035 loss_val: 0.05373 viol_train: 0.49095 viol_val: 0.62268
epoch: 00200 loss_train: 0.04727 loss_val: 0.05062 viol_train: 0.47640 viol_val: 0.65446
epoch: 00250 loss_train: 0.04614 loss_val: 0.04795 viol_train: 0.44405 viol_val: 0.65549
epoch: 00300 loss_train: 0.04352 loss_val: 0.04429 viol_train: 0.47759 viol_val: 0.62148
epoch: 00350 loss_train: 0.04060 loss_val: 0.04189 viol_train: 0.45417 viol_val: 0.61818
epoch: 00400 loss_train: 0.03891 loss_val: 0.03891 viol_train: 0.43450 viol_val: 0.60222
epoch: 00450 loss_train: 0.03464 loss_val: 0.03465 viol_train: 0.46956 viol_val: 0.61169
epoch: 00500 loss_train: 0.03174 loss_val: 0.03386 viol_train: 0.49717 viol_val: 0.60061
epoch: 00550 loss_train: 0.03020 loss_val: 0.03088 viol_train: 0.44258 viol_val: 0.61297
epoch: 00600 loss_train: 0.02921 loss_val: 0.02895 viol_train: 0.43175 viol_val: 0.58934
epoch: 00650 loss_train: 0.02693 loss_val: 0.02629 viol_train: 0.44754 viol_val: 0.62304
epoch: 00700 loss_train: 0.02681 loss_val: 0.02641 viol_train: 0.45249 viol_val: 0.60489
epoch: 00750 loss_train: 0.02504 loss_val: 0.02490 viol_train: 0.46203 viol_val: 0.60864
epoch: 00800 loss_train: 0.02490 loss_val: 0.02408 viol_train: 0.45121 viol_val: 0.62710
epoch: 00850 loss_train: 0.02269 loss_val: 0.02346 viol_train: 0.45168 viol_val: 0.59998
epoch: 00900 loss_train: 0.02365 loss_val: 0.02290 viol_train: 0.43204 viol_val: 0.63654
epoch: 00950 loss_train: 0.02289 loss_val: 0.02182 viol_train: 0.43258 viol_val: 0.61664
epoch: 01000 loss_train: 0.02272 loss_val: 0.02276 viol_train: 0.43281 viol_val: 0.60224
Training Finished!
