Scaler Factors: [800.           0.9936625    1.987325     1.81292375]
Scaler saved at /home/f25moham/CSTR/nonlinear/total/pieces/Reduced_T/segments/segments2/heaviside/heaviside2/scaler.pkl
Scaled dataset saved at /home/f25moham/CSTR/nonlinear/total/pieces/Reduced_T/segments/segments2/heaviside/heaviside2/scaled_data.csv
Scaler Factors outside function: [800.           0.9936625    1.987325     1.81292375]
Scaler loaded successfully.
Scaler Type: <class 'sklearn.preprocessing._data.MaxAbsScaler'>
Scaler Factors (scale_): [800.           0.9936625    1.987325     1.81292375]
Namespace(model='KKThPINN', model_id='adaptive_S9_r1', input_dim=1, hidden_dim=32, hidden_num=2, z0_dim=3, optimizer='adam', epochs=1000, batch_size=16, lr=0.0001, mu=1, max_subiter=500, eta=0.8, sigma=2, mu_safe=1000000000.0, dtype=64, dataset_type='cstr', dataset_path='data.csv', val_ratio=0.2, job='train', runs=1, run=0)
Scaler Factors: [800.           0.9936625    1.987325     1.81292375]
Scaler saved at /home/f25moham/CSTR/nonlinear/total/pieces/Reduced_T/segments/segments2/heaviside/heaviside2/scaler.pkl
Scaled dataset saved at /home/f25moham/CSTR/nonlinear/total/pieces/Reduced_T/segments/segments2/heaviside/heaviside2/scaled_data.csv
train set size: 90, val set size: 30, test set size: 30
Dtypes after casting:
[torch.float64, torch.float64, torch.float64, torch.float64, torch.float64, torch.float64, torch.float64, torch.float64, torch.float64]
[torch.float64, torch.float64, torch.float64, torch.float64, torch.float64, torch.float64, torch.float64, torch.float64, torch.float64]
[torch.float64, torch.float64, torch.float64, torch.float64, torch.float64, torch.float64, torch.float64, torch.float64, torch.float64]
Start Training…
epoch: 00050 loss_train: 0.11832 loss_val: 0.12263 viol_train: 0.26800 viol_val: 0.35669
epoch: 00100 loss_train: 0.06307 loss_val: 0.06378 viol_train: 0.08323 viol_val: 0.10879
epoch: 00150 loss_train: 0.03835 loss_val: 0.04143 viol_train: 0.00627 viol_val: 0.00748
epoch: 00200 loss_train: 0.03048 loss_val: 0.03321 viol_train: 0.00437 viol_val: 0.00495
epoch: 00250 loss_train: 0.02663 loss_val: 0.02937 viol_train: 0.01026 viol_val: 0.01276
epoch: 00300 loss_train: 0.02406 loss_val: 0.02662 viol_train: 0.01074 viol_val: 0.01319
epoch: 00350 loss_train: 0.02172 loss_val: 0.02394 viol_train: 0.00910 viol_val: 0.01137
epoch: 00400 loss_train: 0.01915 loss_val: 0.02101 viol_train: 0.00844 viol_val: 0.00923
epoch: 00450 loss_train: 0.01707 loss_val: 0.01747 viol_train: 0.00556 viol_val: 0.00686
epoch: 00500 loss_train: 0.01397 loss_val: 0.01523 viol_train: 0.00405 viol_val: 0.00482
epoch: 00550 loss_train: 0.01198 loss_val: 0.01211 viol_train: 0.00278 viol_val: 0.00307
epoch: 00600 loss_train: 0.01025 loss_val: 0.01091 viol_train: 0.00209 viol_val: 0.00189
epoch: 00650 loss_train: 0.00884 loss_val: 0.00953 viol_train: 0.00200 viol_val: 0.00179
epoch: 00700 loss_train: 0.00793 loss_val: 0.00855 viol_train: 0.00221 viol_val: 0.00203
epoch: 00750 loss_train: 0.00687 loss_val: 0.00725 viol_train: 0.00216 viol_val: 0.00207
epoch: 00800 loss_train: 0.00611 loss_val: 0.00647 viol_train: 0.00210 viol_val: 0.00193
epoch: 00850 loss_train: 0.00546 loss_val: 0.00600 viol_train: 0.00155 viol_val: 0.00133
epoch: 00900 loss_train: 0.00503 loss_val: 0.00554 viol_train: 0.00131 viol_val: 0.00096
epoch: 00950 loss_train: 0.00469 loss_val: 0.00504 viol_train: 0.00108 viol_val: 0.00072
epoch: 01000 loss_train: 0.00443 loss_val: 0.00476 viol_train: 0.00104 viol_val: 0.00064
Training Finished!
