Scaler Factors: [800.           0.9936625    1.987325     1.81292375]
Scaler saved at /home/f25moham/CSTR/nonlinear/total/pieces/Reduced_T/segments/segments2/heaviside/heaviside2/scaler.pkl
Scaled dataset saved at /home/f25moham/CSTR/nonlinear/total/pieces/Reduced_T/segments/segments2/heaviside/heaviside2/scaled_data.csv
Scaler Factors outside function: [800.           0.9936625    1.987325     1.81292375]
Scaler loaded successfully.
Scaler Type: <class 'sklearn.preprocessing._data.MaxAbsScaler'>
Scaler Factors (scale_): [800.           0.9936625    1.987325     1.81292375]
Namespace(model='KKThPINN', model_id='uniform_S90_r0', input_dim=1, hidden_dim=32, hidden_num=2, z0_dim=3, optimizer='adam', epochs=1000, batch_size=16, lr=0.0001, mu=1, max_subiter=500, eta=0.8, sigma=2, mu_safe=1000000000.0, dtype=64, dataset_type='cstr', dataset_path='data.csv', val_ratio=0.2, job='train', runs=1, run=0)
Scaler Factors: [800.           0.9936625    1.987325     1.81292375]
Scaler saved at /home/f25moham/CSTR/nonlinear/total/pieces/Reduced_T/segments/segments2/heaviside/heaviside2/scaler.pkl
Scaled dataset saved at /home/f25moham/CSTR/nonlinear/total/pieces/Reduced_T/segments/segments2/heaviside/heaviside2/scaled_data.csv
train set size: 90, val set size: 30, test set size: 30
Dtypes after casting:
[torch.float64, torch.float64, torch.float64, torch.float64, torch.float64, torch.float64, torch.float64, torch.float64, torch.float64, torch.float64, torch.float64, torch.float64, torch.float64, torch.float64, torch.float64, torch.float64, torch.float64, torch.float64, torch.float64, torch.float64, torch.float64, torch.float64, torch.float64, torch.float64, torch.float64, torch.float64, torch.float64, torch.float64, torch.float64, torch.float64, torch.float64, torch.float64, torch.float64, torch.float64, torch.float64, torch.float64, torch.float64, torch.float64, torch.float64, torch.float64, torch.float64, torch.float64, torch.float64, torch.float64, torch.float64, torch.float64, torch.float64, torch.float64, torch.float64, torch.float64, torch.float64, torch.float64, torch.float64, torch.float64, torch.float64, torch.float64, torch.float64, torch.float64, torch.float64, torch.float64, torch.float64, torch.float64, torch.float64, torch.float64, torch.float64, torch.float64, torch.float64, torch.float64, torch.float64, torch.float64, torch.float64, torch.float64, torch.float64, torch.float64, torch.float64, torch.float64, torch.float64, torch.float64, torch.float64, torch.float64, torch.float64, torch.float64, torch.float64, torch.float64, torch.float64, torch.float64, torch.float64, torch.float64, torch.float64, torch.float64]
[torch.float64, torch.float64, torch.float64, torch.float64, torch.float64, torch.float64, torch.float64, torch.float64, torch.float64, torch.float64, torch.float64, torch.float64, torch.float64, torch.float64, torch.float64, torch.float64, torch.float64, torch.float64, torch.float64, torch.float64, torch.float64, torch.float64, torch.float64, torch.float64, torch.float64, torch.float64, torch.float64, torch.float64, torch.float64, torch.float64, torch.float64, torch.float64, torch.float64, torch.float64, torch.float64, torch.float64, torch.float64, torch.float64, torch.float64, torch.float64, torch.float64, torch.float64, torch.float64, torch.float64, torch.float64, torch.float64, torch.float64, torch.float64, torch.float64, torch.float64, torch.float64, torch.float64, torch.float64, torch.float64, torch.float64, torch.float64, torch.float64, torch.float64, torch.float64, torch.float64, torch.float64, torch.float64, torch.float64, torch.float64, torch.float64, torch.float64, torch.float64, torch.float64, torch.float64, torch.float64, torch.float64, torch.float64, torch.float64, torch.float64, torch.float64, torch.float64, torch.float64, torch.float64, torch.float64, torch.float64, torch.float64, torch.float64, torch.float64, torch.float64, torch.float64, torch.float64, torch.float64, torch.float64, torch.float64, torch.float64]
[torch.float64, torch.float64, torch.float64, torch.float64, torch.float64, torch.float64, torch.float64, torch.float64, torch.float64, torch.float64, torch.float64, torch.float64, torch.float64, torch.float64, torch.float64, torch.float64, torch.float64, torch.float64, torch.float64, torch.float64, torch.float64, torch.float64, torch.float64, torch.float64, torch.float64, torch.float64, torch.float64, torch.float64, torch.float64, torch.float64, torch.float64, torch.float64, torch.float64, torch.float64, torch.float64, torch.float64, torch.float64, torch.float64, torch.float64, torch.float64, torch.float64, torch.float64, torch.float64, torch.float64, torch.float64, torch.float64, torch.float64, torch.float64, torch.float64, torch.float64, torch.float64, torch.float64, torch.float64, torch.float64, torch.float64, torch.float64, torch.float64, torch.float64, torch.float64, torch.float64, torch.float64, torch.float64, torch.float64, torch.float64, torch.float64, torch.float64, torch.float64, torch.float64, torch.float64, torch.float64, torch.float64, torch.float64, torch.float64, torch.float64, torch.float64, torch.float64, torch.float64, torch.float64, torch.float64, torch.float64, torch.float64, torch.float64, torch.float64, torch.float64, torch.float64, torch.float64, torch.float64, torch.float64, torch.float64, torch.float64]
Start Training…
epoch: 00050 loss_train: 0.11053 loss_val: 0.12926 viol_train: 0.03099 viol_val: 0.04260
epoch: 00100 loss_train: 0.05131 loss_val: 0.05989 viol_train: 0.00552 viol_val: 0.00740
epoch: 00150 loss_train: 0.03792 loss_val: 0.04231 viol_train: 0.00302 viol_val: 0.00405
epoch: 00200 loss_train: 0.03356 loss_val: 0.03690 viol_train: 0.01031 viol_val: 0.01480
epoch: 00250 loss_train: 0.03195 loss_val: 0.03461 viol_train: 0.01309 viol_val: 0.01749
epoch: 00300 loss_train: 0.02858 loss_val: 0.03090 viol_train: 0.01215 viol_val: 0.01604
epoch: 00350 loss_train: 0.02548 loss_val: 0.02791 viol_train: 0.01095 viol_val: 0.01443
epoch: 00400 loss_train: 0.02282 loss_val: 0.02550 viol_train: 0.00791 viol_val: 0.01082
epoch: 00450 loss_train: 0.02005 loss_val: 0.02112 viol_train: 0.00613 viol_val: 0.00779
epoch: 00500 loss_train: 0.01723 loss_val: 0.01865 viol_train: 0.00384 viol_val: 0.00526
epoch: 00550 loss_train: 0.01438 loss_val: 0.01533 viol_train: 0.00171 viol_val: 0.00246
epoch: 00600 loss_train: 0.01273 loss_val: 0.01282 viol_train: 0.00081 viol_val: 0.00113
epoch: 00650 loss_train: 0.01024 loss_val: 0.01046 viol_train: 0.00031 viol_val: 0.00035
epoch: 00700 loss_train: 0.00898 loss_val: 0.00937 viol_train: 0.00053 viol_val: 0.00057
epoch: 00750 loss_train: 0.00782 loss_val: 0.00827 viol_train: 0.00071 viol_val: 0.00072
epoch: 00800 loss_train: 0.00698 loss_val: 0.00713 viol_train: 0.00034 viol_val: 0.00037
epoch: 00850 loss_train: 0.00592 loss_val: 0.00650 viol_train: 0.00058 viol_val: 0.00058
epoch: 00900 loss_train: 0.00549 loss_val: 0.00575 viol_train: 0.00080 viol_val: 0.00096
epoch: 00950 loss_train: 0.00494 loss_val: 0.00530 viol_train: 0.00122 viol_val: 0.00140
epoch: 01000 loss_train: 0.00460 loss_val: 0.00500 viol_train: 0.00170 viol_val: 0.00178
Training Finished!
