Scaler Factors: [800.           0.9936625    1.987325     1.81292375]
Scaler saved at /home/f25moham/CSTR/nonlinear/total/pieces/Reduced_T/segments/segments2/heaviside/heaviside2/scaler.pkl
Scaled dataset saved at /home/f25moham/CSTR/nonlinear/total/pieces/Reduced_T/segments/segments2/heaviside/heaviside2/scaled_data.csv
Scaler Factors outside function: [800.           0.9936625    1.987325     1.81292375]
Scaler loaded successfully.
Scaler Type: <class 'sklearn.preprocessing._data.MaxAbsScaler'>
Scaler Factors (scale_): [800.           0.9936625    1.987325     1.81292375]
Namespace(model='KKThPINN', model_id='adaptive_S7_r4', input_dim=1, hidden_dim=32, hidden_num=2, z0_dim=3, optimizer='adam', epochs=1000, batch_size=16, lr=0.0001, mu=1, max_subiter=500, eta=0.8, sigma=2, mu_safe=1000000000.0, dtype=64, dataset_type='cstr', dataset_path='data.csv', val_ratio=0.2, job='train', runs=1, run=0)
Scaler Factors: [800.           0.9936625    1.987325     1.81292375]
Scaler saved at /home/f25moham/CSTR/nonlinear/total/pieces/Reduced_T/segments/segments2/heaviside/heaviside2/scaler.pkl
Scaled dataset saved at /home/f25moham/CSTR/nonlinear/total/pieces/Reduced_T/segments/segments2/heaviside/heaviside2/scaled_data.csv
train set size: 90, val set size: 30, test set size: 30
Dtypes after casting:
[torch.float64, torch.float64, torch.float64, torch.float64, torch.float64, torch.float64, torch.float64]
[torch.float64, torch.float64, torch.float64, torch.float64, torch.float64, torch.float64, torch.float64]
[torch.float64, torch.float64, torch.float64, torch.float64, torch.float64, torch.float64, torch.float64]
Start Training…
epoch: 00050 loss_train: 0.12457 loss_val: 0.14352 viol_train: 0.05102 viol_val: 0.07040
epoch: 00100 loss_train: 0.04759 loss_val: 0.05606 viol_train: 0.00220 viol_val: 0.00224
epoch: 00150 loss_train: 0.04058 loss_val: 0.04696 viol_train: 0.00239 viol_val: 0.00255
epoch: 00200 loss_train: 0.03717 loss_val: 0.04298 viol_train: 0.00432 viol_val: 0.00533
epoch: 00250 loss_train: 0.03532 loss_val: 0.03973 viol_train: 0.00551 viol_val: 0.00713
epoch: 00300 loss_train: 0.03273 loss_val: 0.03638 viol_train: 0.00611 viol_val: 0.00759
epoch: 00350 loss_train: 0.02996 loss_val: 0.03386 viol_train: 0.00629 viol_val: 0.00801
epoch: 00400 loss_train: 0.02797 loss_val: 0.03047 viol_train: 0.00655 viol_val: 0.00828
epoch: 00450 loss_train: 0.02438 loss_val: 0.02638 viol_train: 0.00704 viol_val: 0.00856
epoch: 00500 loss_train: 0.02183 loss_val: 0.02305 viol_train: 0.00673 viol_val: 0.00811
epoch: 00550 loss_train: 0.01792 loss_val: 0.01933 viol_train: 0.00553 viol_val: 0.00692
epoch: 00600 loss_train: 0.01511 loss_val: 0.01611 viol_train: 0.00431 viol_val: 0.00531
epoch: 00650 loss_train: 0.01285 loss_val: 0.01301 viol_train: 0.00312 viol_val: 0.00361
epoch: 00700 loss_train: 0.01035 loss_val: 0.01110 viol_train: 0.00172 viol_val: 0.00164
epoch: 00750 loss_train: 0.00893 loss_val: 0.00976 viol_train: 0.00141 viol_val: 0.00115
epoch: 00800 loss_train: 0.00808 loss_val: 0.00836 viol_train: 0.00138 viol_val: 0.00113
epoch: 00850 loss_train: 0.00715 loss_val: 0.00780 viol_train: 0.00135 viol_val: 0.00120
epoch: 00900 loss_train: 0.00669 loss_val: 0.00710 viol_train: 0.00134 viol_val: 0.00117
epoch: 00950 loss_train: 0.00627 loss_val: 0.00693 viol_train: 0.00143 viol_val: 0.00118
epoch: 01000 loss_train: 0.00619 loss_val: 0.00663 viol_train: 0.00148 viol_val: 0.00124
Training Finished!
