Scaler Factors: [800.           0.9936625    1.987325     1.81292375]
Scaler saved at /home/f25moham/CSTR/nonlinear/total/pieces/Reduced_T/segments/segments2/heaviside/heaviside2/scaler.pkl
Scaled dataset saved at /home/f25moham/CSTR/nonlinear/total/pieces/Reduced_T/segments/segments2/heaviside/heaviside2/scaled_data.csv
Scaler Factors outside function: [800.           0.9936625    1.987325     1.81292375]
Scaler loaded successfully.
Scaler Type: <class 'sklearn.preprocessing._data.MaxAbsScaler'>
Scaler Factors (scale_): [800.           0.9936625    1.987325     1.81292375]
Namespace(model='KKThPINN', model_id='uniform_S7_r7', input_dim=1, hidden_dim=32, hidden_num=2, z0_dim=3, optimizer='adam', epochs=1000, batch_size=16, lr=0.0001, mu=1, max_subiter=500, eta=0.8, sigma=2, mu_safe=1000000000.0, dtype=64, dataset_type='cstr', dataset_path='data.csv', val_ratio=0.2, job='train', runs=1, run=0)
Scaler Factors: [800.           0.9936625    1.987325     1.81292375]
Scaler saved at /home/f25moham/CSTR/nonlinear/total/pieces/Reduced_T/segments/segments2/heaviside/heaviside2/scaler.pkl
Scaled dataset saved at /home/f25moham/CSTR/nonlinear/total/pieces/Reduced_T/segments/segments2/heaviside/heaviside2/scaled_data.csv
train set size: 90, val set size: 30, test set size: 30
Dtypes after casting:
[torch.float64, torch.float64, torch.float64, torch.float64, torch.float64, torch.float64, torch.float64]
[torch.float64, torch.float64, torch.float64, torch.float64, torch.float64, torch.float64, torch.float64]
[torch.float64, torch.float64, torch.float64, torch.float64, torch.float64, torch.float64, torch.float64]
Start Training…
epoch: 00050 loss_train: 0.10230 loss_val: 0.12010 viol_train: 0.29988 viol_val: 0.41887
epoch: 00100 loss_train: 0.05529 loss_val: 0.06460 viol_train: 0.05794 viol_val: 0.06902
epoch: 00150 loss_train: 0.03679 loss_val: 0.04311 viol_train: 0.00224 viol_val: 0.00270
epoch: 00200 loss_train: 0.03268 loss_val: 0.03542 viol_train: 0.01513 viol_val: 0.01880
epoch: 00250 loss_train: 0.02951 loss_val: 0.03146 viol_train: 0.01813 viol_val: 0.02412
epoch: 00300 loss_train: 0.02553 loss_val: 0.02807 viol_train: 0.01792 viol_val: 0.02451
epoch: 00350 loss_train: 0.02418 loss_val: 0.02503 viol_train: 0.01412 viol_val: 0.01995
epoch: 00400 loss_train: 0.02026 loss_val: 0.02116 viol_train: 0.01270 viol_val: 0.01690
epoch: 00450 loss_train: 0.01753 loss_val: 0.01807 viol_train: 0.00950 viol_val: 0.01310
epoch: 00500 loss_train: 0.01474 loss_val: 0.01596 viol_train: 0.00748 viol_val: 0.01007
epoch: 00550 loss_train: 0.01300 loss_val: 0.01351 viol_train: 0.00474 viol_val: 0.00645
epoch: 00600 loss_train: 0.01177 loss_val: 0.01143 viol_train: 0.00345 viol_val: 0.00435
epoch: 00650 loss_train: 0.00965 loss_val: 0.00993 viol_train: 0.00275 viol_val: 0.00365
epoch: 00700 loss_train: 0.00835 loss_val: 0.00843 viol_train: 0.00232 viol_val: 0.00296
epoch: 00750 loss_train: 0.00713 loss_val: 0.00717 viol_train: 0.00220 viol_val: 0.00280
epoch: 00800 loss_train: 0.00611 loss_val: 0.00646 viol_train: 0.00222 viol_val: 0.00266
epoch: 00850 loss_train: 0.00541 loss_val: 0.00564 viol_train: 0.00190 viol_val: 0.00256
epoch: 00900 loss_train: 0.00474 loss_val: 0.00504 viol_train: 0.00177 viol_val: 0.00222
epoch: 00950 loss_train: 0.00417 loss_val: 0.00427 viol_train: 0.00179 viol_val: 0.00217
epoch: 01000 loss_train: 0.00379 loss_val: 0.00376 viol_train: 0.00175 viol_val: 0.00217
Training Finished!
