Scaler Factors: [800.           0.9936625    1.987325     1.81292375]
Scaler saved at /home/f25moham/CSTR/nonlinear/total/pieces/Reduced_T/segments/segments2/heaviside/heaviside2/scaler.pkl
Scaled dataset saved at /home/f25moham/CSTR/nonlinear/total/pieces/Reduced_T/segments/segments2/heaviside/heaviside2/scaled_data.csv
Scaler Factors outside function: [800.           0.9936625    1.987325     1.81292375]
Scaler loaded successfully.
Scaler Type: <class 'sklearn.preprocessing._data.MaxAbsScaler'>
Scaler Factors (scale_): [800.           0.9936625    1.987325     1.81292375]
Namespace(model='KKThPINN', model_id='uniform_S1_r4', input_dim=1, hidden_dim=32, hidden_num=2, z0_dim=3, optimizer='adam', epochs=1000, batch_size=16, lr=0.0001, mu=1, max_subiter=500, eta=0.8, sigma=2, mu_safe=1000000000.0, dtype=64, dataset_type='cstr', dataset_path='data.csv', val_ratio=0.2, job='train', runs=1, run=0)
Scaler Factors: [800.           0.9936625    1.987325     1.81292375]
Scaler saved at /home/f25moham/CSTR/nonlinear/total/pieces/Reduced_T/segments/segments2/heaviside/heaviside2/scaler.pkl
Scaled dataset saved at /home/f25moham/CSTR/nonlinear/total/pieces/Reduced_T/segments/segments2/heaviside/heaviside2/scaled_data.csv
train set size: 90, val set size: 30, test set size: 30
Dtypes after casting:
[torch.float64]
[torch.float64]
[torch.float64]
Start Training…
epoch: 00050 loss_train: 0.06007 loss_val: 0.06813 viol_train: 0.50905 viol_val: 0.67924
epoch: 00100 loss_train: 0.05898 loss_val: 0.06113 viol_train: 0.49160 viol_val: 0.68430
epoch: 00150 loss_train: 0.05745 loss_val: 0.05847 viol_train: 0.48589 viol_val: 0.71318
epoch: 00200 loss_train: 0.05376 loss_val: 0.05675 viol_train: 0.57080 viol_val: 0.68528
epoch: 00250 loss_train: 0.05315 loss_val: 0.05495 viol_train: 0.53067 viol_val: 0.69736
epoch: 00300 loss_train: 0.04950 loss_val: 0.05417 viol_train: 0.48570 viol_val: 0.64380
epoch: 00350 loss_train: 0.05139 loss_val: 0.05185 viol_train: 0.48726 viol_val: 0.68483
epoch: 00400 loss_train: 0.04589 loss_val: 0.04809 viol_train: 0.47477 viol_val: 0.67102
epoch: 00450 loss_train: 0.04403 loss_val: 0.04626 viol_train: 0.46671 viol_val: 0.64817
epoch: 00500 loss_train: 0.03925 loss_val: 0.04114 viol_train: 0.49680 viol_val: 0.62754
epoch: 00550 loss_train: 0.03769 loss_val: 0.03841 viol_train: 0.46848 viol_val: 0.65308
epoch: 00600 loss_train: 0.03448 loss_val: 0.03555 viol_train: 0.46126 viol_val: 0.64307
epoch: 00650 loss_train: 0.03290 loss_val: 0.03190 viol_train: 0.44019 viol_val: 0.63558
epoch: 00700 loss_train: 0.02961 loss_val: 0.02973 viol_train: 0.44209 viol_val: 0.60124
epoch: 00750 loss_train: 0.02825 loss_val: 0.02802 viol_train: 0.45557 viol_val: 0.61838
epoch: 00800 loss_train: 0.02732 loss_val: 0.02673 viol_train: 0.43351 viol_val: 0.60741
epoch: 00850 loss_train: 0.02577 loss_val: 0.02566 viol_train: 0.44747 viol_val: 0.61323
epoch: 00900 loss_train: 0.02417 loss_val: 0.02482 viol_train: 0.45653 viol_val: 0.62117
epoch: 00950 loss_train: 0.02333 loss_val: 0.02458 viol_train: 0.43056 viol_val: 0.59047
epoch: 01000 loss_train: 0.02387 loss_val: 0.02318 viol_train: 0.45425 viol_val: 0.62549
Training Finished!
