Scaler Factors: [800.           0.9936625    1.987325     1.81292375]
Scaler saved at /home/f25moham/CSTR/nonlinear/total/pieces/Reduced_T/segments/segments2/heaviside/heaviside2/scaler.pkl
Scaled dataset saved at /home/f25moham/CSTR/nonlinear/total/pieces/Reduced_T/segments/segments2/heaviside/heaviside2/scaled_data.csv
Scaler Factors outside function: [800.           0.9936625    1.987325     1.81292375]
Scaler loaded successfully.
Scaler Type: <class 'sklearn.preprocessing._data.MaxAbsScaler'>
Scaler Factors (scale_): [800.           0.9936625    1.987325     1.81292375]
Namespace(model='KKThPINN', model_id='adaptive_S1_r0', input_dim=1, hidden_dim=32, hidden_num=2, z0_dim=3, optimizer='adam', epochs=1000, batch_size=16, lr=0.0001, mu=1, max_subiter=500, eta=0.8, sigma=2, mu_safe=1000000000.0, dtype=64, dataset_type='cstr', dataset_path='data.csv', val_ratio=0.2, job='train', runs=1, run=0)
Scaler Factors: [800.           0.9936625    1.987325     1.81292375]
Scaler saved at /home/f25moham/CSTR/nonlinear/total/pieces/Reduced_T/segments/segments2/heaviside/heaviside2/scaler.pkl
Scaled dataset saved at /home/f25moham/CSTR/nonlinear/total/pieces/Reduced_T/segments/segments2/heaviside/heaviside2/scaled_data.csv
train set size: 90, val set size: 30, test set size: 30
Dtypes after casting:
[torch.float64]
[torch.float64]
[torch.float64]
Start Training…
epoch: 00050 loss_train: 0.08397 loss_val: 0.09336 viol_train: 0.54823 viol_val: 0.65980
epoch: 00100 loss_train: 0.05168 loss_val: 0.05393 viol_train: 0.46502 viol_val: 0.67162
epoch: 00150 loss_train: 0.04638 loss_val: 0.04982 viol_train: 0.53094 viol_val: 0.67019
epoch: 00200 loss_train: 0.04385 loss_val: 0.04623 viol_train: 0.47600 viol_val: 0.68050
epoch: 00250 loss_train: 0.04117 loss_val: 0.04325 viol_train: 0.47586 viol_val: 0.61096
epoch: 00300 loss_train: 0.03822 loss_val: 0.04044 viol_train: 0.48837 viol_val: 0.60094
epoch: 00350 loss_train: 0.03488 loss_val: 0.03493 viol_train: 0.51556 viol_val: 0.63364
epoch: 00400 loss_train: 0.03259 loss_val: 0.03264 viol_train: 0.43833 viol_val: 0.60992
epoch: 00450 loss_train: 0.03122 loss_val: 0.02948 viol_train: 0.44193 viol_val: 0.61772
epoch: 00500 loss_train: 0.02864 loss_val: 0.02878 viol_train: 0.45263 viol_val: 0.58296
epoch: 00550 loss_train: 0.02714 loss_val: 0.02629 viol_train: 0.48505 viol_val: 0.64311
epoch: 00600 loss_train: 0.02706 loss_val: 0.02609 viol_train: 0.42834 viol_val: 0.61948
epoch: 00650 loss_train: 0.02533 loss_val: 0.02461 viol_train: 0.43084 viol_val: 0.58911
epoch: 00700 loss_train: 0.02439 loss_val: 0.02426 viol_train: 0.42803 viol_val: 0.59935
epoch: 00750 loss_train: 0.02435 loss_val: 0.02444 viol_train: 0.45473 viol_val: 0.61669
epoch: 00800 loss_train: 0.02349 loss_val: 0.02270 viol_train: 0.45693 viol_val: 0.61008
epoch: 00850 loss_train: 0.02243 loss_val: 0.02232 viol_train: 0.43370 viol_val: 0.60727
epoch: 00900 loss_train: 0.02319 loss_val: 0.02204 viol_train: 0.47030 viol_val: 0.60350
epoch: 00950 loss_train: 0.02214 loss_val: 0.02171 viol_train: 0.49690 viol_val: 0.64113
epoch: 01000 loss_train: 0.02123 loss_val: 0.02222 viol_train: 0.47871 viol_val: 0.60908
Training Finished!
