Scaler Factors: [800.           0.9936625    1.987325     1.81292375]
Scaler saved at /home/f25moham/CSTR/nonlinear/total/pieces/Reduced_T/segments/segments2/heaviside/heaviside2/scaler.pkl
Scaled dataset saved at /home/f25moham/CSTR/nonlinear/total/pieces/Reduced_T/segments/segments2/heaviside/heaviside2/scaled_data.csv
Scaler Factors outside function: [800.           0.9936625    1.987325     1.81292375]
Scaler loaded successfully.
Scaler Type: <class 'sklearn.preprocessing._data.MaxAbsScaler'>
Scaler Factors (scale_): [800.           0.9936625    1.987325     1.81292375]
Namespace(model='KKThPINN', model_id='uniform_S2_r5', input_dim=1, hidden_dim=32, hidden_num=2, z0_dim=3, optimizer='adam', epochs=1000, batch_size=16, lr=0.0001, mu=1, max_subiter=500, eta=0.8, sigma=2, mu_safe=1000000000.0, dtype=64, dataset_type='cstr', dataset_path='data.csv', val_ratio=0.2, job='train', runs=1, run=0)
Scaler Factors: [800.           0.9936625    1.987325     1.81292375]
Scaler saved at /home/f25moham/CSTR/nonlinear/total/pieces/Reduced_T/segments/segments2/heaviside/heaviside2/scaler.pkl
Scaled dataset saved at /home/f25moham/CSTR/nonlinear/total/pieces/Reduced_T/segments/segments2/heaviside/heaviside2/scaled_data.csv
train set size: 90, val set size: 30, test set size: 30
Dtypes after casting:
[torch.float64, torch.float64]
[torch.float64, torch.float64]
[torch.float64, torch.float64]
Start Training…
epoch: 00050 loss_train: 0.16378 loss_val: 0.18373 viol_train: 0.07481 viol_val: 0.09025
epoch: 00100 loss_train: 0.07377 loss_val: 0.08478 viol_train: 0.04493 viol_val: 0.04760
epoch: 00150 loss_train: 0.03958 loss_val: 0.04446 viol_train: 0.03424 viol_val: 0.03796
epoch: 00200 loss_train: 0.03598 loss_val: 0.03960 viol_train: 0.03303 viol_val: 0.04110
epoch: 00250 loss_train: 0.03205 loss_val: 0.03491 viol_train: 0.03416 viol_val: 0.04106
epoch: 00300 loss_train: 0.03000 loss_val: 0.03114 viol_train: 0.03439 viol_val: 0.04162
epoch: 00350 loss_train: 0.02544 loss_val: 0.02743 viol_train: 0.03512 viol_val: 0.03963
epoch: 00400 loss_train: 0.02346 loss_val: 0.02349 viol_train: 0.03397 viol_val: 0.04079
epoch: 00450 loss_train: 0.01957 loss_val: 0.02029 viol_train: 0.03580 viol_val: 0.04024
epoch: 00500 loss_train: 0.01573 loss_val: 0.01668 viol_train: 0.03850 viol_val: 0.03928
epoch: 00550 loss_train: 0.01395 loss_val: 0.01419 viol_train: 0.03275 viol_val: 0.04015
epoch: 00600 loss_train: 0.01175 loss_val: 0.01205 viol_train: 0.03555 viol_val: 0.04089
epoch: 00650 loss_train: 0.01094 loss_val: 0.01036 viol_train: 0.03280 viol_val: 0.03778
epoch: 00700 loss_train: 0.00944 loss_val: 0.00915 viol_train: 0.03274 viol_val: 0.04126
epoch: 00750 loss_train: 0.00796 loss_val: 0.00798 viol_train: 0.03438 viol_val: 0.03833
epoch: 00800 loss_train: 0.00718 loss_val: 0.00720 viol_train: 0.03379 viol_val: 0.04042
epoch: 00850 loss_train: 0.00622 loss_val: 0.00638 viol_train: 0.03561 viol_val: 0.03909
epoch: 00900 loss_train: 0.00590 loss_val: 0.00573 viol_train: 0.03304 viol_val: 0.04097
epoch: 00950 loss_train: 0.00563 loss_val: 0.00501 viol_train: 0.03357 viol_val: 0.03987
epoch: 01000 loss_train: 0.00549 loss_val: 0.00467 viol_train: 0.03359 viol_val: 0.04021
Training Finished!
