Scaler Factors: [800.           0.9936625    1.987325     1.81292375]
Scaler saved at /home/f25moham/CSTR/nonlinear/total/pieces/Reduced_T/segments/segments2/heaviside/heaviside2/scaler.pkl
Scaled dataset saved at /home/f25moham/CSTR/nonlinear/total/pieces/Reduced_T/segments/segments2/heaviside/heaviside2/scaled_data.csv
Scaler Factors outside function: [800.           0.9936625    1.987325     1.81292375]
Scaler loaded successfully.
Scaler Type: <class 'sklearn.preprocessing._data.MaxAbsScaler'>
Scaler Factors (scale_): [800.           0.9936625    1.987325     1.81292375]
Namespace(model='KKThPINN', model_id='adaptive_S2', input_dim=1, hidden_dim=32, hidden_num=2, z0_dim=3, optimizer='adam', epochs=1000, batch_size=16, lr=0.0001, mu=1, max_subiter=500, eta=0.8, sigma=2, mu_safe=1000000000.0, dtype=64, dataset_type='cstr', dataset_path='data.csv', val_ratio=0.2, job='train', runs=1, run=0)
Scaler Factors: [800.           0.9936625    1.987325     1.81292375]
Scaler saved at /home/f25moham/CSTR/nonlinear/total/pieces/Reduced_T/segments/segments2/heaviside/heaviside2/scaler.pkl
Scaled dataset saved at /home/f25moham/CSTR/nonlinear/total/pieces/Reduced_T/segments/segments2/heaviside/heaviside2/scaled_data.csv
train set size: 90, val set size: 30, test set size: 30
Dtypes after casting:
[torch.float64, torch.float64]
[torch.float64, torch.float64]
[torch.float64, torch.float64]
Start Training…
epoch: 00050 loss_train: 0.04039 loss_val: 0.04615 viol_train: 0.05320 viol_val: 0.06806
epoch: 00100 loss_train: 0.03726 loss_val: 0.03961 viol_train: 0.03822 viol_val: 0.04793
epoch: 00150 loss_train: 0.03504 loss_val: 0.03655 viol_train: 0.03318 viol_val: 0.04004
epoch: 00200 loss_train: 0.03354 loss_val: 0.03620 viol_train: 0.03222 viol_val: 0.04030
epoch: 00250 loss_train: 0.03212 loss_val: 0.03273 viol_train: 0.03695 viol_val: 0.04161
epoch: 00300 loss_train: 0.02955 loss_val: 0.03159 viol_train: 0.03459 viol_val: 0.04184
epoch: 00350 loss_train: 0.02899 loss_val: 0.02954 viol_train: 0.03439 viol_val: 0.03979
epoch: 00400 loss_train: 0.02494 loss_val: 0.02633 viol_train: 0.03557 viol_val: 0.04247
epoch: 00450 loss_train: 0.02218 loss_val: 0.02237 viol_train: 0.03855 viol_val: 0.04365
epoch: 00500 loss_train: 0.01942 loss_val: 0.02006 viol_train: 0.03728 viol_val: 0.04454
epoch: 00550 loss_train: 0.01716 loss_val: 0.01705 viol_train: 0.03563 viol_val: 0.04428
epoch: 00600 loss_train: 0.01492 loss_val: 0.01480 viol_train: 0.03601 viol_val: 0.04513
epoch: 00650 loss_train: 0.01285 loss_val: 0.01269 viol_train: 0.03519 viol_val: 0.04405
epoch: 00700 loss_train: 0.01126 loss_val: 0.01089 viol_train: 0.03552 viol_val: 0.04344
epoch: 00750 loss_train: 0.00993 loss_val: 0.01023 viol_train: 0.03421 viol_val: 0.04255
epoch: 00800 loss_train: 0.00893 loss_val: 0.00903 viol_train: 0.03836 viol_val: 0.03950
epoch: 00850 loss_train: 0.00850 loss_val: 0.00811 viol_train: 0.03417 viol_val: 0.04088
epoch: 00900 loss_train: 0.00776 loss_val: 0.00781 viol_train: 0.03418 viol_val: 0.03979
epoch: 00950 loss_train: 0.00729 loss_val: 0.00700 viol_train: 0.03388 viol_val: 0.03897
epoch: 01000 loss_train: 0.00749 loss_val: 0.00695 viol_train: 0.03402 viol_val: 0.03911
Training Finished!
