Scaler Factors: [800.           0.9936625    1.987325     1.81292375]
Scaler saved at /home/f25moham/CSTR/nonlinear/total/pieces/Reduced_T/segments/segments2/heaviside/heaviside2/scaler.pkl
Scaled dataset saved at /home/f25moham/CSTR/nonlinear/total/pieces/Reduced_T/segments/segments2/heaviside/heaviside2/scaled_data.csv
Scaler Factors outside function: [800.           0.9936625    1.987325     1.81292375]
Scaler loaded successfully.
Scaler Type: <class 'sklearn.preprocessing._data.MaxAbsScaler'>
Scaler Factors (scale_): [800.           0.9936625    1.987325     1.81292375]
Namespace(model='KKThPINN', model_id='adaptive_S5_r6', input_dim=1, hidden_dim=32, hidden_num=2, z0_dim=3, optimizer='adam', epochs=1000, batch_size=16, lr=0.0001, mu=1, max_subiter=500, eta=0.8, sigma=2, mu_safe=1000000000.0, dtype=64, dataset_type='cstr', dataset_path='data.csv', val_ratio=0.2, job='train', runs=1, run=0)
Scaler Factors: [800.           0.9936625    1.987325     1.81292375]
Scaler saved at /home/f25moham/CSTR/nonlinear/total/pieces/Reduced_T/segments/segments2/heaviside/heaviside2/scaler.pkl
Scaled dataset saved at /home/f25moham/CSTR/nonlinear/total/pieces/Reduced_T/segments/segments2/heaviside/heaviside2/scaled_data.csv
train set size: 90, val set size: 30, test set size: 30
Dtypes after casting:
[torch.float64, torch.float64, torch.float64, torch.float64, torch.float64]
[torch.float64, torch.float64, torch.float64, torch.float64, torch.float64]
[torch.float64, torch.float64, torch.float64, torch.float64, torch.float64]
Start Training…
epoch: 00050 loss_train: 0.10354 loss_val: 0.10983 viol_train: 0.01360 viol_val: 0.01604
epoch: 00100 loss_train: 0.04466 loss_val: 0.04713 viol_train: 0.00335 viol_val: 0.00332
epoch: 00150 loss_train: 0.03427 loss_val: 0.03847 viol_train: 0.00529 viol_val: 0.00566
epoch: 00200 loss_train: 0.03230 loss_val: 0.03573 viol_train: 0.00874 viol_val: 0.01019
epoch: 00250 loss_train: 0.03209 loss_val: 0.03485 viol_train: 0.01041 viol_val: 0.01268
epoch: 00300 loss_train: 0.02941 loss_val: 0.03334 viol_train: 0.01045 viol_val: 0.01285
epoch: 00350 loss_train: 0.02783 loss_val: 0.03214 viol_train: 0.01198 viol_val: 0.01455
epoch: 00400 loss_train: 0.02621 loss_val: 0.02880 viol_train: 0.01135 viol_val: 0.01452
epoch: 00450 loss_train: 0.02512 loss_val: 0.02787 viol_train: 0.01183 viol_val: 0.01466
epoch: 00500 loss_train: 0.02453 loss_val: 0.02644 viol_train: 0.01141 viol_val: 0.01345
epoch: 00550 loss_train: 0.02227 loss_val: 0.02418 viol_train: 0.01037 viol_val: 0.01315
epoch: 00600 loss_train: 0.02093 loss_val: 0.02174 viol_train: 0.00884 viol_val: 0.01069
epoch: 00650 loss_train: 0.01914 loss_val: 0.02024 viol_train: 0.00801 viol_val: 0.00937
epoch: 00700 loss_train: 0.01690 loss_val: 0.01784 viol_train: 0.00720 viol_val: 0.00736
epoch: 00750 loss_train: 0.01490 loss_val: 0.01606 viol_train: 0.00488 viol_val: 0.00527
epoch: 00800 loss_train: 0.01349 loss_val: 0.01424 viol_train: 0.00433 viol_val: 0.00423
epoch: 00850 loss_train: 0.01220 loss_val: 0.01263 viol_train: 0.00349 viol_val: 0.00332
epoch: 00900 loss_train: 0.01051 loss_val: 0.01130 viol_train: 0.00319 viol_val: 0.00257
epoch: 00950 loss_train: 0.00956 loss_val: 0.01018 viol_train: 0.00325 viol_val: 0.00268
epoch: 01000 loss_train: 0.00881 loss_val: 0.00910 viol_train: 0.00327 viol_val: 0.00308
Training Finished!
