Scaler Factors: [800.           0.9936625    1.987325     1.81292375]
Scaler saved at /home/f25moham/CSTR/nonlinear/total/pieces/Reduced_T/segments/segments2/heaviside/heaviside2/scaler.pkl
Scaled dataset saved at /home/f25moham/CSTR/nonlinear/total/pieces/Reduced_T/segments/segments2/heaviside/heaviside2/scaled_data.csv
Scaler Factors outside function: [800.           0.9936625    1.987325     1.81292375]
Scaler loaded successfully.
Scaler Type: <class 'sklearn.preprocessing._data.MaxAbsScaler'>
Scaler Factors (scale_): [800.           0.9936625    1.987325     1.81292375]
Namespace(model='KKThPINN', model_id='adaptive_S3_r3', input_dim=1, hidden_dim=32, hidden_num=2, z0_dim=3, optimizer='adam', epochs=1000, batch_size=16, lr=0.0001, mu=1, max_subiter=500, eta=0.8, sigma=2, mu_safe=1000000000.0, dtype=64, dataset_type='cstr', dataset_path='data.csv', val_ratio=0.2, job='train', runs=1, run=0)
Scaler Factors: [800.           0.9936625    1.987325     1.81292375]
Scaler saved at /home/f25moham/CSTR/nonlinear/total/pieces/Reduced_T/segments/segments2/heaviside/heaviside2/scaler.pkl
Scaled dataset saved at /home/f25moham/CSTR/nonlinear/total/pieces/Reduced_T/segments/segments2/heaviside/heaviside2/scaled_data.csv
train set size: 90, val set size: 30, test set size: 30
Dtypes after casting:
[torch.float64, torch.float64, torch.float64]
[torch.float64, torch.float64, torch.float64]
[torch.float64, torch.float64, torch.float64]
Start Training…
epoch: 00050 loss_train: 0.09436 loss_val: 0.10722 viol_train: 0.12099 viol_val: 0.16052
epoch: 00100 loss_train: 0.04368 loss_val: 0.04871 viol_train: 0.07483 viol_val: 0.09691
epoch: 00150 loss_train: 0.03472 loss_val: 0.03712 viol_train: 0.03258 viol_val: 0.03896
epoch: 00200 loss_train: 0.02880 loss_val: 0.03052 viol_train: 0.01234 viol_val: 0.01234
epoch: 00250 loss_train: 0.02572 loss_val: 0.02631 viol_train: 0.01143 viol_val: 0.00949
epoch: 00300 loss_train: 0.02260 loss_val: 0.02293 viol_train: 0.01685 viol_val: 0.01591
epoch: 00350 loss_train: 0.01848 loss_val: 0.01918 viol_train: 0.02039 viol_val: 0.02048
epoch: 00400 loss_train: 0.01596 loss_val: 0.01662 viol_train: 0.02078 viol_val: 0.01997
epoch: 00450 loss_train: 0.01353 loss_val: 0.01310 viol_train: 0.01899 viol_val: 0.01798
epoch: 00500 loss_train: 0.01117 loss_val: 0.01127 viol_train: 0.01534 viol_val: 0.01498
epoch: 00550 loss_train: 0.00999 loss_val: 0.00954 viol_train: 0.01328 viol_val: 0.01223
epoch: 00600 loss_train: 0.00820 loss_val: 0.00835 viol_train: 0.01186 viol_val: 0.01124
epoch: 00650 loss_train: 0.00780 loss_val: 0.00710 viol_train: 0.01155 viol_val: 0.01046
epoch: 00700 loss_train: 0.00626 loss_val: 0.00605 viol_train: 0.01204 viol_val: 0.00972
epoch: 00750 loss_train: 0.00579 loss_val: 0.00560 viol_train: 0.01160 viol_val: 0.00930
epoch: 00800 loss_train: 0.00546 loss_val: 0.00500 viol_train: 0.01088 viol_val: 0.00921
epoch: 00850 loss_train: 0.00484 loss_val: 0.00438 viol_train: 0.01036 viol_val: 0.00937
epoch: 00900 loss_train: 0.00436 loss_val: 0.00403 viol_train: 0.01011 viol_val: 0.00847
epoch: 00950 loss_train: 0.00415 loss_val: 0.00375 viol_train: 0.01000 viol_val: 0.00890
epoch: 01000 loss_train: 0.00384 loss_val: 0.00337 viol_train: 0.01008 viol_val: 0.00869
Training Finished!
