Scaler Factors: [800.           0.9936625    1.987325     1.81292375]
Scaler saved at /home/f25moham/CSTR/nonlinear/total/pieces/Reduced_T/segments/segments2/heaviside/heaviside2/scaler.pkl
Scaled dataset saved at /home/f25moham/CSTR/nonlinear/total/pieces/Reduced_T/segments/segments2/heaviside/heaviside2/scaled_data.csv
Scaler Factors outside function: [800.           0.9936625    1.987325     1.81292375]
Scaler loaded successfully.
Scaler Type: <class 'sklearn.preprocessing._data.MaxAbsScaler'>
Scaler Factors (scale_): [800.           0.9936625    1.987325     1.81292375]
Namespace(model='KKThPINN', model_id='adaptive_S7', input_dim=1, hidden_dim=32, hidden_num=2, z0_dim=3, optimizer='adam', epochs=1000, batch_size=16, lr=0.0001, mu=1, max_subiter=500, eta=0.8, sigma=2, mu_safe=1000000000.0, dtype=64, dataset_type='cstr', dataset_path='data.csv', val_ratio=0.2, job='train', runs=1, run=0)
Scaler Factors: [800.           0.9936625    1.987325     1.81292375]
Scaler saved at /home/f25moham/CSTR/nonlinear/total/pieces/Reduced_T/segments/segments2/heaviside/heaviside2/scaler.pkl
Scaled dataset saved at /home/f25moham/CSTR/nonlinear/total/pieces/Reduced_T/segments/segments2/heaviside/heaviside2/scaled_data.csv
train set size: 90, val set size: 30, test set size: 30
Dtypes after casting:
[torch.float64, torch.float64, torch.float64, torch.float64, torch.float64, torch.float64, torch.float64]
[torch.float64, torch.float64, torch.float64, torch.float64, torch.float64, torch.float64, torch.float64]
[torch.float64, torch.float64, torch.float64, torch.float64, torch.float64, torch.float64, torch.float64]
Start Training…
epoch: 00050 loss_train: 0.12855 loss_val: 0.13310 viol_train: 0.03155 viol_val: 0.04144
epoch: 00100 loss_train: 0.05278 loss_val: 0.05613 viol_train: 0.00617 viol_val: 0.00771
epoch: 00150 loss_train: 0.03660 loss_val: 0.04083 viol_train: 0.00320 viol_val: 0.00332
epoch: 00200 loss_train: 0.03093 loss_val: 0.03441 viol_train: 0.00898 viol_val: 0.01136
epoch: 00250 loss_train: 0.02851 loss_val: 0.03254 viol_train: 0.01194 viol_val: 0.01464
epoch: 00300 loss_train: 0.02572 loss_val: 0.02760 viol_train: 0.01077 viol_val: 0.01367
epoch: 00350 loss_train: 0.02418 loss_val: 0.02536 viol_train: 0.00989 viol_val: 0.01295
epoch: 00400 loss_train: 0.02006 loss_val: 0.02107 viol_train: 0.00759 viol_val: 0.00971
epoch: 00450 loss_train: 0.01665 loss_val: 0.01862 viol_train: 0.00617 viol_val: 0.00731
epoch: 00500 loss_train: 0.01392 loss_val: 0.01504 viol_train: 0.00457 viol_val: 0.00517
epoch: 00550 loss_train: 0.01204 loss_val: 0.01273 viol_train: 0.00292 viol_val: 0.00332
epoch: 00600 loss_train: 0.01043 loss_val: 0.01080 viol_train: 0.00207 viol_val: 0.00221
epoch: 00650 loss_train: 0.00902 loss_val: 0.00933 viol_train: 0.00169 viol_val: 0.00161
epoch: 00700 loss_train: 0.00797 loss_val: 0.00877 viol_train: 0.00151 viol_val: 0.00138
epoch: 00750 loss_train: 0.00750 loss_val: 0.00799 viol_train: 0.00134 viol_val: 0.00118
epoch: 00800 loss_train: 0.00715 loss_val: 0.00784 viol_train: 0.00138 viol_val: 0.00119
epoch: 00850 loss_train: 0.00703 loss_val: 0.00754 viol_train: 0.00145 viol_val: 0.00122
epoch: 00900 loss_train: 0.00674 loss_val: 0.00738 viol_train: 0.00159 viol_val: 0.00129
epoch: 00950 loss_train: 0.00659 loss_val: 0.00722 viol_train: 0.00155 viol_val: 0.00129
epoch: 01000 loss_train: 0.00645 loss_val: 0.00717 viol_train: 0.00154 viol_val: 0.00133
Training Finished!
