
=== Linearization accuracy by region ===
 region_id   T_low  T_high  n_points  mean_abs_linearization_error  rmse_linearization_error  max_abs_linearization_error  mean_abs_nonlinear_residual  mean_abs_linearized_residual  mean_abs_y_PL_error_scaled  rmse_y_PL_error_scaled  max_abs_y_PL_error_scaled  mean_abs_y_PL_error_original  rmse_y_PL_error_original  max_abs_y_PL_error_original  mean_abs_f_PL  max_abs_f_PL  mean_abs_dCa  mean_abs_dCb  max_abs_dCa  max_abs_dCb  mean_abs_df_dCa  mean_abs_df_dCb  max_abs_df_dCa  max_abs_df_dCb  mean_amplification  max_amplification
         0 280.000 325.000        38                      0.043683                  0.056174                     0.121546                 7.282201e-17                      0.043683                    0.015216                0.028783                   0.105757                      0.017650                  0.030221                     0.105087       0.045934      0.123305      0.037768      0.015181     0.105087     0.042241         1.162231         0.162231        1.672695        0.672695            1.141483           1.823352
         1 325.000 370.000        33                      0.232080                  0.329872                     0.902976                 8.419191e-16                      0.232080                    0.010602                0.018970                   0.076569                      0.017054                  0.033584                     0.152168       0.251984      1.910998      0.012051      0.039110     0.046887     0.152168         6.617259         5.617259       22.331845       21.331845            7.162588          25.671031
         2 370.000 392.500        18                      0.085870                  0.115614                     0.285021                 1.095420e-14                      0.085870                    0.000342                0.000592                   0.002253                      0.000564                  0.001082                     0.004477       0.093799      0.274280      0.000344      0.001349     0.001141     0.004477        58.846124        57.846124       98.095868       97.095868           70.528031         118.133088
         3 392.500 415.000        21                      0.113528                  0.152335                     0.372417                 5.549000e-14                      0.113528                    0.000105                0.000181                   0.000686                      0.000173                  0.000332                     0.001363       0.108224      0.386267      0.000104      0.000415     0.000342     0.001363       225.204825       224.204825      382.100838      381.100838          272.230851         462.415135
         4 415.000 426.250         8                      0.048130                  0.072483                     0.165723                 3.499423e-12                      0.048130                    0.000016                0.000032                   0.000113                      0.000027                  0.000058                     0.000224       0.044330      0.120226      0.000016      0.000065     0.000056     0.000224       582.781369       581.781369      759.017974      758.017974          705.891847         919.604012
         5 426.250 437.500        12                      0.104887                  0.131470                     0.241814                 3.079019e-13                      0.104887                    0.000019                0.000031                   0.000088                      0.000032                  0.000057                     0.000175       0.101228      0.263671      0.000019      0.000076     0.000044     0.000175      1114.977266      1113.977266     1453.351108     1452.351108         1351.234479        1761.499991
         6 437.500 448.750         9                      0.115922                  0.158523                     0.323752                 3.404289e-11                      0.115922                    0.000012                0.000021                   0.000065                      0.000019                  0.000038                     0.000130       0.131349      0.421046      0.000012      0.000046     0.000032     0.000130      2119.537222      2118.537222     2598.267841     2597.267841         2569.425329        3149.784320
         7 448.750 454.375         5                      0.039470                  0.056434                     0.113501                 1.050012e-10                      0.039470                    0.000003                0.000005                   0.000015                      0.000004                  0.000009                     0.000030       0.036621      0.099939      0.000003      0.000010     0.000007     0.000030      2971.116194      2970.116194     3277.567830     3276.567830         3602.175214        3973.818462
         8 454.375 460.000         6                      0.077102                  0.096914                     0.167421                 3.486396e-12                      0.077102                    0.000004                0.000006                   0.000017                      0.000006                  0.000011                     0.000033       0.082619      0.191543      0.000004      0.000015     0.000008     0.000033      4159.389951      4158.389951     4596.088395     4595.088395         5043.142029        5572.647427

=== Overall linearization accuracy ===
Overall mean absolute linearization error: 1.106355e-01
Overall RMSE linearization error:          1.823299e-01
Overall max absolute linearization error: 9.029758e-01

=== Manual PL y accuracy ===
Overall mean absolute PL-y error, scaled:   6.246204e-03
Overall RMSE PL-y error, scaled:            1.700281e-02
Overall max absolute PL-y error, scaled:    1.057568e-01
Overall mean absolute PL-y error, original: 8.320509e-03
Overall RMSE PL-y error, original:          2.190091e-02
Overall max absolute PL-y error, original:  1.521678e-01

=== Nonlinear sensitivity diagnostic ===
Mean |f(true)|:                 5.902623e-12
Mean |f(PL)|:                   1.163494e-01
Max  |f(PL)|:                   1.910998e+00
Mean |dCa|:                     1.227818e-02
Mean |dCb|:                     1.268334e-02
Max  |dCa|:                     1.050866e-01
Max  |dCb|:                     1.521678e-01
Mean |df/dCa|:                  5.532053e+02
Mean |df/dCb|:                  5.522053e+02
Max  |df/dCa|:                  4.596088e+03
Max  |df/dCb|:                  4.595088e+03
Mean amplification |df|/|dy|:   6.701507e+02
Max  amplification |df|/|dy|:   5.572647e+03

Top 10 largest nonlinear residuals after PL projection:
 Temperature (T)       Ca       Cb    Ca_PL    Cb_PL  abs_Ca_PL_error  abs_Cb_PL_error  abs_df_dCa  abs_df_dCb  abs_f_PL  amplification
      369.000000 0.477898 0.955796 0.455978 0.884655         0.021921         0.071141   22.331845   21.331845  1.910998      25.671031
      367.000000 0.481293 0.962587 0.462639 0.902047         0.018654         0.060540   19.454154   18.454154  1.420183      22.418525
      365.000000 0.484915 0.969830 0.469364 0.919361         0.015551         0.050468   16.947775   15.947775  1.032604      19.553192
      363.000000 0.488795 0.977589 0.476161 0.936587         0.012634         0.041002   14.768009   13.768009  0.730801      17.033357
      361.000000 0.492969 0.985938 0.483039 0.953712         0.009930         0.032226   12.875081   11.875081  0.499783      14.821263
      448.313036 0.403152 0.806305 0.403120 0.806175         0.000032         0.000130 2598.267841 2597.267841  0.421046    3149.784320
      413.000000 0.429271 0.858542 0.429068 0.857732         0.000203         0.000810  382.100838  381.100838  0.386267     462.415135
      359.000000 0.497480 0.994959 0.490011 0.970722         0.007468         0.024238   11.233644   10.233644  0.326733      12.882761
      391.000000 0.449663 0.899325 0.449089 0.897075         0.000574         0.002250   98.095868   97.095868  0.274280     118.133088
      437.000000 0.410878 0.821756 0.410842 0.821611         0.000036         0.000145 1453.351108 1452.351108  0.263671    1761.499991

Saved:
linearization_accuracy_detailed.csv
linearization_accuracy_summary.csv
