Scaler Factors: [800.           0.9936625    1.987325     1.81292375]
Scaler saved at /home/f25moham/CSTR/nonlinear/total/pieces/Reduced_T/segments/segments2/heaviside/heaviside2/scaler.pkl
Scaled dataset saved at /home/f25moham/CSTR/nonlinear/total/pieces/Reduced_T/segments/segments2/heaviside/heaviside2/scaled_data.csv
Scaler Factors outside function: [800.           0.9936625    1.987325     1.81292375]
Scaler loaded successfully.
Scaler Type: <class 'sklearn.preprocessing._data.MaxAbsScaler'>
Scaler Factors (scale_): [800.           0.9936625    1.987325     1.81292375]
Namespace(model='KKThPINN', model_id='adaptive_S9', input_dim=1, hidden_dim=32, hidden_num=2, z0_dim=3, optimizer='adam', epochs=1000, batch_size=16, lr=0.0001, mu=1, max_subiter=500, eta=0.8, sigma=2, mu_safe=1000000000.0, dtype=64, dataset_type='cstr', dataset_path='data.csv', val_ratio=0.2, job='train', runs=1, run=0)
Scaler Factors: [800.           0.9936625    1.987325     1.81292375]
Scaler saved at /home/f25moham/CSTR/nonlinear/total/pieces/Reduced_T/segments/segments2/heaviside/heaviside2/scaler.pkl
Scaled dataset saved at /home/f25moham/CSTR/nonlinear/total/pieces/Reduced_T/segments/segments2/heaviside/heaviside2/scaled_data.csv
train set size: 90, val set size: 30, test set size: 30
Dtypes after casting:
[torch.float64, torch.float64, torch.float64, torch.float64, torch.float64, torch.float64, torch.float64, torch.float64, torch.float64]
[torch.float64, torch.float64, torch.float64, torch.float64, torch.float64, torch.float64, torch.float64, torch.float64, torch.float64]
[torch.float64, torch.float64, torch.float64, torch.float64, torch.float64, torch.float64, torch.float64, torch.float64, torch.float64]
Start Training…
epoch: 00050 loss_train: 0.20564 loss_val: 0.21072 viol_train: 0.07790 viol_val: 0.09780
epoch: 00100 loss_train: 0.08527 loss_val: 0.08722 viol_train: 0.03592 viol_val: 0.05061
epoch: 00150 loss_train: 0.04661 loss_val: 0.05053 viol_train: 0.00372 viol_val: 0.00438
epoch: 00200 loss_train: 0.03520 loss_val: 0.03914 viol_train: 0.00337 viol_val: 0.00361
epoch: 00250 loss_train: 0.03419 loss_val: 0.03690 viol_train: 0.00761 viol_val: 0.00930
epoch: 00300 loss_train: 0.03221 loss_val: 0.03478 viol_train: 0.00849 viol_val: 0.01120
epoch: 00350 loss_train: 0.02925 loss_val: 0.03207 viol_train: 0.00824 viol_val: 0.01059
epoch: 00400 loss_train: 0.02765 loss_val: 0.03051 viol_train: 0.00802 viol_val: 0.01008
epoch: 00450 loss_train: 0.02471 loss_val: 0.02640 viol_train: 0.00742 viol_val: 0.00842
epoch: 00500 loss_train: 0.02207 loss_val: 0.02496 viol_train: 0.00563 viol_val: 0.00708
epoch: 00550 loss_train: 0.01975 loss_val: 0.02192 viol_train: 0.00472 viol_val: 0.00537
epoch: 00600 loss_train: 0.01819 loss_val: 0.01916 viol_train: 0.00390 viol_val: 0.00445
epoch: 00650 loss_train: 0.01491 loss_val: 0.01685 viol_train: 0.00286 viol_val: 0.00290
epoch: 00700 loss_train: 0.01310 loss_val: 0.01415 viol_train: 0.00201 viol_val: 0.00199
epoch: 00750 loss_train: 0.01199 loss_val: 0.01201 viol_train: 0.00145 viol_val: 0.00120
epoch: 00800 loss_train: 0.00973 loss_val: 0.01027 viol_train: 0.00120 viol_val: 0.00080
epoch: 00850 loss_train: 0.00850 loss_val: 0.00917 viol_train: 0.00130 viol_val: 0.00078
epoch: 00900 loss_train: 0.00745 loss_val: 0.00815 viol_train: 0.00143 viol_val: 0.00101
epoch: 00950 loss_train: 0.00658 loss_val: 0.00714 viol_train: 0.00147 viol_val: 0.00104
epoch: 01000 loss_train: 0.00578 loss_val: 0.00614 viol_train: 0.00137 viol_val: 0.00107
Training Finished!
