Scaler Factors: [800.           0.9936625    1.987325     1.81292375]
Scaler saved at /home/f25moham/CSTR/nonlinear/total/pieces/Reduced_T/segments/segments2/heaviside/heaviside2/scaler.pkl
Scaled dataset saved at /home/f25moham/CSTR/nonlinear/total/pieces/Reduced_T/segments/segments2/heaviside/heaviside2/scaled_data.csv
Scaler Factors outside function: [800.           0.9936625    1.987325     1.81292375]
Scaler loaded successfully.
Scaler Type: <class 'sklearn.preprocessing._data.MaxAbsScaler'>
Scaler Factors (scale_): [800.           0.9936625    1.987325     1.81292375]
Namespace(model='KKThPINN', model_id='adaptive_S3_r0', input_dim=1, hidden_dim=32, hidden_num=2, z0_dim=3, optimizer='adam', epochs=1000, batch_size=16, lr=0.0001, mu=1, max_subiter=500, eta=0.8, sigma=2, mu_safe=1000000000.0, dtype=64, dataset_type='cstr', dataset_path='data.csv', val_ratio=0.2, job='train', runs=1, run=0)
Scaler Factors: [800.           0.9936625    1.987325     1.81292375]
Scaler saved at /home/f25moham/CSTR/nonlinear/total/pieces/Reduced_T/segments/segments2/heaviside/heaviside2/scaler.pkl
Scaled dataset saved at /home/f25moham/CSTR/nonlinear/total/pieces/Reduced_T/segments/segments2/heaviside/heaviside2/scaled_data.csv
train set size: 90, val set size: 30, test set size: 30
Dtypes after casting:
[torch.float64, torch.float64, torch.float64]
[torch.float64, torch.float64, torch.float64]
[torch.float64, torch.float64, torch.float64]
Start Training…
epoch: 00050 loss_train: 0.05322 loss_val: 0.06065 viol_train: 0.26596 viol_val: 0.33497
epoch: 00100 loss_train: 0.03904 loss_val: 0.04242 viol_train: 0.05126 viol_val: 0.06243
epoch: 00150 loss_train: 0.03459 loss_val: 0.03802 viol_train: 0.02759 viol_val: 0.03263
epoch: 00200 loss_train: 0.03082 loss_val: 0.03366 viol_train: 0.01612 viol_val: 0.01646
epoch: 00250 loss_train: 0.02870 loss_val: 0.03036 viol_train: 0.01061 viol_val: 0.00881
epoch: 00300 loss_train: 0.02365 loss_val: 0.02544 viol_train: 0.01000 viol_val: 0.00761
epoch: 00350 loss_train: 0.02104 loss_val: 0.02161 viol_train: 0.01131 viol_val: 0.00892
epoch: 00400 loss_train: 0.01799 loss_val: 0.01826 viol_train: 0.01220 viol_val: 0.01055
epoch: 00450 loss_train: 0.01446 loss_val: 0.01501 viol_train: 0.01166 viol_val: 0.01090
epoch: 00500 loss_train: 0.01253 loss_val: 0.01282 viol_train: 0.01172 viol_val: 0.01040
epoch: 00550 loss_train: 0.01107 loss_val: 0.01071 viol_train: 0.01037 viol_val: 0.00885
epoch: 00600 loss_train: 0.00978 loss_val: 0.00951 viol_train: 0.00946 viol_val: 0.00769
epoch: 00650 loss_train: 0.00862 loss_val: 0.00820 viol_train: 0.00970 viol_val: 0.00716
epoch: 00700 loss_train: 0.00750 loss_val: 0.00721 viol_train: 0.00910 viol_val: 0.00705
epoch: 00750 loss_train: 0.00664 loss_val: 0.00627 viol_train: 0.00987 viol_val: 0.00694
epoch: 00800 loss_train: 0.00627 loss_val: 0.00552 viol_train: 0.00944 viol_val: 0.00696
epoch: 00850 loss_train: 0.00577 loss_val: 0.00512 viol_train: 0.00989 viol_val: 0.00730
epoch: 00900 loss_train: 0.00492 loss_val: 0.00457 viol_train: 0.00896 viol_val: 0.00695
epoch: 00950 loss_train: 0.00442 loss_val: 0.00412 viol_train: 0.00969 viol_val: 0.00690
epoch: 01000 loss_train: 0.00440 loss_val: 0.00381 viol_train: 0.00932 viol_val: 0.00732
Training Finished!
