Scaler Factors: [800.           0.9936625    1.987325     1.81292375]
Scaler saved at /home/f25moham/CSTR/nonlinear/total/pieces/Reduced_T/segments/segments2/heaviside/heaviside2/scaler.pkl
Scaled dataset saved at /home/f25moham/CSTR/nonlinear/total/pieces/Reduced_T/segments/segments2/heaviside/heaviside2/scaled_data.csv
Scaler Factors outside function: [800.           0.9936625    1.987325     1.81292375]
Scaler loaded successfully.
Scaler Type: <class 'sklearn.preprocessing._data.MaxAbsScaler'>
Scaler Factors (scale_): [800.           0.9936625    1.987325     1.81292375]
Namespace(model='KKThPINN', model_id='uniform_S2_r8', input_dim=1, hidden_dim=32, hidden_num=2, z0_dim=3, optimizer='adam', epochs=1000, batch_size=16, lr=0.0001, mu=1, max_subiter=500, eta=0.8, sigma=2, mu_safe=1000000000.0, dtype=64, dataset_type='cstr', dataset_path='data.csv', val_ratio=0.2, job='train', runs=1, run=0)
Scaler Factors: [800.           0.9936625    1.987325     1.81292375]
Scaler saved at /home/f25moham/CSTR/nonlinear/total/pieces/Reduced_T/segments/segments2/heaviside/heaviside2/scaler.pkl
Scaled dataset saved at /home/f25moham/CSTR/nonlinear/total/pieces/Reduced_T/segments/segments2/heaviside/heaviside2/scaled_data.csv
train set size: 90, val set size: 30, test set size: 30
Dtypes after casting:
[torch.float64, torch.float64]
[torch.float64, torch.float64]
[torch.float64, torch.float64]
Start Training…
epoch: 00050 loss_train: 0.03722 loss_val: 0.04173 viol_train: 0.05124 viol_val: 0.06573
epoch: 00100 loss_train: 0.03350 loss_val: 0.03560 viol_train: 0.03321 viol_val: 0.03986
epoch: 00150 loss_train: 0.03007 loss_val: 0.03156 viol_train: 0.03379 viol_val: 0.03864
epoch: 00200 loss_train: 0.02683 loss_val: 0.02836 viol_train: 0.03421 viol_val: 0.04184
epoch: 00250 loss_train: 0.02339 loss_val: 0.02405 viol_train: 0.03629 viol_val: 0.03987
epoch: 00300 loss_train: 0.01975 loss_val: 0.02004 viol_train: 0.03962 viol_val: 0.04103
epoch: 00350 loss_train: 0.01683 loss_val: 0.01669 viol_train: 0.03581 viol_val: 0.04379
epoch: 00400 loss_train: 0.01405 loss_val: 0.01350 viol_train: 0.03567 viol_val: 0.04383
epoch: 00450 loss_train: 0.01113 loss_val: 0.01138 viol_train: 0.03454 viol_val: 0.04088
epoch: 00500 loss_train: 0.00996 loss_val: 0.00994 viol_train: 0.03389 viol_val: 0.03915
epoch: 00550 loss_train: 0.00924 loss_val: 0.00907 viol_train: 0.03428 viol_val: 0.04020
epoch: 00600 loss_train: 0.00862 loss_val: 0.00816 viol_train: 0.03437 viol_val: 0.03931
epoch: 00650 loss_train: 0.00758 loss_val: 0.00776 viol_train: 0.03803 viol_val: 0.03977
epoch: 00700 loss_train: 0.00737 loss_val: 0.00751 viol_train: 0.03278 viol_val: 0.03870
epoch: 00750 loss_train: 0.00687 loss_val: 0.00728 viol_train: 0.03259 viol_val: 0.03782
epoch: 00800 loss_train: 0.00676 loss_val: 0.00690 viol_train: 0.03671 viol_val: 0.03835
epoch: 00850 loss_train: 0.00726 loss_val: 0.00671 viol_train: 0.03262 viol_val: 0.03760
epoch: 00900 loss_train: 0.00675 loss_val: 0.00644 viol_train: 0.03582 viol_val: 0.03819
epoch: 00950 loss_train: 0.00618 loss_val: 0.00607 viol_train: 0.03434 viol_val: 0.03728
epoch: 01000 loss_train: 0.00593 loss_val: 0.00585 viol_train: 0.03170 viol_val: 0.03665
Training Finished!
