Scaler Factors: [800.           0.9936625    1.987325     1.81292375]
Scaler saved at /home/f25moham/CSTR/nonlinear/total/pieces/Reduced_T/segments/segments2/heaviside/heaviside2/scaler.pkl
Scaled dataset saved at /home/f25moham/CSTR/nonlinear/total/pieces/Reduced_T/segments/segments2/heaviside/heaviside2/scaled_data.csv
Scaler Factors outside function: [800.           0.9936625    1.987325     1.81292375]
Scaler loaded successfully.
Scaler Type: <class 'sklearn.preprocessing._data.MaxAbsScaler'>
Scaler Factors (scale_): [800.           0.9936625    1.987325     1.81292375]
Namespace(model='KKThPINN', model_id='adaptive_S9_r0', input_dim=1, hidden_dim=32, hidden_num=2, z0_dim=3, optimizer='adam', epochs=1000, batch_size=16, lr=0.0001, mu=1, max_subiter=500, eta=0.8, sigma=2, mu_safe=1000000000.0, dtype=64, dataset_type='cstr', dataset_path='data.csv', val_ratio=0.2, job='train', runs=1, run=0)
Scaler Factors: [800.           0.9936625    1.987325     1.81292375]
Scaler saved at /home/f25moham/CSTR/nonlinear/total/pieces/Reduced_T/segments/segments2/heaviside/heaviside2/scaler.pkl
Scaled dataset saved at /home/f25moham/CSTR/nonlinear/total/pieces/Reduced_T/segments/segments2/heaviside/heaviside2/scaled_data.csv
train set size: 90, val set size: 30, test set size: 30
Dtypes after casting:
[torch.float64, torch.float64, torch.float64, torch.float64, torch.float64, torch.float64, torch.float64, torch.float64, torch.float64]
[torch.float64, torch.float64, torch.float64, torch.float64, torch.float64, torch.float64, torch.float64, torch.float64, torch.float64]
[torch.float64, torch.float64, torch.float64, torch.float64, torch.float64, torch.float64, torch.float64, torch.float64, torch.float64]
Start Training…
epoch: 00050 loss_train: 0.10881 loss_val: 0.11868 viol_train: 0.09229 viol_val: 0.12614
epoch: 00100 loss_train: 0.03838 loss_val: 0.04442 viol_train: 0.00659 viol_val: 0.00796
epoch: 00150 loss_train: 0.02898 loss_val: 0.03242 viol_train: 0.00398 viol_val: 0.00475
epoch: 00200 loss_train: 0.02806 loss_val: 0.03001 viol_train: 0.01542 viol_val: 0.01914
epoch: 00250 loss_train: 0.02521 loss_val: 0.02866 viol_train: 0.01944 viol_val: 0.02574
epoch: 00300 loss_train: 0.02436 loss_val: 0.02650 viol_train: 0.02302 viol_val: 0.02966
epoch: 00350 loss_train: 0.02241 loss_val: 0.02450 viol_train: 0.02435 viol_val: 0.02988
epoch: 00400 loss_train: 0.02067 loss_val: 0.02177 viol_train: 0.02736 viol_val: 0.03425
epoch: 00450 loss_train: 0.01822 loss_val: 0.02049 viol_train: 0.02638 viol_val: 0.03087
epoch: 00500 loss_train: 0.01659 loss_val: 0.01742 viol_train: 0.02513 viol_val: 0.02888
epoch: 00550 loss_train: 0.01481 loss_val: 0.01525 viol_train: 0.02159 viol_val: 0.02724
epoch: 00600 loss_train: 0.01266 loss_val: 0.01377 viol_train: 0.01789 viol_val: 0.02299
epoch: 00650 loss_train: 0.01139 loss_val: 0.01217 viol_train: 0.01537 viol_val: 0.02000
epoch: 00700 loss_train: 0.00993 loss_val: 0.01089 viol_train: 0.01255 viol_val: 0.01586
epoch: 00750 loss_train: 0.00873 loss_val: 0.00970 viol_train: 0.00960 viol_val: 0.01099
epoch: 00800 loss_train: 0.00785 loss_val: 0.00868 viol_train: 0.00700 viol_val: 0.00830
epoch: 00850 loss_train: 0.00714 loss_val: 0.00760 viol_train: 0.00509 viol_val: 0.00627
epoch: 00900 loss_train: 0.00634 loss_val: 0.00659 viol_train: 0.00409 viol_val: 0.00456
epoch: 00950 loss_train: 0.00551 loss_val: 0.00588 viol_train: 0.00356 viol_val: 0.00391
epoch: 01000 loss_train: 0.00495 loss_val: 0.00525 viol_train: 0.00297 viol_val: 0.00314
Training Finished!
