Scaler Factors: [800.           0.9936625    1.987325     1.81292375]
Scaler saved at /home/f25moham/CSTR/nonlinear/total/pieces/Reduced_T/segments/segments2/heaviside/heaviside2/scaler.pkl
Scaled dataset saved at /home/f25moham/CSTR/nonlinear/total/pieces/Reduced_T/segments/segments2/heaviside/heaviside2/scaled_data.csv
Scaler Factors outside function: [800.           0.9936625    1.987325     1.81292375]
Scaler loaded successfully.
Scaler Type: <class 'sklearn.preprocessing._data.MaxAbsScaler'>
Scaler Factors (scale_): [800.           0.9936625    1.987325     1.81292375]
Namespace(model='KKThPINN', model_id='adaptive_S11_r3', input_dim=1, hidden_dim=32, hidden_num=2, z0_dim=3, optimizer='adam', epochs=1000, batch_size=16, lr=0.0001, mu=1, max_subiter=500, eta=0.8, sigma=2, mu_safe=1000000000.0, dtype=64, dataset_type='cstr', dataset_path='data.csv', val_ratio=0.2, job='train', runs=1, run=0)
Scaler Factors: [800.           0.9936625    1.987325     1.81292375]
Scaler saved at /home/f25moham/CSTR/nonlinear/total/pieces/Reduced_T/segments/segments2/heaviside/heaviside2/scaler.pkl
Scaled dataset saved at /home/f25moham/CSTR/nonlinear/total/pieces/Reduced_T/segments/segments2/heaviside/heaviside2/scaled_data.csv
train set size: 90, val set size: 30, test set size: 30
Dtypes after casting:
[torch.float64, torch.float64, torch.float64, torch.float64, torch.float64, torch.float64, torch.float64, torch.float64, torch.float64, torch.float64, torch.float64]
[torch.float64, torch.float64, torch.float64, torch.float64, torch.float64, torch.float64, torch.float64, torch.float64, torch.float64, torch.float64, torch.float64]
[torch.float64, torch.float64, torch.float64, torch.float64, torch.float64, torch.float64, torch.float64, torch.float64, torch.float64, torch.float64, torch.float64]
Start Training…
epoch: 00050 loss_train: 0.11717 loss_val: 0.13071 viol_train: 0.40350 viol_val: 0.54207
epoch: 00100 loss_train: 0.05058 loss_val: 0.05642 viol_train: 0.07099 viol_val: 0.09510
epoch: 00150 loss_train: 0.03443 loss_val: 0.03849 viol_train: 0.00285 viol_val: 0.00363
epoch: 00200 loss_train: 0.03062 loss_val: 0.03393 viol_train: 0.00425 viol_val: 0.00516
epoch: 00250 loss_train: 0.02674 loss_val: 0.03068 viol_train: 0.00764 viol_val: 0.01074
epoch: 00300 loss_train: 0.02417 loss_val: 0.02689 viol_train: 0.00834 viol_val: 0.01091
epoch: 00350 loss_train: 0.02159 loss_val: 0.02386 viol_train: 0.00764 viol_val: 0.01047
epoch: 00400 loss_train: 0.01816 loss_val: 0.02005 viol_train: 0.00730 viol_val: 0.00896
epoch: 00450 loss_train: 0.01644 loss_val: 0.01737 viol_train: 0.00546 viol_val: 0.00731
epoch: 00500 loss_train: 0.01375 loss_val: 0.01431 viol_train: 0.00429 viol_val: 0.00584
epoch: 00550 loss_train: 0.01169 loss_val: 0.01218 viol_train: 0.00307 viol_val: 0.00395
epoch: 00600 loss_train: 0.00966 loss_val: 0.01037 viol_train: 0.00207 viol_val: 0.00251
epoch: 00650 loss_train: 0.00809 loss_val: 0.00901 viol_train: 0.00156 viol_val: 0.00178
epoch: 00700 loss_train: 0.00728 loss_val: 0.00769 viol_train: 0.00135 viol_val: 0.00149
epoch: 00750 loss_train: 0.00611 loss_val: 0.00663 viol_train: 0.00145 viol_val: 0.00151
epoch: 00800 loss_train: 0.00514 loss_val: 0.00546 viol_train: 0.00187 viol_val: 0.00217
epoch: 00850 loss_train: 0.00465 loss_val: 0.00486 viol_train: 0.00183 viol_val: 0.00235
epoch: 00900 loss_train: 0.00396 loss_val: 0.00432 viol_train: 0.00184 viol_val: 0.00215
epoch: 00950 loss_train: 0.00342 loss_val: 0.00371 viol_train: 0.00208 viol_val: 0.00244
epoch: 01000 loss_train: 0.00306 loss_val: 0.00307 viol_train: 0.00176 viol_val: 0.00204
Training Finished!
