Scaler Factors: [800.           0.9936625    1.987325     1.81292375]
Scaler saved at /home/f25moham/CSTR/nonlinear/total/pieces/Reduced_T/segments/segments2/heaviside/heaviside2/scaler.pkl
Scaled dataset saved at /home/f25moham/CSTR/nonlinear/total/pieces/Reduced_T/segments/segments2/heaviside/heaviside2/scaled_data.csv
Scaler Factors outside function: [800.           0.9936625    1.987325     1.81292375]
Scaler loaded successfully.
Scaler Type: <class 'sklearn.preprocessing._data.MaxAbsScaler'>
Scaler Factors (scale_): [800.           0.9936625    1.987325     1.81292375]
Namespace(model='KKThPINN', model_id='uniform_S9_r3', input_dim=1, hidden_dim=32, hidden_num=2, z0_dim=3, optimizer='adam', epochs=1000, batch_size=16, lr=0.0001, mu=1, max_subiter=500, eta=0.8, sigma=2, mu_safe=1000000000.0, dtype=64, dataset_type='cstr', dataset_path='data.csv', val_ratio=0.2, job='train', runs=1, run=0)
Scaler Factors: [800.           0.9936625    1.987325     1.81292375]
Scaler saved at /home/f25moham/CSTR/nonlinear/total/pieces/Reduced_T/segments/segments2/heaviside/heaviside2/scaler.pkl
Scaled dataset saved at /home/f25moham/CSTR/nonlinear/total/pieces/Reduced_T/segments/segments2/heaviside/heaviside2/scaled_data.csv
train set size: 90, val set size: 30, test set size: 30
Dtypes after casting:
[torch.float64, torch.float64, torch.float64, torch.float64, torch.float64, torch.float64, torch.float64, torch.float64, torch.float64]
[torch.float64, torch.float64, torch.float64, torch.float64, torch.float64, torch.float64, torch.float64, torch.float64, torch.float64]
[torch.float64, torch.float64, torch.float64, torch.float64, torch.float64, torch.float64, torch.float64, torch.float64, torch.float64]
Start Training…
epoch: 00050 loss_train: 0.14275 loss_val: 0.16467 viol_train: 0.02706 viol_val: 0.03773
epoch: 00100 loss_train: 0.07793 loss_val: 0.09298 viol_train: 0.02512 viol_val: 0.03427
epoch: 00150 loss_train: 0.04912 loss_val: 0.05576 viol_train: 0.00282 viol_val: 0.00350
epoch: 00200 loss_train: 0.03086 loss_val: 0.03235 viol_train: 0.01159 viol_val: 0.01494
epoch: 00250 loss_train: 0.02589 loss_val: 0.02784 viol_train: 0.02140 viol_val: 0.02649
epoch: 00300 loss_train: 0.02219 loss_val: 0.02436 viol_train: 0.01889 viol_val: 0.02588
epoch: 00350 loss_train: 0.01966 loss_val: 0.02059 viol_train: 0.01668 viol_val: 0.02325
epoch: 00400 loss_train: 0.01686 loss_val: 0.01759 viol_train: 0.01401 viol_val: 0.01871
epoch: 00450 loss_train: 0.01408 loss_val: 0.01427 viol_train: 0.00977 viol_val: 0.01325
epoch: 00500 loss_train: 0.01148 loss_val: 0.01238 viol_train: 0.00739 viol_val: 0.01009
epoch: 00550 loss_train: 0.00987 loss_val: 0.01048 viol_train: 0.00505 viol_val: 0.00619
epoch: 00600 loss_train: 0.00849 loss_val: 0.00889 viol_train: 0.00329 viol_val: 0.00433
epoch: 00650 loss_train: 0.00718 loss_val: 0.00770 viol_train: 0.00250 viol_val: 0.00333
epoch: 00700 loss_train: 0.00640 loss_val: 0.00670 viol_train: 0.00212 viol_val: 0.00288
epoch: 00750 loss_train: 0.00572 loss_val: 0.00566 viol_train: 0.00158 viol_val: 0.00227
epoch: 00800 loss_train: 0.00476 loss_val: 0.00512 viol_train: 0.00134 viol_val: 0.00172
epoch: 00850 loss_train: 0.00427 loss_val: 0.00443 viol_train: 0.00116 viol_val: 0.00138
epoch: 00900 loss_train: 0.00386 loss_val: 0.00412 viol_train: 0.00111 viol_val: 0.00128
epoch: 00950 loss_train: 0.00358 loss_val: 0.00386 viol_train: 0.00122 viol_val: 0.00139
epoch: 01000 loss_train: 0.00333 loss_val: 0.00345 viol_train: 0.00152 viol_val: 0.00175
Training Finished!
