Scaler Factors: [800.           0.9936625    1.987325     1.81292375]
Scaler saved at /home/f25moham/CSTR/nonlinear/total/pieces/Reduced_T/segments/segments2/heaviside/heaviside2/scaler.pkl
Scaled dataset saved at /home/f25moham/CSTR/nonlinear/total/pieces/Reduced_T/segments/segments2/heaviside/heaviside2/scaled_data.csv
Scaler Factors outside function: [800.           0.9936625    1.987325     1.81292375]
Scaler loaded successfully.
Scaler Type: <class 'sklearn.preprocessing._data.MaxAbsScaler'>
Scaler Factors (scale_): [800.           0.9936625    1.987325     1.81292375]
Namespace(model='KKThPINN', model_id='uniform_S5', input_dim=1, hidden_dim=32, hidden_num=2, z0_dim=3, optimizer='adam', epochs=1000, batch_size=16, lr=0.0001, mu=1, max_subiter=500, eta=0.8, sigma=2, mu_safe=1000000000.0, dtype=64, dataset_type='cstr', dataset_path='data.csv', val_ratio=0.2, job='train', runs=1, run=0)
Scaler Factors: [800.           0.9936625    1.987325     1.81292375]
Scaler saved at /home/f25moham/CSTR/nonlinear/total/pieces/Reduced_T/segments/segments2/heaviside/heaviside2/scaler.pkl
Scaled dataset saved at /home/f25moham/CSTR/nonlinear/total/pieces/Reduced_T/segments/segments2/heaviside/heaviside2/scaled_data.csv
train set size: 90, val set size: 30, test set size: 30
Dtypes after casting:
[torch.float64, torch.float64, torch.float64, torch.float64, torch.float64]
[torch.float64, torch.float64, torch.float64, torch.float64, torch.float64]
[torch.float64, torch.float64, torch.float64, torch.float64, torch.float64]
Start Training…
epoch: 00050 loss_train: 0.16745 loss_val: 0.18613 viol_train: 0.00650 viol_val: 0.00868
epoch: 00100 loss_train: 0.05395 loss_val: 0.06386 viol_train: 0.00577 viol_val: 0.00785
epoch: 00150 loss_train: 0.03906 loss_val: 0.04208 viol_train: 0.01380 viol_val: 0.01770
epoch: 00200 loss_train: 0.03625 loss_val: 0.03882 viol_train: 0.01433 viol_val: 0.02004
epoch: 00250 loss_train: 0.03387 loss_val: 0.03717 viol_train: 0.01615 viol_val: 0.01981
epoch: 00300 loss_train: 0.03213 loss_val: 0.03493 viol_train: 0.01422 viol_val: 0.01881
epoch: 00350 loss_train: 0.02939 loss_val: 0.03206 viol_train: 0.01199 viol_val: 0.01666
epoch: 00400 loss_train: 0.02706 loss_val: 0.02948 viol_train: 0.01030 viol_val: 0.01378
epoch: 00450 loss_train: 0.02446 loss_val: 0.02744 viol_train: 0.00847 viol_val: 0.01072
epoch: 00500 loss_train: 0.02103 loss_val: 0.02293 viol_train: 0.00557 viol_val: 0.00701
epoch: 00550 loss_train: 0.01770 loss_val: 0.01906 viol_train: 0.00421 viol_val: 0.00500
epoch: 00600 loss_train: 0.01470 loss_val: 0.01591 viol_train: 0.00399 viol_val: 0.00457
epoch: 00650 loss_train: 0.01261 loss_val: 0.01328 viol_train: 0.00458 viol_val: 0.00573
epoch: 00700 loss_train: 0.01027 loss_val: 0.01083 viol_train: 0.00552 viol_val: 0.00677
epoch: 00750 loss_train: 0.00863 loss_val: 0.00918 viol_train: 0.00442 viol_val: 0.00601
epoch: 00800 loss_train: 0.00752 loss_val: 0.00822 viol_train: 0.00381 viol_val: 0.00482
epoch: 00850 loss_train: 0.00633 loss_val: 0.00713 viol_train: 0.00397 viol_val: 0.00476
epoch: 00900 loss_train: 0.00566 loss_val: 0.00621 viol_train: 0.00372 viol_val: 0.00439
epoch: 00950 loss_train: 0.00526 loss_val: 0.00555 viol_train: 0.00368 viol_val: 0.00438
epoch: 01000 loss_train: 0.00463 loss_val: 0.00496 viol_train: 0.00348 viol_val: 0.00476
Training Finished!
