Scaler Factors: [800.           0.9936625    1.987325     1.81292375]
Scaler saved at /home/f25moham/CSTR/nonlinear/total/pieces/Reduced_T/segments/segments2/heaviside/heaviside2/scaler.pkl
Scaled dataset saved at /home/f25moham/CSTR/nonlinear/total/pieces/Reduced_T/segments/segments2/heaviside/heaviside2/scaled_data.csv
Scaler Factors outside function: [800.           0.9936625    1.987325     1.81292375]
Scaler loaded successfully.
Scaler Type: <class 'sklearn.preprocessing._data.MaxAbsScaler'>
Scaler Factors (scale_): [800.           0.9936625    1.987325     1.81292375]
Namespace(model='KKThPINN', model_id='adaptive_S30_r1', input_dim=1, hidden_dim=32, hidden_num=2, z0_dim=3, optimizer='adam', epochs=1000, batch_size=16, lr=0.0001, mu=1, max_subiter=500, eta=0.8, sigma=2, mu_safe=1000000000.0, dtype=64, dataset_type='cstr', dataset_path='data.csv', val_ratio=0.2, job='train', runs=1, run=0)
Scaler Factors: [800.           0.9936625    1.987325     1.81292375]
Scaler saved at /home/f25moham/CSTR/nonlinear/total/pieces/Reduced_T/segments/segments2/heaviside/heaviside2/scaler.pkl
Scaled dataset saved at /home/f25moham/CSTR/nonlinear/total/pieces/Reduced_T/segments/segments2/heaviside/heaviside2/scaled_data.csv
train set size: 90, val set size: 30, test set size: 30
Dtypes after casting:
[torch.float64, torch.float64, torch.float64, torch.float64, torch.float64, torch.float64, torch.float64, torch.float64, torch.float64, torch.float64, torch.float64, torch.float64, torch.float64, torch.float64, torch.float64, torch.float64, torch.float64, torch.float64, torch.float64, torch.float64, torch.float64, torch.float64, torch.float64, torch.float64, torch.float64, torch.float64, torch.float64, torch.float64, torch.float64, torch.float64]
[torch.float64, torch.float64, torch.float64, torch.float64, torch.float64, torch.float64, torch.float64, torch.float64, torch.float64, torch.float64, torch.float64, torch.float64, torch.float64, torch.float64, torch.float64, torch.float64, torch.float64, torch.float64, torch.float64, torch.float64, torch.float64, torch.float64, torch.float64, torch.float64, torch.float64, torch.float64, torch.float64, torch.float64, torch.float64, torch.float64]
[torch.float64, torch.float64, torch.float64, torch.float64, torch.float64, torch.float64, torch.float64, torch.float64, torch.float64, torch.float64, torch.float64, torch.float64, torch.float64, torch.float64, torch.float64, torch.float64, torch.float64, torch.float64, torch.float64, torch.float64, torch.float64, torch.float64, torch.float64, torch.float64, torch.float64, torch.float64, torch.float64, torch.float64, torch.float64, torch.float64]
Start Training…
epoch: 00050 loss_train: 0.07005 loss_val: 0.08529 viol_train: 0.14363 viol_val: 0.19680
epoch: 00100 loss_train: 0.03781 loss_val: 0.04426 viol_train: 0.00148 viol_val: 0.00185
epoch: 00150 loss_train: 0.03494 loss_val: 0.03829 viol_train: 0.00484 viol_val: 0.00650
epoch: 00200 loss_train: 0.03517 loss_val: 0.03634 viol_train: 0.00805 viol_val: 0.01144
epoch: 00250 loss_train: 0.03203 loss_val: 0.03575 viol_train: 0.00946 viol_val: 0.01114
epoch: 00300 loss_train: 0.03060 loss_val: 0.03330 viol_train: 0.00712 viol_val: 0.00992
epoch: 00350 loss_train: 0.02864 loss_val: 0.03020 viol_train: 0.00566 viol_val: 0.00800
epoch: 00400 loss_train: 0.02499 loss_val: 0.02713 viol_train: 0.00424 viol_val: 0.00539
epoch: 00450 loss_train: 0.02238 loss_val: 0.02438 viol_train: 0.00210 viol_val: 0.00323
epoch: 00500 loss_train: 0.01957 loss_val: 0.02044 viol_train: 0.00097 viol_val: 0.00134
epoch: 00550 loss_train: 0.01676 loss_val: 0.01679 viol_train: 0.00045 viol_val: 0.00052
epoch: 00600 loss_train: 0.01329 loss_val: 0.01420 viol_train: 0.00064 viol_val: 0.00064
epoch: 00650 loss_train: 0.01150 loss_val: 0.01190 viol_train: 0.00113 viol_val: 0.00123
epoch: 00700 loss_train: 0.00999 loss_val: 0.01033 viol_train: 0.00064 viol_val: 0.00079
epoch: 00750 loss_train: 0.00835 loss_val: 0.00859 viol_train: 0.00014 viol_val: 0.00013
epoch: 00800 loss_train: 0.00716 loss_val: 0.00747 viol_train: 0.00016 viol_val: 0.00016
epoch: 00850 loss_train: 0.00641 loss_val: 0.00646 viol_train: 0.00016 viol_val: 0.00017
epoch: 00900 loss_train: 0.00533 loss_val: 0.00565 viol_train: 0.00011 viol_val: 0.00011
epoch: 00950 loss_train: 0.00500 loss_val: 0.00511 viol_train: 0.00016 viol_val: 0.00017
epoch: 01000 loss_train: 0.00436 loss_val: 0.00456 viol_train: 0.00026 viol_val: 0.00028
Training Finished!
