Scaler Factors: [800.           0.9936625    1.987325     1.81292375]
Scaler saved at /home/f25moham/CSTR/nonlinear/total/pieces/Reduced_T/segments/segments2/heaviside/heaviside2/scaler.pkl
Scaled dataset saved at /home/f25moham/CSTR/nonlinear/total/pieces/Reduced_T/segments/segments2/heaviside/heaviside2/scaled_data.csv
Scaler Factors outside function: [800.           0.9936625    1.987325     1.81292375]
Scaler loaded successfully.
Scaler Type: <class 'sklearn.preprocessing._data.MaxAbsScaler'>
Scaler Factors (scale_): [800.           0.9936625    1.987325     1.81292375]
Namespace(model='KKThPINN', model_id='uniform_S2_r7', input_dim=1, hidden_dim=32, hidden_num=2, z0_dim=3, optimizer='adam', epochs=1000, batch_size=16, lr=0.0001, mu=1, max_subiter=500, eta=0.8, sigma=2, mu_safe=1000000000.0, dtype=64, dataset_type='cstr', dataset_path='data.csv', val_ratio=0.2, job='train', runs=1, run=0)
Scaler Factors: [800.           0.9936625    1.987325     1.81292375]
Scaler saved at /home/f25moham/CSTR/nonlinear/total/pieces/Reduced_T/segments/segments2/heaviside/heaviside2/scaler.pkl
Scaled dataset saved at /home/f25moham/CSTR/nonlinear/total/pieces/Reduced_T/segments/segments2/heaviside/heaviside2/scaled_data.csv
train set size: 90, val set size: 30, test set size: 30
Dtypes after casting:
[torch.float64, torch.float64]
[torch.float64, torch.float64]
[torch.float64, torch.float64]
Start Training…
epoch: 00050 loss_train: 0.05143 loss_val: 0.05777 viol_train: 0.14008 viol_val: 0.19029
epoch: 00100 loss_train: 0.04311 loss_val: 0.04773 viol_train: 0.08947 viol_val: 0.11712
epoch: 00150 loss_train: 0.04051 loss_val: 0.04474 viol_train: 0.06325 viol_val: 0.08002
epoch: 00200 loss_train: 0.03867 loss_val: 0.04191 viol_train: 0.04358 viol_val: 0.05668
epoch: 00250 loss_train: 0.03867 loss_val: 0.03979 viol_train: 0.03726 viol_val: 0.04245
epoch: 00300 loss_train: 0.03912 loss_val: 0.03961 viol_train: 0.03448 viol_val: 0.03860
epoch: 00350 loss_train: 0.03677 loss_val: 0.03827 viol_train: 0.03399 viol_val: 0.03726
epoch: 00400 loss_train: 0.03410 loss_val: 0.03756 viol_train: 0.03244 viol_val: 0.03746
epoch: 00450 loss_train: 0.03343 loss_val: 0.03645 viol_train: 0.03270 viol_val: 0.03945
epoch: 00500 loss_train: 0.03303 loss_val: 0.03502 viol_train: 0.03888 viol_val: 0.03726
epoch: 00550 loss_train: 0.03222 loss_val: 0.03417 viol_train: 0.03729 viol_val: 0.03801
epoch: 00600 loss_train: 0.03021 loss_val: 0.03310 viol_train: 0.03590 viol_val: 0.03925
epoch: 00650 loss_train: 0.03042 loss_val: 0.03169 viol_train: 0.03383 viol_val: 0.03986
epoch: 00700 loss_train: 0.02753 loss_val: 0.03005 viol_train: 0.03526 viol_val: 0.04040
epoch: 00750 loss_train: 0.02612 loss_val: 0.02795 viol_train: 0.03343 viol_val: 0.03726
epoch: 00800 loss_train: 0.02488 loss_val: 0.02578 viol_train: 0.03399 viol_val: 0.04139
epoch: 00850 loss_train: 0.02460 loss_val: 0.02361 viol_train: 0.03569 viol_val: 0.03978
epoch: 00900 loss_train: 0.02121 loss_val: 0.02283 viol_train: 0.03405 viol_val: 0.03735
epoch: 00950 loss_train: 0.02080 loss_val: 0.01980 viol_train: 0.03250 viol_val: 0.03909
epoch: 01000 loss_train: 0.01861 loss_val: 0.01849 viol_train: 0.03278 viol_val: 0.03998
Training Finished!
