Scaler Factors: [800.           0.9936625    1.987325     1.81292375]
Scaler saved at /home/f25moham/CSTR/nonlinear/total/pieces/Reduced_T/segments/segments2/heaviside/heaviside2/scaler.pkl
Scaled dataset saved at /home/f25moham/CSTR/nonlinear/total/pieces/Reduced_T/segments/segments2/heaviside/heaviside2/scaled_data.csv
Scaler Factors outside function: [800.           0.9936625    1.987325     1.81292375]
Scaler loaded successfully.
Scaler Type: <class 'sklearn.preprocessing._data.MaxAbsScaler'>
Scaler Factors (scale_): [800.           0.9936625    1.987325     1.81292375]
Namespace(model='KKThPINN', model_id='adaptive_S3_r5', input_dim=1, hidden_dim=32, hidden_num=2, z0_dim=3, optimizer='adam', epochs=1000, batch_size=16, lr=0.0001, mu=1, max_subiter=500, eta=0.8, sigma=2, mu_safe=1000000000.0, dtype=64, dataset_type='cstr', dataset_path='data.csv', val_ratio=0.2, job='train', runs=1, run=0)
Scaler Factors: [800.           0.9936625    1.987325     1.81292375]
Scaler saved at /home/f25moham/CSTR/nonlinear/total/pieces/Reduced_T/segments/segments2/heaviside/heaviside2/scaler.pkl
Scaled dataset saved at /home/f25moham/CSTR/nonlinear/total/pieces/Reduced_T/segments/segments2/heaviside/heaviside2/scaled_data.csv
train set size: 90, val set size: 30, test set size: 30
Dtypes after casting:
[torch.float64, torch.float64, torch.float64]
[torch.float64, torch.float64, torch.float64]
[torch.float64, torch.float64, torch.float64]
Start Training…
epoch: 00050 loss_train: 0.04033 loss_val: 0.04491 viol_train: 0.02000 viol_val: 0.02143
epoch: 00100 loss_train: 0.03541 loss_val: 0.03880 viol_train: 0.01085 viol_val: 0.00980
epoch: 00150 loss_train: 0.03370 loss_val: 0.03416 viol_train: 0.00981 viol_val: 0.00767
epoch: 00200 loss_train: 0.02932 loss_val: 0.03102 viol_train: 0.01111 viol_val: 0.00978
epoch: 00250 loss_train: 0.02561 loss_val: 0.02723 viol_train: 0.01257 viol_val: 0.01047
epoch: 00300 loss_train: 0.02163 loss_val: 0.02198 viol_train: 0.01176 viol_val: 0.01119
epoch: 00350 loss_train: 0.01847 loss_val: 0.01870 viol_train: 0.01265 viol_val: 0.01106
epoch: 00400 loss_train: 0.01500 loss_val: 0.01530 viol_train: 0.01167 viol_val: 0.00993
epoch: 00450 loss_train: 0.01261 loss_val: 0.01279 viol_train: 0.01085 viol_val: 0.00927
epoch: 00500 loss_train: 0.01133 loss_val: 0.01087 viol_train: 0.01102 viol_val: 0.00828
epoch: 00550 loss_train: 0.00922 loss_val: 0.00915 viol_train: 0.01029 viol_val: 0.00881
epoch: 00600 loss_train: 0.00825 loss_val: 0.00783 viol_train: 0.01022 viol_val: 0.00812
epoch: 00650 loss_train: 0.00735 loss_val: 0.00691 viol_train: 0.00971 viol_val: 0.00836
epoch: 00700 loss_train: 0.00628 loss_val: 0.00628 viol_train: 0.00986 viol_val: 0.00766
epoch: 00750 loss_train: 0.00610 loss_val: 0.00548 viol_train: 0.01082 viol_val: 0.00738
epoch: 00800 loss_train: 0.00522 loss_val: 0.00490 viol_train: 0.00895 viol_val: 0.00723
epoch: 00850 loss_train: 0.00500 loss_val: 0.00434 viol_train: 0.00931 viol_val: 0.00699
epoch: 00900 loss_train: 0.00465 loss_val: 0.00390 viol_train: 0.00943 viol_val: 0.00699
epoch: 00950 loss_train: 0.00463 loss_val: 0.00352 viol_train: 0.01002 viol_val: 0.00742
epoch: 01000 loss_train: 0.00405 loss_val: 0.00324 viol_train: 0.00931 viol_val: 0.00725
Training Finished!
