Scaler Factors: [800.           0.9936625    1.987325     1.81292375]
Scaler saved at /home/f25moham/CSTR/nonlinear/total/pieces/Reduced_T/segments/segments2/heaviside/heaviside2/scaler.pkl
Scaled dataset saved at /home/f25moham/CSTR/nonlinear/total/pieces/Reduced_T/segments/segments2/heaviside/heaviside2/scaled_data.csv
Scaler Factors outside function: [800.           0.9936625    1.987325     1.81292375]
Scaler loaded successfully.
Scaler Type: <class 'sklearn.preprocessing._data.MaxAbsScaler'>
Scaler Factors (scale_): [800.           0.9936625    1.987325     1.81292375]
Namespace(model='KKThPINN', model_id='adaptive_S1_r5', input_dim=1, hidden_dim=32, hidden_num=2, z0_dim=3, optimizer='adam', epochs=1000, batch_size=16, lr=0.0001, mu=1, max_subiter=500, eta=0.8, sigma=2, mu_safe=1000000000.0, dtype=64, dataset_type='cstr', dataset_path='data.csv', val_ratio=0.2, job='train', runs=1, run=0)
Scaler Factors: [800.           0.9936625    1.987325     1.81292375]
Scaler saved at /home/f25moham/CSTR/nonlinear/total/pieces/Reduced_T/segments/segments2/heaviside/heaviside2/scaler.pkl
Scaled dataset saved at /home/f25moham/CSTR/nonlinear/total/pieces/Reduced_T/segments/segments2/heaviside/heaviside2/scaled_data.csv
train set size: 90, val set size: 30, test set size: 30
Dtypes after casting:
[torch.float64]
[torch.float64]
[torch.float64]
Start Training…
epoch: 00050 loss_train: 0.05452 loss_val: 0.05883 viol_train: 0.50007 viol_val: 0.65359
epoch: 00100 loss_train: 0.05072 loss_val: 0.05407 viol_train: 0.49120 viol_val: 0.64571
epoch: 00150 loss_train: 0.04823 loss_val: 0.05086 viol_train: 0.48456 viol_val: 0.63248
epoch: 00200 loss_train: 0.04530 loss_val: 0.04809 viol_train: 0.51238 viol_val: 0.61123
epoch: 00250 loss_train: 0.04498 loss_val: 0.04347 viol_train: 0.42776 viol_val: 0.59821
epoch: 00300 loss_train: 0.03825 loss_val: 0.03987 viol_train: 0.47416 viol_val: 0.60342
epoch: 00350 loss_train: 0.03690 loss_val: 0.03689 viol_train: 0.45878 viol_val: 0.60138
epoch: 00400 loss_train: 0.03452 loss_val: 0.03200 viol_train: 0.42623 viol_val: 0.60821
epoch: 00450 loss_train: 0.03019 loss_val: 0.03047 viol_train: 0.45200 viol_val: 0.58813
epoch: 00500 loss_train: 0.02864 loss_val: 0.02820 viol_train: 0.46134 viol_val: 0.60464
epoch: 00550 loss_train: 0.02537 loss_val: 0.02601 viol_train: 0.43865 viol_val: 0.60271
epoch: 00600 loss_train: 0.02461 loss_val: 0.02511 viol_train: 0.46408 viol_val: 0.61944
epoch: 00650 loss_train: 0.02429 loss_val: 0.02395 viol_train: 0.43725 viol_val: 0.62200
epoch: 00700 loss_train: 0.02291 loss_val: 0.02208 viol_train: 0.42814 viol_val: 0.62565
epoch: 00750 loss_train: 0.02259 loss_val: 0.02187 viol_train: 0.50698 viol_val: 0.60362
epoch: 00800 loss_train: 0.02247 loss_val: 0.02166 viol_train: 0.46724 viol_val: 0.60789
epoch: 00850 loss_train: 0.02091 loss_val: 0.02153 viol_train: 0.42977 viol_val: 0.59673
epoch: 00900 loss_train: 0.02154 loss_val: 0.02107 viol_train: 0.45947 viol_val: 0.60086
epoch: 00950 loss_train: 0.02145 loss_val: 0.01989 viol_train: 0.46122 viol_val: 0.63446
epoch: 01000 loss_train: 0.02040 loss_val: 0.02035 viol_train: 0.46657 viol_val: 0.60978
Training Finished!
