Scaler Factors: [800.           0.9936625    1.987325     1.81292375]
Scaler saved at /home/f25moham/CSTR/nonlinear/total/pieces/Reduced_T/segments/segments2/heaviside/heaviside2/scaler.pkl
Scaled dataset saved at /home/f25moham/CSTR/nonlinear/total/pieces/Reduced_T/segments/segments2/heaviside/heaviside2/scaled_data.csv
Scaler Factors outside function: [800.           0.9936625    1.987325     1.81292375]
Scaler loaded successfully.
Scaler Type: <class 'sklearn.preprocessing._data.MaxAbsScaler'>
Scaler Factors (scale_): [800.           0.9936625    1.987325     1.81292375]
Namespace(model='KKThPINN', model_id='adaptive_S3_r8', input_dim=1, hidden_dim=32, hidden_num=2, z0_dim=3, optimizer='adam', epochs=1000, batch_size=16, lr=0.0001, mu=1, max_subiter=500, eta=0.8, sigma=2, mu_safe=1000000000.0, dtype=64, dataset_type='cstr', dataset_path='data.csv', val_ratio=0.2, job='train', runs=1, run=0)
Scaler Factors: [800.           0.9936625    1.987325     1.81292375]
Scaler saved at /home/f25moham/CSTR/nonlinear/total/pieces/Reduced_T/segments/segments2/heaviside/heaviside2/scaler.pkl
Scaled dataset saved at /home/f25moham/CSTR/nonlinear/total/pieces/Reduced_T/segments/segments2/heaviside/heaviside2/scaled_data.csv
train set size: 90, val set size: 30, test set size: 30
Dtypes after casting:
[torch.float64, torch.float64, torch.float64]
[torch.float64, torch.float64, torch.float64]
[torch.float64, torch.float64, torch.float64]
Start Training…
epoch: 00050 loss_train: 0.10454 loss_val: 0.11815 viol_train: 0.09177 viol_val: 0.11549
epoch: 00100 loss_train: 0.04058 loss_val: 0.04595 viol_train: 0.03552 viol_val: 0.04328
epoch: 00150 loss_train: 0.03572 loss_val: 0.03899 viol_train: 0.01315 viol_val: 0.01259
epoch: 00200 loss_train: 0.03414 loss_val: 0.03483 viol_train: 0.00982 viol_val: 0.00739
epoch: 00250 loss_train: 0.03019 loss_val: 0.03211 viol_train: 0.00988 viol_val: 0.00789
epoch: 00300 loss_train: 0.02718 loss_val: 0.02920 viol_train: 0.01038 viol_val: 0.00828
epoch: 00350 loss_train: 0.02357 loss_val: 0.02471 viol_train: 0.01093 viol_val: 0.00907
epoch: 00400 loss_train: 0.02137 loss_val: 0.02179 viol_train: 0.01066 viol_val: 0.00878
epoch: 00450 loss_train: 0.01909 loss_val: 0.01871 viol_train: 0.01059 viol_val: 0.00941
epoch: 00500 loss_train: 0.01535 loss_val: 0.01522 viol_train: 0.01160 viol_val: 0.00952
epoch: 00550 loss_train: 0.01297 loss_val: 0.01358 viol_train: 0.01074 viol_val: 0.00884
epoch: 00600 loss_train: 0.01170 loss_val: 0.01144 viol_train: 0.01041 viol_val: 0.00935
epoch: 00650 loss_train: 0.00981 loss_val: 0.00998 viol_train: 0.01035 viol_val: 0.00858
epoch: 00700 loss_train: 0.00876 loss_val: 0.00860 viol_train: 0.01112 viol_val: 0.00886
epoch: 00750 loss_train: 0.00789 loss_val: 0.00744 viol_train: 0.01117 viol_val: 0.00840
epoch: 00800 loss_train: 0.00678 loss_val: 0.00668 viol_train: 0.01012 viol_val: 0.00819
epoch: 00850 loss_train: 0.00621 loss_val: 0.00592 viol_train: 0.01092 viol_val: 0.00805
epoch: 00900 loss_train: 0.00557 loss_val: 0.00531 viol_train: 0.00978 viol_val: 0.00845
epoch: 00950 loss_train: 0.00519 loss_val: 0.00475 viol_train: 0.00965 viol_val: 0.00813
epoch: 01000 loss_train: 0.00489 loss_val: 0.00435 viol_train: 0.00979 viol_val: 0.00781
Training Finished!
