Scaler Factors: [800.           0.9936625    1.987325     1.81292375]
Scaler saved at /home/f25moham/CSTR/nonlinear/total/pieces/Reduced_T/segments/segments2/heaviside/heaviside2/scaler.pkl
Scaled dataset saved at /home/f25moham/CSTR/nonlinear/total/pieces/Reduced_T/segments/segments2/heaviside/heaviside2/scaled_data.csv
Scaler Factors outside function: [800.           0.9936625    1.987325     1.81292375]
Scaler loaded successfully.
Scaler Type: <class 'sklearn.preprocessing._data.MaxAbsScaler'>
Scaler Factors (scale_): [800.           0.9936625    1.987325     1.81292375]
Namespace(model='KKThPINN', model_id='adaptive_S11_r9', input_dim=1, hidden_dim=32, hidden_num=2, z0_dim=3, optimizer='adam', epochs=1000, batch_size=16, lr=0.0001, mu=1, max_subiter=500, eta=0.8, sigma=2, mu_safe=1000000000.0, dtype=64, dataset_type='cstr', dataset_path='data.csv', val_ratio=0.2, job='train', runs=1, run=0)
Scaler Factors: [800.           0.9936625    1.987325     1.81292375]
Scaler saved at /home/f25moham/CSTR/nonlinear/total/pieces/Reduced_T/segments/segments2/heaviside/heaviside2/scaler.pkl
Scaled dataset saved at /home/f25moham/CSTR/nonlinear/total/pieces/Reduced_T/segments/segments2/heaviside/heaviside2/scaled_data.csv
train set size: 90, val set size: 30, test set size: 30
Dtypes after casting:
[torch.float64, torch.float64, torch.float64, torch.float64, torch.float64, torch.float64, torch.float64, torch.float64, torch.float64, torch.float64, torch.float64]
[torch.float64, torch.float64, torch.float64, torch.float64, torch.float64, torch.float64, torch.float64, torch.float64, torch.float64, torch.float64, torch.float64]
[torch.float64, torch.float64, torch.float64, torch.float64, torch.float64, torch.float64, torch.float64, torch.float64, torch.float64, torch.float64, torch.float64]
Start Training…
epoch: 00050 loss_train: 0.06574 loss_val: 0.07215 viol_train: 0.04040 viol_val: 0.05644
epoch: 00100 loss_train: 0.03805 loss_val: 0.04089 viol_train: 0.00077 viol_val: 0.00081
epoch: 00150 loss_train: 0.03346 loss_val: 0.03767 viol_train: 0.00517 viol_val: 0.00641
epoch: 00200 loss_train: 0.03252 loss_val: 0.03520 viol_train: 0.00822 viol_val: 0.01028
epoch: 00250 loss_train: 0.03122 loss_val: 0.03409 viol_train: 0.00872 viol_val: 0.01107
epoch: 00300 loss_train: 0.02967 loss_val: 0.03212 viol_train: 0.00809 viol_val: 0.01119
epoch: 00350 loss_train: 0.02705 loss_val: 0.02909 viol_train: 0.00863 viol_val: 0.01057
epoch: 00400 loss_train: 0.02343 loss_val: 0.02610 viol_train: 0.00758 viol_val: 0.00959
epoch: 00450 loss_train: 0.02119 loss_val: 0.02250 viol_train: 0.00616 viol_val: 0.00841
epoch: 00500 loss_train: 0.01823 loss_val: 0.01959 viol_train: 0.00548 viol_val: 0.00666
epoch: 00550 loss_train: 0.01542 loss_val: 0.01599 viol_train: 0.00382 viol_val: 0.00475
epoch: 00600 loss_train: 0.01262 loss_val: 0.01325 viol_train: 0.00229 viol_val: 0.00279
epoch: 00650 loss_train: 0.01044 loss_val: 0.01136 viol_train: 0.00144 viol_val: 0.00172
epoch: 00700 loss_train: 0.00923 loss_val: 0.00985 viol_train: 0.00081 viol_val: 0.00089
epoch: 00750 loss_train: 0.00832 loss_val: 0.00891 viol_train: 0.00065 viol_val: 0.00063
epoch: 00800 loss_train: 0.00763 loss_val: 0.00817 viol_train: 0.00070 viol_val: 0.00066
epoch: 00850 loss_train: 0.00714 loss_val: 0.00804 viol_train: 0.00085 viol_val: 0.00084
epoch: 00900 loss_train: 0.00684 loss_val: 0.00763 viol_train: 0.00090 viol_val: 0.00087
epoch: 00950 loss_train: 0.00690 loss_val: 0.00762 viol_train: 0.00101 viol_val: 0.00100
epoch: 01000 loss_train: 0.00678 loss_val: 0.00754 viol_train: 0.00109 viol_val: 0.00114
Training Finished!
