Scaler Factors: [800.           0.9936625    1.987325     1.81292375]
Scaler saved at /home/f25moham/CSTR/nonlinear/total/pieces/Reduced_T/segments/segments2/heaviside/heaviside2/scaler.pkl
Scaled dataset saved at /home/f25moham/CSTR/nonlinear/total/pieces/Reduced_T/segments/segments2/heaviside/heaviside2/scaled_data.csv
Scaler Factors outside function: [800.           0.9936625    1.987325     1.81292375]
Scaler loaded successfully.
Scaler Type: <class 'sklearn.preprocessing._data.MaxAbsScaler'>
Scaler Factors (scale_): [800.           0.9936625    1.987325     1.81292375]
Namespace(model='KKThPINN', model_id='uniform_S2_r9', input_dim=1, hidden_dim=32, hidden_num=2, z0_dim=3, optimizer='adam', epochs=1000, batch_size=16, lr=0.0001, mu=1, max_subiter=500, eta=0.8, sigma=2, mu_safe=1000000000.0, dtype=64, dataset_type='cstr', dataset_path='data.csv', val_ratio=0.2, job='train', runs=1, run=0)
Scaler Factors: [800.           0.9936625    1.987325     1.81292375]
Scaler saved at /home/f25moham/CSTR/nonlinear/total/pieces/Reduced_T/segments/segments2/heaviside/heaviside2/scaler.pkl
Scaled dataset saved at /home/f25moham/CSTR/nonlinear/total/pieces/Reduced_T/segments/segments2/heaviside/heaviside2/scaled_data.csv
train set size: 90, val set size: 30, test set size: 30
Dtypes after casting:
[torch.float64, torch.float64]
[torch.float64, torch.float64]
[torch.float64, torch.float64]
Start Training…
epoch: 00050 loss_train: 0.06520 loss_val: 0.07295 viol_train: 0.20555 viol_val: 0.26013
epoch: 00100 loss_train: 0.04586 loss_val: 0.04790 viol_train: 0.11300 viol_val: 0.15023
epoch: 00150 loss_train: 0.03957 loss_val: 0.04151 viol_train: 0.06442 viol_val: 0.08579
epoch: 00200 loss_train: 0.03745 loss_val: 0.03735 viol_train: 0.04153 viol_val: 0.05070
epoch: 00250 loss_train: 0.03232 loss_val: 0.03466 viol_train: 0.03615 viol_val: 0.04019
epoch: 00300 loss_train: 0.03107 loss_val: 0.03147 viol_train: 0.03375 viol_val: 0.04197
epoch: 00350 loss_train: 0.02757 loss_val: 0.02905 viol_train: 0.03980 viol_val: 0.04234
epoch: 00400 loss_train: 0.02464 loss_val: 0.02643 viol_train: 0.04472 viol_val: 0.04850
epoch: 00450 loss_train: 0.02139 loss_val: 0.02335 viol_train: 0.04055 viol_val: 0.04802
epoch: 00500 loss_train: 0.01934 loss_val: 0.01952 viol_train: 0.04137 viol_val: 0.04845
epoch: 00550 loss_train: 0.01671 loss_val: 0.01698 viol_train: 0.04189 viol_val: 0.04699
epoch: 00600 loss_train: 0.01386 loss_val: 0.01474 viol_train: 0.04454 viol_val: 0.04461
epoch: 00650 loss_train: 0.01239 loss_val: 0.01207 viol_train: 0.03982 viol_val: 0.04852
epoch: 00700 loss_train: 0.01076 loss_val: 0.01082 viol_train: 0.04126 viol_val: 0.04540
epoch: 00750 loss_train: 0.00938 loss_val: 0.00949 viol_train: 0.03751 viol_val: 0.04267
epoch: 00800 loss_train: 0.00870 loss_val: 0.00814 viol_train: 0.03634 viol_val: 0.04139
epoch: 00850 loss_train: 0.00740 loss_val: 0.00745 viol_train: 0.03419 viol_val: 0.04200
epoch: 00900 loss_train: 0.00671 loss_val: 0.00660 viol_train: 0.03514 viol_val: 0.04129
epoch: 00950 loss_train: 0.00630 loss_val: 0.00603 viol_train: 0.03598 viol_val: 0.03809
epoch: 01000 loss_train: 0.00575 loss_val: 0.00549 viol_train: 0.03587 viol_val: 0.03765
Training Finished!
