Scaler Factors: [800.           0.9936625    1.987325     1.81292375]
Scaler saved at /home/f25moham/CSTR/nonlinear/total/pieces/Reduced_T/segments/segments2/heaviside/heaviside2/scaler.pkl
Scaled dataset saved at /home/f25moham/CSTR/nonlinear/total/pieces/Reduced_T/segments/segments2/heaviside/heaviside2/scaled_data.csv
Scaler Factors outside function: [800.           0.9936625    1.987325     1.81292375]
Scaler loaded successfully.
Scaler Type: <class 'sklearn.preprocessing._data.MaxAbsScaler'>
Scaler Factors (scale_): [800.           0.9936625    1.987325     1.81292375]
Namespace(model='KKThPINN', model_id='adaptive_S7_r9', input_dim=1, hidden_dim=32, hidden_num=2, z0_dim=3, optimizer='adam', epochs=1000, batch_size=16, lr=0.0001, mu=1, max_subiter=500, eta=0.8, sigma=2, mu_safe=1000000000.0, dtype=64, dataset_type='cstr', dataset_path='data.csv', val_ratio=0.2, job='train', runs=1, run=0)
Scaler Factors: [800.           0.9936625    1.987325     1.81292375]
Scaler saved at /home/f25moham/CSTR/nonlinear/total/pieces/Reduced_T/segments/segments2/heaviside/heaviside2/scaler.pkl
Scaled dataset saved at /home/f25moham/CSTR/nonlinear/total/pieces/Reduced_T/segments/segments2/heaviside/heaviside2/scaled_data.csv
train set size: 90, val set size: 30, test set size: 30
Dtypes after casting:
[torch.float64, torch.float64, torch.float64, torch.float64, torch.float64, torch.float64, torch.float64]
[torch.float64, torch.float64, torch.float64, torch.float64, torch.float64, torch.float64, torch.float64]
[torch.float64, torch.float64, torch.float64, torch.float64, torch.float64, torch.float64, torch.float64]
Start Training…
epoch: 00050 loss_train: 0.07174 loss_val: 0.07657 viol_train: 0.06096 viol_val: 0.07920
epoch: 00100 loss_train: 0.04592 loss_val: 0.04813 viol_train: 0.00938 viol_val: 0.01246
epoch: 00150 loss_train: 0.03602 loss_val: 0.03895 viol_train: 0.00227 viol_val: 0.00239
epoch: 00200 loss_train: 0.03202 loss_val: 0.03494 viol_train: 0.00910 viol_val: 0.01105
epoch: 00250 loss_train: 0.02952 loss_val: 0.03329 viol_train: 0.01263 viol_val: 0.01643
epoch: 00300 loss_train: 0.03001 loss_val: 0.03203 viol_train: 0.01384 viol_val: 0.01653
epoch: 00350 loss_train: 0.02663 loss_val: 0.02896 viol_train: 0.01198 viol_val: 0.01551
epoch: 00400 loss_train: 0.02484 loss_val: 0.02680 viol_train: 0.01329 viol_val: 0.01538
epoch: 00450 loss_train: 0.02182 loss_val: 0.02369 viol_train: 0.01134 viol_val: 0.01490
epoch: 00500 loss_train: 0.02014 loss_val: 0.02121 viol_train: 0.00972 viol_val: 0.01342
epoch: 00550 loss_train: 0.01812 loss_val: 0.01892 viol_train: 0.00844 viol_val: 0.01060
epoch: 00600 loss_train: 0.01548 loss_val: 0.01701 viol_train: 0.00742 viol_val: 0.00908
epoch: 00650 loss_train: 0.01465 loss_val: 0.01446 viol_train: 0.00580 viol_val: 0.00681
epoch: 00700 loss_train: 0.01186 loss_val: 0.01245 viol_train: 0.00402 viol_val: 0.00490
epoch: 00750 loss_train: 0.01024 loss_val: 0.01068 viol_train: 0.00291 viol_val: 0.00321
epoch: 00800 loss_train: 0.00895 loss_val: 0.00947 viol_train: 0.00192 viol_val: 0.00196
epoch: 00850 loss_train: 0.00781 loss_val: 0.00812 viol_train: 0.00183 viol_val: 0.00173
epoch: 00900 loss_train: 0.00679 loss_val: 0.00730 viol_train: 0.00170 viol_val: 0.00158
epoch: 00950 loss_train: 0.00590 loss_val: 0.00627 viol_train: 0.00150 viol_val: 0.00142
epoch: 01000 loss_train: 0.00517 loss_val: 0.00554 viol_train: 0.00135 viol_val: 0.00122
Training Finished!
