Scaler Factors: [800.           0.9936625    1.987325     1.81292375]
Scaler saved at /home/f25moham/CSTR/nonlinear/total/pieces/Reduced_T/segments/segments2/heaviside/heaviside2/scaler.pkl
Scaled dataset saved at /home/f25moham/CSTR/nonlinear/total/pieces/Reduced_T/segments/segments2/heaviside/heaviside2/scaled_data.csv
Scaler Factors outside function: [800.           0.9936625    1.987325     1.81292375]
Scaler loaded successfully.
Scaler Type: <class 'sklearn.preprocessing._data.MaxAbsScaler'>
Scaler Factors (scale_): [800.           0.9936625    1.987325     1.81292375]
Namespace(model='KKThPINN', model_id='uniform_S9', input_dim=1, hidden_dim=32, hidden_num=2, z0_dim=3, optimizer='adam', epochs=1000, batch_size=16, lr=0.0001, mu=1, max_subiter=500, eta=0.8, sigma=2, mu_safe=1000000000.0, dtype=64, dataset_type='cstr', dataset_path='data.csv', val_ratio=0.2, job='train', runs=1, run=0)
Scaler Factors: [800.           0.9936625    1.987325     1.81292375]
Scaler saved at /home/f25moham/CSTR/nonlinear/total/pieces/Reduced_T/segments/segments2/heaviside/heaviside2/scaler.pkl
Scaled dataset saved at /home/f25moham/CSTR/nonlinear/total/pieces/Reduced_T/segments/segments2/heaviside/heaviside2/scaled_data.csv
train set size: 90, val set size: 30, test set size: 30
Dtypes after casting:
[torch.float64, torch.float64, torch.float64, torch.float64, torch.float64, torch.float64, torch.float64, torch.float64, torch.float64]
[torch.float64, torch.float64, torch.float64, torch.float64, torch.float64, torch.float64, torch.float64, torch.float64, torch.float64]
[torch.float64, torch.float64, torch.float64, torch.float64, torch.float64, torch.float64, torch.float64, torch.float64, torch.float64]
Start Training…
epoch: 00050 loss_train: 0.14800 loss_val: 0.17337 viol_train: 0.30597 viol_val: 0.42477
epoch: 00100 loss_train: 0.06613 loss_val: 0.07771 viol_train: 0.07947 viol_val: 0.10799
epoch: 00150 loss_train: 0.03940 loss_val: 0.04479 viol_train: 0.00301 viol_val: 0.00381
epoch: 00200 loss_train: 0.03181 loss_val: 0.03384 viol_train: 0.00809 viol_val: 0.01129
epoch: 00250 loss_train: 0.02676 loss_val: 0.02879 viol_train: 0.01724 viol_val: 0.02317
epoch: 00300 loss_train: 0.02384 loss_val: 0.02619 viol_train: 0.01741 viol_val: 0.02380
epoch: 00350 loss_train: 0.02075 loss_val: 0.02246 viol_train: 0.01779 viol_val: 0.02316
epoch: 00400 loss_train: 0.01794 loss_val: 0.01932 viol_train: 0.01390 viol_val: 0.01927
epoch: 00450 loss_train: 0.01462 loss_val: 0.01618 viol_train: 0.01327 viol_val: 0.01459
epoch: 00500 loss_train: 0.01227 loss_val: 0.01308 viol_train: 0.00823 viol_val: 0.01072
epoch: 00550 loss_train: 0.01096 loss_val: 0.01101 viol_train: 0.00390 viol_val: 0.00538
epoch: 00600 loss_train: 0.00887 loss_val: 0.00913 viol_train: 0.00124 viol_val: 0.00154
epoch: 00650 loss_train: 0.00739 loss_val: 0.00771 viol_train: 0.00176 viol_val: 0.00212
epoch: 00700 loss_train: 0.00626 loss_val: 0.00669 viol_train: 0.00283 viol_val: 0.00327
epoch: 00750 loss_train: 0.00559 loss_val: 0.00594 viol_train: 0.00345 viol_val: 0.00437
epoch: 00800 loss_train: 0.00488 loss_val: 0.00529 viol_train: 0.00413 viol_val: 0.00442
epoch: 00850 loss_train: 0.00440 loss_val: 0.00469 viol_train: 0.00427 viol_val: 0.00512
epoch: 00900 loss_train: 0.00407 loss_val: 0.00430 viol_train: 0.00411 viol_val: 0.00447
epoch: 00950 loss_train: 0.00354 loss_val: 0.00375 viol_train: 0.00334 viol_val: 0.00429
epoch: 01000 loss_train: 0.00315 loss_val: 0.00328 viol_train: 0.00287 viol_val: 0.00374
Training Finished!
