Scaler Factors: [800.           0.9936625    1.987325     1.81292375]
Scaler saved at /home/f25moham/CSTR/nonlinear/total/pieces/Reduced_T/segments/segments2/heaviside/heaviside2/scaler.pkl
Scaled dataset saved at /home/f25moham/CSTR/nonlinear/total/pieces/Reduced_T/segments/segments2/heaviside/heaviside2/scaled_data.csv
Scaler Factors outside function: [800.           0.9936625    1.987325     1.81292375]
Scaler loaded successfully.
Scaler Type: <class 'sklearn.preprocessing._data.MaxAbsScaler'>
Scaler Factors (scale_): [800.           0.9936625    1.987325     1.81292375]
Namespace(model='KKThPINN', model_id='adaptive_S1_r3', input_dim=1, hidden_dim=32, hidden_num=2, z0_dim=3, optimizer='adam', epochs=1000, batch_size=16, lr=0.0001, mu=1, max_subiter=500, eta=0.8, sigma=2, mu_safe=1000000000.0, dtype=64, dataset_type='cstr', dataset_path='data.csv', val_ratio=0.2, job='train', runs=1, run=0)
Scaler Factors: [800.           0.9936625    1.987325     1.81292375]
Scaler saved at /home/f25moham/CSTR/nonlinear/total/pieces/Reduced_T/segments/segments2/heaviside/heaviside2/scaler.pkl
Scaled dataset saved at /home/f25moham/CSTR/nonlinear/total/pieces/Reduced_T/segments/segments2/heaviside/heaviside2/scaled_data.csv
train set size: 90, val set size: 30, test set size: 30
Dtypes after casting:
[torch.float64]
[torch.float64]
[torch.float64]
Start Training…
epoch: 00050 loss_train: 0.16486 loss_val: 0.18170 viol_train: 0.48255 viol_val: 0.61546
epoch: 00100 loss_train: 0.07065 loss_val: 0.08140 viol_train: 0.48149 viol_val: 0.66960
epoch: 00150 loss_train: 0.05995 loss_val: 0.06240 viol_train: 0.47491 viol_val: 0.66849
epoch: 00200 loss_train: 0.05787 loss_val: 0.06037 viol_train: 0.50060 viol_val: 0.66514
epoch: 00250 loss_train: 0.05837 loss_val: 0.06202 viol_train: 0.51277 viol_val: 0.65998
epoch: 00300 loss_train: 0.05498 loss_val: 0.05913 viol_train: 0.50565 viol_val: 0.66092
epoch: 00350 loss_train: 0.05681 loss_val: 0.05717 viol_train: 0.48634 viol_val: 0.67079
epoch: 00400 loss_train: 0.05225 loss_val: 0.05859 viol_train: 0.48789 viol_val: 0.64800
epoch: 00450 loss_train: 0.05294 loss_val: 0.05679 viol_train: 0.47223 viol_val: 0.64310
epoch: 00500 loss_train: 0.04900 loss_val: 0.05517 viol_train: 0.45893 viol_val: 0.66045
epoch: 00550 loss_train: 0.05183 loss_val: 0.05096 viol_train: 0.47984 viol_val: 0.64634
epoch: 00600 loss_train: 0.04661 loss_val: 0.04749 viol_train: 0.44820 viol_val: 0.65701
epoch: 00650 loss_train: 0.04887 loss_val: 0.04542 viol_train: 0.44319 viol_val: 0.63021
epoch: 00700 loss_train: 0.04496 loss_val: 0.04560 viol_train: 0.44937 viol_val: 0.64000
epoch: 00750 loss_train: 0.04136 loss_val: 0.04485 viol_train: 0.43817 viol_val: 0.61981
epoch: 00800 loss_train: 0.04091 loss_val: 0.04067 viol_train: 0.45867 viol_val: 0.63852
epoch: 00850 loss_train: 0.03878 loss_val: 0.03929 viol_train: 0.44712 viol_val: 0.59933
epoch: 00900 loss_train: 0.03550 loss_val: 0.03594 viol_train: 0.43511 viol_val: 0.59933
epoch: 00950 loss_train: 0.03521 loss_val: 0.03543 viol_train: 0.49839 viol_val: 0.60709
epoch: 01000 loss_train: 0.03270 loss_val: 0.03372 viol_train: 0.45557 viol_val: 0.60698
Training Finished!
