Scaler Factors: [800.           0.9936625    1.987325     1.81292375]
Scaler saved at /home/f25moham/CSTR/nonlinear/total/pieces/Reduced_T/segments/segments2/heaviside/heaviside2/scaler.pkl
Scaled dataset saved at /home/f25moham/CSTR/nonlinear/total/pieces/Reduced_T/segments/segments2/heaviside/heaviside2/scaled_data.csv
Scaler Factors outside function: [800.           0.9936625    1.987325     1.81292375]
Scaler loaded successfully.
Scaler Type: <class 'sklearn.preprocessing._data.MaxAbsScaler'>
Scaler Factors (scale_): [800.           0.9936625    1.987325     1.81292375]
Namespace(model='KKThPINN', model_id='uniform_S30_r4', input_dim=1, hidden_dim=32, hidden_num=2, z0_dim=3, optimizer='adam', epochs=1000, batch_size=16, lr=0.0001, mu=1, max_subiter=500, eta=0.8, sigma=2, mu_safe=1000000000.0, dtype=64, dataset_type='cstr', dataset_path='data.csv', val_ratio=0.2, job='train', runs=1, run=0)
Scaler Factors: [800.           0.9936625    1.987325     1.81292375]
Scaler saved at /home/f25moham/CSTR/nonlinear/total/pieces/Reduced_T/segments/segments2/heaviside/heaviside2/scaler.pkl
Scaled dataset saved at /home/f25moham/CSTR/nonlinear/total/pieces/Reduced_T/segments/segments2/heaviside/heaviside2/scaled_data.csv
train set size: 90, val set size: 30, test set size: 30
Dtypes after casting:
[torch.float64, torch.float64, torch.float64, torch.float64, torch.float64, torch.float64, torch.float64, torch.float64, torch.float64, torch.float64, torch.float64, torch.float64, torch.float64, torch.float64, torch.float64, torch.float64, torch.float64, torch.float64, torch.float64, torch.float64, torch.float64, torch.float64, torch.float64, torch.float64, torch.float64, torch.float64, torch.float64, torch.float64, torch.float64, torch.float64]
[torch.float64, torch.float64, torch.float64, torch.float64, torch.float64, torch.float64, torch.float64, torch.float64, torch.float64, torch.float64, torch.float64, torch.float64, torch.float64, torch.float64, torch.float64, torch.float64, torch.float64, torch.float64, torch.float64, torch.float64, torch.float64, torch.float64, torch.float64, torch.float64, torch.float64, torch.float64, torch.float64, torch.float64, torch.float64, torch.float64]
[torch.float64, torch.float64, torch.float64, torch.float64, torch.float64, torch.float64, torch.float64, torch.float64, torch.float64, torch.float64, torch.float64, torch.float64, torch.float64, torch.float64, torch.float64, torch.float64, torch.float64, torch.float64, torch.float64, torch.float64, torch.float64, torch.float64, torch.float64, torch.float64, torch.float64, torch.float64, torch.float64, torch.float64, torch.float64, torch.float64]
Start Training…
epoch: 00050 loss_train: 0.09381 loss_val: 0.11422 viol_train: 0.16218 viol_val: 0.22176
epoch: 00100 loss_train: 0.04462 loss_val: 0.05347 viol_train: 0.01873 viol_val: 0.02330
epoch: 00150 loss_train: 0.03582 loss_val: 0.03945 viol_train: 0.00179 viol_val: 0.00220
epoch: 00200 loss_train: 0.03102 loss_val: 0.03480 viol_train: 0.00900 viol_val: 0.01244
epoch: 00250 loss_train: 0.02797 loss_val: 0.03245 viol_train: 0.01258 viol_val: 0.01534
epoch: 00300 loss_train: 0.02615 loss_val: 0.02813 viol_train: 0.01214 viol_val: 0.01579
epoch: 00350 loss_train: 0.02412 loss_val: 0.02531 viol_train: 0.00990 viol_val: 0.01315
epoch: 00400 loss_train: 0.02012 loss_val: 0.02121 viol_train: 0.00855 viol_val: 0.01145
epoch: 00450 loss_train: 0.01699 loss_val: 0.01830 viol_train: 0.00644 viol_val: 0.00820
epoch: 00500 loss_train: 0.01464 loss_val: 0.01486 viol_train: 0.00382 viol_val: 0.00549
epoch: 00550 loss_train: 0.01207 loss_val: 0.01226 viol_train: 0.00221 viol_val: 0.00294
epoch: 00600 loss_train: 0.00975 loss_val: 0.01017 viol_train: 0.00085 viol_val: 0.00112
epoch: 00650 loss_train: 0.00839 loss_val: 0.00877 viol_train: 0.00033 viol_val: 0.00036
epoch: 00700 loss_train: 0.00700 loss_val: 0.00763 viol_train: 0.00035 viol_val: 0.00033
epoch: 00750 loss_train: 0.00618 loss_val: 0.00655 viol_train: 0.00049 viol_val: 0.00057
epoch: 00800 loss_train: 0.00521 loss_val: 0.00571 viol_train: 0.00063 viol_val: 0.00057
epoch: 00850 loss_train: 0.00458 loss_val: 0.00487 viol_train: 0.00071 viol_val: 0.00082
epoch: 00900 loss_train: 0.00393 loss_val: 0.00422 viol_train: 0.00114 viol_val: 0.00114
epoch: 00950 loss_train: 0.00354 loss_val: 0.00380 viol_train: 0.00125 viol_val: 0.00133
epoch: 01000 loss_train: 0.00324 loss_val: 0.00340 viol_train: 0.00156 viol_val: 0.00194
Training Finished!
