Scaler Factors: [800.           0.9936625    1.987325     1.81292375]
Scaler saved at /home/f25moham/CSTR/nonlinear/total/pieces/Reduced_T/segments/segments2/heaviside/heaviside2/scaler.pkl
Scaled dataset saved at /home/f25moham/CSTR/nonlinear/total/pieces/Reduced_T/segments/segments2/heaviside/heaviside2/scaled_data.csv
Scaler Factors outside function: [800.           0.9936625    1.987325     1.81292375]
Scaler loaded successfully.
Scaler Type: <class 'sklearn.preprocessing._data.MaxAbsScaler'>
Scaler Factors (scale_): [800.           0.9936625    1.987325     1.81292375]
Namespace(model='KKThPINN', model_id='adaptive_S7_r5', input_dim=1, hidden_dim=32, hidden_num=2, z0_dim=3, optimizer='adam', epochs=1000, batch_size=16, lr=0.0001, mu=1, max_subiter=500, eta=0.8, sigma=2, mu_safe=1000000000.0, dtype=64, dataset_type='cstr', dataset_path='data.csv', val_ratio=0.2, job='train', runs=1, run=0)
Scaler Factors: [800.           0.9936625    1.987325     1.81292375]
Scaler saved at /home/f25moham/CSTR/nonlinear/total/pieces/Reduced_T/segments/segments2/heaviside/heaviside2/scaler.pkl
Scaled dataset saved at /home/f25moham/CSTR/nonlinear/total/pieces/Reduced_T/segments/segments2/heaviside/heaviside2/scaled_data.csv
train set size: 90, val set size: 30, test set size: 30
Dtypes after casting:
[torch.float64, torch.float64, torch.float64, torch.float64, torch.float64, torch.float64, torch.float64]
[torch.float64, torch.float64, torch.float64, torch.float64, torch.float64, torch.float64, torch.float64]
[torch.float64, torch.float64, torch.float64, torch.float64, torch.float64, torch.float64, torch.float64]
Start Training…
epoch: 00050 loss_train: 0.06417 loss_val: 0.07110 viol_train: 0.03011 viol_val: 0.04059
epoch: 00100 loss_train: 0.04467 loss_val: 0.04880 viol_train: 0.00204 viol_val: 0.00219
epoch: 00150 loss_train: 0.03769 loss_val: 0.04236 viol_train: 0.00293 viol_val: 0.00329
epoch: 00200 loss_train: 0.03451 loss_val: 0.03869 viol_train: 0.00618 viol_val: 0.00814
epoch: 00250 loss_train: 0.03252 loss_val: 0.03530 viol_train: 0.00684 viol_val: 0.00922
epoch: 00300 loss_train: 0.03047 loss_val: 0.03282 viol_train: 0.00701 viol_val: 0.00854
epoch: 00350 loss_train: 0.02698 loss_val: 0.02979 viol_train: 0.00611 viol_val: 0.00738
epoch: 00400 loss_train: 0.02490 loss_val: 0.02645 viol_train: 0.00508 viol_val: 0.00580
epoch: 00450 loss_train: 0.02193 loss_val: 0.02426 viol_train: 0.00396 viol_val: 0.00468
epoch: 00500 loss_train: 0.01822 loss_val: 0.02019 viol_train: 0.00277 viol_val: 0.00319
epoch: 00550 loss_train: 0.01543 loss_val: 0.01642 viol_train: 0.00208 viol_val: 0.00204
epoch: 00600 loss_train: 0.01301 loss_val: 0.01376 viol_train: 0.00153 viol_val: 0.00133
epoch: 00650 loss_train: 0.01129 loss_val: 0.01166 viol_train: 0.00143 viol_val: 0.00117
epoch: 00700 loss_train: 0.00957 loss_val: 0.00990 viol_train: 0.00145 viol_val: 0.00116
epoch: 00750 loss_train: 0.00787 loss_val: 0.00849 viol_train: 0.00149 viol_val: 0.00124
epoch: 00800 loss_train: 0.00703 loss_val: 0.00724 viol_train: 0.00159 viol_val: 0.00140
epoch: 00850 loss_train: 0.00587 loss_val: 0.00619 viol_train: 0.00158 viol_val: 0.00145
epoch: 00900 loss_train: 0.00490 loss_val: 0.00535 viol_train: 0.00172 viol_val: 0.00151
epoch: 00950 loss_train: 0.00436 loss_val: 0.00453 viol_train: 0.00150 viol_val: 0.00140
epoch: 01000 loss_train: 0.00369 loss_val: 0.00389 viol_train: 0.00144 viol_val: 0.00133
Training Finished!
