Scaler Factors: [800.           0.9936625    1.987325     1.81292375]
Scaler saved at /home/f25moham/CSTR/nonlinear/total/pieces/Reduced_T/segments/segments2/heaviside/heaviside2/scaler.pkl
Scaled dataset saved at /home/f25moham/CSTR/nonlinear/total/pieces/Reduced_T/segments/segments2/heaviside/heaviside2/scaled_data.csv
Scaler Factors outside function: [800.           0.9936625    1.987325     1.81292375]
Scaler loaded successfully.
Scaler Type: <class 'sklearn.preprocessing._data.MaxAbsScaler'>
Scaler Factors (scale_): [800.           0.9936625    1.987325     1.81292375]
Namespace(model='KKThPINN', model_id='uniform_S3_r3', input_dim=1, hidden_dim=32, hidden_num=2, z0_dim=3, optimizer='adam', epochs=1000, batch_size=16, lr=0.0001, mu=1, max_subiter=500, eta=0.8, sigma=2, mu_safe=1000000000.0, dtype=64, dataset_type='cstr', dataset_path='data.csv', val_ratio=0.2, job='train', runs=1, run=0)
Scaler Factors: [800.           0.9936625    1.987325     1.81292375]
Scaler saved at /home/f25moham/CSTR/nonlinear/total/pieces/Reduced_T/segments/segments2/heaviside/heaviside2/scaler.pkl
Scaled dataset saved at /home/f25moham/CSTR/nonlinear/total/pieces/Reduced_T/segments/segments2/heaviside/heaviside2/scaled_data.csv
train set size: 90, val set size: 30, test set size: 30
Dtypes after casting:
[torch.float64, torch.float64, torch.float64]
[torch.float64, torch.float64, torch.float64]
[torch.float64, torch.float64, torch.float64]
Start Training…
epoch: 00050 loss_train: 0.04535 loss_val: 0.05148 viol_train: 0.05875 viol_val: 0.07562
epoch: 00100 loss_train: 0.03690 loss_val: 0.04112 viol_train: 0.01149 viol_val: 0.01202
epoch: 00150 loss_train: 0.03498 loss_val: 0.04005 viol_train: 0.01283 viol_val: 0.01532
epoch: 00200 loss_train: 0.03433 loss_val: 0.03782 viol_train: 0.01530 viol_val: 0.01490
epoch: 00250 loss_train: 0.03462 loss_val: 0.03916 viol_train: 0.01427 viol_val: 0.01429
epoch: 00300 loss_train: 0.03189 loss_val: 0.03634 viol_train: 0.01302 viol_val: 0.01404
epoch: 00350 loss_train: 0.03176 loss_val: 0.03489 viol_train: 0.01315 viol_val: 0.01377
epoch: 00400 loss_train: 0.02997 loss_val: 0.03371 viol_train: 0.01354 viol_val: 0.01395
epoch: 00450 loss_train: 0.02884 loss_val: 0.03106 viol_train: 0.01309 viol_val: 0.01319
epoch: 00500 loss_train: 0.02709 loss_val: 0.02991 viol_train: 0.01226 viol_val: 0.01259
epoch: 00550 loss_train: 0.02387 loss_val: 0.02753 viol_train: 0.01178 viol_val: 0.01327
epoch: 00600 loss_train: 0.02345 loss_val: 0.02532 viol_train: 0.01146 viol_val: 0.01243
epoch: 00650 loss_train: 0.02062 loss_val: 0.02278 viol_train: 0.01149 viol_val: 0.01225
epoch: 00700 loss_train: 0.01938 loss_val: 0.02127 viol_train: 0.01135 viol_val: 0.01217
epoch: 00750 loss_train: 0.01716 loss_val: 0.01813 viol_train: 0.01231 viol_val: 0.01215
epoch: 00800 loss_train: 0.01454 loss_val: 0.01682 viol_train: 0.01202 viol_val: 0.01190
epoch: 00850 loss_train: 0.01305 loss_val: 0.01443 viol_train: 0.01114 viol_val: 0.01275
epoch: 00900 loss_train: 0.01127 loss_val: 0.01332 viol_train: 0.01247 viol_val: 0.01221
epoch: 00950 loss_train: 0.01013 loss_val: 0.01179 viol_train: 0.01204 viol_val: 0.01325
epoch: 01000 loss_train: 0.00934 loss_val: 0.01089 viol_train: 0.01260 viol_val: 0.01220
Training Finished!
