Scaler Factors: [800.           0.9936625    1.987325     1.81292375]
Scaler saved at /home/f25moham/CSTR/nonlinear/total/pieces/Reduced_T/segments/segments2/heaviside/heaviside2/scaler.pkl
Scaled dataset saved at /home/f25moham/CSTR/nonlinear/total/pieces/Reduced_T/segments/segments2/heaviside/heaviside2/scaled_data.csv
Scaler Factors outside function: [800.           0.9936625    1.987325     1.81292375]
Scaler loaded successfully.
Scaler Type: <class 'sklearn.preprocessing._data.MaxAbsScaler'>
Scaler Factors (scale_): [800.           0.9936625    1.987325     1.81292375]
Namespace(model='KKThPINN', model_id='adaptive_S2_r0', input_dim=1, hidden_dim=32, hidden_num=2, z0_dim=3, optimizer='adam', epochs=1000, batch_size=16, lr=0.0001, mu=1, max_subiter=500, eta=0.8, sigma=2, mu_safe=1000000000.0, dtype=64, dataset_type='cstr', dataset_path='data.csv', val_ratio=0.2, job='train', runs=1, run=0)
Scaler Factors: [800.           0.9936625    1.987325     1.81292375]
Scaler saved at /home/f25moham/CSTR/nonlinear/total/pieces/Reduced_T/segments/segments2/heaviside/heaviside2/scaler.pkl
Scaled dataset saved at /home/f25moham/CSTR/nonlinear/total/pieces/Reduced_T/segments/segments2/heaviside/heaviside2/scaled_data.csv
train set size: 90, val set size: 30, test set size: 30
Dtypes after casting:
[torch.float64, torch.float64]
[torch.float64, torch.float64]
[torch.float64, torch.float64]
Start Training…
epoch: 00050 loss_train: 0.04976 loss_val: 0.05715 viol_train: 0.04054 viol_val: 0.04715
epoch: 00100 loss_train: 0.03814 loss_val: 0.04164 viol_train: 0.03562 viol_val: 0.03856
epoch: 00150 loss_train: 0.03702 loss_val: 0.03925 viol_train: 0.03177 viol_val: 0.03948
epoch: 00200 loss_train: 0.03473 loss_val: 0.03726 viol_train: 0.03387 viol_val: 0.04112
epoch: 00250 loss_train: 0.03261 loss_val: 0.03624 viol_train: 0.03335 viol_val: 0.04037
epoch: 00300 loss_train: 0.03122 loss_val: 0.03287 viol_train: 0.03284 viol_val: 0.03956
epoch: 00350 loss_train: 0.02943 loss_val: 0.02969 viol_train: 0.03390 viol_val: 0.04122
epoch: 00400 loss_train: 0.02537 loss_val: 0.02632 viol_train: 0.03937 viol_val: 0.04175
epoch: 00450 loss_train: 0.02312 loss_val: 0.02373 viol_train: 0.03432 viol_val: 0.03967
epoch: 00500 loss_train: 0.02102 loss_val: 0.02104 viol_train: 0.03374 viol_val: 0.04153
epoch: 00550 loss_train: 0.01775 loss_val: 0.01902 viol_train: 0.03715 viol_val: 0.04202
epoch: 00600 loss_train: 0.01594 loss_val: 0.01577 viol_train: 0.03372 viol_val: 0.04095
epoch: 00650 loss_train: 0.01450 loss_val: 0.01383 viol_train: 0.03432 viol_val: 0.04168
epoch: 00700 loss_train: 0.01246 loss_val: 0.01183 viol_train: 0.03460 viol_val: 0.04267
epoch: 00750 loss_train: 0.01102 loss_val: 0.01080 viol_train: 0.03430 viol_val: 0.04097
epoch: 00800 loss_train: 0.00976 loss_val: 0.00937 viol_train: 0.03394 viol_val: 0.03927
epoch: 00850 loss_train: 0.00878 loss_val: 0.00846 viol_train: 0.03591 viol_val: 0.04000
epoch: 00900 loss_train: 0.00757 loss_val: 0.00780 viol_train: 0.03400 viol_val: 0.03945
epoch: 00950 loss_train: 0.00715 loss_val: 0.00677 viol_train: 0.03416 viol_val: 0.03954
epoch: 01000 loss_train: 0.00646 loss_val: 0.00623 viol_train: 0.03516 viol_val: 0.03860
Training Finished!
