Scaler Factors: [800.           0.9936625    1.987325     1.81292375]
Scaler saved at /home/f25moham/CSTR/nonlinear/total/pieces/Reduced_T/segments/segments2/heaviside/heaviside2/scaler.pkl
Scaled dataset saved at /home/f25moham/CSTR/nonlinear/total/pieces/Reduced_T/segments/segments2/heaviside/heaviside2/scaled_data.csv
Scaler Factors outside function: [800.           0.9936625    1.987325     1.81292375]
Scaler loaded successfully.
Scaler Type: <class 'sklearn.preprocessing._data.MaxAbsScaler'>
Scaler Factors (scale_): [800.           0.9936625    1.987325     1.81292375]
Namespace(model='KKThPINN', model_id='uniform_S30_r2', input_dim=1, hidden_dim=32, hidden_num=2, z0_dim=3, optimizer='adam', epochs=1000, batch_size=16, lr=0.0001, mu=1, max_subiter=500, eta=0.8, sigma=2, mu_safe=1000000000.0, dtype=64, dataset_type='cstr', dataset_path='data.csv', val_ratio=0.2, job='train', runs=1, run=0)
Scaler Factors: [800.           0.9936625    1.987325     1.81292375]
Scaler saved at /home/f25moham/CSTR/nonlinear/total/pieces/Reduced_T/segments/segments2/heaviside/heaviside2/scaler.pkl
Scaled dataset saved at /home/f25moham/CSTR/nonlinear/total/pieces/Reduced_T/segments/segments2/heaviside/heaviside2/scaled_data.csv
train set size: 90, val set size: 30, test set size: 30
Dtypes after casting:
[torch.float64, torch.float64, torch.float64, torch.float64, torch.float64, torch.float64, torch.float64, torch.float64, torch.float64, torch.float64, torch.float64, torch.float64, torch.float64, torch.float64, torch.float64, torch.float64, torch.float64, torch.float64, torch.float64, torch.float64, torch.float64, torch.float64, torch.float64, torch.float64, torch.float64, torch.float64, torch.float64, torch.float64, torch.float64, torch.float64]
[torch.float64, torch.float64, torch.float64, torch.float64, torch.float64, torch.float64, torch.float64, torch.float64, torch.float64, torch.float64, torch.float64, torch.float64, torch.float64, torch.float64, torch.float64, torch.float64, torch.float64, torch.float64, torch.float64, torch.float64, torch.float64, torch.float64, torch.float64, torch.float64, torch.float64, torch.float64, torch.float64, torch.float64, torch.float64, torch.float64]
[torch.float64, torch.float64, torch.float64, torch.float64, torch.float64, torch.float64, torch.float64, torch.float64, torch.float64, torch.float64, torch.float64, torch.float64, torch.float64, torch.float64, torch.float64, torch.float64, torch.float64, torch.float64, torch.float64, torch.float64, torch.float64, torch.float64, torch.float64, torch.float64, torch.float64, torch.float64, torch.float64, torch.float64, torch.float64, torch.float64]
Start Training…
epoch: 00050 loss_train: 0.09807 loss_val: 0.12045 viol_train: 0.08761 viol_val: 0.12412
epoch: 00100 loss_train: 0.04898 loss_val: 0.05776 viol_train: 0.02235 viol_val: 0.03061
epoch: 00150 loss_train: 0.03629 loss_val: 0.04088 viol_train: 0.00033 viol_val: 0.00035
epoch: 00200 loss_train: 0.03261 loss_val: 0.03610 viol_train: 0.00612 viol_val: 0.00796
epoch: 00250 loss_train: 0.03100 loss_val: 0.03368 viol_train: 0.00872 viol_val: 0.01162
epoch: 00300 loss_train: 0.03063 loss_val: 0.03142 viol_train: 0.00775 viol_val: 0.01076
epoch: 00350 loss_train: 0.02714 loss_val: 0.02748 viol_train: 0.00688 viol_val: 0.00908
epoch: 00400 loss_train: 0.02358 loss_val: 0.02506 viol_train: 0.00509 viol_val: 0.00688
epoch: 00450 loss_train: 0.02038 loss_val: 0.02182 viol_train: 0.00360 viol_val: 0.00508
epoch: 00500 loss_train: 0.01846 loss_val: 0.01910 viol_train: 0.00177 viol_val: 0.00249
epoch: 00550 loss_train: 0.01476 loss_val: 0.01564 viol_train: 0.00084 viol_val: 0.00109
epoch: 00600 loss_train: 0.01223 loss_val: 0.01285 viol_train: 0.00046 viol_val: 0.00051
epoch: 00650 loss_train: 0.01039 loss_val: 0.01081 viol_train: 0.00067 viol_val: 0.00064
epoch: 00700 loss_train: 0.00893 loss_val: 0.00928 viol_train: 0.00100 viol_val: 0.00101
epoch: 00750 loss_train: 0.00797 loss_val: 0.00836 viol_train: 0.00129 viol_val: 0.00151
epoch: 00800 loss_train: 0.00732 loss_val: 0.00760 viol_train: 0.00181 viol_val: 0.00209
epoch: 00850 loss_train: 0.00670 loss_val: 0.00708 viol_train: 0.00238 viol_val: 0.00277
epoch: 00900 loss_train: 0.00622 loss_val: 0.00682 viol_train: 0.00300 viol_val: 0.00329
epoch: 00950 loss_train: 0.00610 loss_val: 0.00660 viol_train: 0.00307 viol_val: 0.00340
epoch: 01000 loss_train: 0.00603 loss_val: 0.00653 viol_train: 0.00320 viol_val: 0.00397
Training Finished!
