Scaler Factors: [800.           0.9936625    1.987325     1.81292375]
Scaler saved at /home/f25moham/CSTR/nonlinear/total/pieces/Reduced_T/segments/segments2/heaviside/heaviside2/scaler.pkl
Scaled dataset saved at /home/f25moham/CSTR/nonlinear/total/pieces/Reduced_T/segments/segments2/heaviside/heaviside2/scaled_data.csv
Scaler Factors outside function: [800.           0.9936625    1.987325     1.81292375]
Scaler loaded successfully.
Scaler Type: <class 'sklearn.preprocessing._data.MaxAbsScaler'>
Scaler Factors (scale_): [800.           0.9936625    1.987325     1.81292375]
Namespace(model='KKThPINN', model_id='uniform_S90_r4', input_dim=1, hidden_dim=32, hidden_num=2, z0_dim=3, optimizer='adam', epochs=1000, batch_size=16, lr=0.0001, mu=1, max_subiter=500, eta=0.8, sigma=2, mu_safe=1000000000.0, dtype=64, dataset_type='cstr', dataset_path='data.csv', val_ratio=0.2, job='train', runs=1, run=0)
Scaler Factors: [800.           0.9936625    1.987325     1.81292375]
Scaler saved at /home/f25moham/CSTR/nonlinear/total/pieces/Reduced_T/segments/segments2/heaviside/heaviside2/scaler.pkl
Scaled dataset saved at /home/f25moham/CSTR/nonlinear/total/pieces/Reduced_T/segments/segments2/heaviside/heaviside2/scaled_data.csv
train set size: 90, val set size: 30, test set size: 30
Dtypes after casting:
[torch.float64, torch.float64, torch.float64, torch.float64, torch.float64, torch.float64, torch.float64, torch.float64, torch.float64, torch.float64, torch.float64, torch.float64, torch.float64, torch.float64, torch.float64, torch.float64, torch.float64, torch.float64, torch.float64, torch.float64, torch.float64, torch.float64, torch.float64, torch.float64, torch.float64, torch.float64, torch.float64, torch.float64, torch.float64, torch.float64, torch.float64, torch.float64, torch.float64, torch.float64, torch.float64, torch.float64, torch.float64, torch.float64, torch.float64, torch.float64, torch.float64, torch.float64, torch.float64, torch.float64, torch.float64, torch.float64, torch.float64, torch.float64, torch.float64, torch.float64, torch.float64, torch.float64, torch.float64, torch.float64, torch.float64, torch.float64, torch.float64, torch.float64, torch.float64, torch.float64, torch.float64, torch.float64, torch.float64, torch.float64, torch.float64, torch.float64, torch.float64, torch.float64, torch.float64, torch.float64, torch.float64, torch.float64, torch.float64, torch.float64, torch.float64, torch.float64, torch.float64, torch.float64, torch.float64, torch.float64, torch.float64, torch.float64, torch.float64, torch.float64, torch.float64, torch.float64, torch.float64, torch.float64, torch.float64, torch.float64]
[torch.float64, torch.float64, torch.float64, torch.float64, torch.float64, torch.float64, torch.float64, torch.float64, torch.float64, torch.float64, torch.float64, torch.float64, torch.float64, torch.float64, torch.float64, torch.float64, torch.float64, torch.float64, torch.float64, torch.float64, torch.float64, torch.float64, torch.float64, torch.float64, torch.float64, torch.float64, torch.float64, torch.float64, torch.float64, torch.float64, torch.float64, torch.float64, torch.float64, torch.float64, torch.float64, torch.float64, torch.float64, torch.float64, torch.float64, torch.float64, torch.float64, torch.float64, torch.float64, torch.float64, torch.float64, torch.float64, torch.float64, torch.float64, torch.float64, torch.float64, torch.float64, torch.float64, torch.float64, torch.float64, torch.float64, torch.float64, torch.float64, torch.float64, torch.float64, torch.float64, torch.float64, torch.float64, torch.float64, torch.float64, torch.float64, torch.float64, torch.float64, torch.float64, torch.float64, torch.float64, torch.float64, torch.float64, torch.float64, torch.float64, torch.float64, torch.float64, torch.float64, torch.float64, torch.float64, torch.float64, torch.float64, torch.float64, torch.float64, torch.float64, torch.float64, torch.float64, torch.float64, torch.float64, torch.float64, torch.float64]
[torch.float64, torch.float64, torch.float64, torch.float64, torch.float64, torch.float64, torch.float64, torch.float64, torch.float64, torch.float64, torch.float64, torch.float64, torch.float64, torch.float64, torch.float64, torch.float64, torch.float64, torch.float64, torch.float64, torch.float64, torch.float64, torch.float64, torch.float64, torch.float64, torch.float64, torch.float64, torch.float64, torch.float64, torch.float64, torch.float64, torch.float64, torch.float64, torch.float64, torch.float64, torch.float64, torch.float64, torch.float64, torch.float64, torch.float64, torch.float64, torch.float64, torch.float64, torch.float64, torch.float64, torch.float64, torch.float64, torch.float64, torch.float64, torch.float64, torch.float64, torch.float64, torch.float64, torch.float64, torch.float64, torch.float64, torch.float64, torch.float64, torch.float64, torch.float64, torch.float64, torch.float64, torch.float64, torch.float64, torch.float64, torch.float64, torch.float64, torch.float64, torch.float64, torch.float64, torch.float64, torch.float64, torch.float64, torch.float64, torch.float64, torch.float64, torch.float64, torch.float64, torch.float64, torch.float64, torch.float64, torch.float64, torch.float64, torch.float64, torch.float64, torch.float64, torch.float64, torch.float64, torch.float64, torch.float64, torch.float64]
Start Training…
epoch: 00050 loss_train: 0.06935 loss_val: 0.08569 viol_train: 0.01923 viol_val: 0.02433
epoch: 00100 loss_train: 0.03962 loss_val: 0.04602 viol_train: 0.00120 viol_val: 0.00156
epoch: 00150 loss_train: 0.03206 loss_val: 0.03600 viol_train: 0.01285 viol_val: 0.01736
epoch: 00200 loss_train: 0.02860 loss_val: 0.03111 viol_train: 0.01784 viol_val: 0.02277
epoch: 00250 loss_train: 0.02530 loss_val: 0.02622 viol_train: 0.01380 viol_val: 0.01909
epoch: 00300 loss_train: 0.02071 loss_val: 0.02233 viol_train: 0.01243 viol_val: 0.01661
epoch: 00350 loss_train: 0.01765 loss_val: 0.01834 viol_train: 0.00899 viol_val: 0.01265
epoch: 00400 loss_train: 0.01378 loss_val: 0.01450 viol_train: 0.00557 viol_val: 0.00743
epoch: 00450 loss_train: 0.01173 loss_val: 0.01203 viol_train: 0.00285 viol_val: 0.00390
epoch: 00500 loss_train: 0.00933 loss_val: 0.01012 viol_train: 0.00099 viol_val: 0.00128
epoch: 00550 loss_train: 0.00824 loss_val: 0.00840 viol_train: 0.00046 viol_val: 0.00063
epoch: 00600 loss_train: 0.00678 loss_val: 0.00729 viol_train: 0.00028 viol_val: 0.00037
epoch: 00650 loss_train: 0.00613 loss_val: 0.00632 viol_train: 0.00016 viol_val: 0.00018
epoch: 00700 loss_train: 0.00518 loss_val: 0.00561 viol_train: 0.00028 viol_val: 0.00031
epoch: 00750 loss_train: 0.00463 loss_val: 0.00493 viol_train: 0.00057 viol_val: 0.00059
epoch: 00800 loss_train: 0.00411 loss_val: 0.00445 viol_train: 0.00081 viol_val: 0.00094
epoch: 00850 loss_train: 0.00367 loss_val: 0.00388 viol_train: 0.00105 viol_val: 0.00124
epoch: 00900 loss_train: 0.00334 loss_val: 0.00358 viol_train: 0.00110 viol_val: 0.00125
epoch: 00950 loss_train: 0.00305 loss_val: 0.00324 viol_train: 0.00143 viol_val: 0.00196
epoch: 01000 loss_train: 0.00276 loss_val: 0.00300 viol_train: 0.00186 viol_val: 0.00195
Training Finished!
