Scaler Factors: [800.           0.9936625    1.987325     1.81292375]
Scaler saved at /home/f25moham/CSTR/nonlinear/total/pieces/Reduced_T/segments/segments2/heaviside/heaviside2/scaler.pkl
Scaled dataset saved at /home/f25moham/CSTR/nonlinear/total/pieces/Reduced_T/segments/segments2/heaviside/heaviside2/scaled_data.csv
Scaler Factors outside function: [800.           0.9936625    1.987325     1.81292375]
Scaler loaded successfully.
Scaler Type: <class 'sklearn.preprocessing._data.MaxAbsScaler'>
Scaler Factors (scale_): [800.           0.9936625    1.987325     1.81292375]
Namespace(model='KKThPINN', model_id='adaptive_S1_r4', input_dim=1, hidden_dim=32, hidden_num=2, z0_dim=3, optimizer='adam', epochs=1000, batch_size=16, lr=0.0001, mu=1, max_subiter=500, eta=0.8, sigma=2, mu_safe=1000000000.0, dtype=64, dataset_type='cstr', dataset_path='data.csv', val_ratio=0.2, job='train', runs=1, run=0)
Scaler Factors: [800.           0.9936625    1.987325     1.81292375]
Scaler saved at /home/f25moham/CSTR/nonlinear/total/pieces/Reduced_T/segments/segments2/heaviside/heaviside2/scaler.pkl
Scaled dataset saved at /home/f25moham/CSTR/nonlinear/total/pieces/Reduced_T/segments/segments2/heaviside/heaviside2/scaled_data.csv
train set size: 90, val set size: 30, test set size: 30
Dtypes after casting:
[torch.float64]
[torch.float64]
[torch.float64]
Start Training…
epoch: 00050 loss_train: 0.12235 loss_val: 0.13262 viol_train: 0.45528 viol_val: 0.58952
epoch: 00100 loss_train: 0.05457 loss_val: 0.05956 viol_train: 0.48643 viol_val: 0.68167
epoch: 00150 loss_train: 0.05063 loss_val: 0.05603 viol_train: 0.48723 viol_val: 0.66530
epoch: 00200 loss_train: 0.05247 loss_val: 0.05394 viol_train: 0.47168 viol_val: 0.66472
epoch: 00250 loss_train: 0.05214 loss_val: 0.05132 viol_train: 0.46233 viol_val: 0.63415
epoch: 00300 loss_train: 0.04855 loss_val: 0.04954 viol_train: 0.47891 viol_val: 0.65445
epoch: 00350 loss_train: 0.04695 loss_val: 0.04808 viol_train: 0.45040 viol_val: 0.66138
epoch: 00400 loss_train: 0.04190 loss_val: 0.04479 viol_train: 0.46078 viol_val: 0.63518
epoch: 00450 loss_train: 0.04216 loss_val: 0.04285 viol_train: 0.46805 viol_val: 0.64802
epoch: 00500 loss_train: 0.03756 loss_val: 0.03862 viol_train: 0.43538 viol_val: 0.63141
epoch: 00550 loss_train: 0.03608 loss_val: 0.03605 viol_train: 0.50965 viol_val: 0.61589
epoch: 00600 loss_train: 0.03368 loss_val: 0.03409 viol_train: 0.44734 viol_val: 0.62592
epoch: 00650 loss_train: 0.03129 loss_val: 0.03254 viol_train: 0.47330 viol_val: 0.59796
epoch: 00700 loss_train: 0.03044 loss_val: 0.02953 viol_train: 0.46625 viol_val: 0.62817
epoch: 00750 loss_train: 0.02850 loss_val: 0.02894 viol_train: 0.44273 viol_val: 0.61185
epoch: 00800 loss_train: 0.02740 loss_val: 0.02614 viol_train: 0.46909 viol_val: 0.59539
epoch: 00850 loss_train: 0.02622 loss_val: 0.02683 viol_train: 0.43970 viol_val: 0.62910
epoch: 00900 loss_train: 0.02415 loss_val: 0.02540 viol_train: 0.43674 viol_val: 0.60595
epoch: 00950 loss_train: 0.02483 loss_val: 0.02518 viol_train: 0.47281 viol_val: 0.60441
epoch: 01000 loss_train: 0.02488 loss_val: 0.02372 viol_train: 0.44638 viol_val: 0.59784
Training Finished!
