Scaler Factors: [800.           0.9936625    1.987325     1.81292375]
Scaler saved at /home/f25moham/CSTR/nonlinear/total/pieces/Reduced_T/segments/segments2/heaviside/heaviside2/scaler.pkl
Scaled dataset saved at /home/f25moham/CSTR/nonlinear/total/pieces/Reduced_T/segments/segments2/heaviside/heaviside2/scaled_data.csv
Scaler Factors outside function: [800.           0.9936625    1.987325     1.81292375]
Scaler loaded successfully.
Scaler Type: <class 'sklearn.preprocessing._data.MaxAbsScaler'>
Scaler Factors (scale_): [800.           0.9936625    1.987325     1.81292375]
Namespace(model='KKThPINN', model_id='uniform_S7_r9', input_dim=1, hidden_dim=32, hidden_num=2, z0_dim=3, optimizer='adam', epochs=1000, batch_size=16, lr=0.0001, mu=1, max_subiter=500, eta=0.8, sigma=2, mu_safe=1000000000.0, dtype=64, dataset_type='cstr', dataset_path='data.csv', val_ratio=0.2, job='train', runs=1, run=0)
Scaler Factors: [800.           0.9936625    1.987325     1.81292375]
Scaler saved at /home/f25moham/CSTR/nonlinear/total/pieces/Reduced_T/segments/segments2/heaviside/heaviside2/scaler.pkl
Scaled dataset saved at /home/f25moham/CSTR/nonlinear/total/pieces/Reduced_T/segments/segments2/heaviside/heaviside2/scaled_data.csv
train set size: 90, val set size: 30, test set size: 30
Dtypes after casting:
[torch.float64, torch.float64, torch.float64, torch.float64, torch.float64, torch.float64, torch.float64]
[torch.float64, torch.float64, torch.float64, torch.float64, torch.float64, torch.float64, torch.float64]
[torch.float64, torch.float64, torch.float64, torch.float64, torch.float64, torch.float64, torch.float64]
Start Training…
epoch: 00050 loss_train: 0.10472 loss_val: 0.12279 viol_train: 0.02647 viol_val: 0.03542
epoch: 00100 loss_train: 0.04736 loss_val: 0.05454 viol_train: 0.00223 viol_val: 0.00289
epoch: 00150 loss_train: 0.03711 loss_val: 0.04443 viol_train: 0.00393 viol_val: 0.00509
epoch: 00200 loss_train: 0.03660 loss_val: 0.03969 viol_train: 0.00871 viol_val: 0.01188
epoch: 00250 loss_train: 0.03327 loss_val: 0.03759 viol_train: 0.01099 viol_val: 0.01464
epoch: 00300 loss_train: 0.03298 loss_val: 0.03488 viol_train: 0.01053 viol_val: 0.01542
epoch: 00350 loss_train: 0.03094 loss_val: 0.03263 viol_train: 0.01046 viol_val: 0.01404
epoch: 00400 loss_train: 0.02934 loss_val: 0.02936 viol_train: 0.00907 viol_val: 0.01304
epoch: 00450 loss_train: 0.02664 loss_val: 0.02783 viol_train: 0.00767 viol_val: 0.01042
epoch: 00500 loss_train: 0.02361 loss_val: 0.02489 viol_train: 0.00574 viol_val: 0.00771
epoch: 00550 loss_train: 0.02066 loss_val: 0.02235 viol_train: 0.00410 viol_val: 0.00587
epoch: 00600 loss_train: 0.01835 loss_val: 0.01919 viol_train: 0.00312 viol_val: 0.00389
epoch: 00650 loss_train: 0.01571 loss_val: 0.01680 viol_train: 0.00216 viol_val: 0.00272
epoch: 00700 loss_train: 0.01341 loss_val: 0.01420 viol_train: 0.00196 viol_val: 0.00233
epoch: 00750 loss_train: 0.01173 loss_val: 0.01211 viol_train: 0.00230 viol_val: 0.00265
epoch: 00800 loss_train: 0.01006 loss_val: 0.01045 viol_train: 0.00327 viol_val: 0.00362
epoch: 00850 loss_train: 0.00940 loss_val: 0.00964 viol_train: 0.00373 viol_val: 0.00399
epoch: 00900 loss_train: 0.00826 loss_val: 0.00840 viol_train: 0.00371 viol_val: 0.00463
epoch: 00950 loss_train: 0.00766 loss_val: 0.00776 viol_train: 0.00385 viol_val: 0.00446
epoch: 01000 loss_train: 0.00698 loss_val: 0.00739 viol_train: 0.00490 viol_val: 0.00573
Training Finished!
