Scaler Factors: [800.           0.9936625    1.987325     1.81292375]
Scaler saved at /home/f25moham/CSTR/nonlinear/total/pieces/Reduced_T/segments/segments2/heaviside/heaviside2/scaler.pkl
Scaled dataset saved at /home/f25moham/CSTR/nonlinear/total/pieces/Reduced_T/segments/segments2/heaviside/heaviside2/scaled_data.csv
Scaler Factors outside function: [800.           0.9936625    1.987325     1.81292375]
Scaler loaded successfully.
Scaler Type: <class 'sklearn.preprocessing._data.MaxAbsScaler'>
Scaler Factors (scale_): [800.           0.9936625    1.987325     1.81292375]
Namespace(model='KKThPINN', model_id='uniform_S7_r6', input_dim=1, hidden_dim=32, hidden_num=2, z0_dim=3, optimizer='adam', epochs=1000, batch_size=16, lr=0.0001, mu=1, max_subiter=500, eta=0.8, sigma=2, mu_safe=1000000000.0, dtype=64, dataset_type='cstr', dataset_path='data.csv', val_ratio=0.2, job='train', runs=1, run=0)
Scaler Factors: [800.           0.9936625    1.987325     1.81292375]
Scaler saved at /home/f25moham/CSTR/nonlinear/total/pieces/Reduced_T/segments/segments2/heaviside/heaviside2/scaler.pkl
Scaled dataset saved at /home/f25moham/CSTR/nonlinear/total/pieces/Reduced_T/segments/segments2/heaviside/heaviside2/scaled_data.csv
train set size: 90, val set size: 30, test set size: 30
Dtypes after casting:
[torch.float64, torch.float64, torch.float64, torch.float64, torch.float64, torch.float64, torch.float64]
[torch.float64, torch.float64, torch.float64, torch.float64, torch.float64, torch.float64, torch.float64]
[torch.float64, torch.float64, torch.float64, torch.float64, torch.float64, torch.float64, torch.float64]
Start Training…
epoch: 00050 loss_train: 0.13022 loss_val: 0.15030 viol_train: 0.02922 viol_val: 0.03975
epoch: 00100 loss_train: 0.04418 loss_val: 0.05452 viol_train: 0.00294 viol_val: 0.00376
epoch: 00150 loss_train: 0.03244 loss_val: 0.03478 viol_train: 0.00564 viol_val: 0.00742
epoch: 00200 loss_train: 0.02894 loss_val: 0.03062 viol_train: 0.01098 viol_val: 0.01487
epoch: 00250 loss_train: 0.02611 loss_val: 0.02850 viol_train: 0.01231 viol_val: 0.01643
epoch: 00300 loss_train: 0.02665 loss_val: 0.02725 viol_train: 0.01297 viol_val: 0.01644
epoch: 00350 loss_train: 0.02308 loss_val: 0.02396 viol_train: 0.01120 viol_val: 0.01478
epoch: 00400 loss_train: 0.02093 loss_val: 0.02266 viol_train: 0.00974 viol_val: 0.01379
epoch: 00450 loss_train: 0.01874 loss_val: 0.01958 viol_train: 0.00833 viol_val: 0.01063
epoch: 00500 loss_train: 0.01667 loss_val: 0.01772 viol_train: 0.00605 viol_val: 0.00830
epoch: 00550 loss_train: 0.01521 loss_val: 0.01490 viol_train: 0.00480 viol_val: 0.00678
epoch: 00600 loss_train: 0.01284 loss_val: 0.01303 viol_train: 0.00306 viol_val: 0.00408
epoch: 00650 loss_train: 0.01104 loss_val: 0.01111 viol_train: 0.00254 viol_val: 0.00349
epoch: 00700 loss_train: 0.00965 loss_val: 0.00972 viol_train: 0.00199 viol_val: 0.00251
epoch: 00750 loss_train: 0.00876 loss_val: 0.00895 viol_train: 0.00205 viol_val: 0.00235
epoch: 00800 loss_train: 0.00834 loss_val: 0.00858 viol_train: 0.00237 viol_val: 0.00302
epoch: 00850 loss_train: 0.00793 loss_val: 0.00813 viol_train: 0.00290 viol_val: 0.00370
epoch: 00900 loss_train: 0.00763 loss_val: 0.00809 viol_train: 0.00360 viol_val: 0.00463
epoch: 00950 loss_train: 0.00740 loss_val: 0.00811 viol_train: 0.00436 viol_val: 0.00487
epoch: 01000 loss_train: 0.00748 loss_val: 0.00804 viol_train: 0.00494 viol_val: 0.00585
Training Finished!
