Scaler Factors: [800.           0.9936625    1.987325     1.81292375]
Scaler saved at /home/f25moham/CSTR/nonlinear/total/pieces/Reduced_T/segments/segments2/heaviside/heaviside2/scaler.pkl
Scaled dataset saved at /home/f25moham/CSTR/nonlinear/total/pieces/Reduced_T/segments/segments2/heaviside/heaviside2/scaled_data.csv
Scaler Factors outside function: [800.           0.9936625    1.987325     1.81292375]
Scaler loaded successfully.
Scaler Type: <class 'sklearn.preprocessing._data.MaxAbsScaler'>
Scaler Factors (scale_): [800.           0.9936625    1.987325     1.81292375]
Namespace(model='KKThPINN', model_id='adaptive_S11_r8', input_dim=1, hidden_dim=32, hidden_num=2, z0_dim=3, optimizer='adam', epochs=1000, batch_size=16, lr=0.0001, mu=1, max_subiter=500, eta=0.8, sigma=2, mu_safe=1000000000.0, dtype=64, dataset_type='cstr', dataset_path='data.csv', val_ratio=0.2, job='train', runs=1, run=0)
Scaler Factors: [800.           0.9936625    1.987325     1.81292375]
Scaler saved at /home/f25moham/CSTR/nonlinear/total/pieces/Reduced_T/segments/segments2/heaviside/heaviside2/scaler.pkl
Scaled dataset saved at /home/f25moham/CSTR/nonlinear/total/pieces/Reduced_T/segments/segments2/heaviside/heaviside2/scaled_data.csv
train set size: 90, val set size: 30, test set size: 30
Dtypes after casting:
[torch.float64, torch.float64, torch.float64, torch.float64, torch.float64, torch.float64, torch.float64, torch.float64, torch.float64, torch.float64, torch.float64]
[torch.float64, torch.float64, torch.float64, torch.float64, torch.float64, torch.float64, torch.float64, torch.float64, torch.float64, torch.float64, torch.float64]
[torch.float64, torch.float64, torch.float64, torch.float64, torch.float64, torch.float64, torch.float64, torch.float64, torch.float64, torch.float64, torch.float64]
Start Training…
epoch: 00050 loss_train: 0.08416 loss_val: 0.08284 viol_train: 0.09873 viol_val: 0.13244
epoch: 00100 loss_train: 0.05638 loss_val: 0.05590 viol_train: 0.02854 viol_val: 0.03938
epoch: 00150 loss_train: 0.03881 loss_val: 0.04353 viol_train: 0.00167 viol_val: 0.00204
epoch: 00200 loss_train: 0.03478 loss_val: 0.03812 viol_train: 0.00256 viol_val: 0.00328
epoch: 00250 loss_train: 0.03084 loss_val: 0.03539 viol_train: 0.00535 viol_val: 0.00668
epoch: 00300 loss_train: 0.02963 loss_val: 0.03330 viol_train: 0.00517 viol_val: 0.00679
epoch: 00350 loss_train: 0.02730 loss_val: 0.03000 viol_train: 0.00443 viol_val: 0.00595
epoch: 00400 loss_train: 0.02564 loss_val: 0.02741 viol_train: 0.00380 viol_val: 0.00488
epoch: 00450 loss_train: 0.02305 loss_val: 0.02535 viol_train: 0.00294 viol_val: 0.00369
epoch: 00500 loss_train: 0.02031 loss_val: 0.02172 viol_train: 0.00218 viol_val: 0.00272
epoch: 00550 loss_train: 0.01834 loss_val: 0.01885 viol_train: 0.00138 viol_val: 0.00178
epoch: 00600 loss_train: 0.01508 loss_val: 0.01659 viol_train: 0.00102 viol_val: 0.00116
epoch: 00650 loss_train: 0.01335 loss_val: 0.01357 viol_train: 0.00071 viol_val: 0.00073
epoch: 00700 loss_train: 0.01129 loss_val: 0.01180 viol_train: 0.00064 viol_val: 0.00061
epoch: 00750 loss_train: 0.00952 loss_val: 0.01017 viol_train: 0.00071 viol_val: 0.00065
epoch: 00800 loss_train: 0.00879 loss_val: 0.00937 viol_train: 0.00079 viol_val: 0.00080
epoch: 00850 loss_train: 0.00832 loss_val: 0.00892 viol_train: 0.00094 viol_val: 0.00090
epoch: 00900 loss_train: 0.00799 loss_val: 0.00862 viol_train: 0.00098 viol_val: 0.00098
epoch: 00950 loss_train: 0.00757 loss_val: 0.00822 viol_train: 0.00099 viol_val: 0.00102
epoch: 01000 loss_train: 0.00762 loss_val: 0.00823 viol_train: 0.00103 viol_val: 0.00104
Training Finished!
