Scaler Factors: [800.           0.9936625    1.987325     1.81292375]
Scaler saved at /home/f25moham/CSTR/nonlinear/total/pieces/Reduced_T/segments/segments2/heaviside/heaviside2/scaler.pkl
Scaled dataset saved at /home/f25moham/CSTR/nonlinear/total/pieces/Reduced_T/segments/segments2/heaviside/heaviside2/scaled_data.csv
Scaler Factors outside function: [800.           0.9936625    1.987325     1.81292375]
Scaler loaded successfully.
Scaler Type: <class 'sklearn.preprocessing._data.MaxAbsScaler'>
Scaler Factors (scale_): [800.           0.9936625    1.987325     1.81292375]
Namespace(model='KKThPINN', model_id='uniform_S1_r7', input_dim=1, hidden_dim=32, hidden_num=2, z0_dim=3, optimizer='adam', epochs=1000, batch_size=16, lr=0.0001, mu=1, max_subiter=500, eta=0.8, sigma=2, mu_safe=1000000000.0, dtype=64, dataset_type='cstr', dataset_path='data.csv', val_ratio=0.2, job='train', runs=1, run=0)
Scaler Factors: [800.           0.9936625    1.987325     1.81292375]
Scaler saved at /home/f25moham/CSTR/nonlinear/total/pieces/Reduced_T/segments/segments2/heaviside/heaviside2/scaler.pkl
Scaled dataset saved at /home/f25moham/CSTR/nonlinear/total/pieces/Reduced_T/segments/segments2/heaviside/heaviside2/scaled_data.csv
train set size: 90, val set size: 30, test set size: 30
Dtypes after casting:
[torch.float64]
[torch.float64]
[torch.float64]
Start Training…
epoch: 00050 loss_train: 0.09400 loss_val: 0.10702 viol_train: 0.47112 viol_val: 0.66703
epoch: 00100 loss_train: 0.05977 loss_val: 0.06310 viol_train: 0.49148 viol_val: 0.65246
epoch: 00150 loss_train: 0.05704 loss_val: 0.05743 viol_train: 0.47211 viol_val: 0.63657
epoch: 00200 loss_train: 0.05267 loss_val: 0.05728 viol_train: 0.49947 viol_val: 0.62822
epoch: 00250 loss_train: 0.05145 loss_val: 0.05283 viol_train: 0.47917 viol_val: 0.65512
epoch: 00300 loss_train: 0.04880 loss_val: 0.05134 viol_train: 0.49406 viol_val: 0.63185
epoch: 00350 loss_train: 0.04717 loss_val: 0.05041 viol_train: 0.50277 viol_val: 0.63226
epoch: 00400 loss_train: 0.04568 loss_val: 0.04700 viol_train: 0.43214 viol_val: 0.59366
epoch: 00450 loss_train: 0.04445 loss_val: 0.04406 viol_train: 0.47722 viol_val: 0.62763
epoch: 00500 loss_train: 0.03968 loss_val: 0.04051 viol_train: 0.45505 viol_val: 0.61200
epoch: 00550 loss_train: 0.03619 loss_val: 0.03838 viol_train: 0.43634 viol_val: 0.62471
epoch: 00600 loss_train: 0.03562 loss_val: 0.03563 viol_train: 0.42768 viol_val: 0.58864
epoch: 00650 loss_train: 0.03117 loss_val: 0.03356 viol_train: 0.47272 viol_val: 0.64003
epoch: 00700 loss_train: 0.03083 loss_val: 0.03087 viol_train: 0.44603 viol_val: 0.59874
epoch: 00750 loss_train: 0.02866 loss_val: 0.02913 viol_train: 0.45445 viol_val: 0.58168
epoch: 00800 loss_train: 0.02690 loss_val: 0.02739 viol_train: 0.46797 viol_val: 0.62274
epoch: 00850 loss_train: 0.02571 loss_val: 0.02692 viol_train: 0.45623 viol_val: 0.59993
epoch: 00900 loss_train: 0.02759 loss_val: 0.02642 viol_train: 0.46945 viol_val: 0.61506
epoch: 00950 loss_train: 0.02627 loss_val: 0.02582 viol_train: 0.43157 viol_val: 0.62525
epoch: 01000 loss_train: 0.02536 loss_val: 0.02603 viol_train: 0.44724 viol_val: 0.60118
Training Finished!
