Scaler Factors: [800.           0.9936625    1.987325     1.81292375]
Scaler saved at /home/f25moham/CSTR/nonlinear/total/pieces/Reduced_T/segments/segments2/heaviside/heaviside2/scaler.pkl
Scaled dataset saved at /home/f25moham/CSTR/nonlinear/total/pieces/Reduced_T/segments/segments2/heaviside/heaviside2/scaled_data.csv
Scaler Factors outside function: [800.           0.9936625    1.987325     1.81292375]
Scaler loaded successfully.
Scaler Type: <class 'sklearn.preprocessing._data.MaxAbsScaler'>
Scaler Factors (scale_): [800.           0.9936625    1.987325     1.81292375]
Namespace(model='KKThPINN', model_id='uniform_S30_r1', input_dim=1, hidden_dim=32, hidden_num=2, z0_dim=3, optimizer='adam', epochs=1000, batch_size=16, lr=0.0001, mu=1, max_subiter=500, eta=0.8, sigma=2, mu_safe=1000000000.0, dtype=64, dataset_type='cstr', dataset_path='data.csv', val_ratio=0.2, job='train', runs=1, run=0)
Scaler Factors: [800.           0.9936625    1.987325     1.81292375]
Scaler saved at /home/f25moham/CSTR/nonlinear/total/pieces/Reduced_T/segments/segments2/heaviside/heaviside2/scaler.pkl
Scaled dataset saved at /home/f25moham/CSTR/nonlinear/total/pieces/Reduced_T/segments/segments2/heaviside/heaviside2/scaled_data.csv
train set size: 90, val set size: 30, test set size: 30
Dtypes after casting:
[torch.float64, torch.float64, torch.float64, torch.float64, torch.float64, torch.float64, torch.float64, torch.float64, torch.float64, torch.float64, torch.float64, torch.float64, torch.float64, torch.float64, torch.float64, torch.float64, torch.float64, torch.float64, torch.float64, torch.float64, torch.float64, torch.float64, torch.float64, torch.float64, torch.float64, torch.float64, torch.float64, torch.float64, torch.float64, torch.float64]
[torch.float64, torch.float64, torch.float64, torch.float64, torch.float64, torch.float64, torch.float64, torch.float64, torch.float64, torch.float64, torch.float64, torch.float64, torch.float64, torch.float64, torch.float64, torch.float64, torch.float64, torch.float64, torch.float64, torch.float64, torch.float64, torch.float64, torch.float64, torch.float64, torch.float64, torch.float64, torch.float64, torch.float64, torch.float64, torch.float64]
[torch.float64, torch.float64, torch.float64, torch.float64, torch.float64, torch.float64, torch.float64, torch.float64, torch.float64, torch.float64, torch.float64, torch.float64, torch.float64, torch.float64, torch.float64, torch.float64, torch.float64, torch.float64, torch.float64, torch.float64, torch.float64, torch.float64, torch.float64, torch.float64, torch.float64, torch.float64, torch.float64, torch.float64, torch.float64, torch.float64]
Start Training…
epoch: 00050 loss_train: 0.06912 loss_val: 0.07897 viol_train: 0.04645 viol_val: 0.06464
epoch: 00100 loss_train: 0.04189 loss_val: 0.04590 viol_train: 0.00142 viol_val: 0.00176
epoch: 00150 loss_train: 0.03143 loss_val: 0.03602 viol_train: 0.00960 viol_val: 0.01214
epoch: 00200 loss_train: 0.03004 loss_val: 0.03235 viol_train: 0.01913 viol_val: 0.02396
epoch: 00250 loss_train: 0.02643 loss_val: 0.02815 viol_train: 0.02115 viol_val: 0.02751
epoch: 00300 loss_train: 0.02260 loss_val: 0.02530 viol_train: 0.01889 viol_val: 0.02547
epoch: 00350 loss_train: 0.02036 loss_val: 0.02089 viol_train: 0.01793 viol_val: 0.02456
epoch: 00400 loss_train: 0.01709 loss_val: 0.01831 viol_train: 0.01442 viol_val: 0.02111
epoch: 00450 loss_train: 0.01452 loss_val: 0.01479 viol_train: 0.01223 viol_val: 0.01517
epoch: 00500 loss_train: 0.01176 loss_val: 0.01246 viol_train: 0.00851 viol_val: 0.01146
epoch: 00550 loss_train: 0.01040 loss_val: 0.01080 viol_train: 0.00477 viol_val: 0.00603
epoch: 00600 loss_train: 0.00909 loss_val: 0.00928 viol_train: 0.00241 viol_val: 0.00331
epoch: 00650 loss_train: 0.00800 loss_val: 0.00886 viol_train: 0.00095 viol_val: 0.00121
epoch: 00700 loss_train: 0.00776 loss_val: 0.00810 viol_train: 0.00044 viol_val: 0.00054
epoch: 00750 loss_train: 0.00750 loss_val: 0.00808 viol_train: 0.00072 viol_val: 0.00067
epoch: 00800 loss_train: 0.00735 loss_val: 0.00784 viol_train: 0.00130 viol_val: 0.00137
epoch: 00850 loss_train: 0.00722 loss_val: 0.00776 viol_train: 0.00202 viol_val: 0.00218
epoch: 00900 loss_train: 0.00715 loss_val: 0.00780 viol_train: 0.00293 viol_val: 0.00323
epoch: 00950 loss_train: 0.00705 loss_val: 0.00763 viol_train: 0.00321 viol_val: 0.00421
epoch: 01000 loss_train: 0.00702 loss_val: 0.00752 viol_train: 0.00300 viol_val: 0.00394
Training Finished!
