Scaler Factors: [800.           0.9936625    1.987325     1.81292375]
Scaler saved at /home/f25moham/CSTR/nonlinear/total/pieces/Reduced_T/segments/segments2/heaviside/heaviside2/scaler.pkl
Scaled dataset saved at /home/f25moham/CSTR/nonlinear/total/pieces/Reduced_T/segments/segments2/heaviside/heaviside2/scaled_data.csv
Scaler Factors outside function: [800.           0.9936625    1.987325     1.81292375]
Scaler loaded successfully.
Scaler Type: <class 'sklearn.preprocessing._data.MaxAbsScaler'>
Scaler Factors (scale_): [800.           0.9936625    1.987325     1.81292375]
Namespace(model='KKThPINN', model_id='adaptive_S2_r9', input_dim=1, hidden_dim=32, hidden_num=2, z0_dim=3, optimizer='adam', epochs=1000, batch_size=16, lr=0.0001, mu=1, max_subiter=500, eta=0.8, sigma=2, mu_safe=1000000000.0, dtype=64, dataset_type='cstr', dataset_path='data.csv', val_ratio=0.2, job='train', runs=1, run=0)
Scaler Factors: [800.           0.9936625    1.987325     1.81292375]
Scaler saved at /home/f25moham/CSTR/nonlinear/total/pieces/Reduced_T/segments/segments2/heaviside/heaviside2/scaler.pkl
Scaled dataset saved at /home/f25moham/CSTR/nonlinear/total/pieces/Reduced_T/segments/segments2/heaviside/heaviside2/scaled_data.csv
train set size: 90, val set size: 30, test set size: 30
Dtypes after casting:
[torch.float64, torch.float64]
[torch.float64, torch.float64]
[torch.float64, torch.float64]
Start Training…
epoch: 00050 loss_train: 0.05753 loss_val: 0.06697 viol_train: 0.07191 viol_val: 0.08723
epoch: 00100 loss_train: 0.03758 loss_val: 0.04239 viol_train: 0.04442 viol_val: 0.05186
epoch: 00150 loss_train: 0.03421 loss_val: 0.03793 viol_train: 0.03572 viol_val: 0.04136
epoch: 00200 loss_train: 0.03123 loss_val: 0.03436 viol_train: 0.03593 viol_val: 0.03820
epoch: 00250 loss_train: 0.02838 loss_val: 0.03110 viol_train: 0.03675 viol_val: 0.03917
epoch: 00300 loss_train: 0.02594 loss_val: 0.02701 viol_train: 0.03510 viol_val: 0.04149
epoch: 00350 loss_train: 0.02270 loss_val: 0.02342 viol_train: 0.03631 viol_val: 0.04034
epoch: 00400 loss_train: 0.01917 loss_val: 0.02006 viol_train: 0.03584 viol_val: 0.03905
epoch: 00450 loss_train: 0.01658 loss_val: 0.01674 viol_train: 0.03587 viol_val: 0.04178
epoch: 00500 loss_train: 0.01380 loss_val: 0.01388 viol_train: 0.03324 viol_val: 0.03928
epoch: 00550 loss_train: 0.01189 loss_val: 0.01214 viol_train: 0.03340 viol_val: 0.03787
epoch: 00600 loss_train: 0.01025 loss_val: 0.01047 viol_train: 0.03489 viol_val: 0.04042
epoch: 00650 loss_train: 0.00915 loss_val: 0.00895 viol_train: 0.03471 viol_val: 0.03836
epoch: 00700 loss_train: 0.00811 loss_val: 0.00767 viol_train: 0.03432 viol_val: 0.03879
epoch: 00750 loss_train: 0.00703 loss_val: 0.00694 viol_train: 0.03512 viol_val: 0.03761
epoch: 00800 loss_train: 0.00631 loss_val: 0.00620 viol_train: 0.03435 viol_val: 0.03727
epoch: 00850 loss_train: 0.00588 loss_val: 0.00549 viol_train: 0.03453 viol_val: 0.03675
epoch: 00900 loss_train: 0.00535 loss_val: 0.00496 viol_train: 0.03564 viol_val: 0.03721
epoch: 00950 loss_train: 0.00480 loss_val: 0.00457 viol_train: 0.03226 viol_val: 0.03629
epoch: 01000 loss_train: 0.00449 loss_val: 0.00428 viol_train: 0.03247 viol_val: 0.03722
Training Finished!
