Scaler Factors: [800.           0.9936625    1.987325     1.81292375]
Scaler saved at /home/f25moham/CSTR/nonlinear/total/pieces/Reduced_T/segments/segments2/heaviside/heaviside2/scaler.pkl
Scaled dataset saved at /home/f25moham/CSTR/nonlinear/total/pieces/Reduced_T/segments/segments2/heaviside/heaviside2/scaled_data.csv
Scaler Factors outside function: [800.           0.9936625    1.987325     1.81292375]
Scaler loaded successfully.
Scaler Type: <class 'sklearn.preprocessing._data.MaxAbsScaler'>
Scaler Factors (scale_): [800.           0.9936625    1.987325     1.81292375]
Namespace(model='KKThPINN', model_id='adaptive_S2_r4', input_dim=1, hidden_dim=32, hidden_num=2, z0_dim=3, optimizer='adam', epochs=1000, batch_size=16, lr=0.0001, mu=1, max_subiter=500, eta=0.8, sigma=2, mu_safe=1000000000.0, dtype=64, dataset_type='cstr', dataset_path='data.csv', val_ratio=0.2, job='train', runs=1, run=0)
Scaler Factors: [800.           0.9936625    1.987325     1.81292375]
Scaler saved at /home/f25moham/CSTR/nonlinear/total/pieces/Reduced_T/segments/segments2/heaviside/heaviside2/scaler.pkl
Scaled dataset saved at /home/f25moham/CSTR/nonlinear/total/pieces/Reduced_T/segments/segments2/heaviside/heaviside2/scaled_data.csv
train set size: 90, val set size: 30, test set size: 30
Dtypes after casting:
[torch.float64, torch.float64]
[torch.float64, torch.float64]
[torch.float64, torch.float64]
Start Training…
epoch: 00050 loss_train: 0.12209 loss_val: 0.14034 viol_train: 0.06890 viol_val: 0.08947
epoch: 00100 loss_train: 0.04344 loss_val: 0.04975 viol_train: 0.04268 viol_val: 0.05229
epoch: 00150 loss_train: 0.03520 loss_val: 0.03729 viol_train: 0.03269 viol_val: 0.03915
epoch: 00200 loss_train: 0.03401 loss_val: 0.03505 viol_train: 0.03704 viol_val: 0.03727
epoch: 00250 loss_train: 0.03031 loss_val: 0.03286 viol_train: 0.03455 viol_val: 0.03884
epoch: 00300 loss_train: 0.02893 loss_val: 0.03071 viol_train: 0.03625 viol_val: 0.04121
epoch: 00350 loss_train: 0.02638 loss_val: 0.02756 viol_train: 0.03513 viol_val: 0.04380
epoch: 00400 loss_train: 0.02316 loss_val: 0.02519 viol_train: 0.03842 viol_val: 0.04385
epoch: 00450 loss_train: 0.02227 loss_val: 0.02225 viol_train: 0.03782 viol_val: 0.04513
epoch: 00500 loss_train: 0.01889 loss_val: 0.02065 viol_train: 0.03712 viol_val: 0.04318
epoch: 00550 loss_train: 0.01729 loss_val: 0.01685 viol_train: 0.03731 viol_val: 0.04664
epoch: 00600 loss_train: 0.01493 loss_val: 0.01536 viol_train: 0.03814 viol_val: 0.04635
epoch: 00650 loss_train: 0.01330 loss_val: 0.01327 viol_train: 0.03735 viol_val: 0.04175
epoch: 00700 loss_train: 0.01173 loss_val: 0.01166 viol_train: 0.03608 viol_val: 0.04222
epoch: 00750 loss_train: 0.01040 loss_val: 0.01031 viol_train: 0.03522 viol_val: 0.04243
epoch: 00800 loss_train: 0.00934 loss_val: 0.00903 viol_train: 0.03549 viol_val: 0.04150
epoch: 00850 loss_train: 0.00849 loss_val: 0.00792 viol_train: 0.03836 viol_val: 0.04349
epoch: 00900 loss_train: 0.00755 loss_val: 0.00701 viol_train: 0.03553 viol_val: 0.04361
epoch: 00950 loss_train: 0.00647 loss_val: 0.00647 viol_train: 0.03765 viol_val: 0.04263
epoch: 01000 loss_train: 0.00608 loss_val: 0.00577 viol_train: 0.03617 viol_val: 0.04217
Training Finished!
