Scaler Factors: [800.           0.9936625    1.987325     1.81292375]
Scaler saved at /home/f25moham/CSTR/nonlinear/total/pieces/Reduced_T/segments/segments2/heaviside/heaviside2/scaler.pkl
Scaled dataset saved at /home/f25moham/CSTR/nonlinear/total/pieces/Reduced_T/segments/segments2/heaviside/heaviside2/scaled_data.csv
Scaler Factors outside function: [800.           0.9936625    1.987325     1.81292375]
Scaler loaded successfully.
Scaler Type: <class 'sklearn.preprocessing._data.MaxAbsScaler'>
Scaler Factors (scale_): [800.           0.9936625    1.987325     1.81292375]
Namespace(model='KKThPINN', model_id='adaptive_S30_r6', input_dim=1, hidden_dim=32, hidden_num=2, z0_dim=3, optimizer='adam', epochs=1000, batch_size=16, lr=0.0001, mu=1, max_subiter=500, eta=0.8, sigma=2, mu_safe=1000000000.0, dtype=64, dataset_type='cstr', dataset_path='data.csv', val_ratio=0.2, job='train', runs=1, run=0)
Scaler Factors: [800.           0.9936625    1.987325     1.81292375]
Scaler saved at /home/f25moham/CSTR/nonlinear/total/pieces/Reduced_T/segments/segments2/heaviside/heaviside2/scaler.pkl
Scaled dataset saved at /home/f25moham/CSTR/nonlinear/total/pieces/Reduced_T/segments/segments2/heaviside/heaviside2/scaled_data.csv
train set size: 90, val set size: 30, test set size: 30
Dtypes after casting:
[torch.float64, torch.float64, torch.float64, torch.float64, torch.float64, torch.float64, torch.float64, torch.float64, torch.float64, torch.float64, torch.float64, torch.float64, torch.float64, torch.float64, torch.float64, torch.float64, torch.float64, torch.float64, torch.float64, torch.float64, torch.float64, torch.float64, torch.float64, torch.float64, torch.float64, torch.float64, torch.float64, torch.float64, torch.float64, torch.float64]
[torch.float64, torch.float64, torch.float64, torch.float64, torch.float64, torch.float64, torch.float64, torch.float64, torch.float64, torch.float64, torch.float64, torch.float64, torch.float64, torch.float64, torch.float64, torch.float64, torch.float64, torch.float64, torch.float64, torch.float64, torch.float64, torch.float64, torch.float64, torch.float64, torch.float64, torch.float64, torch.float64, torch.float64, torch.float64, torch.float64]
[torch.float64, torch.float64, torch.float64, torch.float64, torch.float64, torch.float64, torch.float64, torch.float64, torch.float64, torch.float64, torch.float64, torch.float64, torch.float64, torch.float64, torch.float64, torch.float64, torch.float64, torch.float64, torch.float64, torch.float64, torch.float64, torch.float64, torch.float64, torch.float64, torch.float64, torch.float64, torch.float64, torch.float64, torch.float64, torch.float64]
Start Training…
epoch: 00050 loss_train: 0.11603 loss_val: 0.13919 viol_train: 0.19599 viol_val: 0.27659
epoch: 00100 loss_train: 0.04549 loss_val: 0.05413 viol_train: 0.01760 viol_val: 0.02441
epoch: 00150 loss_train: 0.03637 loss_val: 0.03994 viol_train: 0.00126 viol_val: 0.00146
epoch: 00200 loss_train: 0.03177 loss_val: 0.03543 viol_train: 0.00979 viol_val: 0.01319
epoch: 00250 loss_train: 0.03024 loss_val: 0.03291 viol_train: 0.01402 viol_val: 0.01967
epoch: 00300 loss_train: 0.02770 loss_val: 0.02904 viol_train: 0.01543 viol_val: 0.02012
epoch: 00350 loss_train: 0.02554 loss_val: 0.02716 viol_train: 0.01358 viol_val: 0.01799
epoch: 00400 loss_train: 0.02166 loss_val: 0.02327 viol_train: 0.01206 viol_val: 0.01673
epoch: 00450 loss_train: 0.01924 loss_val: 0.02035 viol_train: 0.01033 viol_val: 0.01383
epoch: 00500 loss_train: 0.01632 loss_val: 0.01692 viol_train: 0.00759 viol_val: 0.01069
epoch: 00550 loss_train: 0.01455 loss_val: 0.01416 viol_train: 0.00523 viol_val: 0.00768
epoch: 00600 loss_train: 0.01154 loss_val: 0.01207 viol_train: 0.00303 viol_val: 0.00429
epoch: 00650 loss_train: 0.00984 loss_val: 0.01045 viol_train: 0.00162 viol_val: 0.00214
epoch: 00700 loss_train: 0.00892 loss_val: 0.00905 viol_train: 0.00065 viol_val: 0.00086
epoch: 00750 loss_train: 0.00825 loss_val: 0.00861 viol_train: 0.00046 viol_val: 0.00048
epoch: 00800 loss_train: 0.00781 loss_val: 0.00831 viol_train: 0.00077 viol_val: 0.00086
epoch: 00850 loss_train: 0.00758 loss_val: 0.00825 viol_train: 0.00175 viol_val: 0.00183
epoch: 00900 loss_train: 0.00754 loss_val: 0.00821 viol_train: 0.00239 viol_val: 0.00266
epoch: 00950 loss_train: 0.00763 loss_val: 0.00825 viol_train: 0.00346 viol_val: 0.00370
epoch: 01000 loss_train: 0.00765 loss_val: 0.00828 viol_train: 0.00428 viol_val: 0.00464
Training Finished!
