Scaler Factors: [800.           0.9936625    1.987325     1.81292375]
Scaler saved at /home/f25moham/CSTR/nonlinear/total/pieces/Reduced_T/segments/segments2/heaviside/heaviside2/scaler.pkl
Scaled dataset saved at /home/f25moham/CSTR/nonlinear/total/pieces/Reduced_T/segments/segments2/heaviside/heaviside2/scaled_data.csv
Scaler Factors outside function: [800.           0.9936625    1.987325     1.81292375]
Scaler loaded successfully.
Scaler Type: <class 'sklearn.preprocessing._data.MaxAbsScaler'>
Scaler Factors (scale_): [800.           0.9936625    1.987325     1.81292375]
Namespace(model='KKThPINN', model_id='adaptive_S30_r3', input_dim=1, hidden_dim=32, hidden_num=2, z0_dim=3, optimizer='adam', epochs=1000, batch_size=16, lr=0.0001, mu=1, max_subiter=500, eta=0.8, sigma=2, mu_safe=1000000000.0, dtype=64, dataset_type='cstr', dataset_path='data.csv', val_ratio=0.2, job='train', runs=1, run=0)
Scaler Factors: [800.           0.9936625    1.987325     1.81292375]
Scaler saved at /home/f25moham/CSTR/nonlinear/total/pieces/Reduced_T/segments/segments2/heaviside/heaviside2/scaler.pkl
Scaled dataset saved at /home/f25moham/CSTR/nonlinear/total/pieces/Reduced_T/segments/segments2/heaviside/heaviside2/scaled_data.csv
train set size: 90, val set size: 30, test set size: 30
Dtypes after casting:
[torch.float64, torch.float64, torch.float64, torch.float64, torch.float64, torch.float64, torch.float64, torch.float64, torch.float64, torch.float64, torch.float64, torch.float64, torch.float64, torch.float64, torch.float64, torch.float64, torch.float64, torch.float64, torch.float64, torch.float64, torch.float64, torch.float64, torch.float64, torch.float64, torch.float64, torch.float64, torch.float64, torch.float64, torch.float64, torch.float64]
[torch.float64, torch.float64, torch.float64, torch.float64, torch.float64, torch.float64, torch.float64, torch.float64, torch.float64, torch.float64, torch.float64, torch.float64, torch.float64, torch.float64, torch.float64, torch.float64, torch.float64, torch.float64, torch.float64, torch.float64, torch.float64, torch.float64, torch.float64, torch.float64, torch.float64, torch.float64, torch.float64, torch.float64, torch.float64, torch.float64]
[torch.float64, torch.float64, torch.float64, torch.float64, torch.float64, torch.float64, torch.float64, torch.float64, torch.float64, torch.float64, torch.float64, torch.float64, torch.float64, torch.float64, torch.float64, torch.float64, torch.float64, torch.float64, torch.float64, torch.float64, torch.float64, torch.float64, torch.float64, torch.float64, torch.float64, torch.float64, torch.float64, torch.float64, torch.float64, torch.float64]
Start Training…
epoch: 00050 loss_train: 0.06905 loss_val: 0.08295 viol_train: 0.06475 viol_val: 0.08423
epoch: 00100 loss_train: 0.04163 loss_val: 0.05045 viol_train: 0.00084 viol_val: 0.00103
epoch: 00150 loss_train: 0.03722 loss_val: 0.04160 viol_train: 0.00466 viol_val: 0.00620
epoch: 00200 loss_train: 0.03569 loss_val: 0.03917 viol_train: 0.00945 viol_val: 0.01263
epoch: 00250 loss_train: 0.03335 loss_val: 0.03692 viol_train: 0.00984 viol_val: 0.01381
epoch: 00300 loss_train: 0.03248 loss_val: 0.03473 viol_train: 0.00941 viol_val: 0.01288
epoch: 00350 loss_train: 0.02985 loss_val: 0.03310 viol_train: 0.00853 viol_val: 0.01088
epoch: 00400 loss_train: 0.02747 loss_val: 0.03022 viol_train: 0.00697 viol_val: 0.00959
epoch: 00450 loss_train: 0.02542 loss_val: 0.02775 viol_train: 0.00634 viol_val: 0.00775
epoch: 00500 loss_train: 0.02228 loss_val: 0.02435 viol_train: 0.00355 viol_val: 0.00494
epoch: 00550 loss_train: 0.01961 loss_val: 0.02139 viol_train: 0.00250 viol_val: 0.00329
epoch: 00600 loss_train: 0.01771 loss_val: 0.01839 viol_train: 0.00108 viol_val: 0.00150
epoch: 00650 loss_train: 0.01542 loss_val: 0.01542 viol_train: 0.00051 viol_val: 0.00066
epoch: 00700 loss_train: 0.01319 loss_val: 0.01333 viol_train: 0.00051 viol_val: 0.00053
epoch: 00750 loss_train: 0.01078 loss_val: 0.01111 viol_train: 0.00095 viol_val: 0.00113
epoch: 00800 loss_train: 0.00940 loss_val: 0.00975 viol_train: 0.00091 viol_val: 0.00101
epoch: 00850 loss_train: 0.00850 loss_val: 0.00847 viol_train: 0.00104 viol_val: 0.00112
epoch: 00900 loss_train: 0.00773 loss_val: 0.00738 viol_train: 0.00087 viol_val: 0.00107
epoch: 00950 loss_train: 0.00651 loss_val: 0.00716 viol_train: 0.00114 viol_val: 0.00122
epoch: 01000 loss_train: 0.00622 loss_val: 0.00648 viol_train: 0.00172 viol_val: 0.00205
Training Finished!
