Scaler Factors: [800.           0.9936625    1.987325     1.81292375]
Scaler saved at /home/f25moham/CSTR/nonlinear/total/pieces/Reduced_T/segments/segments2/heaviside/heaviside2/scaler.pkl
Scaled dataset saved at /home/f25moham/CSTR/nonlinear/total/pieces/Reduced_T/segments/segments2/heaviside/heaviside2/scaled_data.csv
Scaler Factors outside function: [800.           0.9936625    1.987325     1.81292375]
Scaler loaded successfully.
Scaler Type: <class 'sklearn.preprocessing._data.MaxAbsScaler'>
Scaler Factors (scale_): [800.           0.9936625    1.987325     1.81292375]
Namespace(model='KKThPINN', model_id='uniform_S3_r6', input_dim=1, hidden_dim=32, hidden_num=2, z0_dim=3, optimizer='adam', epochs=1000, batch_size=16, lr=0.0001, mu=1, max_subiter=500, eta=0.8, sigma=2, mu_safe=1000000000.0, dtype=64, dataset_type='cstr', dataset_path='data.csv', val_ratio=0.2, job='train', runs=1, run=0)
Scaler Factors: [800.           0.9936625    1.987325     1.81292375]
Scaler saved at /home/f25moham/CSTR/nonlinear/total/pieces/Reduced_T/segments/segments2/heaviside/heaviside2/scaler.pkl
Scaled dataset saved at /home/f25moham/CSTR/nonlinear/total/pieces/Reduced_T/segments/segments2/heaviside/heaviside2/scaled_data.csv
train set size: 90, val set size: 30, test set size: 30
Dtypes after casting:
[torch.float64, torch.float64, torch.float64]
[torch.float64, torch.float64, torch.float64]
[torch.float64, torch.float64, torch.float64]
Start Training…
epoch: 00050 loss_train: 0.13244 loss_val: 0.14792 viol_train: 0.32084 viol_val: 0.43939
epoch: 00100 loss_train: 0.06424 loss_val: 0.07300 viol_train: 0.12996 viol_val: 0.18448
epoch: 00150 loss_train: 0.04335 loss_val: 0.04700 viol_train: 0.02260 viol_val: 0.02795
epoch: 00200 loss_train: 0.03710 loss_val: 0.03971 viol_train: 0.01246 viol_val: 0.01279
epoch: 00250 loss_train: 0.03452 loss_val: 0.03929 viol_train: 0.01498 viol_val: 0.01617
epoch: 00300 loss_train: 0.03262 loss_val: 0.03711 viol_train: 0.01599 viol_val: 0.01548
epoch: 00350 loss_train: 0.03017 loss_val: 0.03541 viol_train: 0.01433 viol_val: 0.01638
epoch: 00400 loss_train: 0.02849 loss_val: 0.03225 viol_train: 0.01428 viol_val: 0.01578
epoch: 00450 loss_train: 0.02635 loss_val: 0.02922 viol_train: 0.01517 viol_val: 0.01568
epoch: 00500 loss_train: 0.02363 loss_val: 0.02566 viol_train: 0.01395 viol_val: 0.01590
epoch: 00550 loss_train: 0.02054 loss_val: 0.02229 viol_train: 0.01314 viol_val: 0.01595
epoch: 00600 loss_train: 0.01742 loss_val: 0.01952 viol_train: 0.01417 viol_val: 0.01481
epoch: 00650 loss_train: 0.01463 loss_val: 0.01610 viol_train: 0.01368 viol_val: 0.01534
epoch: 00700 loss_train: 0.01260 loss_val: 0.01422 viol_train: 0.01312 viol_val: 0.01454
epoch: 00750 loss_train: 0.01074 loss_val: 0.01206 viol_train: 0.01278 viol_val: 0.01444
epoch: 00800 loss_train: 0.00976 loss_val: 0.01085 viol_train: 0.01262 viol_val: 0.01437
epoch: 00850 loss_train: 0.00811 loss_val: 0.00951 viol_train: 0.01417 viol_val: 0.01502
epoch: 00900 loss_train: 0.00752 loss_val: 0.00865 viol_train: 0.01482 viol_val: 0.01597
epoch: 00950 loss_train: 0.00638 loss_val: 0.00768 viol_train: 0.01610 viol_val: 0.01802
epoch: 01000 loss_train: 0.00576 loss_val: 0.00700 viol_train: 0.01559 viol_val: 0.01754
Training Finished!
