Scaler Factors: [800.           0.9936625    1.987325     1.81292375]
Scaler saved at /home/f25moham/CSTR/nonlinear/total/pieces/Reduced_T/segments/segments2/heaviside/heaviside2/scaler.pkl
Scaled dataset saved at /home/f25moham/CSTR/nonlinear/total/pieces/Reduced_T/segments/segments2/heaviside/heaviside2/scaled_data.csv
Scaler Factors outside function: [800.           0.9936625    1.987325     1.81292375]
Scaler loaded successfully.
Scaler Type: <class 'sklearn.preprocessing._data.MaxAbsScaler'>
Scaler Factors (scale_): [800.           0.9936625    1.987325     1.81292375]
Namespace(model='KKThPINN', model_id='adaptive_S9_r7', input_dim=1, hidden_dim=32, hidden_num=2, z0_dim=3, optimizer='adam', epochs=1000, batch_size=16, lr=0.0001, mu=1, max_subiter=500, eta=0.8, sigma=2, mu_safe=1000000000.0, dtype=64, dataset_type='cstr', dataset_path='data.csv', val_ratio=0.2, job='train', runs=1, run=0)
Scaler Factors: [800.           0.9936625    1.987325     1.81292375]
Scaler saved at /home/f25moham/CSTR/nonlinear/total/pieces/Reduced_T/segments/segments2/heaviside/heaviside2/scaler.pkl
Scaled dataset saved at /home/f25moham/CSTR/nonlinear/total/pieces/Reduced_T/segments/segments2/heaviside/heaviside2/scaled_data.csv
train set size: 90, val set size: 30, test set size: 30
Dtypes after casting:
[torch.float64, torch.float64, torch.float64, torch.float64, torch.float64, torch.float64, torch.float64, torch.float64, torch.float64]
[torch.float64, torch.float64, torch.float64, torch.float64, torch.float64, torch.float64, torch.float64, torch.float64, torch.float64]
[torch.float64, torch.float64, torch.float64, torch.float64, torch.float64, torch.float64, torch.float64, torch.float64, torch.float64]
Start Training…
epoch: 00050 loss_train: 0.08927 loss_val: 0.09544 viol_train: 0.02718 viol_val: 0.03507
epoch: 00100 loss_train: 0.04824 loss_val: 0.05182 viol_train: 0.00759 viol_val: 0.00915
epoch: 00150 loss_train: 0.03898 loss_val: 0.04237 viol_train: 0.00121 viol_val: 0.00091
epoch: 00200 loss_train: 0.03530 loss_val: 0.03811 viol_train: 0.00419 viol_val: 0.00517
epoch: 00250 loss_train: 0.03202 loss_val: 0.03676 viol_train: 0.00778 viol_val: 0.00925
epoch: 00300 loss_train: 0.03213 loss_val: 0.03487 viol_train: 0.00871 viol_val: 0.01121
epoch: 00350 loss_train: 0.03015 loss_val: 0.03370 viol_train: 0.00902 viol_val: 0.01124
epoch: 00400 loss_train: 0.02901 loss_val: 0.03112 viol_train: 0.00822 viol_val: 0.01091
epoch: 00450 loss_train: 0.02744 loss_val: 0.03003 viol_train: 0.00779 viol_val: 0.00962
epoch: 00500 loss_train: 0.02611 loss_val: 0.02744 viol_train: 0.00747 viol_val: 0.00918
epoch: 00550 loss_train: 0.02382 loss_val: 0.02562 viol_train: 0.00600 viol_val: 0.00750
epoch: 00600 loss_train: 0.02207 loss_val: 0.02311 viol_train: 0.00506 viol_val: 0.00616
epoch: 00650 loss_train: 0.01939 loss_val: 0.02032 viol_train: 0.00412 viol_val: 0.00476
epoch: 00700 loss_train: 0.01785 loss_val: 0.01780 viol_train: 0.00288 viol_val: 0.00345
epoch: 00750 loss_train: 0.01453 loss_val: 0.01593 viol_train: 0.00221 viol_val: 0.00218
epoch: 00800 loss_train: 0.01350 loss_val: 0.01368 viol_train: 0.00169 viol_val: 0.00141
epoch: 00850 loss_train: 0.01136 loss_val: 0.01197 viol_train: 0.00125 viol_val: 0.00090
epoch: 00900 loss_train: 0.01016 loss_val: 0.01082 viol_train: 0.00115 viol_val: 0.00074
epoch: 00950 loss_train: 0.00924 loss_val: 0.00967 viol_train: 0.00115 viol_val: 0.00074
epoch: 01000 loss_train: 0.00833 loss_val: 0.00927 viol_train: 0.00125 viol_val: 0.00072
Training Finished!
