Scaler Factors: [800.           0.9936625    1.987325     1.81292375]
Scaler saved at /home/f25moham/CSTR/nonlinear/total/pieces/Reduced_T/segments/segments2/heaviside/heaviside2/scaler.pkl
Scaled dataset saved at /home/f25moham/CSTR/nonlinear/total/pieces/Reduced_T/segments/segments2/heaviside/heaviside2/scaled_data.csv
Scaler Factors outside function: [800.           0.9936625    1.987325     1.81292375]
Scaler loaded successfully.
Scaler Type: <class 'sklearn.preprocessing._data.MaxAbsScaler'>
Scaler Factors (scale_): [800.           0.9936625    1.987325     1.81292375]
Namespace(model='KKThPINN', model_id='uniform_S1_r0', input_dim=1, hidden_dim=32, hidden_num=2, z0_dim=3, optimizer='adam', epochs=1000, batch_size=16, lr=0.0001, mu=1, max_subiter=500, eta=0.8, sigma=2, mu_safe=1000000000.0, dtype=64, dataset_type='cstr', dataset_path='data.csv', val_ratio=0.2, job='train', runs=1, run=0)
Scaler Factors: [800.           0.9936625    1.987325     1.81292375]
Scaler saved at /home/f25moham/CSTR/nonlinear/total/pieces/Reduced_T/segments/segments2/heaviside/heaviside2/scaler.pkl
Scaled dataset saved at /home/f25moham/CSTR/nonlinear/total/pieces/Reduced_T/segments/segments2/heaviside/heaviside2/scaled_data.csv
train set size: 90, val set size: 30, test set size: 30
Dtypes after casting:
[torch.float64]
[torch.float64]
[torch.float64]
Start Training…
epoch: 00050 loss_train: 0.08634 loss_val: 0.09697 viol_train: 0.43860 viol_val: 0.61259
epoch: 00100 loss_train: 0.05865 loss_val: 0.06088 viol_train: 0.46763 viol_val: 0.65658
epoch: 00150 loss_train: 0.05737 loss_val: 0.05982 viol_train: 0.47461 viol_val: 0.64262
epoch: 00200 loss_train: 0.05279 loss_val: 0.05570 viol_train: 0.48941 viol_val: 0.63006
epoch: 00250 loss_train: 0.04977 loss_val: 0.05474 viol_train: 0.46980 viol_val: 0.63771
epoch: 00300 loss_train: 0.04974 loss_val: 0.05187 viol_train: 0.44634 viol_val: 0.64825
epoch: 00350 loss_train: 0.04611 loss_val: 0.05016 viol_train: 0.45801 viol_val: 0.65307
epoch: 00400 loss_train: 0.04587 loss_val: 0.04697 viol_train: 0.45596 viol_val: 0.63743
epoch: 00450 loss_train: 0.04102 loss_val: 0.04325 viol_train: 0.44758 viol_val: 0.61142
epoch: 00500 loss_train: 0.03918 loss_val: 0.04147 viol_train: 0.47246 viol_val: 0.61913
epoch: 00550 loss_train: 0.03498 loss_val: 0.03775 viol_train: 0.42806 viol_val: 0.61479
epoch: 00600 loss_train: 0.03344 loss_val: 0.03317 viol_train: 0.46334 viol_val: 0.62260
epoch: 00650 loss_train: 0.03185 loss_val: 0.03143 viol_train: 0.44441 viol_val: 0.60557
epoch: 00700 loss_train: 0.03041 loss_val: 0.02943 viol_train: 0.44496 viol_val: 0.62200
epoch: 00750 loss_train: 0.02863 loss_val: 0.02818 viol_train: 0.46345 viol_val: 0.58989
epoch: 00800 loss_train: 0.02684 loss_val: 0.02668 viol_train: 0.44420 viol_val: 0.60633
epoch: 00850 loss_train: 0.02510 loss_val: 0.02594 viol_train: 0.42550 viol_val: 0.58540
epoch: 00900 loss_train: 0.02456 loss_val: 0.02351 viol_train: 0.49291 viol_val: 0.60064
epoch: 00950 loss_train: 0.02340 loss_val: 0.02398 viol_train: 0.47274 viol_val: 0.61558
epoch: 01000 loss_train: 0.02326 loss_val: 0.02315 viol_train: 0.45513 viol_val: 0.60930
Training Finished!
