Scaler Factors: [800.           0.9936625    1.987325     1.81292375]
Scaler saved at /home/f25moham/CSTR/nonlinear/total/pieces/Reduced_T/segments/segments2/heaviside/heaviside2/scaler.pkl
Scaled dataset saved at /home/f25moham/CSTR/nonlinear/total/pieces/Reduced_T/segments/segments2/heaviside/heaviside2/scaled_data.csv
Scaler Factors outside function: [800.           0.9936625    1.987325     1.81292375]
Scaler loaded successfully.
Scaler Type: <class 'sklearn.preprocessing._data.MaxAbsScaler'>
Scaler Factors (scale_): [800.           0.9936625    1.987325     1.81292375]
Namespace(model='KKThPINN', model_id='adaptive_S90_r7', input_dim=1, hidden_dim=32, hidden_num=2, z0_dim=3, optimizer='adam', epochs=1000, batch_size=16, lr=0.0001, mu=1, max_subiter=500, eta=0.8, sigma=2, mu_safe=1000000000.0, dtype=64, dataset_type='cstr', dataset_path='data.csv', val_ratio=0.2, job='train', runs=1, run=0)
Scaler Factors: [800.           0.9936625    1.987325     1.81292375]
Scaler saved at /home/f25moham/CSTR/nonlinear/total/pieces/Reduced_T/segments/segments2/heaviside/heaviside2/scaler.pkl
Scaled dataset saved at /home/f25moham/CSTR/nonlinear/total/pieces/Reduced_T/segments/segments2/heaviside/heaviside2/scaled_data.csv
train set size: 90, val set size: 30, test set size: 30
Dtypes after casting:
[torch.float64, torch.float64, torch.float64, torch.float64, torch.float64, torch.float64, torch.float64, torch.float64, torch.float64, torch.float64, torch.float64, torch.float64, torch.float64, torch.float64, torch.float64, torch.float64, torch.float64, torch.float64, torch.float64, torch.float64, torch.float64, torch.float64, torch.float64, torch.float64, torch.float64, torch.float64, torch.float64, torch.float64, torch.float64, torch.float64, torch.float64, torch.float64, torch.float64, torch.float64, torch.float64, torch.float64, torch.float64, torch.float64, torch.float64, torch.float64, torch.float64, torch.float64, torch.float64, torch.float64, torch.float64, torch.float64, torch.float64, torch.float64, torch.float64, torch.float64, torch.float64, torch.float64, torch.float64, torch.float64, torch.float64, torch.float64, torch.float64, torch.float64, torch.float64, torch.float64, torch.float64, torch.float64, torch.float64, torch.float64, torch.float64, torch.float64, torch.float64, torch.float64, torch.float64, torch.float64, torch.float64, torch.float64, torch.float64, torch.float64, torch.float64, torch.float64, torch.float64, torch.float64, torch.float64, torch.float64, torch.float64, torch.float64, torch.float64, torch.float64, torch.float64, torch.float64, torch.float64, torch.float64, torch.float64, torch.float64]
[torch.float64, torch.float64, torch.float64, torch.float64, torch.float64, torch.float64, torch.float64, torch.float64, torch.float64, torch.float64, torch.float64, torch.float64, torch.float64, torch.float64, torch.float64, torch.float64, torch.float64, torch.float64, torch.float64, torch.float64, torch.float64, torch.float64, torch.float64, torch.float64, torch.float64, torch.float64, torch.float64, torch.float64, torch.float64, torch.float64, torch.float64, torch.float64, torch.float64, torch.float64, torch.float64, torch.float64, torch.float64, torch.float64, torch.float64, torch.float64, torch.float64, torch.float64, torch.float64, torch.float64, torch.float64, torch.float64, torch.float64, torch.float64, torch.float64, torch.float64, torch.float64, torch.float64, torch.float64, torch.float64, torch.float64, torch.float64, torch.float64, torch.float64, torch.float64, torch.float64, torch.float64, torch.float64, torch.float64, torch.float64, torch.float64, torch.float64, torch.float64, torch.float64, torch.float64, torch.float64, torch.float64, torch.float64, torch.float64, torch.float64, torch.float64, torch.float64, torch.float64, torch.float64, torch.float64, torch.float64, torch.float64, torch.float64, torch.float64, torch.float64, torch.float64, torch.float64, torch.float64, torch.float64, torch.float64, torch.float64]
[torch.float64, torch.float64, torch.float64, torch.float64, torch.float64, torch.float64, torch.float64, torch.float64, torch.float64, torch.float64, torch.float64, torch.float64, torch.float64, torch.float64, torch.float64, torch.float64, torch.float64, torch.float64, torch.float64, torch.float64, torch.float64, torch.float64, torch.float64, torch.float64, torch.float64, torch.float64, torch.float64, torch.float64, torch.float64, torch.float64, torch.float64, torch.float64, torch.float64, torch.float64, torch.float64, torch.float64, torch.float64, torch.float64, torch.float64, torch.float64, torch.float64, torch.float64, torch.float64, torch.float64, torch.float64, torch.float64, torch.float64, torch.float64, torch.float64, torch.float64, torch.float64, torch.float64, torch.float64, torch.float64, torch.float64, torch.float64, torch.float64, torch.float64, torch.float64, torch.float64, torch.float64, torch.float64, torch.float64, torch.float64, torch.float64, torch.float64, torch.float64, torch.float64, torch.float64, torch.float64, torch.float64, torch.float64, torch.float64, torch.float64, torch.float64, torch.float64, torch.float64, torch.float64, torch.float64, torch.float64, torch.float64, torch.float64, torch.float64, torch.float64, torch.float64, torch.float64, torch.float64, torch.float64, torch.float64, torch.float64]
Start Training…
epoch: 00050 loss_train: 0.14539 loss_val: 0.17114 viol_train: 0.43686 viol_val: 0.57105
epoch: 00100 loss_train: 0.07621 loss_val: 0.09327 viol_train: 0.16964 viol_val: 0.24133
epoch: 00150 loss_train: 0.04703 loss_val: 0.05644 viol_train: 0.01585 viol_val: 0.02071
epoch: 00200 loss_train: 0.04145 loss_val: 0.04362 viol_train: 0.00067 viol_val: 0.00084
epoch: 00250 loss_train: 0.03808 loss_val: 0.04171 viol_train: 0.00552 viol_val: 0.00748
epoch: 00300 loss_train: 0.03633 loss_val: 0.03841 viol_train: 0.00811 viol_val: 0.01043
epoch: 00350 loss_train: 0.03203 loss_val: 0.03555 viol_train: 0.00800 viol_val: 0.01023
epoch: 00400 loss_train: 0.02829 loss_val: 0.03091 viol_train: 0.00634 viol_val: 0.00837
epoch: 00450 loss_train: 0.02542 loss_val: 0.02722 viol_train: 0.00415 viol_val: 0.00544
epoch: 00500 loss_train: 0.02050 loss_val: 0.02234 viol_train: 0.00200 viol_val: 0.00271
epoch: 00550 loss_train: 0.01713 loss_val: 0.01795 viol_train: 0.00078 viol_val: 0.00106
epoch: 00600 loss_train: 0.01386 loss_val: 0.01460 viol_train: 0.00032 viol_val: 0.00036
epoch: 00650 loss_train: 0.01113 loss_val: 0.01227 viol_train: 0.00040 viol_val: 0.00046
epoch: 00700 loss_train: 0.00910 loss_val: 0.00958 viol_train: 0.00068 viol_val: 0.00084
epoch: 00750 loss_train: 0.00784 loss_val: 0.00821 viol_train: 0.00043 viol_val: 0.00066
epoch: 00800 loss_train: 0.00655 loss_val: 0.00706 viol_train: 0.00019 viol_val: 0.00027
epoch: 00850 loss_train: 0.00543 loss_val: 0.00594 viol_train: 0.00011 viol_val: 0.00010
epoch: 00900 loss_train: 0.00460 loss_val: 0.00485 viol_train: 0.00013 viol_val: 0.00013
epoch: 00950 loss_train: 0.00389 loss_val: 0.00409 viol_train: 0.00014 viol_val: 0.00014
epoch: 01000 loss_train: 0.00324 loss_val: 0.00341 viol_train: 0.00017 viol_val: 0.00024
Training Finished!
