Scaler Factors: [800.           0.9936625    1.987325     1.81292375]
Scaler saved at /home/f25moham/CSTR/nonlinear/total/pieces/Reduced_T/segments/segments2/heaviside/heaviside2/scaler.pkl
Scaled dataset saved at /home/f25moham/CSTR/nonlinear/total/pieces/Reduced_T/segments/segments2/heaviside/heaviside2/scaled_data.csv
Scaler Factors outside function: [800.           0.9936625    1.987325     1.81292375]
Scaler loaded successfully.
Scaler Type: <class 'sklearn.preprocessing._data.MaxAbsScaler'>
Scaler Factors (scale_): [800.           0.9936625    1.987325     1.81292375]
Namespace(model='KKThPINN', model_id='adaptive_S2_r8', input_dim=1, hidden_dim=32, hidden_num=2, z0_dim=3, optimizer='adam', epochs=1000, batch_size=16, lr=0.0001, mu=1, max_subiter=500, eta=0.8, sigma=2, mu_safe=1000000000.0, dtype=64, dataset_type='cstr', dataset_path='data.csv', val_ratio=0.2, job='train', runs=1, run=0)
Scaler Factors: [800.           0.9936625    1.987325     1.81292375]
Scaler saved at /home/f25moham/CSTR/nonlinear/total/pieces/Reduced_T/segments/segments2/heaviside/heaviside2/scaler.pkl
Scaled dataset saved at /home/f25moham/CSTR/nonlinear/total/pieces/Reduced_T/segments/segments2/heaviside/heaviside2/scaled_data.csv
train set size: 90, val set size: 30, test set size: 30
Dtypes after casting:
[torch.float64, torch.float64]
[torch.float64, torch.float64]
[torch.float64, torch.float64]
Start Training…
epoch: 00050 loss_train: 0.04277 loss_val: 0.04586 viol_train: 0.06657 viol_val: 0.08315
epoch: 00100 loss_train: 0.03907 loss_val: 0.04174 viol_train: 0.04027 viol_val: 0.04831
epoch: 00150 loss_train: 0.03470 loss_val: 0.03769 viol_train: 0.03547 viol_val: 0.03890
epoch: 00200 loss_train: 0.03074 loss_val: 0.03310 viol_train: 0.03248 viol_val: 0.03818
epoch: 00250 loss_train: 0.02716 loss_val: 0.02938 viol_train: 0.03689 viol_val: 0.04043
epoch: 00300 loss_train: 0.02505 loss_val: 0.02498 viol_train: 0.03561 viol_val: 0.04203
epoch: 00350 loss_train: 0.02123 loss_val: 0.02134 viol_train: 0.03605 viol_val: 0.04335
epoch: 00400 loss_train: 0.01750 loss_val: 0.01708 viol_train: 0.03462 viol_val: 0.04345
epoch: 00450 loss_train: 0.01474 loss_val: 0.01513 viol_train: 0.03419 viol_val: 0.03962
epoch: 00500 loss_train: 0.01177 loss_val: 0.01227 viol_train: 0.03549 viol_val: 0.04301
epoch: 00550 loss_train: 0.01054 loss_val: 0.01040 viol_train: 0.03579 viol_val: 0.04189
epoch: 00600 loss_train: 0.00885 loss_val: 0.00907 viol_train: 0.03779 viol_val: 0.03992
epoch: 00650 loss_train: 0.00825 loss_val: 0.00810 viol_train: 0.03300 viol_val: 0.03859
epoch: 00700 loss_train: 0.00716 loss_val: 0.00710 viol_train: 0.03680 viol_val: 0.04207
epoch: 00750 loss_train: 0.00673 loss_val: 0.00646 viol_train: 0.03447 viol_val: 0.03994
epoch: 00800 loss_train: 0.00603 loss_val: 0.00586 viol_train: 0.03734 viol_val: 0.04127
epoch: 00850 loss_train: 0.00559 loss_val: 0.00532 viol_train: 0.03699 viol_val: 0.03874
epoch: 00900 loss_train: 0.00538 loss_val: 0.00497 viol_train: 0.03347 viol_val: 0.03836
epoch: 00950 loss_train: 0.00504 loss_val: 0.00468 viol_train: 0.03413 viol_val: 0.03966
epoch: 01000 loss_train: 0.00481 loss_val: 0.00419 viol_train: 0.03533 viol_val: 0.04062
Training Finished!
