Scaler Factors: [800.           0.9936625    1.987325     1.81292375]
Scaler saved at /home/f25moham/CSTR/nonlinear/total/pieces/Reduced_T/segments/segments2/heaviside/heaviside2/scaler.pkl
Scaled dataset saved at /home/f25moham/CSTR/nonlinear/total/pieces/Reduced_T/segments/segments2/heaviside/heaviside2/scaled_data.csv
Scaler Factors outside function: [800.           0.9936625    1.987325     1.81292375]
Scaler loaded successfully.
Scaler Type: <class 'sklearn.preprocessing._data.MaxAbsScaler'>
Scaler Factors (scale_): [800.           0.9936625    1.987325     1.81292375]
Namespace(model='KKThPINN', model_id='uniform_S5_r6', input_dim=1, hidden_dim=32, hidden_num=2, z0_dim=3, optimizer='adam', epochs=1000, batch_size=16, lr=0.0001, mu=1, max_subiter=500, eta=0.8, sigma=2, mu_safe=1000000000.0, dtype=64, dataset_type='cstr', dataset_path='data.csv', val_ratio=0.2, job='train', runs=1, run=0)
Scaler Factors: [800.           0.9936625    1.987325     1.81292375]
Scaler saved at /home/f25moham/CSTR/nonlinear/total/pieces/Reduced_T/segments/segments2/heaviside/heaviside2/scaler.pkl
Scaled dataset saved at /home/f25moham/CSTR/nonlinear/total/pieces/Reduced_T/segments/segments2/heaviside/heaviside2/scaled_data.csv
train set size: 90, val set size: 30, test set size: 30
Dtypes after casting:
[torch.float64, torch.float64, torch.float64, torch.float64, torch.float64]
[torch.float64, torch.float64, torch.float64, torch.float64, torch.float64]
[torch.float64, torch.float64, torch.float64, torch.float64, torch.float64]
Start Training…
epoch: 00050 loss_train: 0.13657 loss_val: 0.15057 viol_train: 0.26316 viol_val: 0.34371
epoch: 00100 loss_train: 0.05633 loss_val: 0.06289 viol_train: 0.06743 viol_val: 0.09577
epoch: 00150 loss_train: 0.03409 loss_val: 0.03749 viol_train: 0.00400 viol_val: 0.00444
epoch: 00200 loss_train: 0.03067 loss_val: 0.03458 viol_train: 0.01296 viol_val: 0.01662
epoch: 00250 loss_train: 0.02854 loss_val: 0.03271 viol_train: 0.01601 viol_val: 0.02154
epoch: 00300 loss_train: 0.02765 loss_val: 0.03045 viol_train: 0.01464 viol_val: 0.02019
epoch: 00350 loss_train: 0.02525 loss_val: 0.02741 viol_train: 0.01340 viol_val: 0.01877
epoch: 00400 loss_train: 0.02351 loss_val: 0.02557 viol_train: 0.01254 viol_val: 0.01642
epoch: 00450 loss_train: 0.02123 loss_val: 0.02276 viol_train: 0.01118 viol_val: 0.01341
epoch: 00500 loss_train: 0.01829 loss_val: 0.01932 viol_train: 0.00865 viol_val: 0.01174
epoch: 00550 loss_train: 0.01598 loss_val: 0.01661 viol_train: 0.00643 viol_val: 0.00879
epoch: 00600 loss_train: 0.01378 loss_val: 0.01430 viol_train: 0.00490 viol_val: 0.00674
epoch: 00650 loss_train: 0.01153 loss_val: 0.01182 viol_train: 0.00406 viol_val: 0.00521
epoch: 00700 loss_train: 0.00994 loss_val: 0.01039 viol_train: 0.00361 viol_val: 0.00444
epoch: 00750 loss_train: 0.00880 loss_val: 0.00904 viol_train: 0.00334 viol_val: 0.00430
epoch: 00800 loss_train: 0.00746 loss_val: 0.00774 viol_train: 0.00335 viol_val: 0.00456
epoch: 00850 loss_train: 0.00653 loss_val: 0.00687 viol_train: 0.00350 viol_val: 0.00454
epoch: 00900 loss_train: 0.00589 loss_val: 0.00630 viol_train: 0.00377 viol_val: 0.00463
epoch: 00950 loss_train: 0.00517 loss_val: 0.00540 viol_train: 0.00360 viol_val: 0.00463
epoch: 01000 loss_train: 0.00468 loss_val: 0.00502 viol_train: 0.00363 viol_val: 0.00493
Training Finished!
