Scaler Factors: [800.           0.9936625    1.987325     1.81292375]
Scaler saved at /home/f25moham/CSTR/nonlinear/total/pieces/Reduced_T/segments/segments2/heaviside/heaviside2/scaler.pkl
Scaled dataset saved at /home/f25moham/CSTR/nonlinear/total/pieces/Reduced_T/segments/segments2/heaviside/heaviside2/scaled_data.csv
Scaler Factors outside function: [800.           0.9936625    1.987325     1.81292375]
Scaler loaded successfully.
Scaler Type: <class 'sklearn.preprocessing._data.MaxAbsScaler'>
Scaler Factors (scale_): [800.           0.9936625    1.987325     1.81292375]
Namespace(model='KKThPINN', model_id='uniform_S9_r9', input_dim=1, hidden_dim=32, hidden_num=2, z0_dim=3, optimizer='adam', epochs=1000, batch_size=16, lr=0.0001, mu=1, max_subiter=500, eta=0.8, sigma=2, mu_safe=1000000000.0, dtype=64, dataset_type='cstr', dataset_path='data.csv', val_ratio=0.2, job='train', runs=1, run=0)
Scaler Factors: [800.           0.9936625    1.987325     1.81292375]
Scaler saved at /home/f25moham/CSTR/nonlinear/total/pieces/Reduced_T/segments/segments2/heaviside/heaviside2/scaler.pkl
Scaled dataset saved at /home/f25moham/CSTR/nonlinear/total/pieces/Reduced_T/segments/segments2/heaviside/heaviside2/scaled_data.csv
train set size: 90, val set size: 30, test set size: 30
Dtypes after casting:
[torch.float64, torch.float64, torch.float64, torch.float64, torch.float64, torch.float64, torch.float64, torch.float64, torch.float64]
[torch.float64, torch.float64, torch.float64, torch.float64, torch.float64, torch.float64, torch.float64, torch.float64, torch.float64]
[torch.float64, torch.float64, torch.float64, torch.float64, torch.float64, torch.float64, torch.float64, torch.float64, torch.float64]
Start Training…
epoch: 00050 loss_train: 0.06356 loss_val: 0.07625 viol_train: 0.02736 viol_val: 0.03899
epoch: 00100 loss_train: 0.03854 loss_val: 0.04487 viol_train: 0.00102 viol_val: 0.00126
epoch: 00150 loss_train: 0.03371 loss_val: 0.03793 viol_train: 0.00487 viol_val: 0.00682
epoch: 00200 loss_train: 0.03255 loss_val: 0.03479 viol_train: 0.00763 viol_val: 0.00984
epoch: 00250 loss_train: 0.03196 loss_val: 0.03330 viol_train: 0.00818 viol_val: 0.01025
epoch: 00300 loss_train: 0.02887 loss_val: 0.03189 viol_train: 0.00694 viol_val: 0.00958
epoch: 00350 loss_train: 0.02674 loss_val: 0.02961 viol_train: 0.00664 viol_val: 0.00813
epoch: 00400 loss_train: 0.02469 loss_val: 0.02794 viol_train: 0.00493 viol_val: 0.00639
epoch: 00450 loss_train: 0.02292 loss_val: 0.02414 viol_train: 0.00379 viol_val: 0.00500
epoch: 00500 loss_train: 0.02106 loss_val: 0.02079 viol_train: 0.00236 viol_val: 0.00312
epoch: 00550 loss_train: 0.01795 loss_val: 0.01857 viol_train: 0.00165 viol_val: 0.00222
epoch: 00600 loss_train: 0.01578 loss_val: 0.01579 viol_train: 0.00129 viol_val: 0.00168
epoch: 00650 loss_train: 0.01310 loss_val: 0.01357 viol_train: 0.00184 viol_val: 0.00205
epoch: 00700 loss_train: 0.01106 loss_val: 0.01142 viol_train: 0.00273 viol_val: 0.00328
epoch: 00750 loss_train: 0.00919 loss_val: 0.00990 viol_train: 0.00370 viol_val: 0.00407
epoch: 00800 loss_train: 0.00844 loss_val: 0.00889 viol_train: 0.00433 viol_val: 0.00524
epoch: 00850 loss_train: 0.00788 loss_val: 0.00816 viol_train: 0.00539 viol_val: 0.00646
epoch: 00900 loss_train: 0.00742 loss_val: 0.00795 viol_train: 0.00690 viol_val: 0.00703
epoch: 00950 loss_train: 0.00730 loss_val: 0.00769 viol_train: 0.00652 viol_val: 0.00761
epoch: 01000 loss_train: 0.00689 loss_val: 0.00762 viol_train: 0.00666 viol_val: 0.00842
Training Finished!
