Scaler Factors: [800.           0.9936625    1.987325     1.81292375]
Scaler saved at /home/f25moham/CSTR/nonlinear/total/pieces/Reduced_T/segments/segments2/heaviside/heaviside2/scaler.pkl
Scaled dataset saved at /home/f25moham/CSTR/nonlinear/total/pieces/Reduced_T/segments/segments2/heaviside/heaviside2/scaled_data.csv
Scaler Factors outside function: [800.           0.9936625    1.987325     1.81292375]
Scaler loaded successfully.
Scaler Type: <class 'sklearn.preprocessing._data.MaxAbsScaler'>
Scaler Factors (scale_): [800.           0.9936625    1.987325     1.81292375]
Namespace(model='KKThPINN', model_id='adaptive_S11', input_dim=1, hidden_dim=32, hidden_num=2, z0_dim=3, optimizer='adam', epochs=1000, batch_size=16, lr=0.0001, mu=1, max_subiter=500, eta=0.8, sigma=2, mu_safe=1000000000.0, dtype=64, dataset_type='cstr', dataset_path='data.csv', val_ratio=0.2, job='train', runs=1, run=0)
Scaler Factors: [800.           0.9936625    1.987325     1.81292375]
Scaler saved at /home/f25moham/CSTR/nonlinear/total/pieces/Reduced_T/segments/segments2/heaviside/heaviside2/scaler.pkl
Scaled dataset saved at /home/f25moham/CSTR/nonlinear/total/pieces/Reduced_T/segments/segments2/heaviside/heaviside2/scaled_data.csv
train set size: 90, val set size: 30, test set size: 30
Dtypes after casting:
[torch.float64, torch.float64, torch.float64, torch.float64, torch.float64, torch.float64, torch.float64, torch.float64, torch.float64, torch.float64, torch.float64]
[torch.float64, torch.float64, torch.float64, torch.float64, torch.float64, torch.float64, torch.float64, torch.float64, torch.float64, torch.float64, torch.float64]
[torch.float64, torch.float64, torch.float64, torch.float64, torch.float64, torch.float64, torch.float64, torch.float64, torch.float64, torch.float64, torch.float64]
Start Training…
epoch: 00050 loss_train: 0.14465 loss_val: 0.15830 viol_train: 0.01673 viol_val: 0.02131
epoch: 00100 loss_train: 0.05458 loss_val: 0.06367 viol_train: 0.00100 viol_val: 0.00123
epoch: 00150 loss_train: 0.03774 loss_val: 0.04230 viol_train: 0.00241 viol_val: 0.00316
epoch: 00200 loss_train: 0.03732 loss_val: 0.04188 viol_train: 0.00603 viol_val: 0.00772
epoch: 00250 loss_train: 0.03624 loss_val: 0.03984 viol_train: 0.00665 viol_val: 0.00873
epoch: 00300 loss_train: 0.03603 loss_val: 0.03949 viol_train: 0.00654 viol_val: 0.00923
epoch: 00350 loss_train: 0.03435 loss_val: 0.03766 viol_train: 0.00736 viol_val: 0.00919
epoch: 00400 loss_train: 0.03403 loss_val: 0.03679 viol_train: 0.00788 viol_val: 0.00984
epoch: 00450 loss_train: 0.03301 loss_val: 0.03627 viol_train: 0.00715 viol_val: 0.01006
epoch: 00500 loss_train: 0.03289 loss_val: 0.03568 viol_train: 0.00752 viol_val: 0.00921
epoch: 00550 loss_train: 0.03143 loss_val: 0.03411 viol_train: 0.00702 viol_val: 0.00869
epoch: 00600 loss_train: 0.02941 loss_val: 0.03261 viol_train: 0.00617 viol_val: 0.00824
epoch: 00650 loss_train: 0.02942 loss_val: 0.03190 viol_train: 0.00605 viol_val: 0.00772
epoch: 00700 loss_train: 0.02694 loss_val: 0.02920 viol_train: 0.00533 viol_val: 0.00694
epoch: 00750 loss_train: 0.02513 loss_val: 0.02847 viol_train: 0.00417 viol_val: 0.00559
epoch: 00800 loss_train: 0.02376 loss_val: 0.02595 viol_train: 0.00425 viol_val: 0.00551
epoch: 00850 loss_train: 0.02321 loss_val: 0.02372 viol_train: 0.00350 viol_val: 0.00470
epoch: 00900 loss_train: 0.02098 loss_val: 0.02182 viol_train: 0.00287 viol_val: 0.00396
epoch: 00950 loss_train: 0.01846 loss_val: 0.02032 viol_train: 0.00249 viol_val: 0.00325
epoch: 01000 loss_train: 0.01692 loss_val: 0.01872 viol_train: 0.00184 viol_val: 0.00224
Training Finished!
