Scaler Factors: [800.           0.9936625    1.987325     1.81292375]
Scaler saved at /home/f25moham/CSTR/nonlinear/total/pieces/Reduced_T/segments/segments2/heaviside/heaviside2/scaler.pkl
Scaled dataset saved at /home/f25moham/CSTR/nonlinear/total/pieces/Reduced_T/segments/segments2/heaviside/heaviside2/scaled_data.csv
Scaler Factors outside function: [800.           0.9936625    1.987325     1.81292375]
Scaler loaded successfully.
Scaler Type: <class 'sklearn.preprocessing._data.MaxAbsScaler'>
Scaler Factors (scale_): [800.           0.9936625    1.987325     1.81292375]
Namespace(model='KKThPINN', model_id='adaptive_S11_r6', input_dim=1, hidden_dim=32, hidden_num=2, z0_dim=3, optimizer='adam', epochs=1000, batch_size=16, lr=0.0001, mu=1, max_subiter=500, eta=0.8, sigma=2, mu_safe=1000000000.0, dtype=64, dataset_type='cstr', dataset_path='data.csv', val_ratio=0.2, job='train', runs=1, run=0)
Scaler Factors: [800.           0.9936625    1.987325     1.81292375]
Scaler saved at /home/f25moham/CSTR/nonlinear/total/pieces/Reduced_T/segments/segments2/heaviside/heaviside2/scaler.pkl
Scaled dataset saved at /home/f25moham/CSTR/nonlinear/total/pieces/Reduced_T/segments/segments2/heaviside/heaviside2/scaled_data.csv
train set size: 90, val set size: 30, test set size: 30
Dtypes after casting:
[torch.float64, torch.float64, torch.float64, torch.float64, torch.float64, torch.float64, torch.float64, torch.float64, torch.float64, torch.float64, torch.float64]
[torch.float64, torch.float64, torch.float64, torch.float64, torch.float64, torch.float64, torch.float64, torch.float64, torch.float64, torch.float64, torch.float64]
[torch.float64, torch.float64, torch.float64, torch.float64, torch.float64, torch.float64, torch.float64, torch.float64, torch.float64, torch.float64, torch.float64]
Start Training…
epoch: 00050 loss_train: 0.06676 loss_val: 0.07399 viol_train: 0.03686 viol_val: 0.04807
epoch: 00100 loss_train: 0.03739 loss_val: 0.04042 viol_train: 0.00087 viol_val: 0.00103
epoch: 00150 loss_train: 0.03436 loss_val: 0.03646 viol_train: 0.00294 viol_val: 0.00383
epoch: 00200 loss_train: 0.03087 loss_val: 0.03290 viol_train: 0.00637 viol_val: 0.00773
epoch: 00250 loss_train: 0.02741 loss_val: 0.03161 viol_train: 0.00728 viol_val: 0.00886
epoch: 00300 loss_train: 0.02624 loss_val: 0.02918 viol_train: 0.00666 viol_val: 0.00819
epoch: 00350 loss_train: 0.02337 loss_val: 0.02660 viol_train: 0.00675 viol_val: 0.00798
epoch: 00400 loss_train: 0.02188 loss_val: 0.02348 viol_train: 0.00541 viol_val: 0.00707
epoch: 00450 loss_train: 0.01966 loss_val: 0.02072 viol_train: 0.00408 viol_val: 0.00541
epoch: 00500 loss_train: 0.01765 loss_val: 0.01756 viol_train: 0.00295 viol_val: 0.00383
epoch: 00550 loss_train: 0.01435 loss_val: 0.01474 viol_train: 0.00213 viol_val: 0.00256
epoch: 00600 loss_train: 0.01177 loss_val: 0.01296 viol_train: 0.00133 viol_val: 0.00159
epoch: 00650 loss_train: 0.01106 loss_val: 0.01126 viol_train: 0.00086 viol_val: 0.00096
epoch: 00700 loss_train: 0.00923 loss_val: 0.00979 viol_train: 0.00068 viol_val: 0.00066
epoch: 00750 loss_train: 0.00868 loss_val: 0.00939 viol_train: 0.00077 viol_val: 0.00073
epoch: 00800 loss_train: 0.00844 loss_val: 0.00903 viol_train: 0.00090 viol_val: 0.00084
epoch: 00850 loss_train: 0.00811 loss_val: 0.00871 viol_train: 0.00112 viol_val: 0.00105
epoch: 00900 loss_train: 0.00788 loss_val: 0.00868 viol_train: 0.00122 viol_val: 0.00113
epoch: 00950 loss_train: 0.00807 loss_val: 0.00860 viol_train: 0.00119 viol_val: 0.00120
epoch: 01000 loss_train: 0.00792 loss_val: 0.00845 viol_train: 0.00129 viol_val: 0.00131
Training Finished!
