Saved region_edges.npz
Linearized MB on A is -1.00867526807959*Ca - 0.00867526807959334*Cb - 0.00099423220314216*T + 1.29796747173134
Linearized MB on A is -1.0112948107762*Ca - 0.011294810776197*Cb - 0.0012771942420312*T + 1.38556654221976
Linearized MB on A is -1.01463636523541*Ca - 0.0146363652354134*Cb - 0.00163123295925781*T + 1.49604253243303
Linearized MB on A is -1.0188742790687*Ca - 0.0188742790687024*Cb - 0.00207059292644725*T + 1.63425086693505
Linearized MB on A is -1.02421577332843*Ca - 0.0242157733284289*Cb - 0.0026109011977189*T + 1.8056149132061
Linearized MB on A is -1.03090366150038*Ca - 0.0309036615003837*Cb - 0.00326865715281442*T + 2.01599064566513
Linearized MB on A is -1.03921806219836*Ca - 0.039218062198363*Cb - 0.00406042304811555*T + 2.27143359367664
Linearized MB on A is -1.04947681910934*Ca - 0.0494768191093396*Cb - 0.00500170031527142*T + 2.57785900935515
Linearized MB on A is -1.06203456118356*Ca - 0.0620345611835618*Cb - 0.00610553678285265*T + 2.9406047065014
Linearized MB on A is -1.07728070666993*Ca - 0.0772807066699252*Cb - 0.00738098977668578*T + 3.36393189934989
Linearized MB on A is -1.09563719193524*Ca - 0.095637191935243*Cb - 0.00883165062125975*T + 3.85052707195821
Linearized MB on A is -1.11755717824218*Ca - 0.117557178242176*Cb - 0.0104544875764738*T + 4.40108794094702
Linearized MB on A is -1.14352630430348*Ca - 0.14352630430348*Cb - 0.0122392568582102*T + 5.01407871734868
Linearized MB on A is -1.17406808142414*Ca - 0.174068081424144*Cb - 0.0141686519848965*T + 5.68571859071476
Linearized MB on A is -1.20975473911385*Ca - 0.209754739113847*Cb - 0.0162192260850447*T + 6.41022621640577
Linearized MB on A is -1.25122431365048*Ca - 0.251224313650483*Cb - 0.0183629718024528*T + 7.18029445309878
Linearized MB on A is -1.29920420379329*Ca - 0.299204203793291*Cb - 0.0205693277903896*T + 7.98772944286657
Linearized MB on A is -1.35454096642792*Ca - 0.354540966427916*Cb - 0.0228073317708249*T + 8.8241678345289
Linearized MB on A is -1.41823588327289*Ca - 0.41823588327289*Cb - 0.0250476610064107*T + 9.68178808420602
Linearized MB on A is -1.49148579527323*Ca - 0.491485795273234*Cb - 0.0272643703988556*T + 10.5539506663138
Linearized MB on A is -1.57572880857845*Ca - 0.575728808578454*Cb - 0.029436225279637*T + 11.4357282538696
Linearized MB on A is -1.67269464756746*Ca - 0.672694647567458*Cb - 0.0315476042837619*T + 12.3243119848434
Linearized MB on A is -1.78445961324569*Ca - 0.784459613245691*Cb - 0.0335890036533965*T + 13.2192988689765
Linearized MB on A is -1.91350628170222*Ca - 0.913506281702223*Cb - 0.0355572057498709*T + 14.1228769513002
Linearized MB on A is -2.06278825522321*Ca - 1.06278825522321*Cb - 0.0374551864666732*T + 15.0399302154885
Linearized MB on A is -2.23580047468781*Ca - 1.23580047468781*Cb - 0.0392918359324861*T + 15.9780864907237
Linearized MB on A is -2.43665582588678*Ca - 1.43665582588678*Cb - 0.0410815606947444*T + 16.9477307706949
Linearized MB on A is -2.6701690197042*Ca - 1.6701690197042*Cb - 0.0428438274736567*T + 17.9620046544882
Linearized MB on A is -2.94194897805148*Ca - 1.94194897805148*Cb - 0.0446027002987143*T + 19.0368106691837
Linearized MB on A is -3.25850118853348*Ca - 2.25850118853348*Cb - 0.0463864146223425*T + 20.1908381422952
Linearized MB on A is -3.62734167828522*Ca - 2.62734167828522*Cb - 0.0482270235240953*T + 21.4456249710537
Linearized MB on A is -4.05712438911996*Ca - 3.05712438911996*Cb - 0.0501601421794439*T + 22.8256670288944
Linearized MB on A is -4.55778381387271*Ca - 3.55778381387271*Cb - 0.052224807609538*T + 24.3585841426331
Linearized MB on A is -5.14069479144229*Ca - 4.14069479144228*Cb - 0.0544634619745685*T + 26.0753487856714
Linearized MB on A is -5.81885137598085*Ca - 4.81885137598085*Cb - 0.0569220600747806*T + 28.0105811360379
Linearized MB on A is -6.60706671478279*Ca - 5.60706671478279*Cb - 0.0596502958846952*T + 30.2029121765602
Linearized MB on A is -7.52219590611196*Ca - 6.52219590611196*Cb - 0.0627019391548081*T + 32.6954151988011
Linearized MB on A is -8.58338387228986*Ca - 7.58338387228986*Cb - 0.0661352713110537*T + 35.5361054245152
Linearized MB on A is -9.81234037818282*Ca - 8.81234037818282*Cb - 0.070013609739822*T + 38.7785073934718
Linearized MB on A is -11.2336444492614*Ca - 10.2336444492614*Cb - 0.0744059106026465*T + 42.4822901442811
Linearized MB on A is -12.8750805923847*Ca - 11.8750805923847*Cb - 0.0793874421020342*T + 46.7139708809494
Linearized MB on A is -14.7680093911761*Ca - 13.7680093911761*Cb - 0.0850405222087295*T + 51.5476886338883
Linearized MB on A is -16.9477752314107*Ca - 15.9477752314107*Cb - 0.091455316958777*T + 57.0660502833865
Linearized MB on A is -19.4541541062744*Ca - 18.4541541062744*Cb - 0.0987306973446101*T + 63.3610521447365
Linearized MB on A is -22.3318446538728*Ca - 21.3318446538728*Cb - 0.10697515446068*T + 70.5350810773203
Linearized MB on A is -25.631005788157*Ca - 24.631005788157*Cb - 0.116307773891077*T + 78.7019997584609
Linearized MB on A is -29.4078444985085*Ca - 28.4078444985085*Cb - 0.126859271358533*T + 87.9883213562897
Linearized MB on A is -33.7252576121499*Ca - 32.7252576121499*Cb - 0.13877309242788*T + 98.5344793526229
Linearized MB on A is -38.6535315372075*Ca - 37.6535315372075*Cb - 0.152206579618486*T + 110.496198719463
Linearized MB on A is -44.2711042327343*Ca - 43.2711042327343*Cb - 0.167332210674652*T + 124.045975054538
Linearized MB on A is -50.6653938854404*Ca - 49.6653938854404*Cb - 0.184338912011933*T + 139.374668644933
Linearized MB on A is -57.933699011394*Ca - 56.933699011394*Cb - 0.203433451533514*T + 156.693220763477
Linearized MB on A is -66.1841749446679*Ca - 65.184174944668*Cb - 0.224841915122129*T + 176.234499819102
Linearized MB on A is -75.5368919238002*Ca - 74.5368919238002*Cb - 0.248811271178406*T + 198.255285285725
Linearized MB on A is -86.1249802410229*Ca - 85.124980241023*Cb - 0.27561102761178*T + 223.038397629516
Linearized MB on A is -98.0958681783371*Ca - 97.0958681783368*Cb - 0.305534985704549*T + 250.89498274439
Linearized MB on A is -111.612618718569*Ca - 110.612618718571*Cb - 0.338903095271549*T + 282.16695969292
Linearized MB on A is -126.855371288268*Ca - 125.855371288269*Cb - 0.376063415530199*T + 317.229640835078
Linearized MB on A is -144.022895062463*Ca - 143.022895062463*Cb - 0.417394186082997*T + 356.49453371169
Linearized MB on A is -163.334260638633*Ca - 162.334260638633*Cb - 0.463306012396492*T + 400.412334332543
Linearized MB on A is -185.030637168313*Ca - 184.030637168313*Cb - 0.514244170140267*T + 449.476121801451
Linearized MB on A is -209.377222319339*Ca - 208.377222319337*Cb - 0.57069103272456*T + 504.224764490971
Linearized MB on A is -236.665312729294*Ca - 235.665312729297*Cb - 0.633168626346472*T + 565.246548257688
Linearized MB on A is -267.214522901066*Ca - 266.214522901069*Cb - 0.702241316824563*T + 633.183037465415
Linearized MB on A is -301.375160783688*Ca - 300.375160783684*Cb - 0.77851863246188*T + 708.733179854578
Linearized MB on A is -339.530768576053*Ca - 338.53076857605*Cb - 0.862658227139743*T + 792.657666565558
Linearized MB on A is -382.100837586485*Ca - 381.100837586476*Cb - 0.955368987795223*T + 885.783558885827
Linearized MB on A is -429.543706277335*Ca - 428.543706277335*Cb - 1.05741429038366*T + 989.009193548535
Linearized MB on A is -482.359650920666*Ca - 481.359650920656*Cb - 1.16961540836899*T + 1103.30937866139
Linearized MB on A is -541.094178587004*Ca - 540.094178586991*Cb - 1.29285507771865*T + 1229.74089258822
Linearized MB on A is -606.341532485398*Ca - 605.3415324854*Cb - 1.42808122230912*T + 1369.44829834261
Linearized MB on A is -678.748419966781*Ca - 677.748419966783*Cb - 1.57631084356443*T + 1523.67008627814
Linearized MB on A is -759.017973795689*Ca - 758.017973795691*Cb - 1.73863407807517*T + 1693.74515808396
Linearized MB on A is -847.913957585114*Ca - 846.913957585153*Cb - 1.91621842682285*T + 1881.11966528959
Linearized MB on A is -946.265226577621*Ca - 945.265226577603*Cb - 2.11031315958378*T + 2087.35421570394
Linearized MB on A is -1054.97045523769*Ca - 1053.9704552377*Cb - 2.32225389791494*T + 2314.13146137225
Linearized MB on A is -1175.00314340301*Ca - 1174.00314340295*Cb - 2.55346738005878*T + 2563.26408183278
Linearized MB on A is -1307.41691301414*Ca - 1306.41691301407*Cb - 2.80547641095025*T + 2836.70317660495
Linearized MB on A is -1453.35110771563*Ca - 1452.35110771562*Cb - 3.07990500039088*T + 3136.54708099642
Linearized MB on A is -1614.03670788306*Ca - 1613.03670788306*Cb - 3.37848369230705*T + 3465.05061944993
Linearized MB on A is -1790.80257389022*Ca - 1789.80257389009*Cb - 3.70305508787132*T + 3824.63481077692
Linearized MB on A is -1985.08203068113*Ca - 1984.08203068094*Cb - 4.05557956510033*T + 4217.89703972864
Linearized MB on A is -2198.41980695661*Ca - 2197.4198069564*Cb - 4.43814119739662*T + 4647.62170945564
Linearized MB on A is -2432.47934251883*Ca - 2431.47934251888*Cb - 4.85295387332044*T + 5116.79138947918
Linearized MB on A is -2689.05047754749*Ca - 2688.05047754777*Cb - 5.30236761971*T + 5628.59847386368
Linearized MB on A is -2970.05753779693*Ca - 2969.05753779674*Cb - 5.78887513008983*T + 6186.45736432816
Linearized MB on A is -3277.56782991337*Ca - 3276.56782991287*Cb - 6.31511850011731*T + 6794.0171930633
Linearized MB on A is -3613.80056127361*Ca - 3612.80056127386*Cb - 6.88389617161695*T + 7455.17510003171
Linearized MB on A is -3981.13619893191*Ca - 3980.13619893172*Cb - 7.49817008658098*T + 8174.09007953952
Linearized MB on A is -4382.12628243081*Ca - 4381.12628243003*Cb - 8.16107305227104*T + 8955.19741082826
Saved data.csv
Saved lin_params.csv
Saved ABb_matrices.csv
    region_id       A_T         B_Ca         B_Cb  B_Cc            b
0           0 -0.000994    -1.008675    -0.008675   0.0    -1.297967
1           1 -0.001277    -1.011295    -0.011295   0.0    -1.385567
2           2 -0.001631    -1.014636    -0.014636   0.0    -1.496043
3           3 -0.002071    -1.018874    -0.018874   0.0    -1.634251
4           4 -0.002611    -1.024216    -0.024216   0.0    -1.805615
..        ...       ...          ...          ...   ...          ...
85         85 -5.788875 -2970.057538 -2969.057538   0.0 -6186.457364
86         86 -6.315119 -3277.567830 -3276.567830   0.0 -6794.017193
87         87 -6.883896 -3613.800561 -3612.800561   0.0 -7455.175100
88         88 -7.498170 -3981.136199 -3980.136199   0.0 -8174.090080
89         89 -8.161073 -4382.126282 -4381.126282   0.0 -8955.197411

[90 rows x 6 columns]
