Scaler Factors: [800.           0.9936625    1.987325     1.81292375]
Scaler saved at /home/f25moham/CSTR/nonlinear/total/pieces/Reduced_T/segments/segments2/heaviside/heaviside2/scaler.pkl
Scaled dataset saved at /home/f25moham/CSTR/nonlinear/total/pieces/Reduced_T/segments/segments2/heaviside/heaviside2/scaled_data.csv
Scaler Factors outside function: [800.           0.9936625    1.987325     1.81292375]
Scaler loaded successfully.
Scaler Type: <class 'sklearn.preprocessing._data.MaxAbsScaler'>
Scaler Factors (scale_): [800.           0.9936625    1.987325     1.81292375]
Namespace(model='KKThPINN', model_id='uniform_S90', input_dim=1, hidden_dim=32, hidden_num=2, z0_dim=3, optimizer='adam', epochs=1000, batch_size=16, lr=0.0001, mu=1, max_subiter=500, eta=0.8, sigma=2, mu_safe=1000000000.0, dtype=64, dataset_type='cstr', dataset_path='data.csv', val_ratio=0.2, job='train', runs=1, run=0)
Scaler Factors: [800.           0.9936625    1.987325     1.81292375]
Scaler saved at /home/f25moham/CSTR/nonlinear/total/pieces/Reduced_T/segments/segments2/heaviside/heaviside2/scaler.pkl
Scaled dataset saved at /home/f25moham/CSTR/nonlinear/total/pieces/Reduced_T/segments/segments2/heaviside/heaviside2/scaled_data.csv
train set size: 90, val set size: 30, test set size: 30
Dtypes after casting:
[torch.float64, torch.float64, torch.float64, torch.float64, torch.float64, torch.float64, torch.float64, torch.float64, torch.float64, torch.float64, torch.float64, torch.float64, torch.float64, torch.float64, torch.float64, torch.float64, torch.float64, torch.float64, torch.float64, torch.float64, torch.float64, torch.float64, torch.float64, torch.float64, torch.float64, torch.float64, torch.float64, torch.float64, torch.float64, torch.float64, torch.float64, torch.float64, torch.float64, torch.float64, torch.float64, torch.float64, torch.float64, torch.float64, torch.float64, torch.float64, torch.float64, torch.float64, torch.float64, torch.float64, torch.float64, torch.float64, torch.float64, torch.float64, torch.float64, torch.float64, torch.float64, torch.float64, torch.float64, torch.float64, torch.float64, torch.float64, torch.float64, torch.float64, torch.float64, torch.float64, torch.float64, torch.float64, torch.float64, torch.float64, torch.float64, torch.float64, torch.float64, torch.float64, torch.float64, torch.float64, torch.float64, torch.float64, torch.float64, torch.float64, torch.float64, torch.float64, torch.float64, torch.float64, torch.float64, torch.float64, torch.float64, torch.float64, torch.float64, torch.float64, torch.float64, torch.float64, torch.float64, torch.float64, torch.float64, torch.float64]
[torch.float64, torch.float64, torch.float64, torch.float64, torch.float64, torch.float64, torch.float64, torch.float64, torch.float64, torch.float64, torch.float64, torch.float64, torch.float64, torch.float64, torch.float64, torch.float64, torch.float64, torch.float64, torch.float64, torch.float64, torch.float64, torch.float64, torch.float64, torch.float64, torch.float64, torch.float64, torch.float64, torch.float64, torch.float64, torch.float64, torch.float64, torch.float64, torch.float64, torch.float64, torch.float64, torch.float64, torch.float64, torch.float64, torch.float64, torch.float64, torch.float64, torch.float64, torch.float64, torch.float64, torch.float64, torch.float64, torch.float64, torch.float64, torch.float64, torch.float64, torch.float64, torch.float64, torch.float64, torch.float64, torch.float64, torch.float64, torch.float64, torch.float64, torch.float64, torch.float64, torch.float64, torch.float64, torch.float64, torch.float64, torch.float64, torch.float64, torch.float64, torch.float64, torch.float64, torch.float64, torch.float64, torch.float64, torch.float64, torch.float64, torch.float64, torch.float64, torch.float64, torch.float64, torch.float64, torch.float64, torch.float64, torch.float64, torch.float64, torch.float64, torch.float64, torch.float64, torch.float64, torch.float64, torch.float64, torch.float64]
[torch.float64, torch.float64, torch.float64, torch.float64, torch.float64, torch.float64, torch.float64, torch.float64, torch.float64, torch.float64, torch.float64, torch.float64, torch.float64, torch.float64, torch.float64, torch.float64, torch.float64, torch.float64, torch.float64, torch.float64, torch.float64, torch.float64, torch.float64, torch.float64, torch.float64, torch.float64, torch.float64, torch.float64, torch.float64, torch.float64, torch.float64, torch.float64, torch.float64, torch.float64, torch.float64, torch.float64, torch.float64, torch.float64, torch.float64, torch.float64, torch.float64, torch.float64, torch.float64, torch.float64, torch.float64, torch.float64, torch.float64, torch.float64, torch.float64, torch.float64, torch.float64, torch.float64, torch.float64, torch.float64, torch.float64, torch.float64, torch.float64, torch.float64, torch.float64, torch.float64, torch.float64, torch.float64, torch.float64, torch.float64, torch.float64, torch.float64, torch.float64, torch.float64, torch.float64, torch.float64, torch.float64, torch.float64, torch.float64, torch.float64, torch.float64, torch.float64, torch.float64, torch.float64, torch.float64, torch.float64, torch.float64, torch.float64, torch.float64, torch.float64, torch.float64, torch.float64, torch.float64, torch.float64, torch.float64, torch.float64]
Start Training…
epoch: 00050 loss_train: 0.09435 loss_val: 0.11126 viol_train: 0.08416 viol_val: 0.11125
epoch: 00100 loss_train: 0.05062 loss_val: 0.06010 viol_train: 0.00723 viol_val: 0.00977
epoch: 00150 loss_train: 0.03693 loss_val: 0.04441 viol_train: 0.00082 viol_val: 0.00103
epoch: 00200 loss_train: 0.03383 loss_val: 0.03873 viol_train: 0.00618 viol_val: 0.00852
epoch: 00250 loss_train: 0.03344 loss_val: 0.03665 viol_train: 0.00912 viol_val: 0.01280
epoch: 00300 loss_train: 0.03151 loss_val: 0.03542 viol_train: 0.01038 viol_val: 0.01447
epoch: 00350 loss_train: 0.03179 loss_val: 0.03347 viol_train: 0.00971 viol_val: 0.01319
epoch: 00400 loss_train: 0.02964 loss_val: 0.03290 viol_train: 0.00980 viol_val: 0.01294
epoch: 00450 loss_train: 0.02877 loss_val: 0.03074 viol_train: 0.00818 viol_val: 0.01145
epoch: 00500 loss_train: 0.02647 loss_val: 0.02833 viol_train: 0.00800 viol_val: 0.01075
epoch: 00550 loss_train: 0.02472 loss_val: 0.02716 viol_train: 0.00738 viol_val: 0.00935
epoch: 00600 loss_train: 0.02298 loss_val: 0.02511 viol_train: 0.00615 viol_val: 0.00780
epoch: 00650 loss_train: 0.02142 loss_val: 0.02320 viol_train: 0.00432 viol_val: 0.00621
epoch: 00700 loss_train: 0.02073 loss_val: 0.02051 viol_train: 0.00267 viol_val: 0.00373
epoch: 00750 loss_train: 0.01708 loss_val: 0.01802 viol_train: 0.00185 viol_val: 0.00266
epoch: 00800 loss_train: 0.01585 loss_val: 0.01662 viol_train: 0.00100 viol_val: 0.00142
epoch: 00850 loss_train: 0.01312 loss_val: 0.01455 viol_train: 0.00045 viol_val: 0.00060
epoch: 00900 loss_train: 0.01237 loss_val: 0.01258 viol_train: 0.00036 viol_val: 0.00037
epoch: 00950 loss_train: 0.01055 loss_val: 0.01080 viol_train: 0.00063 viol_val: 0.00065
epoch: 01000 loss_train: 0.00983 loss_val: 0.00988 viol_train: 0.00115 viol_val: 0.00122
Training Finished!
