Scaler Factors: [800.           0.9936625    1.987325     1.81292375]
Scaler saved at /home/f25moham/CSTR/nonlinear/total/pieces/Reduced_T/segments/segments2/heaviside/heaviside2/scaler.pkl
Scaled dataset saved at /home/f25moham/CSTR/nonlinear/total/pieces/Reduced_T/segments/segments2/heaviside/heaviside2/scaled_data.csv
Scaler Factors outside function: [800.           0.9936625    1.987325     1.81292375]
Scaler loaded successfully.
Scaler Type: <class 'sklearn.preprocessing._data.MaxAbsScaler'>
Scaler Factors (scale_): [800.           0.9936625    1.987325     1.81292375]
Namespace(model='KKThPINN', model_id='adaptive_S7_r0', input_dim=1, hidden_dim=32, hidden_num=2, z0_dim=3, optimizer='adam', epochs=1000, batch_size=16, lr=0.0001, mu=1, max_subiter=500, eta=0.8, sigma=2, mu_safe=1000000000.0, dtype=64, dataset_type='cstr', dataset_path='data.csv', val_ratio=0.2, job='train', runs=1, run=0)
Scaler Factors: [800.           0.9936625    1.987325     1.81292375]
Scaler saved at /home/f25moham/CSTR/nonlinear/total/pieces/Reduced_T/segments/segments2/heaviside/heaviside2/scaler.pkl
Scaled dataset saved at /home/f25moham/CSTR/nonlinear/total/pieces/Reduced_T/segments/segments2/heaviside/heaviside2/scaled_data.csv
train set size: 90, val set size: 30, test set size: 30
Dtypes after casting:
[torch.float64, torch.float64, torch.float64, torch.float64, torch.float64, torch.float64, torch.float64]
[torch.float64, torch.float64, torch.float64, torch.float64, torch.float64, torch.float64, torch.float64]
[torch.float64, torch.float64, torch.float64, torch.float64, torch.float64, torch.float64, torch.float64]
Start Training…
epoch: 00050 loss_train: 0.06159 loss_val: 0.07106 viol_train: 0.00599 viol_val: 0.00725
epoch: 00100 loss_train: 0.03517 loss_val: 0.03904 viol_train: 0.00374 viol_val: 0.00402
epoch: 00150 loss_train: 0.03339 loss_val: 0.03575 viol_train: 0.00819 viol_val: 0.01070
epoch: 00200 loss_train: 0.03133 loss_val: 0.03443 viol_train: 0.00978 viol_val: 0.01253
epoch: 00250 loss_train: 0.03085 loss_val: 0.03311 viol_train: 0.01175 viol_val: 0.01417
epoch: 00300 loss_train: 0.02890 loss_val: 0.03190 viol_train: 0.01032 viol_val: 0.01355
epoch: 00350 loss_train: 0.02636 loss_val: 0.03022 viol_train: 0.01185 viol_val: 0.01382
epoch: 00400 loss_train: 0.02597 loss_val: 0.02799 viol_train: 0.01128 viol_val: 0.01492
epoch: 00450 loss_train: 0.02326 loss_val: 0.02541 viol_train: 0.01096 viol_val: 0.01326
epoch: 00500 loss_train: 0.02127 loss_val: 0.02179 viol_train: 0.00900 viol_val: 0.01185
epoch: 00550 loss_train: 0.01818 loss_val: 0.01951 viol_train: 0.00767 viol_val: 0.00987
epoch: 00600 loss_train: 0.01597 loss_val: 0.01680 viol_train: 0.00665 viol_val: 0.00747
epoch: 00650 loss_train: 0.01372 loss_val: 0.01419 viol_train: 0.00522 viol_val: 0.00626
epoch: 00700 loss_train: 0.01184 loss_val: 0.01250 viol_train: 0.00332 viol_val: 0.00380
epoch: 00750 loss_train: 0.01044 loss_val: 0.01098 viol_train: 0.00245 viol_val: 0.00269
epoch: 00800 loss_train: 0.00893 loss_val: 0.00971 viol_train: 0.00203 viol_val: 0.00200
epoch: 00850 loss_train: 0.00835 loss_val: 0.00891 viol_train: 0.00168 viol_val: 0.00155
epoch: 00900 loss_train: 0.00760 loss_val: 0.00813 viol_train: 0.00154 viol_val: 0.00139
epoch: 00950 loss_train: 0.00716 loss_val: 0.00758 viol_train: 0.00148 viol_val: 0.00118
epoch: 01000 loss_train: 0.00670 loss_val: 0.00717 viol_train: 0.00148 viol_val: 0.00124
Training Finished!
