Scaler Factors: [800.           0.9936625    1.987325     1.81292375]
Scaler saved at /home/f25moham/CSTR/nonlinear/total/pieces/Reduced_T/segments/segments2/heaviside/heaviside2/scaler.pkl
Scaled dataset saved at /home/f25moham/CSTR/nonlinear/total/pieces/Reduced_T/segments/segments2/heaviside/heaviside2/scaled_data.csv
Scaler Factors outside function: [800.           0.9936625    1.987325     1.81292375]
Scaler loaded successfully.
Scaler Type: <class 'sklearn.preprocessing._data.MaxAbsScaler'>
Scaler Factors (scale_): [800.           0.9936625    1.987325     1.81292375]
Namespace(model='KKThPINN', model_id='uniform_S11_r5', input_dim=1, hidden_dim=32, hidden_num=2, z0_dim=3, optimizer='adam', epochs=1000, batch_size=16, lr=0.0001, mu=1, max_subiter=500, eta=0.8, sigma=2, mu_safe=1000000000.0, dtype=64, dataset_type='cstr', dataset_path='data.csv', val_ratio=0.2, job='train', runs=1, run=0)
Scaler Factors: [800.           0.9936625    1.987325     1.81292375]
Scaler saved at /home/f25moham/CSTR/nonlinear/total/pieces/Reduced_T/segments/segments2/heaviside/heaviside2/scaler.pkl
Scaled dataset saved at /home/f25moham/CSTR/nonlinear/total/pieces/Reduced_T/segments/segments2/heaviside/heaviside2/scaled_data.csv
train set size: 90, val set size: 30, test set size: 30
Dtypes after casting:
[torch.float64, torch.float64, torch.float64, torch.float64, torch.float64, torch.float64, torch.float64, torch.float64, torch.float64, torch.float64, torch.float64]
[torch.float64, torch.float64, torch.float64, torch.float64, torch.float64, torch.float64, torch.float64, torch.float64, torch.float64, torch.float64, torch.float64]
[torch.float64, torch.float64, torch.float64, torch.float64, torch.float64, torch.float64, torch.float64, torch.float64, torch.float64, torch.float64, torch.float64]
Start Training…
epoch: 00050 loss_train: 0.07742 loss_val: 0.08660 viol_train: 0.00663 viol_val: 0.00900
epoch: 00100 loss_train: 0.04560 loss_val: 0.05384 viol_train: 0.00098 viol_val: 0.00141
epoch: 00150 loss_train: 0.03472 loss_val: 0.03846 viol_train: 0.00667 viol_val: 0.00800
epoch: 00200 loss_train: 0.03253 loss_val: 0.03596 viol_train: 0.01350 viol_val: 0.01757
epoch: 00250 loss_train: 0.03087 loss_val: 0.03524 viol_train: 0.01521 viol_val: 0.02129
epoch: 00300 loss_train: 0.03018 loss_val: 0.03216 viol_train: 0.01620 viol_val: 0.02262
epoch: 00350 loss_train: 0.02923 loss_val: 0.03068 viol_train: 0.01631 viol_val: 0.02366
epoch: 00400 loss_train: 0.02608 loss_val: 0.02852 viol_train: 0.01818 viol_val: 0.02197
epoch: 00450 loss_train: 0.02389 loss_val: 0.02645 viol_train: 0.01459 viol_val: 0.02084
epoch: 00500 loss_train: 0.02160 loss_val: 0.02358 viol_train: 0.01276 viol_val: 0.01709
epoch: 00550 loss_train: 0.01873 loss_val: 0.02041 viol_train: 0.00999 viol_val: 0.01304
epoch: 00600 loss_train: 0.01555 loss_val: 0.01653 viol_train: 0.00687 viol_val: 0.00838
epoch: 00650 loss_train: 0.01323 loss_val: 0.01337 viol_train: 0.00327 viol_val: 0.00494
epoch: 00700 loss_train: 0.01090 loss_val: 0.01151 viol_train: 0.00167 viol_val: 0.00245
epoch: 00750 loss_train: 0.00926 loss_val: 0.00970 viol_train: 0.00105 viol_val: 0.00158
epoch: 00800 loss_train: 0.00826 loss_val: 0.00896 viol_train: 0.00109 viol_val: 0.00140
epoch: 00850 loss_train: 0.00761 loss_val: 0.00818 viol_train: 0.00160 viol_val: 0.00219
epoch: 00900 loss_train: 0.00734 loss_val: 0.00776 viol_train: 0.00237 viol_val: 0.00301
epoch: 00950 loss_train: 0.00683 loss_val: 0.00757 viol_train: 0.00267 viol_val: 0.00350
epoch: 01000 loss_train: 0.00679 loss_val: 0.00730 viol_train: 0.00283 viol_val: 0.00335
Training Finished!
