
=== Linearization accuracy by region ===
 region_id  T_low  T_high  n_points  mean_abs_linearization_error  rmse_linearization_error  max_abs_linearization_error  mean_abs_nonlinear_residual  mean_abs_linearized_residual  mean_abs_y_PL_error_scaled  rmse_y_PL_error_scaled  max_abs_y_PL_error_scaled  mean_abs_y_PL_error_original  rmse_y_PL_error_original  max_abs_y_PL_error_original  mean_abs_f_PL  max_abs_f_PL  mean_abs_dCa  mean_abs_dCb  max_abs_dCa  max_abs_dCb  mean_abs_df_dCa  mean_abs_df_dCb  max_abs_df_dCa  max_abs_df_dCb  mean_amplification  max_amplification
         0 280.00  325.00        38                      0.043683                  0.056174                     0.121546                 7.282201e-17                      0.043683                    0.015216                0.028783                   0.105757                      0.017650                  0.030221                     0.105087       0.045934      0.123305      0.037768      0.015181     0.105087     0.042241         1.162231         0.162231        1.672695        0.672695            1.141483           1.823352
         1 325.00  370.00        33                      0.232080                  0.329872                     0.902976                 8.419191e-16                      0.232080                    0.010602                0.018970                   0.076569                      0.017054                  0.033584                     0.152168       0.251984      1.910998      0.012051      0.039110     0.046887     0.152168         6.617259         5.617259       22.331845       21.331845            7.162588          25.671031
         2 370.00  392.50        18                      0.085870                  0.115614                     0.285021                 1.095420e-14                      0.085870                    0.000342                0.000592                   0.002253                      0.000564                  0.001082                     0.004477       0.093799      0.274280      0.000344      0.001349     0.001141     0.004477        58.846124        57.846124       98.095868       97.095868           70.528031         118.133088
         3 392.50  415.00        21                      0.113528                  0.152335                     0.372417                 5.549000e-14                      0.113528                    0.000105                0.000181                   0.000686                      0.000173                  0.000332                     0.001363       0.108224      0.386267      0.000104      0.000415     0.000342     0.001363       225.204825       224.204825      382.100838      381.100838          272.230851         462.415135
         4 415.00  437.50        20                      0.279487                  0.372227                     0.847917                 1.584510e-12                      0.279487                    0.000069                0.000119                   0.000420                      0.000115                  0.000218                     0.000834       0.325496      1.225035      0.000069      0.000275     0.000209     0.000834       902.098907       901.098907     1453.351108     1452.351108         1092.929452        1760.843733
         5 437.50  448.75         9                      0.115922                  0.158523                     0.323752                 3.404289e-11                      0.115922                    0.000012                0.000021                   0.000065                      0.000019                  0.000038                     0.000130       0.131349      0.421046      0.000012      0.000046     0.000032     0.000130      2119.537222      2118.537222     2598.267841     2597.267841         2569.425329        3149.784320
         6 448.75  460.00        11                      0.276137                  0.344613                     0.594796                 4.962947e-11                      0.276137                    0.000016                0.000026                   0.000068                      0.000026                  0.000047                     0.000136       0.294152      0.779796      0.000016      0.000063     0.000034     0.000136      3619.265516      3618.265516     4596.088395     4595.088395         4387.975792        5572.202401

=== Overall linearization accuracy ===
Overall mean absolute linearization error: 1.527927e-01
Overall RMSE linearization error:          2.414167e-01
Overall max absolute linearization error: 9.029758e-01

=== Manual PL y accuracy ===
Overall mean absolute PL-y error, scaled:   6.253956e-03
Overall RMSE PL-y error, scaled:            1.700286e-02
Overall max absolute PL-y error, scaled:    1.057568e-01
Overall mean absolute PL-y error, original: 8.333345e-03
Overall RMSE PL-y error, original:          2.190105e-02
Overall max absolute PL-y error, original:  1.521678e-01

=== Nonlinear sensitivity diagnostic ===
Mean |f(true)|:                 5.902623e-12
Mean |f(PL)|:                   1.663321e-01
Max  |f(PL)|:                   1.910998e+00
Mean |dCa|:                     1.228589e-02
Mean |dCb|:                     1.271414e-02
Max  |dCa|:                     1.050866e-01
Max  |dCb|:                     1.521678e-01
Mean |df/dCa|:                  5.532053e+02
Mean |df/dCb|:                  5.522053e+02
Max  |df/dCa|:                  4.596088e+03
Max  |df/dCb|:                  4.595088e+03
Mean amplification |df|/|dy|:   6.701150e+02
Max  amplification |df|/|dy|:   5.572202e+03

Top 10 largest nonlinear residuals after PL projection:
 Temperature (T)       Ca       Cb    Ca_PL    Cb_PL  abs_Ca_PL_error  abs_Cb_PL_error  abs_df_dCa  abs_df_dCb  abs_f_PL  amplification
      369.000000 0.477898 0.955796 0.455978 0.884655         0.021921         0.071141   22.331845   21.331845  1.910998      25.671031
      367.000000 0.481293 0.962587 0.462639 0.902047         0.018654         0.060540   19.454154   18.454154  1.420183      22.418525
      437.000000 0.410878 0.821756 0.410709 0.821081         0.000169         0.000675 1453.351108 1452.351108  1.225035    1760.843733
      365.000000 0.484915 0.969830 0.469364 0.919361         0.015551         0.050468   16.947775   15.947775  1.032604      19.553192
      435.454545 0.411976 0.823951 0.411851 0.823453         0.000125         0.000498 1339.353831 1338.353831  0.833787    1622.880046
      435.372206 0.412034 0.824069 0.411912 0.823579         0.000123         0.000490 1333.516167 1332.516167  0.815690    1615.813558
      460.000000 0.395692 0.791384 0.395658 0.791248         0.000034         0.000136 4596.088395 4595.088395  0.779796    5572.202401
      435.000000 0.412300 0.824601 0.412187 0.824149         0.000113         0.000451 1307.416913 1306.416913  0.737115    1584.218583
      363.000000 0.488795 0.977589 0.476161 0.936587         0.012634         0.041002   14.768009   13.768009  0.730801      17.033357
      459.497788 0.396003 0.792005 0.395974 0.791892         0.000028         0.000113 4487.475301 4486.475301  0.632479    5440.603505

Saved:
linearization_accuracy_detailed.csv
linearization_accuracy_summary.csv
