Scaler Factors: [800.           0.9936625    1.987325     1.81292375]
Scaler saved at /home/f25moham/CSTR/nonlinear/total/pieces/Reduced_T/segments/segments2/heaviside/heaviside2/scaler.pkl
Scaled dataset saved at /home/f25moham/CSTR/nonlinear/total/pieces/Reduced_T/segments/segments2/heaviside/heaviside2/scaled_data.csv
Scaler Factors outside function: [800.           0.9936625    1.987325     1.81292375]
Scaler loaded successfully.
Scaler Type: <class 'sklearn.preprocessing._data.MaxAbsScaler'>
Scaler Factors (scale_): [800.           0.9936625    1.987325     1.81292375]
Namespace(model='KKThPINN', model_id='adaptive_S9_r9', input_dim=1, hidden_dim=32, hidden_num=2, z0_dim=3, optimizer='adam', epochs=1000, batch_size=16, lr=0.0001, mu=1, max_subiter=500, eta=0.8, sigma=2, mu_safe=1000000000.0, dtype=64, dataset_type='cstr', dataset_path='data.csv', val_ratio=0.2, job='train', runs=1, run=0)
Scaler Factors: [800.           0.9936625    1.987325     1.81292375]
Scaler saved at /home/f25moham/CSTR/nonlinear/total/pieces/Reduced_T/segments/segments2/heaviside/heaviside2/scaler.pkl
Scaled dataset saved at /home/f25moham/CSTR/nonlinear/total/pieces/Reduced_T/segments/segments2/heaviside/heaviside2/scaled_data.csv
train set size: 90, val set size: 30, test set size: 30
Dtypes after casting:
[torch.float64, torch.float64, torch.float64, torch.float64, torch.float64, torch.float64, torch.float64, torch.float64, torch.float64]
[torch.float64, torch.float64, torch.float64, torch.float64, torch.float64, torch.float64, torch.float64, torch.float64, torch.float64]
[torch.float64, torch.float64, torch.float64, torch.float64, torch.float64, torch.float64, torch.float64, torch.float64, torch.float64]
Start Training…
epoch: 00050 loss_train: 0.06594 loss_val: 0.06812 viol_train: 0.01742 viol_val: 0.02272
epoch: 00100 loss_train: 0.04392 loss_val: 0.04758 viol_train: 0.00295 viol_val: 0.00324
epoch: 00150 loss_train: 0.03536 loss_val: 0.04085 viol_train: 0.00278 viol_val: 0.00269
epoch: 00200 loss_train: 0.03351 loss_val: 0.03621 viol_train: 0.00691 viol_val: 0.00780
epoch: 00250 loss_train: 0.03031 loss_val: 0.03476 viol_train: 0.00733 viol_val: 0.00921
epoch: 00300 loss_train: 0.02914 loss_val: 0.03122 viol_train: 0.00734 viol_val: 0.00937
epoch: 00350 loss_train: 0.02646 loss_val: 0.02788 viol_train: 0.00682 viol_val: 0.00849
epoch: 00400 loss_train: 0.02323 loss_val: 0.02423 viol_train: 0.00586 viol_val: 0.00715
epoch: 00450 loss_train: 0.01976 loss_val: 0.02094 viol_train: 0.00488 viol_val: 0.00592
epoch: 00500 loss_train: 0.01644 loss_val: 0.01847 viol_train: 0.00389 viol_val: 0.00439
epoch: 00550 loss_train: 0.01408 loss_val: 0.01554 viol_train: 0.00301 viol_val: 0.00308
epoch: 00600 loss_train: 0.01212 loss_val: 0.01313 viol_train: 0.00205 viol_val: 0.00196
epoch: 00650 loss_train: 0.01062 loss_val: 0.01087 viol_train: 0.00158 viol_val: 0.00128
epoch: 00700 loss_train: 0.00953 loss_val: 0.00979 viol_train: 0.00130 viol_val: 0.00100
epoch: 00750 loss_train: 0.00827 loss_val: 0.00886 viol_train: 0.00112 viol_val: 0.00072
epoch: 00800 loss_train: 0.00770 loss_val: 0.00808 viol_train: 0.00110 viol_val: 0.00068
epoch: 00850 loss_train: 0.00692 loss_val: 0.00746 viol_train: 0.00113 viol_val: 0.00069
epoch: 00900 loss_train: 0.00630 loss_val: 0.00702 viol_train: 0.00117 viol_val: 0.00073
epoch: 00950 loss_train: 0.00621 loss_val: 0.00654 viol_train: 0.00124 viol_val: 0.00074
epoch: 01000 loss_train: 0.00589 loss_val: 0.00652 viol_train: 0.00116 viol_val: 0.00076
Training Finished!
