Scaler Factors: [800.           0.9936625    1.987325     1.81292375]
Scaler saved at /home/f25moham/CSTR/nonlinear/total/pieces/Reduced_T/segments/segments2/heaviside/heaviside2/scaler.pkl
Scaled dataset saved at /home/f25moham/CSTR/nonlinear/total/pieces/Reduced_T/segments/segments2/heaviside/heaviside2/scaled_data.csv
Scaler Factors outside function: [800.           0.9936625    1.987325     1.81292375]
Scaler loaded successfully.
Scaler Type: <class 'sklearn.preprocessing._data.MaxAbsScaler'>
Scaler Factors (scale_): [800.           0.9936625    1.987325     1.81292375]
Namespace(model='KKThPINN', model_id='uniform_S5_r3', input_dim=1, hidden_dim=32, hidden_num=2, z0_dim=3, optimizer='adam', epochs=1000, batch_size=16, lr=0.0001, mu=1, max_subiter=500, eta=0.8, sigma=2, mu_safe=1000000000.0, dtype=64, dataset_type='cstr', dataset_path='data.csv', val_ratio=0.2, job='train', runs=1, run=0)
Scaler Factors: [800.           0.9936625    1.987325     1.81292375]
Scaler saved at /home/f25moham/CSTR/nonlinear/total/pieces/Reduced_T/segments/segments2/heaviside/heaviside2/scaler.pkl
Scaled dataset saved at /home/f25moham/CSTR/nonlinear/total/pieces/Reduced_T/segments/segments2/heaviside/heaviside2/scaled_data.csv
train set size: 90, val set size: 30, test set size: 30
Dtypes after casting:
[torch.float64, torch.float64, torch.float64, torch.float64, torch.float64]
[torch.float64, torch.float64, torch.float64, torch.float64, torch.float64]
[torch.float64, torch.float64, torch.float64, torch.float64, torch.float64]
Start Training…
epoch: 00050 loss_train: 0.06608 loss_val: 0.07010 viol_train: 0.08915 viol_val: 0.11941
epoch: 00100 loss_train: 0.04330 loss_val: 0.04723 viol_train: 0.00944 viol_val: 0.01267
epoch: 00150 loss_train: 0.03531 loss_val: 0.03824 viol_train: 0.00592 viol_val: 0.00845
epoch: 00200 loss_train: 0.03117 loss_val: 0.03360 viol_train: 0.01267 viol_val: 0.01592
epoch: 00250 loss_train: 0.02768 loss_val: 0.03009 viol_train: 0.01143 viol_val: 0.01555
epoch: 00300 loss_train: 0.02573 loss_val: 0.02656 viol_train: 0.01060 viol_val: 0.01350
epoch: 00350 loss_train: 0.02166 loss_val: 0.02393 viol_train: 0.00893 viol_val: 0.01163
epoch: 00400 loss_train: 0.01821 loss_val: 0.01977 viol_train: 0.00696 viol_val: 0.00913
epoch: 00450 loss_train: 0.01567 loss_val: 0.01649 viol_train: 0.00565 viol_val: 0.00739
epoch: 00500 loss_train: 0.01261 loss_val: 0.01385 viol_train: 0.00502 viol_val: 0.00577
epoch: 00550 loss_train: 0.01105 loss_val: 0.01144 viol_train: 0.00387 viol_val: 0.00499
epoch: 00600 loss_train: 0.00931 loss_val: 0.00972 viol_train: 0.00387 viol_val: 0.00432
epoch: 00650 loss_train: 0.00806 loss_val: 0.00867 viol_train: 0.00340 viol_val: 0.00424
epoch: 00700 loss_train: 0.00714 loss_val: 0.00737 viol_train: 0.00383 viol_val: 0.00453
epoch: 00750 loss_train: 0.00617 loss_val: 0.00655 viol_train: 0.00326 viol_val: 0.00443
epoch: 00800 loss_train: 0.00559 loss_val: 0.00588 viol_train: 0.00324 viol_val: 0.00424
epoch: 00850 loss_train: 0.00493 loss_val: 0.00520 viol_train: 0.00334 viol_val: 0.00450
epoch: 00900 loss_train: 0.00449 loss_val: 0.00467 viol_train: 0.00339 viol_val: 0.00438
epoch: 00950 loss_train: 0.00396 loss_val: 0.00435 viol_train: 0.00346 viol_val: 0.00438
epoch: 01000 loss_train: 0.00368 loss_val: 0.00399 viol_train: 0.00372 viol_val: 0.00452
Training Finished!
