Scaler Factors: [800.           0.9936625    1.987325     1.81292375]
Scaler saved at /home/f25moham/CSTR/nonlinear/total/pieces/Reduced_T/segments/segments2/heaviside/heaviside2/scaler.pkl
Scaled dataset saved at /home/f25moham/CSTR/nonlinear/total/pieces/Reduced_T/segments/segments2/heaviside/heaviside2/scaled_data.csv
Scaler Factors outside function: [800.           0.9936625    1.987325     1.81292375]
Scaler loaded successfully.
Scaler Type: <class 'sklearn.preprocessing._data.MaxAbsScaler'>
Scaler Factors (scale_): [800.           0.9936625    1.987325     1.81292375]
Namespace(model='KKThPINN', model_id='uniform_S3_r8', input_dim=1, hidden_dim=32, hidden_num=2, z0_dim=3, optimizer='adam', epochs=1000, batch_size=16, lr=0.0001, mu=1, max_subiter=500, eta=0.8, sigma=2, mu_safe=1000000000.0, dtype=64, dataset_type='cstr', dataset_path='data.csv', val_ratio=0.2, job='train', runs=1, run=0)
Scaler Factors: [800.           0.9936625    1.987325     1.81292375]
Scaler saved at /home/f25moham/CSTR/nonlinear/total/pieces/Reduced_T/segments/segments2/heaviside/heaviside2/scaler.pkl
Scaled dataset saved at /home/f25moham/CSTR/nonlinear/total/pieces/Reduced_T/segments/segments2/heaviside/heaviside2/scaled_data.csv
train set size: 90, val set size: 30, test set size: 30
Dtypes after casting:
[torch.float64, torch.float64, torch.float64]
[torch.float64, torch.float64, torch.float64]
[torch.float64, torch.float64, torch.float64]
Start Training…
epoch: 00050 loss_train: 0.07197 loss_val: 0.08347 viol_train: 0.10791 viol_val: 0.14869
epoch: 00100 loss_train: 0.04118 loss_val: 0.04764 viol_train: 0.03714 viol_val: 0.04541
epoch: 00150 loss_train: 0.03620 loss_val: 0.04040 viol_train: 0.01337 viol_val: 0.01377
epoch: 00200 loss_train: 0.03360 loss_val: 0.03863 viol_train: 0.01320 viol_val: 0.01516
epoch: 00250 loss_train: 0.03259 loss_val: 0.03524 viol_train: 0.01528 viol_val: 0.01601
epoch: 00300 loss_train: 0.02967 loss_val: 0.03365 viol_train: 0.01491 viol_val: 0.01628
epoch: 00350 loss_train: 0.02632 loss_val: 0.02993 viol_train: 0.01461 viol_val: 0.01661
epoch: 00400 loss_train: 0.02414 loss_val: 0.02662 viol_train: 0.01452 viol_val: 0.01761
epoch: 00450 loss_train: 0.02125 loss_val: 0.02393 viol_train: 0.01447 viol_val: 0.01601
epoch: 00500 loss_train: 0.01950 loss_val: 0.02151 viol_train: 0.01414 viol_val: 0.01608
epoch: 00550 loss_train: 0.01678 loss_val: 0.01828 viol_train: 0.01396 viol_val: 0.01647
epoch: 00600 loss_train: 0.01375 loss_val: 0.01517 viol_train: 0.01332 viol_val: 0.01554
epoch: 00650 loss_train: 0.01171 loss_val: 0.01303 viol_train: 0.01280 viol_val: 0.01493
epoch: 00700 loss_train: 0.01049 loss_val: 0.01137 viol_train: 0.01239 viol_val: 0.01398
epoch: 00750 loss_train: 0.00873 loss_val: 0.01021 viol_train: 0.01242 viol_val: 0.01359
epoch: 00800 loss_train: 0.00789 loss_val: 0.00883 viol_train: 0.01289 viol_val: 0.01477
epoch: 00850 loss_train: 0.00683 loss_val: 0.00779 viol_train: 0.01296 viol_val: 0.01438
epoch: 00900 loss_train: 0.00594 loss_val: 0.00716 viol_train: 0.01507 viol_val: 0.01425
epoch: 00950 loss_train: 0.00536 loss_val: 0.00654 viol_train: 0.01298 viol_val: 0.01411
epoch: 01000 loss_train: 0.00470 loss_val: 0.00575 viol_train: 0.01455 viol_val: 0.01476
Training Finished!
