
=== Linearization accuracy by region ===
 region_id      T_low     T_high  n_points  mean_abs_linearization_error  rmse_linearization_error  max_abs_linearization_error  mean_abs_nonlinear_residual  mean_abs_linearized_residual  mean_abs_y_PL_error_scaled  rmse_y_PL_error_scaled  max_abs_y_PL_error_scaled  mean_abs_y_PL_error_original  rmse_y_PL_error_original  max_abs_y_PL_error_original  mean_abs_f_PL  max_abs_f_PL  mean_abs_dCa  mean_abs_dCb  max_abs_dCa  max_abs_dCb  mean_abs_df_dCa  mean_abs_df_dCb  max_abs_df_dCa  max_abs_df_dCb  mean_amplification  max_amplification
         0 280.000000 305.714286        25                      0.011114                  0.014654                     0.032726                 7.002753e-17                      0.011114                    0.003835                0.008176                   0.031538                      0.004075                  0.008191                     0.031338       0.011436      0.036525      0.010643      0.001581     0.031338     0.004655         1.047049         0.047049        1.143526        0.143526            1.042686           1.152864
         1 305.714286 331.428571        19                      0.007947                  0.012829                     0.033314                 8.417974e-17                      0.007947                    0.002100                0.004249                   0.016067                      0.002905                  0.005788                     0.020563       0.011807      0.060425      0.003809      0.004906     0.015965     0.020563         1.587334         0.587334        2.235800        1.235800            1.433057           2.321064
         2 331.428571 357.142857        21                      0.074534                  0.095395                     0.184732                 4.916702e-16                      0.074534                    0.004305                0.006900                   0.019419                      0.006873                  0.012095                     0.038591       0.093920      0.403280      0.005048      0.015570     0.012511     0.038591         5.170868         4.170868        9.812340        8.812340            5.508046          11.155413
         3 357.142857 382.857143        15                      0.074634                  0.102362                     0.252995                 3.611926e-15                      0.074634                    0.000653                0.001150                   0.004365                      0.001075                  0.002094                     0.008674       0.086889      0.338135      0.000668      0.002559     0.002263     0.008674        28.315906        27.315906       50.665394       49.665394           33.194011          60.622488
         4 382.857143 408.571429        24                      0.114546                  0.160122                     0.450847                 4.396483e-14                      0.114546                    0.000175                0.000315                   0.001373                      0.000289                  0.000577                     0.002729       0.118551      0.513047      0.000175      0.000693     0.000687     0.002729       142.760397       141.760397      267.214523      266.214523          171.832591         323.056057
         5 408.571429 434.285714        21                      0.304554                  0.405233                     0.876129                 1.370332e-12                      0.304554                    0.000099                0.000170                   0.000568                      0.000164                  0.000311                     0.001129       0.285050      1.233578      0.000098      0.000393     0.000283     0.001129       637.223676       636.223676     1175.003143     1174.003143          771.832975        1423.317252
         6 434.285714 460.000000        25                      0.948121                  1.286782                     2.478195                 3.421974e-11                      0.948121                    0.000078                0.000137                   0.000407                      0.000129                  0.000250                     0.000809       1.035224      4.271334      0.000077      0.000310     0.000202     0.000809      2623.327624      2622.327624     4596.088395     4595.088395         3182.527917        5569.486809

=== Overall linearization accuracy ===
Overall mean absolute linearization error: 2.397421e-01
Overall RMSE linearization error:          5.526651e-01
Overall max absolute linearization error: 2.478195e+00

=== Manual PL y accuracy ===
Overall mean absolute PL-y error, scaled:   1.628107e-03
Overall RMSE PL-y error, scaled:            4.499823e-03
Overall max absolute PL-y error, scaled:    3.153788e-02
Overall mean absolute PL-y error, original: 2.207470e-03
Overall RMSE PL-y error, original:          6.035046e-03
Overall max absolute PL-y error, original:  3.859130e-02

=== Nonlinear sensitivity diagnostic ===
Mean |f(true)|:                 5.902623e-12
Mean |f(PL)|:                   2.566519e-01
Max  |f(PL)|:                   4.271334e+00
Mean |dCa|:                     3.084323e-03
Mean |dCb|:                     3.538086e-03
Max  |dCa|:                     3.133801e-02
Max  |dCb|:                     3.859130e-02
Mean |df/dCa|:                  5.532053e+02
Mean |df/dCb|:                  5.522053e+02
Max  |df/dCa|:                  4.596088e+03
Max  |df/dCb|:                  4.595088e+03
Mean amplification |df|/|dy|:   6.704170e+02
Max  amplification |df|/|dy|:   5.569487e+03

Top 10 largest nonlinear residuals after PL projection:
 Temperature (T)       Ca       Cb    Ca_PL    Cb_PL  abs_Ca_PL_error  abs_Cb_PL_error  abs_df_dCa  abs_df_dCb  abs_f_PL  amplification
      460.000000 0.395692 0.791384 0.395506 0.790640         0.000186         0.000744 4596.088395 4595.088395  4.271334    5569.486809
      459.497788 0.396003 0.792005 0.395830 0.791317         0.000172         0.000688 4487.475301 4486.475301  3.857318    5438.103193
      459.000000 0.396311 0.792622 0.396152 0.791988         0.000159         0.000635 4382.126282 4381.126282  3.475038    5310.651851
      457.000000 0.397560 0.795120 0.397450 0.794678         0.000110         0.000442 3981.136199 3980.136199  2.196345    4825.387019
      456.550361 0.397843 0.795685 0.397742 0.795283         0.000101         0.000403 3895.712968 3894.712968  1.960550    4721.980371
      455.000000 0.398823 0.797646 0.398752 0.797364         0.000071         0.000282 3613.800561 3612.800561  1.275236    4380.642972
      434.332770 0.412779 0.825558 0.412576 0.824748         0.000202         0.000809 1261.796903 1260.796903  1.275095    1528.299832
      433.000000 0.413741 0.827482 0.413530 0.826641         0.000211         0.000841 1175.003143 1174.003143  1.233578    1423.317252
      435.000000 0.412300 0.824601 0.412119 0.823875         0.000181         0.000725 1307.416913 1306.416913  1.184058    1583.693442
      435.372206 0.412034 0.824069 0.411864 0.823388         0.000170         0.000681 1333.516167 1332.516167  1.133153    1615.383396

Saved:
linearization_accuracy_detailed.csv
linearization_accuracy_summary.csv
