Scaler Factors: [800.           0.9936625    1.987325     1.81292375]
Scaler saved at /home/f25moham/CSTR/nonlinear/total/pieces/Reduced_T/segments/segments2/heaviside/heaviside2/scaler.pkl
Scaled dataset saved at /home/f25moham/CSTR/nonlinear/total/pieces/Reduced_T/segments/segments2/heaviside/heaviside2/scaled_data.csv
Scaler Factors outside function: [800.           0.9936625    1.987325     1.81292375]
Scaler loaded successfully.
Scaler Type: <class 'sklearn.preprocessing._data.MaxAbsScaler'>
Scaler Factors (scale_): [800.           0.9936625    1.987325     1.81292375]
Namespace(model='KKThPINN', model_id='uniform_S7', input_dim=1, hidden_dim=32, hidden_num=2, z0_dim=3, optimizer='adam', epochs=1000, batch_size=16, lr=0.0001, mu=1, max_subiter=500, eta=0.8, sigma=2, mu_safe=1000000000.0, dtype=64, dataset_type='cstr', dataset_path='data.csv', val_ratio=0.2, job='train', runs=1, run=0)
Scaler Factors: [800.           0.9936625    1.987325     1.81292375]
Scaler saved at /home/f25moham/CSTR/nonlinear/total/pieces/Reduced_T/segments/segments2/heaviside/heaviside2/scaler.pkl
Scaled dataset saved at /home/f25moham/CSTR/nonlinear/total/pieces/Reduced_T/segments/segments2/heaviside/heaviside2/scaled_data.csv
train set size: 90, val set size: 30, test set size: 30
Dtypes after casting:
[torch.float64, torch.float64, torch.float64, torch.float64, torch.float64, torch.float64, torch.float64]
[torch.float64, torch.float64, torch.float64, torch.float64, torch.float64, torch.float64, torch.float64]
[torch.float64, torch.float64, torch.float64, torch.float64, torch.float64, torch.float64, torch.float64]
Start Training…
epoch: 00050 loss_train: 0.18098 loss_val: 0.20895 viol_train: 0.06372 viol_val: 0.09158
epoch: 00100 loss_train: 0.06501 loss_val: 0.07974 viol_train: 0.00469 viol_val: 0.00595
epoch: 00150 loss_train: 0.03573 loss_val: 0.04171 viol_train: 0.00512 viol_val: 0.00640
epoch: 00200 loss_train: 0.03244 loss_val: 0.03540 viol_train: 0.01069 viol_val: 0.01507
epoch: 00250 loss_train: 0.03067 loss_val: 0.03369 viol_train: 0.01474 viol_val: 0.01796
epoch: 00300 loss_train: 0.02930 loss_val: 0.03275 viol_train: 0.01250 viol_val: 0.01655
epoch: 00350 loss_train: 0.02937 loss_val: 0.03160 viol_train: 0.01175 viol_val: 0.01518
epoch: 00400 loss_train: 0.02691 loss_val: 0.02940 viol_train: 0.00892 viol_val: 0.01240
epoch: 00450 loss_train: 0.02519 loss_val: 0.02849 viol_train: 0.00805 viol_val: 0.01029
epoch: 00500 loss_train: 0.02425 loss_val: 0.02576 viol_train: 0.00601 viol_val: 0.00845
epoch: 00550 loss_train: 0.02258 loss_val: 0.02307 viol_train: 0.00408 viol_val: 0.00552
epoch: 00600 loss_train: 0.02082 loss_val: 0.02161 viol_train: 0.00334 viol_val: 0.00423
epoch: 00650 loss_train: 0.01836 loss_val: 0.01962 viol_train: 0.00269 viol_val: 0.00322
epoch: 00700 loss_train: 0.01637 loss_val: 0.01739 viol_train: 0.00195 viol_val: 0.00245
epoch: 00750 loss_train: 0.01484 loss_val: 0.01563 viol_train: 0.00201 viol_val: 0.00252
epoch: 00800 loss_train: 0.01298 loss_val: 0.01341 viol_train: 0.00249 viol_val: 0.00313
epoch: 00850 loss_train: 0.01168 loss_val: 0.01193 viol_train: 0.00281 viol_val: 0.00358
epoch: 00900 loss_train: 0.01009 loss_val: 0.01028 viol_train: 0.00243 viol_val: 0.00331
epoch: 00950 loss_train: 0.00924 loss_val: 0.00968 viol_train: 0.00194 viol_val: 0.00253
epoch: 01000 loss_train: 0.00783 loss_val: 0.00837 viol_train: 0.00185 viol_val: 0.00210
Training Finished!
