Scaler Factors: [800.           0.9936625    1.987325     1.81292375]
Scaler saved at /home/f25moham/CSTR/nonlinear/total/pieces/Reduced_T/segments/segments2/heaviside/heaviside2/scaler.pkl
Scaled dataset saved at /home/f25moham/CSTR/nonlinear/total/pieces/Reduced_T/segments/segments2/heaviside/heaviside2/scaled_data.csv
Scaler Factors outside function: [800.           0.9936625    1.987325     1.81292375]
Scaler loaded successfully.
Scaler Type: <class 'sklearn.preprocessing._data.MaxAbsScaler'>
Scaler Factors (scale_): [800.           0.9936625    1.987325     1.81292375]
Namespace(model='KKThPINN', model_id='adaptive_S30_r5', input_dim=1, hidden_dim=32, hidden_num=2, z0_dim=3, optimizer='adam', epochs=1000, batch_size=16, lr=0.0001, mu=1, max_subiter=500, eta=0.8, sigma=2, mu_safe=1000000000.0, dtype=64, dataset_type='cstr', dataset_path='data.csv', val_ratio=0.2, job='train', runs=1, run=0)
Scaler Factors: [800.           0.9936625    1.987325     1.81292375]
Scaler saved at /home/f25moham/CSTR/nonlinear/total/pieces/Reduced_T/segments/segments2/heaviside/heaviside2/scaler.pkl
Scaled dataset saved at /home/f25moham/CSTR/nonlinear/total/pieces/Reduced_T/segments/segments2/heaviside/heaviside2/scaled_data.csv
train set size: 90, val set size: 30, test set size: 30
Dtypes after casting:
[torch.float64, torch.float64, torch.float64, torch.float64, torch.float64, torch.float64, torch.float64, torch.float64, torch.float64, torch.float64, torch.float64, torch.float64, torch.float64, torch.float64, torch.float64, torch.float64, torch.float64, torch.float64, torch.float64, torch.float64, torch.float64, torch.float64, torch.float64, torch.float64, torch.float64, torch.float64, torch.float64, torch.float64, torch.float64, torch.float64]
[torch.float64, torch.float64, torch.float64, torch.float64, torch.float64, torch.float64, torch.float64, torch.float64, torch.float64, torch.float64, torch.float64, torch.float64, torch.float64, torch.float64, torch.float64, torch.float64, torch.float64, torch.float64, torch.float64, torch.float64, torch.float64, torch.float64, torch.float64, torch.float64, torch.float64, torch.float64, torch.float64, torch.float64, torch.float64, torch.float64]
[torch.float64, torch.float64, torch.float64, torch.float64, torch.float64, torch.float64, torch.float64, torch.float64, torch.float64, torch.float64, torch.float64, torch.float64, torch.float64, torch.float64, torch.float64, torch.float64, torch.float64, torch.float64, torch.float64, torch.float64, torch.float64, torch.float64, torch.float64, torch.float64, torch.float64, torch.float64, torch.float64, torch.float64, torch.float64, torch.float64]
Start Training…
epoch: 00050 loss_train: 0.06262 loss_val: 0.07494 viol_train: 0.01157 viol_val: 0.01582
epoch: 00100 loss_train: 0.03254 loss_val: 0.03685 viol_train: 0.00114 viol_val: 0.00139
epoch: 00150 loss_train: 0.02872 loss_val: 0.03127 viol_train: 0.00913 viol_val: 0.01168
epoch: 00200 loss_train: 0.02673 loss_val: 0.02899 viol_train: 0.01262 viol_val: 0.01743
epoch: 00250 loss_train: 0.02337 loss_val: 0.02517 viol_train: 0.01377 viol_val: 0.01728
epoch: 00300 loss_train: 0.02083 loss_val: 0.02205 viol_train: 0.01146 viol_val: 0.01548
epoch: 00350 loss_train: 0.01843 loss_val: 0.01957 viol_train: 0.00880 viol_val: 0.01232
epoch: 00400 loss_train: 0.01496 loss_val: 0.01562 viol_train: 0.00688 viol_val: 0.00918
epoch: 00450 loss_train: 0.01273 loss_val: 0.01317 viol_train: 0.00480 viol_val: 0.00615
epoch: 00500 loss_train: 0.01082 loss_val: 0.01141 viol_train: 0.00207 viol_val: 0.00273
epoch: 00550 loss_train: 0.00959 loss_val: 0.00984 viol_train: 0.00095 viol_val: 0.00134
epoch: 00600 loss_train: 0.00855 loss_val: 0.00875 viol_train: 0.00072 viol_val: 0.00079
epoch: 00650 loss_train: 0.00772 loss_val: 0.00815 viol_train: 0.00139 viol_val: 0.00173
epoch: 00700 loss_train: 0.00713 loss_val: 0.00739 viol_train: 0.00115 viol_val: 0.00146
epoch: 00750 loss_train: 0.00637 loss_val: 0.00678 viol_train: 0.00054 viol_val: 0.00072
epoch: 00800 loss_train: 0.00592 loss_val: 0.00646 viol_train: 0.00027 viol_val: 0.00035
epoch: 00850 loss_train: 0.00568 loss_val: 0.00622 viol_train: 0.00034 viol_val: 0.00037
epoch: 00900 loss_train: 0.00540 loss_val: 0.00584 viol_train: 0.00078 viol_val: 0.00081
epoch: 00950 loss_train: 0.00533 loss_val: 0.00555 viol_train: 0.00112 viol_val: 0.00132
epoch: 01000 loss_train: 0.00499 loss_val: 0.00538 viol_train: 0.00171 viol_val: 0.00194
Training Finished!
