Scaler Factors: [800.           0.9936625    1.987325     1.81292375]
Scaler saved at /home/f25moham/CSTR/nonlinear/total/pieces/Reduced_T/segments/segments2/heaviside/heaviside2/scaler.pkl
Scaled dataset saved at /home/f25moham/CSTR/nonlinear/total/pieces/Reduced_T/segments/segments2/heaviside/heaviside2/scaled_data.csv
Scaler Factors outside function: [800.           0.9936625    1.987325     1.81292375]
Scaler loaded successfully.
Scaler Type: <class 'sklearn.preprocessing._data.MaxAbsScaler'>
Scaler Factors (scale_): [800.           0.9936625    1.987325     1.81292375]
Namespace(model='KKThPINN', model_id='uniform_S2_r2', input_dim=1, hidden_dim=32, hidden_num=2, z0_dim=3, optimizer='adam', epochs=1000, batch_size=16, lr=0.0001, mu=1, max_subiter=500, eta=0.8, sigma=2, mu_safe=1000000000.0, dtype=64, dataset_type='cstr', dataset_path='data.csv', val_ratio=0.2, job='train', runs=1, run=0)
Scaler Factors: [800.           0.9936625    1.987325     1.81292375]
Scaler saved at /home/f25moham/CSTR/nonlinear/total/pieces/Reduced_T/segments/segments2/heaviside/heaviside2/scaler.pkl
Scaled dataset saved at /home/f25moham/CSTR/nonlinear/total/pieces/Reduced_T/segments/segments2/heaviside/heaviside2/scaled_data.csv
train set size: 90, val set size: 30, test set size: 30
Dtypes after casting:
[torch.float64, torch.float64]
[torch.float64, torch.float64]
[torch.float64, torch.float64]
Start Training…
epoch: 00050 loss_train: 0.12303 loss_val: 0.14115 viol_train: 0.09818 viol_val: 0.12051
epoch: 00100 loss_train: 0.04633 loss_val: 0.05352 viol_train: 0.05878 viol_val: 0.07269
epoch: 00150 loss_train: 0.03556 loss_val: 0.03948 viol_train: 0.03810 viol_val: 0.04659
epoch: 00200 loss_train: 0.03499 loss_val: 0.03681 viol_train: 0.03555 viol_val: 0.03761
epoch: 00250 loss_train: 0.03448 loss_val: 0.03607 viol_train: 0.03319 viol_val: 0.04029
epoch: 00300 loss_train: 0.03181 loss_val: 0.03470 viol_train: 0.03757 viol_val: 0.03968
epoch: 00350 loss_train: 0.03194 loss_val: 0.03255 viol_train: 0.03423 viol_val: 0.04083
epoch: 00400 loss_train: 0.02789 loss_val: 0.03054 viol_train: 0.03491 viol_val: 0.04310
epoch: 00450 loss_train: 0.02669 loss_val: 0.02846 viol_train: 0.03499 viol_val: 0.04173
epoch: 00500 loss_train: 0.02477 loss_val: 0.02558 viol_train: 0.03676 viol_val: 0.04023
epoch: 00550 loss_train: 0.02196 loss_val: 0.02241 viol_train: 0.03805 viol_val: 0.04264
epoch: 00600 loss_train: 0.01860 loss_val: 0.01936 viol_train: 0.04008 viol_val: 0.04252
epoch: 00650 loss_train: 0.01683 loss_val: 0.01700 viol_train: 0.03520 viol_val: 0.04339
epoch: 00700 loss_train: 0.01413 loss_val: 0.01459 viol_train: 0.03663 viol_val: 0.04234
epoch: 00750 loss_train: 0.01351 loss_val: 0.01272 viol_train: 0.03583 viol_val: 0.04259
epoch: 00800 loss_train: 0.01122 loss_val: 0.01146 viol_train: 0.03743 viol_val: 0.04066
epoch: 00850 loss_train: 0.01019 loss_val: 0.00999 viol_train: 0.03456 viol_val: 0.04149
epoch: 00900 loss_train: 0.00932 loss_val: 0.00873 viol_train: 0.03492 viol_val: 0.03924
epoch: 00950 loss_train: 0.00809 loss_val: 0.00816 viol_train: 0.03303 viol_val: 0.03831
epoch: 01000 loss_train: 0.00751 loss_val: 0.00718 viol_train: 0.03323 viol_val: 0.04017
Training Finished!
