Scaler Factors: [800.           0.9936625    1.987325     1.81292375]
Scaler saved at /home/f25moham/CSTR/nonlinear/total/pieces/Reduced_T/segments/segments2/heaviside/heaviside2/scaler.pkl
Scaled dataset saved at /home/f25moham/CSTR/nonlinear/total/pieces/Reduced_T/segments/segments2/heaviside/heaviside2/scaled_data.csv
Scaler Factors outside function: [800.           0.9936625    1.987325     1.81292375]
Scaler loaded successfully.
Scaler Type: <class 'sklearn.preprocessing._data.MaxAbsScaler'>
Scaler Factors (scale_): [800.           0.9936625    1.987325     1.81292375]
Namespace(model='KKThPINN', model_id='uniform_S7_r1', input_dim=1, hidden_dim=32, hidden_num=2, z0_dim=3, optimizer='adam', epochs=1000, batch_size=16, lr=0.0001, mu=1, max_subiter=500, eta=0.8, sigma=2, mu_safe=1000000000.0, dtype=64, dataset_type='cstr', dataset_path='data.csv', val_ratio=0.2, job='train', runs=1, run=0)
Scaler Factors: [800.           0.9936625    1.987325     1.81292375]
Scaler saved at /home/f25moham/CSTR/nonlinear/total/pieces/Reduced_T/segments/segments2/heaviside/heaviside2/scaler.pkl
Scaled dataset saved at /home/f25moham/CSTR/nonlinear/total/pieces/Reduced_T/segments/segments2/heaviside/heaviside2/scaled_data.csv
train set size: 90, val set size: 30, test set size: 30
Dtypes after casting:
[torch.float64, torch.float64, torch.float64, torch.float64, torch.float64, torch.float64, torch.float64]
[torch.float64, torch.float64, torch.float64, torch.float64, torch.float64, torch.float64, torch.float64]
[torch.float64, torch.float64, torch.float64, torch.float64, torch.float64, torch.float64, torch.float64]
Start Training…
epoch: 00050 loss_train: 0.08055 loss_val: 0.09228 viol_train: 0.03656 viol_val: 0.05096
epoch: 00100 loss_train: 0.04773 loss_val: 0.05355 viol_train: 0.00303 viol_val: 0.00354
epoch: 00150 loss_train: 0.03536 loss_val: 0.03916 viol_train: 0.00938 viol_val: 0.01227
epoch: 00200 loss_train: 0.03332 loss_val: 0.03610 viol_train: 0.01690 viol_val: 0.02372
epoch: 00250 loss_train: 0.03257 loss_val: 0.03520 viol_train: 0.01958 viol_val: 0.02502
epoch: 00300 loss_train: 0.03069 loss_val: 0.03237 viol_train: 0.02069 viol_val: 0.02715
epoch: 00350 loss_train: 0.02936 loss_val: 0.03240 viol_train: 0.01861 viol_val: 0.02533
epoch: 00400 loss_train: 0.02856 loss_val: 0.02997 viol_train: 0.01965 viol_val: 0.02532
epoch: 00450 loss_train: 0.02677 loss_val: 0.02788 viol_train: 0.02053 viol_val: 0.02639
epoch: 00500 loss_train: 0.02487 loss_val: 0.02703 viol_train: 0.01778 viol_val: 0.02343
epoch: 00550 loss_train: 0.02359 loss_val: 0.02425 viol_train: 0.01658 viol_val: 0.02200
epoch: 00600 loss_train: 0.01994 loss_val: 0.02140 viol_train: 0.01440 viol_val: 0.01971
epoch: 00650 loss_train: 0.01841 loss_val: 0.01945 viol_train: 0.01249 viol_val: 0.01745
epoch: 00700 loss_train: 0.01730 loss_val: 0.01663 viol_train: 0.00988 viol_val: 0.01451
epoch: 00750 loss_train: 0.01491 loss_val: 0.01544 viol_train: 0.00776 viol_val: 0.01103
epoch: 00800 loss_train: 0.01316 loss_val: 0.01335 viol_train: 0.00584 viol_val: 0.00793
epoch: 00850 loss_train: 0.01144 loss_val: 0.01138 viol_train: 0.00386 viol_val: 0.00525
epoch: 00900 loss_train: 0.00988 loss_val: 0.01020 viol_train: 0.00314 viol_val: 0.00399
epoch: 00950 loss_train: 0.00874 loss_val: 0.00936 viol_train: 0.00273 viol_val: 0.00348
epoch: 01000 loss_train: 0.00838 loss_val: 0.00874 viol_train: 0.00229 viol_val: 0.00272
Training Finished!
