Scaler Factors: [800.           0.9936625    1.987325     1.81292375]
Scaler saved at /home/f25moham/CSTR/nonlinear/total/pieces/Reduced_T/segments/segments2/heaviside/heaviside2/scaler.pkl
Scaled dataset saved at /home/f25moham/CSTR/nonlinear/total/pieces/Reduced_T/segments/segments2/heaviside/heaviside2/scaled_data.csv
Scaler Factors outside function: [800.           0.9936625    1.987325     1.81292375]
Scaler loaded successfully.
Scaler Type: <class 'sklearn.preprocessing._data.MaxAbsScaler'>
Scaler Factors (scale_): [800.           0.9936625    1.987325     1.81292375]
Namespace(model='KKThPINN', model_id='uniform_S7_r3', input_dim=1, hidden_dim=32, hidden_num=2, z0_dim=3, optimizer='adam', epochs=1000, batch_size=16, lr=0.0001, mu=1, max_subiter=500, eta=0.8, sigma=2, mu_safe=1000000000.0, dtype=64, dataset_type='cstr', dataset_path='data.csv', val_ratio=0.2, job='train', runs=1, run=0)
Scaler Factors: [800.           0.9936625    1.987325     1.81292375]
Scaler saved at /home/f25moham/CSTR/nonlinear/total/pieces/Reduced_T/segments/segments2/heaviside/heaviside2/scaler.pkl
Scaled dataset saved at /home/f25moham/CSTR/nonlinear/total/pieces/Reduced_T/segments/segments2/heaviside/heaviside2/scaled_data.csv
train set size: 90, val set size: 30, test set size: 30
Dtypes after casting:
[torch.float64, torch.float64, torch.float64, torch.float64, torch.float64, torch.float64, torch.float64]
[torch.float64, torch.float64, torch.float64, torch.float64, torch.float64, torch.float64, torch.float64]
[torch.float64, torch.float64, torch.float64, torch.float64, torch.float64, torch.float64, torch.float64]
Start Training…
epoch: 00050 loss_train: 0.07442 loss_val: 0.08737 viol_train: 0.05717 viol_val: 0.07421
epoch: 00100 loss_train: 0.04442 loss_val: 0.05219 viol_train: 0.00328 viol_val: 0.00435
epoch: 00150 loss_train: 0.03563 loss_val: 0.03896 viol_train: 0.00481 viol_val: 0.00685
epoch: 00200 loss_train: 0.03267 loss_val: 0.03542 viol_train: 0.00867 viol_val: 0.01154
epoch: 00250 loss_train: 0.03084 loss_val: 0.03231 viol_train: 0.00914 viol_val: 0.01195
epoch: 00300 loss_train: 0.02761 loss_val: 0.02964 viol_train: 0.00849 viol_val: 0.01150
epoch: 00350 loss_train: 0.02572 loss_val: 0.02644 viol_train: 0.00755 viol_val: 0.00979
epoch: 00400 loss_train: 0.02256 loss_val: 0.02332 viol_train: 0.00652 viol_val: 0.00835
epoch: 00450 loss_train: 0.01912 loss_val: 0.02011 viol_train: 0.00473 viol_val: 0.00640
epoch: 00500 loss_train: 0.01660 loss_val: 0.01726 viol_train: 0.00355 viol_val: 0.00476
epoch: 00550 loss_train: 0.01406 loss_val: 0.01437 viol_train: 0.00279 viol_val: 0.00381
epoch: 00600 loss_train: 0.01180 loss_val: 0.01210 viol_train: 0.00217 viol_val: 0.00265
epoch: 00650 loss_train: 0.00993 loss_val: 0.01011 viol_train: 0.00180 viol_val: 0.00235
epoch: 00700 loss_train: 0.00858 loss_val: 0.00869 viol_train: 0.00179 viol_val: 0.00218
epoch: 00750 loss_train: 0.00768 loss_val: 0.00744 viol_train: 0.00176 viol_val: 0.00218
epoch: 00800 loss_train: 0.00618 loss_val: 0.00644 viol_train: 0.00204 viol_val: 0.00240
epoch: 00850 loss_train: 0.00573 loss_val: 0.00582 viol_train: 0.00206 viol_val: 0.00254
epoch: 00900 loss_train: 0.00513 loss_val: 0.00514 viol_train: 0.00302 viol_val: 0.00348
epoch: 00950 loss_train: 0.00470 loss_val: 0.00482 viol_train: 0.00263 viol_val: 0.00348
epoch: 01000 loss_train: 0.00419 loss_val: 0.00441 viol_train: 0.00333 viol_val: 0.00389
Training Finished!
