Scaler Factors: [800.           0.9936625    1.987325     1.81292375]
Scaler saved at /home/f25moham/CSTR/nonlinear/total/pieces/Reduced_T/segments/segments2/heaviside/heaviside2/scaler.pkl
Scaled dataset saved at /home/f25moham/CSTR/nonlinear/total/pieces/Reduced_T/segments/segments2/heaviside/heaviside2/scaled_data.csv
Scaler Factors outside function: [800.           0.9936625    1.987325     1.81292375]
Scaler loaded successfully.
Scaler Type: <class 'sklearn.preprocessing._data.MaxAbsScaler'>
Scaler Factors (scale_): [800.           0.9936625    1.987325     1.81292375]
Namespace(model='KKThPINN', model_id='adaptive_S9_r3', input_dim=1, hidden_dim=32, hidden_num=2, z0_dim=3, optimizer='adam', epochs=1000, batch_size=16, lr=0.0001, mu=1, max_subiter=500, eta=0.8, sigma=2, mu_safe=1000000000.0, dtype=64, dataset_type='cstr', dataset_path='data.csv', val_ratio=0.2, job='train', runs=1, run=0)
Scaler Factors: [800.           0.9936625    1.987325     1.81292375]
Scaler saved at /home/f25moham/CSTR/nonlinear/total/pieces/Reduced_T/segments/segments2/heaviside/heaviside2/scaler.pkl
Scaled dataset saved at /home/f25moham/CSTR/nonlinear/total/pieces/Reduced_T/segments/segments2/heaviside/heaviside2/scaled_data.csv
train set size: 90, val set size: 30, test set size: 30
Dtypes after casting:
[torch.float64, torch.float64, torch.float64, torch.float64, torch.float64, torch.float64, torch.float64, torch.float64, torch.float64]
[torch.float64, torch.float64, torch.float64, torch.float64, torch.float64, torch.float64, torch.float64, torch.float64, torch.float64]
[torch.float64, torch.float64, torch.float64, torch.float64, torch.float64, torch.float64, torch.float64, torch.float64, torch.float64]
Start Training…
epoch: 00050 loss_train: 0.14980 loss_val: 0.15766 viol_train: 0.06352 viol_val: 0.08333
epoch: 00100 loss_train: 0.05550 loss_val: 0.05845 viol_train: 0.02211 viol_val: 0.02997
epoch: 00150 loss_train: 0.03398 loss_val: 0.03816 viol_train: 0.00128 viol_val: 0.00100
epoch: 00200 loss_train: 0.02982 loss_val: 0.03366 viol_train: 0.00549 viol_val: 0.00669
epoch: 00250 loss_train: 0.02977 loss_val: 0.03139 viol_train: 0.00947 viol_val: 0.01166
epoch: 00300 loss_train: 0.02601 loss_val: 0.02857 viol_train: 0.00984 viol_val: 0.01241
epoch: 00350 loss_train: 0.02450 loss_val: 0.02583 viol_train: 0.00974 viol_val: 0.01209
epoch: 00400 loss_train: 0.02133 loss_val: 0.02261 viol_train: 0.00903 viol_val: 0.01125
epoch: 00450 loss_train: 0.01887 loss_val: 0.02023 viol_train: 0.00755 viol_val: 0.00951
epoch: 00500 loss_train: 0.01629 loss_val: 0.01708 viol_train: 0.00626 viol_val: 0.00721
epoch: 00550 loss_train: 0.01361 loss_val: 0.01461 viol_train: 0.00471 viol_val: 0.00537
epoch: 00600 loss_train: 0.01135 loss_val: 0.01203 viol_train: 0.00337 viol_val: 0.00377
epoch: 00650 loss_train: 0.01008 loss_val: 0.01056 viol_train: 0.00223 viol_val: 0.00234
epoch: 00700 loss_train: 0.00870 loss_val: 0.00905 viol_train: 0.00154 viol_val: 0.00131
epoch: 00750 loss_train: 0.00768 loss_val: 0.00829 viol_train: 0.00130 viol_val: 0.00099
epoch: 00800 loss_train: 0.00666 loss_val: 0.00726 viol_train: 0.00115 viol_val: 0.00077
epoch: 00850 loss_train: 0.00610 loss_val: 0.00648 viol_train: 0.00110 viol_val: 0.00071
epoch: 00900 loss_train: 0.00544 loss_val: 0.00576 viol_train: 0.00105 viol_val: 0.00064
epoch: 00950 loss_train: 0.00478 loss_val: 0.00527 viol_train: 0.00115 viol_val: 0.00066
epoch: 01000 loss_train: 0.00448 loss_val: 0.00469 viol_train: 0.00107 viol_val: 0.00067
Training Finished!
