Scaler Factors: [800.           0.9936625    1.987325     1.81292375]
Scaler saved at /home/f25moham/CSTR/nonlinear/total/pieces/Reduced_T/segments/segments2/heaviside/heaviside2/scaler.pkl
Scaled dataset saved at /home/f25moham/CSTR/nonlinear/total/pieces/Reduced_T/segments/segments2/heaviside/heaviside2/scaled_data.csv
Scaler Factors outside function: [800.           0.9936625    1.987325     1.81292375]
Scaler loaded successfully.
Scaler Type: <class 'sklearn.preprocessing._data.MaxAbsScaler'>
Scaler Factors (scale_): [800.           0.9936625    1.987325     1.81292375]
Namespace(model='KKThPINN', model_id='adaptive_S7_r8', input_dim=1, hidden_dim=32, hidden_num=2, z0_dim=3, optimizer='adam', epochs=1000, batch_size=16, lr=0.0001, mu=1, max_subiter=500, eta=0.8, sigma=2, mu_safe=1000000000.0, dtype=64, dataset_type='cstr', dataset_path='data.csv', val_ratio=0.2, job='train', runs=1, run=0)
Scaler Factors: [800.           0.9936625    1.987325     1.81292375]
Scaler saved at /home/f25moham/CSTR/nonlinear/total/pieces/Reduced_T/segments/segments2/heaviside/heaviside2/scaler.pkl
Scaled dataset saved at /home/f25moham/CSTR/nonlinear/total/pieces/Reduced_T/segments/segments2/heaviside/heaviside2/scaled_data.csv
train set size: 90, val set size: 30, test set size: 30
Dtypes after casting:
[torch.float64, torch.float64, torch.float64, torch.float64, torch.float64, torch.float64, torch.float64]
[torch.float64, torch.float64, torch.float64, torch.float64, torch.float64, torch.float64, torch.float64]
[torch.float64, torch.float64, torch.float64, torch.float64, torch.float64, torch.float64, torch.float64]
Start Training…
epoch: 00050 loss_train: 0.09965 loss_val: 0.11206 viol_train: 0.45363 viol_val: 0.62979
epoch: 00100 loss_train: 0.04798 loss_val: 0.05400 viol_train: 0.07706 viol_val: 0.09853
epoch: 00150 loss_train: 0.03856 loss_val: 0.04286 viol_train: 0.00577 viol_val: 0.00681
epoch: 00200 loss_train: 0.03506 loss_val: 0.03980 viol_train: 0.00186 viol_val: 0.00189
epoch: 00250 loss_train: 0.03250 loss_val: 0.03699 viol_train: 0.00421 viol_val: 0.00480
epoch: 00300 loss_train: 0.03038 loss_val: 0.03323 viol_train: 0.00436 viol_val: 0.00528
epoch: 00350 loss_train: 0.02771 loss_val: 0.03076 viol_train: 0.00451 viol_val: 0.00522
epoch: 00400 loss_train: 0.02566 loss_val: 0.02808 viol_train: 0.00415 viol_val: 0.00489
epoch: 00450 loss_train: 0.02226 loss_val: 0.02416 viol_train: 0.00365 viol_val: 0.00409
epoch: 00500 loss_train: 0.01978 loss_val: 0.02078 viol_train: 0.00311 viol_val: 0.00359
epoch: 00550 loss_train: 0.01632 loss_val: 0.01756 viol_train: 0.00263 viol_val: 0.00292
epoch: 00600 loss_train: 0.01378 loss_val: 0.01444 viol_train: 0.00225 viol_val: 0.00239
epoch: 00650 loss_train: 0.01174 loss_val: 0.01242 viol_train: 0.00177 viol_val: 0.00172
epoch: 00700 loss_train: 0.00977 loss_val: 0.01017 viol_train: 0.00150 viol_val: 0.00136
epoch: 00750 loss_train: 0.00840 loss_val: 0.00908 viol_train: 0.00152 viol_val: 0.00127
epoch: 00800 loss_train: 0.00760 loss_val: 0.00790 viol_train: 0.00150 viol_val: 0.00132
epoch: 00850 loss_train: 0.00641 loss_val: 0.00680 viol_train: 0.00159 viol_val: 0.00132
epoch: 00900 loss_train: 0.00592 loss_val: 0.00626 viol_train: 0.00151 viol_val: 0.00133
epoch: 00950 loss_train: 0.00532 loss_val: 0.00572 viol_train: 0.00161 viol_val: 0.00139
epoch: 01000 loss_train: 0.00464 loss_val: 0.00505 viol_train: 0.00158 viol_val: 0.00141
Training Finished!
