Scaler Factors: [800.           0.9936625    1.987325     1.81292375]
Scaler saved at /home/f25moham/CSTR/nonlinear/total/pieces/Reduced_T/segments/segments2/heaviside/heaviside2/scaler.pkl
Scaled dataset saved at /home/f25moham/CSTR/nonlinear/total/pieces/Reduced_T/segments/segments2/heaviside/heaviside2/scaled_data.csv
Scaler Factors outside function: [800.           0.9936625    1.987325     1.81292375]
Scaler loaded successfully.
Scaler Type: <class 'sklearn.preprocessing._data.MaxAbsScaler'>
Scaler Factors (scale_): [800.           0.9936625    1.987325     1.81292375]
Namespace(model='KKThPINN', model_id='adaptive_S1_r1', input_dim=1, hidden_dim=32, hidden_num=2, z0_dim=3, optimizer='adam', epochs=1000, batch_size=16, lr=0.0001, mu=1, max_subiter=500, eta=0.8, sigma=2, mu_safe=1000000000.0, dtype=64, dataset_type='cstr', dataset_path='data.csv', val_ratio=0.2, job='train', runs=1, run=0)
Scaler Factors: [800.           0.9936625    1.987325     1.81292375]
Scaler saved at /home/f25moham/CSTR/nonlinear/total/pieces/Reduced_T/segments/segments2/heaviside/heaviside2/scaler.pkl
Scaled dataset saved at /home/f25moham/CSTR/nonlinear/total/pieces/Reduced_T/segments/segments2/heaviside/heaviside2/scaled_data.csv
train set size: 90, val set size: 30, test set size: 30
Dtypes after casting:
[torch.float64]
[torch.float64]
[torch.float64]
Start Training…
epoch: 00050 loss_train: 0.06109 loss_val: 0.06461 viol_train: 0.51794 viol_val: 0.65766
epoch: 00100 loss_train: 0.05513 loss_val: 0.06084 viol_train: 0.48972 viol_val: 0.66002
epoch: 00150 loss_train: 0.05357 loss_val: 0.05949 viol_train: 0.49677 viol_val: 0.64400
epoch: 00200 loss_train: 0.05308 loss_val: 0.05586 viol_train: 0.48905 viol_val: 0.65478
epoch: 00250 loss_train: 0.05218 loss_val: 0.05273 viol_train: 0.46805 viol_val: 0.67862
epoch: 00300 loss_train: 0.04838 loss_val: 0.05319 viol_train: 0.50393 viol_val: 0.65966
epoch: 00350 loss_train: 0.04485 loss_val: 0.04663 viol_train: 0.46610 viol_val: 0.66002
epoch: 00400 loss_train: 0.04368 loss_val: 0.04488 viol_train: 0.49804 viol_val: 0.61617
epoch: 00450 loss_train: 0.04105 loss_val: 0.04093 viol_train: 0.45044 viol_val: 0.62736
epoch: 00500 loss_train: 0.03568 loss_val: 0.03685 viol_train: 0.46937 viol_val: 0.63664
epoch: 00550 loss_train: 0.03369 loss_val: 0.03206 viol_train: 0.45601 viol_val: 0.61585
epoch: 00600 loss_train: 0.02929 loss_val: 0.03146 viol_train: 0.50757 viol_val: 0.61969
epoch: 00650 loss_train: 0.02845 loss_val: 0.02843 viol_train: 0.45193 viol_val: 0.61735
epoch: 00700 loss_train: 0.02826 loss_val: 0.02685 viol_train: 0.46681 viol_val: 0.59554
epoch: 00750 loss_train: 0.02631 loss_val: 0.02574 viol_train: 0.45698 viol_val: 0.61043
epoch: 00800 loss_train: 0.02560 loss_val: 0.02415 viol_train: 0.43526 viol_val: 0.62538
epoch: 00850 loss_train: 0.02399 loss_val: 0.02457 viol_train: 0.46463 viol_val: 0.61064
epoch: 00900 loss_train: 0.02389 loss_val: 0.02431 viol_train: 0.45709 viol_val: 0.61223
epoch: 00950 loss_train: 0.02402 loss_val: 0.02404 viol_train: 0.45348 viol_val: 0.58778
epoch: 01000 loss_train: 0.02429 loss_val: 0.02430 viol_train: 0.47451 viol_val: 0.58950
Training Finished!
