Scaler Factors: [800.           0.9936625    1.987325     1.81292375]
Scaler saved at /home/f25moham/CSTR/nonlinear/total/pieces/Reduced_T/segments/segments2/heaviside/heaviside2/scaler.pkl
Scaled dataset saved at /home/f25moham/CSTR/nonlinear/total/pieces/Reduced_T/segments/segments2/heaviside/heaviside2/scaled_data.csv
Scaler Factors outside function: [800.           0.9936625    1.987325     1.81292375]
Scaler loaded successfully.
Scaler Type: <class 'sklearn.preprocessing._data.MaxAbsScaler'>
Scaler Factors (scale_): [800.           0.9936625    1.987325     1.81292375]
Namespace(model='KKThPINN', model_id='adaptive_S9_r5', input_dim=1, hidden_dim=32, hidden_num=2, z0_dim=3, optimizer='adam', epochs=1000, batch_size=16, lr=0.0001, mu=1, max_subiter=500, eta=0.8, sigma=2, mu_safe=1000000000.0, dtype=64, dataset_type='cstr', dataset_path='data.csv', val_ratio=0.2, job='train', runs=1, run=0)
Scaler Factors: [800.           0.9936625    1.987325     1.81292375]
Scaler saved at /home/f25moham/CSTR/nonlinear/total/pieces/Reduced_T/segments/segments2/heaviside/heaviside2/scaler.pkl
Scaled dataset saved at /home/f25moham/CSTR/nonlinear/total/pieces/Reduced_T/segments/segments2/heaviside/heaviside2/scaled_data.csv
train set size: 90, val set size: 30, test set size: 30
Dtypes after casting:
[torch.float64, torch.float64, torch.float64, torch.float64, torch.float64, torch.float64, torch.float64, torch.float64, torch.float64]
[torch.float64, torch.float64, torch.float64, torch.float64, torch.float64, torch.float64, torch.float64, torch.float64, torch.float64]
[torch.float64, torch.float64, torch.float64, torch.float64, torch.float64, torch.float64, torch.float64, torch.float64, torch.float64]
Start Training…
epoch: 00050 loss_train: 0.07280 loss_val: 0.07873 viol_train: 0.09879 viol_val: 0.13690
epoch: 00100 loss_train: 0.03729 loss_val: 0.04254 viol_train: 0.00352 viol_val: 0.00395
epoch: 00150 loss_train: 0.03355 loss_val: 0.03638 viol_train: 0.00282 viol_val: 0.00316
epoch: 00200 loss_train: 0.02942 loss_val: 0.03231 viol_train: 0.00450 viol_val: 0.00530
epoch: 00250 loss_train: 0.02731 loss_val: 0.03051 viol_train: 0.00433 viol_val: 0.00485
epoch: 00300 loss_train: 0.02485 loss_val: 0.02704 viol_train: 0.00348 viol_val: 0.00396
epoch: 00350 loss_train: 0.02260 loss_val: 0.02414 viol_train: 0.00306 viol_val: 0.00326
epoch: 00400 loss_train: 0.01875 loss_val: 0.02059 viol_train: 0.00202 viol_val: 0.00198
epoch: 00450 loss_train: 0.01660 loss_val: 0.01759 viol_train: 0.00153 viol_val: 0.00135
epoch: 00500 loss_train: 0.01397 loss_val: 0.01501 viol_train: 0.00122 viol_val: 0.00091
epoch: 00550 loss_train: 0.01183 loss_val: 0.01260 viol_train: 0.00120 viol_val: 0.00074
epoch: 00600 loss_train: 0.01036 loss_val: 0.01081 viol_train: 0.00130 viol_val: 0.00074
epoch: 00650 loss_train: 0.00897 loss_val: 0.00922 viol_train: 0.00119 viol_val: 0.00070
epoch: 00700 loss_train: 0.00776 loss_val: 0.00827 viol_train: 0.00113 viol_val: 0.00068
epoch: 00750 loss_train: 0.00683 loss_val: 0.00750 viol_train: 0.00106 viol_val: 0.00064
epoch: 00800 loss_train: 0.00628 loss_val: 0.00674 viol_train: 0.00106 viol_val: 0.00063
epoch: 00850 loss_train: 0.00563 loss_val: 0.00583 viol_train: 0.00107 viol_val: 0.00064
epoch: 00900 loss_train: 0.00504 loss_val: 0.00522 viol_train: 0.00109 viol_val: 0.00065
epoch: 00950 loss_train: 0.00441 loss_val: 0.00459 viol_train: 0.00110 viol_val: 0.00067
epoch: 01000 loss_train: 0.00398 loss_val: 0.00408 viol_train: 0.00116 viol_val: 0.00073
Training Finished!
