Scaler Factors: [800.           0.9936625    1.987325     1.81292375]
Scaler saved at /home/f25moham/CSTR/nonlinear/total/pieces/Reduced_T/segments/segments2/heaviside/heaviside2/scaler.pkl
Scaled dataset saved at /home/f25moham/CSTR/nonlinear/total/pieces/Reduced_T/segments/segments2/heaviside/heaviside2/scaled_data.csv
Scaler Factors outside function: [800.           0.9936625    1.987325     1.81292375]
Scaler loaded successfully.
Scaler Type: <class 'sklearn.preprocessing._data.MaxAbsScaler'>
Scaler Factors (scale_): [800.           0.9936625    1.987325     1.81292375]
Namespace(model='KKThPINN', model_id='uniform_S9_r7', input_dim=1, hidden_dim=32, hidden_num=2, z0_dim=3, optimizer='adam', epochs=1000, batch_size=16, lr=0.0001, mu=1, max_subiter=500, eta=0.8, sigma=2, mu_safe=1000000000.0, dtype=64, dataset_type='cstr', dataset_path='data.csv', val_ratio=0.2, job='train', runs=1, run=0)
Scaler Factors: [800.           0.9936625    1.987325     1.81292375]
Scaler saved at /home/f25moham/CSTR/nonlinear/total/pieces/Reduced_T/segments/segments2/heaviside/heaviside2/scaler.pkl
Scaled dataset saved at /home/f25moham/CSTR/nonlinear/total/pieces/Reduced_T/segments/segments2/heaviside/heaviside2/scaled_data.csv
train set size: 90, val set size: 30, test set size: 30
Dtypes after casting:
[torch.float64, torch.float64, torch.float64, torch.float64, torch.float64, torch.float64, torch.float64, torch.float64, torch.float64]
[torch.float64, torch.float64, torch.float64, torch.float64, torch.float64, torch.float64, torch.float64, torch.float64, torch.float64]
[torch.float64, torch.float64, torch.float64, torch.float64, torch.float64, torch.float64, torch.float64, torch.float64, torch.float64]
Start Training…
epoch: 00050 loss_train: 0.07865 loss_val: 0.09183 viol_train: 0.00434 viol_val: 0.00547
epoch: 00100 loss_train: 0.04022 loss_val: 0.04359 viol_train: 0.00239 viol_val: 0.00324
epoch: 00150 loss_train: 0.03302 loss_val: 0.03912 viol_train: 0.00845 viol_val: 0.01136
epoch: 00200 loss_train: 0.03079 loss_val: 0.03562 viol_train: 0.01362 viol_val: 0.01646
epoch: 00250 loss_train: 0.02941 loss_val: 0.03177 viol_train: 0.01413 viol_val: 0.01859
epoch: 00300 loss_train: 0.02755 loss_val: 0.02951 viol_train: 0.01291 viol_val: 0.01836
epoch: 00350 loss_train: 0.02623 loss_val: 0.02708 viol_train: 0.01263 viol_val: 0.01706
epoch: 00400 loss_train: 0.02372 loss_val: 0.02493 viol_train: 0.01108 viol_val: 0.01556
epoch: 00450 loss_train: 0.02030 loss_val: 0.02228 viol_train: 0.01005 viol_val: 0.01325
epoch: 00500 loss_train: 0.01943 loss_val: 0.01997 viol_train: 0.00818 viol_val: 0.01099
epoch: 00550 loss_train: 0.01692 loss_val: 0.01752 viol_train: 0.00629 viol_val: 0.00858
epoch: 00600 loss_train: 0.01491 loss_val: 0.01532 viol_train: 0.00451 viol_val: 0.00624
epoch: 00650 loss_train: 0.01220 loss_val: 0.01320 viol_train: 0.00339 viol_val: 0.00463
epoch: 00700 loss_train: 0.01082 loss_val: 0.01131 viol_train: 0.00197 viol_val: 0.00266
epoch: 00750 loss_train: 0.00968 loss_val: 0.01031 viol_train: 0.00136 viol_val: 0.00167
epoch: 00800 loss_train: 0.00884 loss_val: 0.00896 viol_train: 0.00129 viol_val: 0.00172
epoch: 00850 loss_train: 0.00748 loss_val: 0.00779 viol_train: 0.00125 viol_val: 0.00160
epoch: 00900 loss_train: 0.00678 loss_val: 0.00701 viol_train: 0.00106 viol_val: 0.00139
epoch: 00950 loss_train: 0.00600 loss_val: 0.00633 viol_train: 0.00103 viol_val: 0.00124
epoch: 01000 loss_train: 0.00531 loss_val: 0.00566 viol_train: 0.00125 viol_val: 0.00135
Training Finished!
