Scaler Factors: [800.           0.9936625    1.987325     1.81292375]
Scaler saved at /home/f25moham/CSTR/nonlinear/total/pieces/Reduced_T/segments/segments2/heaviside/heaviside2/scaler.pkl
Scaled dataset saved at /home/f25moham/CSTR/nonlinear/total/pieces/Reduced_T/segments/segments2/heaviside/heaviside2/scaled_data.csv
Scaler Factors outside function: [800.           0.9936625    1.987325     1.81292375]
Scaler loaded successfully.
Scaler Type: <class 'sklearn.preprocessing._data.MaxAbsScaler'>
Scaler Factors (scale_): [800.           0.9936625    1.987325     1.81292375]
Namespace(model='KKThPINN', model_id='adaptive_S5_r8', input_dim=1, hidden_dim=32, hidden_num=2, z0_dim=3, optimizer='adam', epochs=1000, batch_size=16, lr=0.0001, mu=1, max_subiter=500, eta=0.8, sigma=2, mu_safe=1000000000.0, dtype=64, dataset_type='cstr', dataset_path='data.csv', val_ratio=0.2, job='train', runs=1, run=0)
Scaler Factors: [800.           0.9936625    1.987325     1.81292375]
Scaler saved at /home/f25moham/CSTR/nonlinear/total/pieces/Reduced_T/segments/segments2/heaviside/heaviside2/scaler.pkl
Scaled dataset saved at /home/f25moham/CSTR/nonlinear/total/pieces/Reduced_T/segments/segments2/heaviside/heaviside2/scaled_data.csv
train set size: 90, val set size: 30, test set size: 30
Dtypes after casting:
[torch.float64, torch.float64, torch.float64, torch.float64, torch.float64]
[torch.float64, torch.float64, torch.float64, torch.float64, torch.float64]
[torch.float64, torch.float64, torch.float64, torch.float64, torch.float64]
Start Training…
epoch: 00050 loss_train: 0.05274 loss_val: 0.05409 viol_train: 0.01155 viol_val: 0.01419
epoch: 00100 loss_train: 0.03310 loss_val: 0.03836 viol_train: 0.00441 viol_val: 0.00447
epoch: 00150 loss_train: 0.03042 loss_val: 0.03237 viol_train: 0.00893 viol_val: 0.01115
epoch: 00200 loss_train: 0.02787 loss_val: 0.03022 viol_train: 0.00961 viol_val: 0.01117
epoch: 00250 loss_train: 0.02309 loss_val: 0.02597 viol_train: 0.00864 viol_val: 0.01022
epoch: 00300 loss_train: 0.02094 loss_val: 0.02175 viol_train: 0.00731 viol_val: 0.00844
epoch: 00350 loss_train: 0.01726 loss_val: 0.01880 viol_train: 0.00609 viol_val: 0.00701
epoch: 00400 loss_train: 0.01393 loss_val: 0.01566 viol_train: 0.00475 viol_val: 0.00465
epoch: 00450 loss_train: 0.01208 loss_val: 0.01277 viol_train: 0.00346 viol_val: 0.00341
epoch: 00500 loss_train: 0.01019 loss_val: 0.01093 viol_train: 0.00288 viol_val: 0.00232
epoch: 00550 loss_train: 0.00871 loss_val: 0.00923 viol_train: 0.00285 viol_val: 0.00216
epoch: 00600 loss_train: 0.00773 loss_val: 0.00801 viol_train: 0.00269 viol_val: 0.00209
epoch: 00650 loss_train: 0.00680 loss_val: 0.00713 viol_train: 0.00266 viol_val: 0.00199
epoch: 00700 loss_train: 0.00600 loss_val: 0.00635 viol_train: 0.00254 viol_val: 0.00198
epoch: 00750 loss_train: 0.00535 loss_val: 0.00566 viol_train: 0.00260 viol_val: 0.00195
epoch: 00800 loss_train: 0.00478 loss_val: 0.00529 viol_train: 0.00252 viol_val: 0.00183
epoch: 00850 loss_train: 0.00450 loss_val: 0.00495 viol_train: 0.00258 viol_val: 0.00185
epoch: 00900 loss_train: 0.00425 loss_val: 0.00451 viol_train: 0.00248 viol_val: 0.00187
epoch: 00950 loss_train: 0.00406 loss_val: 0.00432 viol_train: 0.00256 viol_val: 0.00178
epoch: 01000 loss_train: 0.00380 loss_val: 0.00411 viol_train: 0.00253 viol_val: 0.00178
Training Finished!
