Scaler Factors: [800.           0.9936625    1.987325     1.81292375]
Scaler saved at /home/f25moham/CSTR/nonlinear/total/pieces/Reduced_T/segments/segments2/heaviside/heaviside2/scaler.pkl
Scaled dataset saved at /home/f25moham/CSTR/nonlinear/total/pieces/Reduced_T/segments/segments2/heaviside/heaviside2/scaled_data.csv
Scaler Factors outside function: [800.           0.9936625    1.987325     1.81292375]
Scaler loaded successfully.
Scaler Type: <class 'sklearn.preprocessing._data.MaxAbsScaler'>
Scaler Factors (scale_): [800.           0.9936625    1.987325     1.81292375]
Namespace(model='KKThPINN', model_id='uniform_S11_r4', input_dim=1, hidden_dim=32, hidden_num=2, z0_dim=3, optimizer='adam', epochs=1000, batch_size=16, lr=0.0001, mu=1, max_subiter=500, eta=0.8, sigma=2, mu_safe=1000000000.0, dtype=64, dataset_type='cstr', dataset_path='data.csv', val_ratio=0.2, job='train', runs=1, run=0)
Scaler Factors: [800.           0.9936625    1.987325     1.81292375]
Scaler saved at /home/f25moham/CSTR/nonlinear/total/pieces/Reduced_T/segments/segments2/heaviside/heaviside2/scaler.pkl
Scaled dataset saved at /home/f25moham/CSTR/nonlinear/total/pieces/Reduced_T/segments/segments2/heaviside/heaviside2/scaled_data.csv
train set size: 90, val set size: 30, test set size: 30
Dtypes after casting:
[torch.float64, torch.float64, torch.float64, torch.float64, torch.float64, torch.float64, torch.float64, torch.float64, torch.float64, torch.float64, torch.float64]
[torch.float64, torch.float64, torch.float64, torch.float64, torch.float64, torch.float64, torch.float64, torch.float64, torch.float64, torch.float64, torch.float64]
[torch.float64, torch.float64, torch.float64, torch.float64, torch.float64, torch.float64, torch.float64, torch.float64, torch.float64, torch.float64, torch.float64]
Start Training…
epoch: 00050 loss_train: 0.08158 loss_val: 0.09083 viol_train: 0.07813 viol_val: 0.10788
epoch: 00100 loss_train: 0.04895 loss_val: 0.05406 viol_train: 0.00737 viol_val: 0.01031
epoch: 00150 loss_train: 0.03663 loss_val: 0.04029 viol_train: 0.00350 viol_val: 0.00478
epoch: 00200 loss_train: 0.03169 loss_val: 0.03484 viol_train: 0.01303 viol_val: 0.01834
epoch: 00250 loss_train: 0.02982 loss_val: 0.03295 viol_train: 0.01907 viol_val: 0.02618
epoch: 00300 loss_train: 0.02624 loss_val: 0.02999 viol_train: 0.01978 viol_val: 0.02822
epoch: 00350 loss_train: 0.02455 loss_val: 0.02580 viol_train: 0.01977 viol_val: 0.02655
epoch: 00400 loss_train: 0.02183 loss_val: 0.02298 viol_train: 0.01944 viol_val: 0.02361
epoch: 00450 loss_train: 0.01868 loss_val: 0.01930 viol_train: 0.01439 viol_val: 0.02084
epoch: 00500 loss_train: 0.01509 loss_val: 0.01612 viol_train: 0.01244 viol_val: 0.01601
epoch: 00550 loss_train: 0.01285 loss_val: 0.01353 viol_train: 0.00746 viol_val: 0.01058
epoch: 00600 loss_train: 0.01083 loss_val: 0.01112 viol_train: 0.00502 viol_val: 0.00725
epoch: 00650 loss_train: 0.00936 loss_val: 0.00971 viol_train: 0.00283 viol_val: 0.00423
epoch: 00700 loss_train: 0.00823 loss_val: 0.00884 viol_train: 0.00160 viol_val: 0.00232
epoch: 00750 loss_train: 0.00721 loss_val: 0.00785 viol_train: 0.00094 viol_val: 0.00137
epoch: 00800 loss_train: 0.00676 loss_val: 0.00720 viol_train: 0.00113 viol_val: 0.00152
epoch: 00850 loss_train: 0.00627 loss_val: 0.00670 viol_train: 0.00178 viol_val: 0.00217
epoch: 00900 loss_train: 0.00606 loss_val: 0.00638 viol_train: 0.00277 viol_val: 0.00329
epoch: 00950 loss_train: 0.00578 loss_val: 0.00617 viol_train: 0.00295 viol_val: 0.00370
epoch: 01000 loss_train: 0.00547 loss_val: 0.00589 viol_train: 0.00358 viol_val: 0.00449
Training Finished!
