Saved region_edges.npz
Linearized MB on A is -1.02188249503954*Ca - 0.0218824950395399*Cb - 0.00237661876327149*T + 1.73113617181939
Linearized MB on A is -1.13724219078938*Ca - 0.137242190789385*Cb - 0.0118201994782637*T + 4.86944243445053
Linearized MB on A is -1.57163783967698*Ca - 0.571637839676975*Cb - 0.0293387205911913*T + 11.3954871011968
Linearized MB on A is -2.98232220043953*Ca - 1.98232220043953*Cb - 0.0448437946723104*T + 19.1890627337338
Linearized MB on A is -7.84302284959246*Ca - 6.84302284959246*Cb - 0.0637500492260155*T + 33.5590679013766
Linearized MB on A is -23.9253774602059*Ca - 22.9253774602059*Cb - 0.111497559301988*T + 74.4868330236366
Linearized MB on A is -72.4336451927104*Ca - 71.4336451927102*Cb - 0.240890956598032*T + 190.963064563145
Linearized MB on A is -205.890806337436*Ca - 204.890806337434*Cb - 0.56265068931298*T + 496.403308514547
Linearized MB on A is -543.913987192598*Ca - 542.9139871926*Cb - 1.29873425603545*T + 1235.79421256768
Linearized MB on A is -1339.35383050962*Ca - 1338.35383050963*Cb - 2.86581745487924*T + 2902.45247466301
Linearized MB on A is -3092.53135869499*Ca - 3091.53135869507*Cb - 5.9991984601326*T + 6428.78182789259
Saved data.csv
Saved lin_params.csv
Saved ABb_matrices.csv
    region_id       A_T         B_Ca         B_Cb  B_Cc            b
0           0 -0.002377    -1.021882    -0.021882   0.0    -1.731136
1           1 -0.011820    -1.137242    -0.137242   0.0    -4.869442
2           2 -0.029339    -1.571638    -0.571638   0.0   -11.395487
3           3 -0.044844    -2.982322    -1.982322   0.0   -19.189063
4           4 -0.063750    -7.843023    -6.843023   0.0   -33.559068
5           5 -0.111498   -23.925377   -22.925377   0.0   -74.486833
6           6 -0.240891   -72.433645   -71.433645   0.0  -190.963065
7           7 -0.562651  -205.890806  -204.890806   0.0  -496.403309
8           8 -1.298734  -543.913987  -542.913987   0.0 -1235.794213
9           9 -2.865817 -1339.353831 -1338.353831   0.0 -2902.452475
10         10 -5.999198 -3092.531359 -3091.531359   0.0 -6428.781828
