
=== Linearization accuracy by region ===
 region_id      T_low     T_high  n_points  mean_abs_linearization_error  rmse_linearization_error  max_abs_linearization_error  mean_abs_nonlinear_residual  mean_abs_linearized_residual  mean_abs_y_PL_error_scaled  rmse_y_PL_error_scaled  max_abs_y_PL_error_scaled  mean_abs_y_PL_error_original  rmse_y_PL_error_original  max_abs_y_PL_error_original  mean_abs_f_PL  max_abs_f_PL  mean_abs_dCa  mean_abs_dCb  max_abs_dCa  max_abs_dCb  mean_abs_df_dCa  mean_abs_df_dCb  max_abs_df_dCa  max_abs_df_dCb  mean_amplification  max_amplification
         0 280.000000 296.363636        17                      0.002510                  0.003488                     0.007138                 5.861867e-17                      0.002510                    0.000858                0.001982                   0.007017                      0.000887                  0.001974                     0.006972       0.002510      0.007347      0.002452      0.000210     0.006972     0.000597         1.021377         0.021377        1.049477        0.049477            1.019486           1.049897
         1 296.363636 312.727273        13                      0.006350                  0.008382                     0.017153                 7.856296e-17                      0.006350                    0.002197                0.004163                   0.014344                      0.002608                  0.004465                     0.014253       0.006448      0.015570      0.005276      0.002547     0.014253     0.006880         1.149455         0.149455        1.265319        0.265319            1.100304           1.256206
         2 312.727273 329.090909        12                      0.005045                  0.007853                     0.018234                 8.095376e-17                      0.005045                    0.001216                0.002348                   0.007635                      0.001718                  0.003330                     0.011038       0.006560      0.027230      0.002099      0.003054     0.007587     0.011038         1.637280         0.637280        2.062788        1.062788            1.445617           2.032969
         3 329.090909 345.454545        13                      0.022478                  0.030060                     0.055675                 2.925011e-16                      0.022478                    0.002128                0.003521                   0.009025                      0.003322                  0.005974                     0.017936       0.025581      0.093533      0.002724      0.007241     0.006746     0.017936         3.105835         2.105835        4.557784        3.557784            3.051178           4.880894
         4 345.454545 361.818182        12                      0.025394                  0.034815                     0.073373                 7.956598e-16                      0.025394                    0.000737                0.001282                   0.004062                      0.001198                  0.002300                     0.008072       0.026837      0.115631      0.000800      0.002793     0.002313     0.008072         8.058582         7.058582       12.875081       11.875081            8.991880          14.890261
         5 361.818182 378.181818        11                      0.039862                  0.052589                     0.092975                 4.198662e-15                      0.039862                    0.000349                0.000591                   0.001604                      0.000574                  0.001076                     0.003188       0.051152      0.147455      0.000357      0.001367     0.000832     0.003188        27.790305        26.790305       40.958863       39.958863           32.456132          48.907948
         6 378.181818 394.545455        12                      0.033810                  0.047919                     0.118522                 1.435888e-14                      0.033810                    0.000095                0.000174                   0.000664                      0.000157                  0.000318                     0.001320       0.034519      0.116975      0.000095      0.000377     0.000335     0.001320        78.220939        77.220939      111.612619      110.612619           92.058242         134.567145
         7 394.545455 410.909091        16                      0.070225                  0.096543                     0.197500                 6.883383e-14                      0.070225                    0.000069                0.000122                   0.000387                      0.000114                  0.000224                     0.000770       0.061933      0.209925      0.000069      0.000274     0.000193     0.000770       200.239885       199.239885      319.928251      318.928251          240.007168         387.116320
         8 410.909091 427.272727        15                      0.153242                  0.196701                     0.330369                 1.881517e-12                      0.153242                    0.000057                0.000094                   0.000245                      0.000094                  0.000172                     0.000486       0.159731      0.442221      0.000057      0.000226     0.000122     0.000486       572.326026       571.326026      847.913958      846.913958          649.219989        1027.212604
         9 427.272727 443.636364        13                      0.168512                  0.238153                     0.497652                 2.380427e-11                      0.168512                    0.000025                0.000046                   0.000150                      0.000042                  0.000085                     0.000297       0.190009      0.737548      0.000025      0.000101     0.000074     0.000297      1395.886068      1394.886068     1985.082031     1984.082031         1696.782762        2405.976294
        10 443.636364 460.000000        16                      0.442359                  0.585437                     1.128599                 3.414868e-11                      0.442359                    0.000029                0.000049                   0.000147                      0.000048                  0.000090                     0.000292       0.495036      1.677048      0.000029      0.000114     0.000073     0.000292      3225.760944      3224.760944     4596.088395     4595.088395         3676.283216        5571.509858

=== Overall linearization accuracy ===
Overall mean absolute linearization error: 9.545011e-02
Overall RMSE linearization error:          2.165908e-01
Overall max absolute linearization error: 1.128599e+00

=== Manual PL y accuracy ===
Overall mean absolute PL-y error, scaled:   6.798630e-04
Overall RMSE PL-y error, scaled:            1.903829e-03
Overall max absolute PL-y error, scaled:    1.434387e-02
Overall mean absolute PL-y error, original: 9.327127e-04
Overall RMSE PL-y error, original:          2.583733e-03
Overall max absolute PL-y error, original:  1.793643e-02

=== Nonlinear sensitivity diagnostic ===
Mean |f(true)|:                 5.902623e-12
Mean |f(PL)|:                   1.040953e-01
Max  |f(PL)|:                   1.677048e+00
Mean |dCa|:                     1.255188e-03
Mean |dCb|:                     1.542950e-03
Max  |dCa|:                     1.425296e-02
Max  |dCb|:                     1.793643e-02
Mean |df/dCa|:                  5.532053e+02
Mean |df/dCb|:                  5.522053e+02
Max  |df/dCa|:                  4.596088e+03
Max  |df/dCb|:                  4.595088e+03
Mean amplification |df|/|dy|:   6.407693e+02
Max  amplification |df|/|dy|:   5.571510e+03

Top 10 largest nonlinear residuals after PL projection:
 Temperature (T)       Ca       Cb    Ca_PL    Cb_PL  abs_Ca_PL_error  abs_Cb_PL_error  abs_df_dCa  abs_df_dCb  abs_f_PL  amplification
      460.000000 0.395692 0.791384 0.395619 0.791092         0.000073         0.000292 4596.088395 4595.088395  1.677048    5571.509858
      459.497788 0.396003 0.792005 0.395938 0.791748         0.000064         0.000258 4487.475301 4486.475301  1.444881    5439.979266
      459.000000 0.396311 0.792622 0.396255 0.792397         0.000056         0.000226 4382.126282 4381.126282  1.235935    5312.388074
      443.000000 0.406715 0.813430 0.406641 0.813133         0.000074         0.000297 1985.082031 1984.082031  0.737548    2405.976294
      444.296004 0.405836 0.811671 0.405771 0.811411         0.000065         0.000260 2121.050152 2120.050152  0.689094    2570.761593
      457.000000 0.397560 0.795120 0.397530 0.795002         0.000030         0.000118 3981.136199 3980.136199  0.588302    4826.616325
      445.000000 0.405361 0.810722 0.405307 0.810508         0.000053         0.000213 2198.419807 2197.419807  0.585369    2664.670485
      442.000000 0.407398 0.814797 0.407342 0.814572         0.000056         0.000225 1885.659253 1884.659253  0.529349    2285.558432
      456.550361 0.397843 0.795685 0.397818 0.795587         0.000025         0.000099 3895.712968 3894.712968  0.480805    4723.107094
      427.000000 0.418176 0.836351 0.418071 0.835934         0.000105         0.000418  847.913958  846.913958  0.442221    1027.212604

Saved:
linearization_accuracy_detailed.csv
linearization_accuracy_summary.csv
