Scaler Factors: [800.           0.9936625    1.987325     1.81292375]
Scaler saved at /home/f25moham/CSTR/nonlinear/total/pieces/Reduced_T/segments/segments2/heaviside/heaviside2/scaler.pkl
Scaled dataset saved at /home/f25moham/CSTR/nonlinear/total/pieces/Reduced_T/segments/segments2/heaviside/heaviside2/scaled_data.csv
Scaler Factors outside function: [800.           0.9936625    1.987325     1.81292375]
Scaler loaded successfully.
Scaler Type: <class 'sklearn.preprocessing._data.MaxAbsScaler'>
Scaler Factors (scale_): [800.           0.9936625    1.987325     1.81292375]
Namespace(model='KKThPINN', model_id='adaptive_S90_r2', input_dim=1, hidden_dim=32, hidden_num=2, z0_dim=3, optimizer='adam', epochs=1000, batch_size=16, lr=0.0001, mu=1, max_subiter=500, eta=0.8, sigma=2, mu_safe=1000000000.0, dtype=64, dataset_type='cstr', dataset_path='data.csv', val_ratio=0.2, job='train', runs=1, run=0)
Scaler Factors: [800.           0.9936625    1.987325     1.81292375]
Scaler saved at /home/f25moham/CSTR/nonlinear/total/pieces/Reduced_T/segments/segments2/heaviside/heaviside2/scaler.pkl
Scaled dataset saved at /home/f25moham/CSTR/nonlinear/total/pieces/Reduced_T/segments/segments2/heaviside/heaviside2/scaled_data.csv
train set size: 90, val set size: 30, test set size: 30
Dtypes after casting:
[torch.float64, torch.float64, torch.float64, torch.float64, torch.float64, torch.float64, torch.float64, torch.float64, torch.float64, torch.float64, torch.float64, torch.float64, torch.float64, torch.float64, torch.float64, torch.float64, torch.float64, torch.float64, torch.float64, torch.float64, torch.float64, torch.float64, torch.float64, torch.float64, torch.float64, torch.float64, torch.float64, torch.float64, torch.float64, torch.float64, torch.float64, torch.float64, torch.float64, torch.float64, torch.float64, torch.float64, torch.float64, torch.float64, torch.float64, torch.float64, torch.float64, torch.float64, torch.float64, torch.float64, torch.float64, torch.float64, torch.float64, torch.float64, torch.float64, torch.float64, torch.float64, torch.float64, torch.float64, torch.float64, torch.float64, torch.float64, torch.float64, torch.float64, torch.float64, torch.float64, torch.float64, torch.float64, torch.float64, torch.float64, torch.float64, torch.float64, torch.float64, torch.float64, torch.float64, torch.float64, torch.float64, torch.float64, torch.float64, torch.float64, torch.float64, torch.float64, torch.float64, torch.float64, torch.float64, torch.float64, torch.float64, torch.float64, torch.float64, torch.float64, torch.float64, torch.float64, torch.float64, torch.float64, torch.float64, torch.float64]
[torch.float64, torch.float64, torch.float64, torch.float64, torch.float64, torch.float64, torch.float64, torch.float64, torch.float64, torch.float64, torch.float64, torch.float64, torch.float64, torch.float64, torch.float64, torch.float64, torch.float64, torch.float64, torch.float64, torch.float64, torch.float64, torch.float64, torch.float64, torch.float64, torch.float64, torch.float64, torch.float64, torch.float64, torch.float64, torch.float64, torch.float64, torch.float64, torch.float64, torch.float64, torch.float64, torch.float64, torch.float64, torch.float64, torch.float64, torch.float64, torch.float64, torch.float64, torch.float64, torch.float64, torch.float64, torch.float64, torch.float64, torch.float64, torch.float64, torch.float64, torch.float64, torch.float64, torch.float64, torch.float64, torch.float64, torch.float64, torch.float64, torch.float64, torch.float64, torch.float64, torch.float64, torch.float64, torch.float64, torch.float64, torch.float64, torch.float64, torch.float64, torch.float64, torch.float64, torch.float64, torch.float64, torch.float64, torch.float64, torch.float64, torch.float64, torch.float64, torch.float64, torch.float64, torch.float64, torch.float64, torch.float64, torch.float64, torch.float64, torch.float64, torch.float64, torch.float64, torch.float64, torch.float64, torch.float64, torch.float64]
[torch.float64, torch.float64, torch.float64, torch.float64, torch.float64, torch.float64, torch.float64, torch.float64, torch.float64, torch.float64, torch.float64, torch.float64, torch.float64, torch.float64, torch.float64, torch.float64, torch.float64, torch.float64, torch.float64, torch.float64, torch.float64, torch.float64, torch.float64, torch.float64, torch.float64, torch.float64, torch.float64, torch.float64, torch.float64, torch.float64, torch.float64, torch.float64, torch.float64, torch.float64, torch.float64, torch.float64, torch.float64, torch.float64, torch.float64, torch.float64, torch.float64, torch.float64, torch.float64, torch.float64, torch.float64, torch.float64, torch.float64, torch.float64, torch.float64, torch.float64, torch.float64, torch.float64, torch.float64, torch.float64, torch.float64, torch.float64, torch.float64, torch.float64, torch.float64, torch.float64, torch.float64, torch.float64, torch.float64, torch.float64, torch.float64, torch.float64, torch.float64, torch.float64, torch.float64, torch.float64, torch.float64, torch.float64, torch.float64, torch.float64, torch.float64, torch.float64, torch.float64, torch.float64, torch.float64, torch.float64, torch.float64, torch.float64, torch.float64, torch.float64, torch.float64, torch.float64, torch.float64, torch.float64, torch.float64, torch.float64]
Start Training…
epoch: 00050 loss_train: 0.09554 loss_val: 0.11389 viol_train: 0.25993 viol_val: 0.35441
epoch: 00100 loss_train: 0.04851 loss_val: 0.05788 viol_train: 0.02699 viol_val: 0.03627
epoch: 00150 loss_train: 0.03720 loss_val: 0.04127 viol_train: 0.00165 viol_val: 0.00177
epoch: 00200 loss_train: 0.03252 loss_val: 0.03585 viol_train: 0.01253 viol_val: 0.01537
epoch: 00250 loss_train: 0.02915 loss_val: 0.03204 viol_train: 0.01730 viol_val: 0.02165
epoch: 00300 loss_train: 0.02604 loss_val: 0.02775 viol_train: 0.01641 viol_val: 0.02116
epoch: 00350 loss_train: 0.02211 loss_val: 0.02372 viol_train: 0.01369 viol_val: 0.01801
epoch: 00400 loss_train: 0.01890 loss_val: 0.02002 viol_train: 0.00907 viol_val: 0.01275
epoch: 00450 loss_train: 0.01553 loss_val: 0.01636 viol_train: 0.00664 viol_val: 0.00898
epoch: 00500 loss_train: 0.01290 loss_val: 0.01331 viol_train: 0.00338 viol_val: 0.00476
epoch: 00550 loss_train: 0.01047 loss_val: 0.01100 viol_train: 0.00137 viol_val: 0.00195
epoch: 00600 loss_train: 0.00883 loss_val: 0.00936 viol_train: 0.00056 viol_val: 0.00069
epoch: 00650 loss_train: 0.00759 loss_val: 0.00814 viol_train: 0.00028 viol_val: 0.00032
epoch: 00700 loss_train: 0.00673 loss_val: 0.00689 viol_train: 0.00021 viol_val: 0.00024
epoch: 00750 loss_train: 0.00594 loss_val: 0.00610 viol_train: 0.00030 viol_val: 0.00033
epoch: 00800 loss_train: 0.00513 loss_val: 0.00554 viol_train: 0.00067 viol_val: 0.00070
epoch: 00850 loss_train: 0.00475 loss_val: 0.00507 viol_train: 0.00107 viol_val: 0.00112
epoch: 00900 loss_train: 0.00457 loss_val: 0.00462 viol_train: 0.00148 viol_val: 0.00159
epoch: 00950 loss_train: 0.00409 loss_val: 0.00439 viol_train: 0.00224 viol_val: 0.00227
epoch: 01000 loss_train: 0.00387 loss_val: 0.00418 viol_train: 0.00232 viol_val: 0.00296
Training Finished!
