Scaler Factors: [800.           0.9936625    1.987325     1.81292375]
Scaler saved at /home/f25moham/CSTR/nonlinear/total/pieces/Reduced_T/segments/segments2/heaviside/heaviside2/scaler.pkl
Scaled dataset saved at /home/f25moham/CSTR/nonlinear/total/pieces/Reduced_T/segments/segments2/heaviside/heaviside2/scaled_data.csv
Scaler Factors outside function: [800.           0.9936625    1.987325     1.81292375]
Scaler loaded successfully.
Scaler Type: <class 'sklearn.preprocessing._data.MaxAbsScaler'>
Scaler Factors (scale_): [800.           0.9936625    1.987325     1.81292375]
Namespace(model='KKThPINN', model_id='uniform_S9_r4', input_dim=1, hidden_dim=32, hidden_num=2, z0_dim=3, optimizer='adam', epochs=1000, batch_size=16, lr=0.0001, mu=1, max_subiter=500, eta=0.8, sigma=2, mu_safe=1000000000.0, dtype=64, dataset_type='cstr', dataset_path='data.csv', val_ratio=0.2, job='train', runs=1, run=0)
Scaler Factors: [800.           0.9936625    1.987325     1.81292375]
Scaler saved at /home/f25moham/CSTR/nonlinear/total/pieces/Reduced_T/segments/segments2/heaviside/heaviside2/scaler.pkl
Scaled dataset saved at /home/f25moham/CSTR/nonlinear/total/pieces/Reduced_T/segments/segments2/heaviside/heaviside2/scaled_data.csv
train set size: 90, val set size: 30, test set size: 30
Dtypes after casting:
[torch.float64, torch.float64, torch.float64, torch.float64, torch.float64, torch.float64, torch.float64, torch.float64, torch.float64]
[torch.float64, torch.float64, torch.float64, torch.float64, torch.float64, torch.float64, torch.float64, torch.float64, torch.float64]
[torch.float64, torch.float64, torch.float64, torch.float64, torch.float64, torch.float64, torch.float64, torch.float64, torch.float64]
Start Training…
epoch: 00050 loss_train: 0.08832 loss_val: 0.10305 viol_train: 0.03137 viol_val: 0.03915
epoch: 00100 loss_train: 0.05595 loss_val: 0.06414 viol_train: 0.00656 viol_val: 0.00909
epoch: 00150 loss_train: 0.03773 loss_val: 0.04389 viol_train: 0.00128 viol_val: 0.00146
epoch: 00200 loss_train: 0.02798 loss_val: 0.03202 viol_train: 0.00397 viol_val: 0.00514
epoch: 00250 loss_train: 0.02199 loss_val: 0.02489 viol_train: 0.00810 viol_val: 0.00950
epoch: 00300 loss_train: 0.01907 loss_val: 0.02013 viol_train: 0.00696 viol_val: 0.00944
epoch: 00350 loss_train: 0.01467 loss_val: 0.01584 viol_train: 0.00552 viol_val: 0.00694
epoch: 00400 loss_train: 0.01214 loss_val: 0.01305 viol_train: 0.00325 viol_val: 0.00443
epoch: 00450 loss_train: 0.01021 loss_val: 0.01094 viol_train: 0.00196 viol_val: 0.00252
epoch: 00500 loss_train: 0.00915 loss_val: 0.00914 viol_train: 0.00141 viol_val: 0.00156
epoch: 00550 loss_train: 0.00795 loss_val: 0.00834 viol_train: 0.00134 viol_val: 0.00167
epoch: 00600 loss_train: 0.00688 loss_val: 0.00728 viol_train: 0.00177 viol_val: 0.00213
epoch: 00650 loss_train: 0.00603 loss_val: 0.00650 viol_train: 0.00159 viol_val: 0.00206
epoch: 00700 loss_train: 0.00543 loss_val: 0.00585 viol_train: 0.00131 viol_val: 0.00164
epoch: 00750 loss_train: 0.00492 loss_val: 0.00537 viol_train: 0.00113 viol_val: 0.00140
epoch: 00800 loss_train: 0.00479 loss_val: 0.00510 viol_train: 0.00104 viol_val: 0.00132
epoch: 00850 loss_train: 0.00452 loss_val: 0.00486 viol_train: 0.00125 viol_val: 0.00141
epoch: 00900 loss_train: 0.00423 loss_val: 0.00471 viol_train: 0.00147 viol_val: 0.00185
epoch: 00950 loss_train: 0.00419 loss_val: 0.00442 viol_train: 0.00181 viol_val: 0.00212
epoch: 01000 loss_train: 0.00400 loss_val: 0.00432 viol_train: 0.00209 viol_val: 0.00272
Training Finished!
