Scaler Factors: [800.           0.9936625    1.987325     1.81292375]
Scaler saved at /home/f25moham/CSTR/nonlinear/total/pieces/Reduced_T/segments/segments2/heaviside/heaviside2/scaler.pkl
Scaled dataset saved at /home/f25moham/CSTR/nonlinear/total/pieces/Reduced_T/segments/segments2/heaviside/heaviside2/scaled_data.csv
Scaler Factors outside function: [800.           0.9936625    1.987325     1.81292375]
Scaler loaded successfully.
Scaler Type: <class 'sklearn.preprocessing._data.MaxAbsScaler'>
Scaler Factors (scale_): [800.           0.9936625    1.987325     1.81292375]
Namespace(model='KKThPINN', model_id='uniform_S11', input_dim=1, hidden_dim=32, hidden_num=2, z0_dim=3, optimizer='adam', epochs=1000, batch_size=16, lr=0.0001, mu=1, max_subiter=500, eta=0.8, sigma=2, mu_safe=1000000000.0, dtype=64, dataset_type='cstr', dataset_path='data.csv', val_ratio=0.2, job='train', runs=1, run=0)
Scaler Factors: [800.           0.9936625    1.987325     1.81292375]
Scaler saved at /home/f25moham/CSTR/nonlinear/total/pieces/Reduced_T/segments/segments2/heaviside/heaviside2/scaler.pkl
Scaled dataset saved at /home/f25moham/CSTR/nonlinear/total/pieces/Reduced_T/segments/segments2/heaviside/heaviside2/scaled_data.csv
train set size: 90, val set size: 30, test set size: 30
Dtypes after casting:
[torch.float64, torch.float64, torch.float64, torch.float64, torch.float64, torch.float64, torch.float64, torch.float64, torch.float64, torch.float64, torch.float64]
[torch.float64, torch.float64, torch.float64, torch.float64, torch.float64, torch.float64, torch.float64, torch.float64, torch.float64, torch.float64, torch.float64]
[torch.float64, torch.float64, torch.float64, torch.float64, torch.float64, torch.float64, torch.float64, torch.float64, torch.float64, torch.float64, torch.float64]
Start Training…
epoch: 00050 loss_train: 0.05888 loss_val: 0.06741 viol_train: 0.07189 viol_val: 0.09504
epoch: 00100 loss_train: 0.03446 loss_val: 0.04048 viol_train: 0.00104 viol_val: 0.00141
epoch: 00150 loss_train: 0.02938 loss_val: 0.03315 viol_train: 0.00790 viol_val: 0.01068
epoch: 00200 loss_train: 0.02726 loss_val: 0.02960 viol_train: 0.01141 viol_val: 0.01566
epoch: 00250 loss_train: 0.02437 loss_val: 0.02678 viol_train: 0.01137 viol_val: 0.01600
epoch: 00300 loss_train: 0.02154 loss_val: 0.02353 viol_train: 0.01116 viol_val: 0.01437
epoch: 00350 loss_train: 0.01891 loss_val: 0.02019 viol_train: 0.00883 viol_val: 0.01249
epoch: 00400 loss_train: 0.01668 loss_val: 0.01715 viol_train: 0.00817 viol_val: 0.01161
epoch: 00450 loss_train: 0.01388 loss_val: 0.01491 viol_train: 0.00609 viol_val: 0.00851
epoch: 00500 loss_train: 0.01184 loss_val: 0.01246 viol_train: 0.00425 viol_val: 0.00615
epoch: 00550 loss_train: 0.01015 loss_val: 0.01057 viol_train: 0.00293 viol_val: 0.00394
epoch: 00600 loss_train: 0.00892 loss_val: 0.00932 viol_train: 0.00173 viol_val: 0.00254
epoch: 00650 loss_train: 0.00807 loss_val: 0.00847 viol_train: 0.00105 viol_val: 0.00161
epoch: 00700 loss_train: 0.00714 loss_val: 0.00767 viol_train: 0.00089 viol_val: 0.00125
epoch: 00750 loss_train: 0.00671 loss_val: 0.00700 viol_train: 0.00116 viol_val: 0.00151
epoch: 00800 loss_train: 0.00621 loss_val: 0.00682 viol_train: 0.00149 viol_val: 0.00190
epoch: 00850 loss_train: 0.00613 loss_val: 0.00669 viol_train: 0.00234 viol_val: 0.00286
epoch: 00900 loss_train: 0.00598 loss_val: 0.00639 viol_train: 0.00305 viol_val: 0.00339
epoch: 00950 loss_train: 0.00571 loss_val: 0.00631 viol_train: 0.00314 viol_val: 0.00417
epoch: 01000 loss_train: 0.00582 loss_val: 0.00632 viol_train: 0.00373 viol_val: 0.00451
Training Finished!
