Scaler Factors: [800.           0.9936625    1.987325     1.81292375]
Scaler saved at /home/f25moham/CSTR/nonlinear/total/pieces/Reduced_T/segments/segments2/heaviside/heaviside2/scaler.pkl
Scaled dataset saved at /home/f25moham/CSTR/nonlinear/total/pieces/Reduced_T/segments/segments2/heaviside/heaviside2/scaled_data.csv
Scaler Factors outside function: [800.           0.9936625    1.987325     1.81292375]
Scaler loaded successfully.
Scaler Type: <class 'sklearn.preprocessing._data.MaxAbsScaler'>
Scaler Factors (scale_): [800.           0.9936625    1.987325     1.81292375]
Namespace(model='KKThPINN', model_id='uniform_S90_r3', input_dim=1, hidden_dim=32, hidden_num=2, z0_dim=3, optimizer='adam', epochs=1000, batch_size=16, lr=0.0001, mu=1, max_subiter=500, eta=0.8, sigma=2, mu_safe=1000000000.0, dtype=64, dataset_type='cstr', dataset_path='data.csv', val_ratio=0.2, job='train', runs=1, run=0)
Scaler Factors: [800.           0.9936625    1.987325     1.81292375]
Scaler saved at /home/f25moham/CSTR/nonlinear/total/pieces/Reduced_T/segments/segments2/heaviside/heaviside2/scaler.pkl
Scaled dataset saved at /home/f25moham/CSTR/nonlinear/total/pieces/Reduced_T/segments/segments2/heaviside/heaviside2/scaled_data.csv
train set size: 90, val set size: 30, test set size: 30
Dtypes after casting:
[torch.float64, torch.float64, torch.float64, torch.float64, torch.float64, torch.float64, torch.float64, torch.float64, torch.float64, torch.float64, torch.float64, torch.float64, torch.float64, torch.float64, torch.float64, torch.float64, torch.float64, torch.float64, torch.float64, torch.float64, torch.float64, torch.float64, torch.float64, torch.float64, torch.float64, torch.float64, torch.float64, torch.float64, torch.float64, torch.float64, torch.float64, torch.float64, torch.float64, torch.float64, torch.float64, torch.float64, torch.float64, torch.float64, torch.float64, torch.float64, torch.float64, torch.float64, torch.float64, torch.float64, torch.float64, torch.float64, torch.float64, torch.float64, torch.float64, torch.float64, torch.float64, torch.float64, torch.float64, torch.float64, torch.float64, torch.float64, torch.float64, torch.float64, torch.float64, torch.float64, torch.float64, torch.float64, torch.float64, torch.float64, torch.float64, torch.float64, torch.float64, torch.float64, torch.float64, torch.float64, torch.float64, torch.float64, torch.float64, torch.float64, torch.float64, torch.float64, torch.float64, torch.float64, torch.float64, torch.float64, torch.float64, torch.float64, torch.float64, torch.float64, torch.float64, torch.float64, torch.float64, torch.float64, torch.float64, torch.float64]
[torch.float64, torch.float64, torch.float64, torch.float64, torch.float64, torch.float64, torch.float64, torch.float64, torch.float64, torch.float64, torch.float64, torch.float64, torch.float64, torch.float64, torch.float64, torch.float64, torch.float64, torch.float64, torch.float64, torch.float64, torch.float64, torch.float64, torch.float64, torch.float64, torch.float64, torch.float64, torch.float64, torch.float64, torch.float64, torch.float64, torch.float64, torch.float64, torch.float64, torch.float64, torch.float64, torch.float64, torch.float64, torch.float64, torch.float64, torch.float64, torch.float64, torch.float64, torch.float64, torch.float64, torch.float64, torch.float64, torch.float64, torch.float64, torch.float64, torch.float64, torch.float64, torch.float64, torch.float64, torch.float64, torch.float64, torch.float64, torch.float64, torch.float64, torch.float64, torch.float64, torch.float64, torch.float64, torch.float64, torch.float64, torch.float64, torch.float64, torch.float64, torch.float64, torch.float64, torch.float64, torch.float64, torch.float64, torch.float64, torch.float64, torch.float64, torch.float64, torch.float64, torch.float64, torch.float64, torch.float64, torch.float64, torch.float64, torch.float64, torch.float64, torch.float64, torch.float64, torch.float64, torch.float64, torch.float64, torch.float64]
[torch.float64, torch.float64, torch.float64, torch.float64, torch.float64, torch.float64, torch.float64, torch.float64, torch.float64, torch.float64, torch.float64, torch.float64, torch.float64, torch.float64, torch.float64, torch.float64, torch.float64, torch.float64, torch.float64, torch.float64, torch.float64, torch.float64, torch.float64, torch.float64, torch.float64, torch.float64, torch.float64, torch.float64, torch.float64, torch.float64, torch.float64, torch.float64, torch.float64, torch.float64, torch.float64, torch.float64, torch.float64, torch.float64, torch.float64, torch.float64, torch.float64, torch.float64, torch.float64, torch.float64, torch.float64, torch.float64, torch.float64, torch.float64, torch.float64, torch.float64, torch.float64, torch.float64, torch.float64, torch.float64, torch.float64, torch.float64, torch.float64, torch.float64, torch.float64, torch.float64, torch.float64, torch.float64, torch.float64, torch.float64, torch.float64, torch.float64, torch.float64, torch.float64, torch.float64, torch.float64, torch.float64, torch.float64, torch.float64, torch.float64, torch.float64, torch.float64, torch.float64, torch.float64, torch.float64, torch.float64, torch.float64, torch.float64, torch.float64, torch.float64, torch.float64, torch.float64, torch.float64, torch.float64, torch.float64, torch.float64]
Start Training…
epoch: 00050 loss_train: 0.14670 loss_val: 0.16872 viol_train: 0.01619 viol_val: 0.02220
epoch: 00100 loss_train: 0.07171 loss_val: 0.08101 viol_train: 0.00993 viol_val: 0.01262
epoch: 00150 loss_train: 0.04366 loss_val: 0.05012 viol_train: 0.00052 viol_val: 0.00052
epoch: 00200 loss_train: 0.03019 loss_val: 0.03479 viol_train: 0.00816 viol_val: 0.00948
epoch: 00250 loss_train: 0.02717 loss_val: 0.02944 viol_train: 0.01629 viol_val: 0.02145
epoch: 00300 loss_train: 0.02231 loss_val: 0.02581 viol_train: 0.02013 viol_val: 0.02464
epoch: 00350 loss_train: 0.01984 loss_val: 0.02164 viol_train: 0.01744 viol_val: 0.02557
epoch: 00400 loss_train: 0.01817 loss_val: 0.01809 viol_train: 0.01527 viol_val: 0.02083
epoch: 00450 loss_train: 0.01479 loss_val: 0.01537 viol_train: 0.01073 viol_val: 0.01526
epoch: 00500 loss_train: 0.01205 loss_val: 0.01309 viol_train: 0.00808 viol_val: 0.01023
epoch: 00550 loss_train: 0.01032 loss_val: 0.01084 viol_train: 0.00444 viol_val: 0.00574
epoch: 00600 loss_train: 0.00885 loss_val: 0.00900 viol_train: 0.00186 viol_val: 0.00260
epoch: 00650 loss_train: 0.00745 loss_val: 0.00791 viol_train: 0.00080 viol_val: 0.00107
epoch: 00700 loss_train: 0.00678 loss_val: 0.00699 viol_train: 0.00029 viol_val: 0.00039
epoch: 00750 loss_train: 0.00566 loss_val: 0.00609 viol_train: 0.00017 viol_val: 0.00020
epoch: 00800 loss_train: 0.00488 loss_val: 0.00526 viol_train: 0.00020 viol_val: 0.00020
epoch: 00850 loss_train: 0.00434 loss_val: 0.00466 viol_train: 0.00037 viol_val: 0.00040
epoch: 00900 loss_train: 0.00398 loss_val: 0.00410 viol_train: 0.00076 viol_val: 0.00090
epoch: 00950 loss_train: 0.00358 loss_val: 0.00379 viol_train: 0.00097 viol_val: 0.00127
epoch: 01000 loss_train: 0.00331 loss_val: 0.00351 viol_train: 0.00155 viol_val: 0.00180
Training Finished!
