Scaler Factors: [800.           0.9936625    1.987325     1.81292375]
Scaler saved at /home/f25moham/CSTR/nonlinear/total/pieces/Reduced_T/segments/segments2/heaviside/heaviside2/scaler.pkl
Scaled dataset saved at /home/f25moham/CSTR/nonlinear/total/pieces/Reduced_T/segments/segments2/heaviside/heaviside2/scaled_data.csv
Scaler Factors outside function: [800.           0.9936625    1.987325     1.81292375]
Scaler loaded successfully.
Scaler Type: <class 'sklearn.preprocessing._data.MaxAbsScaler'>
Scaler Factors (scale_): [800.           0.9936625    1.987325     1.81292375]
Namespace(model='KKThPINN', model_id='uniform_S9_r0', input_dim=1, hidden_dim=32, hidden_num=2, z0_dim=3, optimizer='adam', epochs=1000, batch_size=16, lr=0.0001, mu=1, max_subiter=500, eta=0.8, sigma=2, mu_safe=1000000000.0, dtype=64, dataset_type='cstr', dataset_path='data.csv', val_ratio=0.2, job='train', runs=1, run=0)
Scaler Factors: [800.           0.9936625    1.987325     1.81292375]
Scaler saved at /home/f25moham/CSTR/nonlinear/total/pieces/Reduced_T/segments/segments2/heaviside/heaviside2/scaler.pkl
Scaled dataset saved at /home/f25moham/CSTR/nonlinear/total/pieces/Reduced_T/segments/segments2/heaviside/heaviside2/scaled_data.csv
train set size: 90, val set size: 30, test set size: 30
Dtypes after casting:
[torch.float64, torch.float64, torch.float64, torch.float64, torch.float64, torch.float64, torch.float64, torch.float64, torch.float64]
[torch.float64, torch.float64, torch.float64, torch.float64, torch.float64, torch.float64, torch.float64, torch.float64, torch.float64]
[torch.float64, torch.float64, torch.float64, torch.float64, torch.float64, torch.float64, torch.float64, torch.float64, torch.float64]
Start Training…
epoch: 00050 loss_train: 0.12413 loss_val: 0.14690 viol_train: 0.63087 viol_val: 0.79928
epoch: 00100 loss_train: 0.07095 loss_val: 0.08229 viol_train: 0.19877 viol_val: 0.26734
epoch: 00150 loss_train: 0.04810 loss_val: 0.05348 viol_train: 0.04287 viol_val: 0.05606
epoch: 00200 loss_train: 0.03472 loss_val: 0.04045 viol_train: 0.00273 viol_val: 0.00336
epoch: 00250 loss_train: 0.02976 loss_val: 0.03326 viol_train: 0.00482 viol_val: 0.00582
epoch: 00300 loss_train: 0.02876 loss_val: 0.03136 viol_train: 0.01164 viol_val: 0.01573
epoch: 00350 loss_train: 0.02645 loss_val: 0.02771 viol_train: 0.01472 viol_val: 0.02145
epoch: 00400 loss_train: 0.02497 loss_val: 0.02623 viol_train: 0.01525 viol_val: 0.02105
epoch: 00450 loss_train: 0.02237 loss_val: 0.02430 viol_train: 0.01511 viol_val: 0.02029
epoch: 00500 loss_train: 0.02004 loss_val: 0.02157 viol_train: 0.01595 viol_val: 0.02015
epoch: 00550 loss_train: 0.01821 loss_val: 0.01928 viol_train: 0.01539 viol_val: 0.02010
epoch: 00600 loss_train: 0.01572 loss_val: 0.01695 viol_train: 0.01460 viol_val: 0.01794
epoch: 00650 loss_train: 0.01366 loss_val: 0.01446 viol_train: 0.01191 viol_val: 0.01464
epoch: 00700 loss_train: 0.01209 loss_val: 0.01267 viol_train: 0.00882 viol_val: 0.01179
epoch: 00750 loss_train: 0.01023 loss_val: 0.01086 viol_train: 0.00684 viol_val: 0.00900
epoch: 00800 loss_train: 0.00940 loss_val: 0.00971 viol_train: 0.00482 viol_val: 0.00678
epoch: 00850 loss_train: 0.00823 loss_val: 0.00854 viol_train: 0.00379 viol_val: 0.00526
epoch: 00900 loss_train: 0.00767 loss_val: 0.00795 viol_train: 0.00260 viol_val: 0.00359
epoch: 00950 loss_train: 0.00710 loss_val: 0.00752 viol_train: 0.00159 viol_val: 0.00216
epoch: 01000 loss_train: 0.00670 loss_val: 0.00716 viol_train: 0.00128 viol_val: 0.00161
Training Finished!
