Scaler Factors: [800.           0.9936625    1.987325     1.81292375]
Scaler saved at /home/f25moham/CSTR/nonlinear/total/pieces/Reduced_T/segments/segments2/heaviside/heaviside2/scaler.pkl
Scaled dataset saved at /home/f25moham/CSTR/nonlinear/total/pieces/Reduced_T/segments/segments2/heaviside/heaviside2/scaled_data.csv
Scaler Factors outside function: [800.           0.9936625    1.987325     1.81292375]
Scaler loaded successfully.
Scaler Type: <class 'sklearn.preprocessing._data.MaxAbsScaler'>
Scaler Factors (scale_): [800.           0.9936625    1.987325     1.81292375]
Namespace(model='KKThPINN', model_id='uniform_S1_r8', input_dim=1, hidden_dim=32, hidden_num=2, z0_dim=3, optimizer='adam', epochs=1000, batch_size=16, lr=0.0001, mu=1, max_subiter=500, eta=0.8, sigma=2, mu_safe=1000000000.0, dtype=64, dataset_type='cstr', dataset_path='data.csv', val_ratio=0.2, job='train', runs=1, run=0)
Scaler Factors: [800.           0.9936625    1.987325     1.81292375]
Scaler saved at /home/f25moham/CSTR/nonlinear/total/pieces/Reduced_T/segments/segments2/heaviside/heaviside2/scaler.pkl
Scaled dataset saved at /home/f25moham/CSTR/nonlinear/total/pieces/Reduced_T/segments/segments2/heaviside/heaviside2/scaled_data.csv
train set size: 90, val set size: 30, test set size: 30
Dtypes after casting:
[torch.float64]
[torch.float64]
[torch.float64]
Start Training…
epoch: 00050 loss_train: 0.11175 loss_val: 0.12282 viol_train: 0.50758 viol_val: 0.60550
epoch: 00100 loss_train: 0.05629 loss_val: 0.05942 viol_train: 0.53033 viol_val: 0.71584
epoch: 00150 loss_train: 0.05151 loss_val: 0.05118 viol_train: 0.51517 viol_val: 0.69312
epoch: 00200 loss_train: 0.05016 loss_val: 0.04958 viol_train: 0.48970 viol_val: 0.65300
epoch: 00250 loss_train: 0.04487 loss_val: 0.04748 viol_train: 0.49920 viol_val: 0.68153
epoch: 00300 loss_train: 0.04357 loss_val: 0.04479 viol_train: 0.47013 viol_val: 0.66105
epoch: 00350 loss_train: 0.04126 loss_val: 0.04321 viol_train: 0.52210 viol_val: 0.67281
epoch: 00400 loss_train: 0.03900 loss_val: 0.04055 viol_train: 0.51567 viol_val: 0.64481
epoch: 00450 loss_train: 0.03864 loss_val: 0.03782 viol_train: 0.45382 viol_val: 0.66526
epoch: 00500 loss_train: 0.03511 loss_val: 0.03494 viol_train: 0.46000 viol_val: 0.64134
epoch: 00550 loss_train: 0.03147 loss_val: 0.03164 viol_train: 0.43398 viol_val: 0.64045
epoch: 00600 loss_train: 0.03109 loss_val: 0.03060 viol_train: 0.46310 viol_val: 0.62340
epoch: 00650 loss_train: 0.02865 loss_val: 0.02777 viol_train: 0.45532 viol_val: 0.61347
epoch: 00700 loss_train: 0.02559 loss_val: 0.02635 viol_train: 0.46249 viol_val: 0.60495
epoch: 00750 loss_train: 0.02591 loss_val: 0.02523 viol_train: 0.45735 viol_val: 0.61265
epoch: 00800 loss_train: 0.02488 loss_val: 0.02506 viol_train: 0.46361 viol_val: 0.59162
epoch: 00850 loss_train: 0.02381 loss_val: 0.02393 viol_train: 0.44720 viol_val: 0.58762
epoch: 00900 loss_train: 0.02304 loss_val: 0.02313 viol_train: 0.42848 viol_val: 0.59647
epoch: 00950 loss_train: 0.02223 loss_val: 0.02353 viol_train: 0.46057 viol_val: 0.58247
epoch: 01000 loss_train: 0.02283 loss_val: 0.02278 viol_train: 0.45861 viol_val: 0.59585
Training Finished!
