Scaler Factors: [800.           0.9936625    1.987325     1.81292375]
Scaler saved at /home/f25moham/CSTR/nonlinear/total/pieces/Reduced_T/segments/segments2/heaviside/heaviside2/scaler.pkl
Scaled dataset saved at /home/f25moham/CSTR/nonlinear/total/pieces/Reduced_T/segments/segments2/heaviside/heaviside2/scaled_data.csv
Scaler Factors outside function: [800.           0.9936625    1.987325     1.81292375]
Scaler loaded successfully.
Scaler Type: <class 'sklearn.preprocessing._data.MaxAbsScaler'>
Scaler Factors (scale_): [800.           0.9936625    1.987325     1.81292375]
Namespace(model='KKThPINN', model_id='uniform_S7_r0', input_dim=1, hidden_dim=32, hidden_num=2, z0_dim=3, optimizer='adam', epochs=1000, batch_size=16, lr=0.0001, mu=1, max_subiter=500, eta=0.8, sigma=2, mu_safe=1000000000.0, dtype=64, dataset_type='cstr', dataset_path='data.csv', val_ratio=0.2, job='train', runs=1, run=0)
Scaler Factors: [800.           0.9936625    1.987325     1.81292375]
Scaler saved at /home/f25moham/CSTR/nonlinear/total/pieces/Reduced_T/segments/segments2/heaviside/heaviside2/scaler.pkl
Scaled dataset saved at /home/f25moham/CSTR/nonlinear/total/pieces/Reduced_T/segments/segments2/heaviside/heaviside2/scaled_data.csv
train set size: 90, val set size: 30, test set size: 30
Dtypes after casting:
[torch.float64, torch.float64, torch.float64, torch.float64, torch.float64, torch.float64, torch.float64]
[torch.float64, torch.float64, torch.float64, torch.float64, torch.float64, torch.float64, torch.float64]
[torch.float64, torch.float64, torch.float64, torch.float64, torch.float64, torch.float64, torch.float64]
Start Training…
epoch: 00050 loss_train: 0.05906 loss_val: 0.06850 viol_train: 0.01808 viol_val: 0.02590
epoch: 00100 loss_train: 0.04331 loss_val: 0.04877 viol_train: 0.00202 viol_val: 0.00240
epoch: 00150 loss_train: 0.03635 loss_val: 0.04107 viol_train: 0.00688 viol_val: 0.00901
epoch: 00200 loss_train: 0.03456 loss_val: 0.03755 viol_train: 0.01506 viol_val: 0.01788
epoch: 00250 loss_train: 0.03359 loss_val: 0.03643 viol_train: 0.01390 viol_val: 0.01946
epoch: 00300 loss_train: 0.03261 loss_val: 0.03543 viol_train: 0.01364 viol_val: 0.01862
epoch: 00350 loss_train: 0.03081 loss_val: 0.03389 viol_train: 0.01422 viol_val: 0.01745
epoch: 00400 loss_train: 0.02818 loss_val: 0.03045 viol_train: 0.01191 viol_val: 0.01653
epoch: 00450 loss_train: 0.02775 loss_val: 0.02873 viol_train: 0.01105 viol_val: 0.01525
epoch: 00500 loss_train: 0.02478 loss_val: 0.02621 viol_train: 0.00995 viol_val: 0.01244
epoch: 00550 loss_train: 0.02242 loss_val: 0.02295 viol_train: 0.00741 viol_val: 0.01038
epoch: 00600 loss_train: 0.02012 loss_val: 0.01993 viol_train: 0.00581 viol_val: 0.00830
epoch: 00650 loss_train: 0.01728 loss_val: 0.01807 viol_train: 0.00458 viol_val: 0.00621
epoch: 00700 loss_train: 0.01546 loss_val: 0.01571 viol_train: 0.00326 viol_val: 0.00456
epoch: 00750 loss_train: 0.01347 loss_val: 0.01380 viol_train: 0.00238 viol_val: 0.00327
epoch: 00800 loss_train: 0.01186 loss_val: 0.01168 viol_train: 0.00198 viol_val: 0.00249
epoch: 00850 loss_train: 0.01025 loss_val: 0.01046 viol_train: 0.00193 viol_val: 0.00237
epoch: 00900 loss_train: 0.00914 loss_val: 0.00952 viol_train: 0.00242 viol_val: 0.00286
epoch: 00950 loss_train: 0.00858 loss_val: 0.00907 viol_train: 0.00293 viol_val: 0.00371
epoch: 01000 loss_train: 0.00807 loss_val: 0.00836 viol_train: 0.00373 viol_val: 0.00485
Training Finished!
