Scaler Factors: [800.           0.9936625    1.987325     1.81292375]
Scaler saved at /home/f25moham/CSTR/nonlinear/total/pieces/Reduced_T/segments/segments2/heaviside/heaviside2/scaler.pkl
Scaled dataset saved at /home/f25moham/CSTR/nonlinear/total/pieces/Reduced_T/segments/segments2/heaviside/heaviside2/scaled_data.csv
Scaler Factors outside function: [800.           0.9936625    1.987325     1.81292375]
Scaler loaded successfully.
Scaler Type: <class 'sklearn.preprocessing._data.MaxAbsScaler'>
Scaler Factors (scale_): [800.           0.9936625    1.987325     1.81292375]
Namespace(model='KKThPINN', model_id='adaptive_S90_r8', input_dim=1, hidden_dim=32, hidden_num=2, z0_dim=3, optimizer='adam', epochs=1000, batch_size=16, lr=0.0001, mu=1, max_subiter=500, eta=0.8, sigma=2, mu_safe=1000000000.0, dtype=64, dataset_type='cstr', dataset_path='data.csv', val_ratio=0.2, job='train', runs=1, run=0)
Scaler Factors: [800.           0.9936625    1.987325     1.81292375]
Scaler saved at /home/f25moham/CSTR/nonlinear/total/pieces/Reduced_T/segments/segments2/heaviside/heaviside2/scaler.pkl
Scaled dataset saved at /home/f25moham/CSTR/nonlinear/total/pieces/Reduced_T/segments/segments2/heaviside/heaviside2/scaled_data.csv
train set size: 90, val set size: 30, test set size: 30
Dtypes after casting:
[torch.float64, torch.float64, torch.float64, torch.float64, torch.float64, torch.float64, torch.float64, torch.float64, torch.float64, torch.float64, torch.float64, torch.float64, torch.float64, torch.float64, torch.float64, torch.float64, torch.float64, torch.float64, torch.float64, torch.float64, torch.float64, torch.float64, torch.float64, torch.float64, torch.float64, torch.float64, torch.float64, torch.float64, torch.float64, torch.float64, torch.float64, torch.float64, torch.float64, torch.float64, torch.float64, torch.float64, torch.float64, torch.float64, torch.float64, torch.float64, torch.float64, torch.float64, torch.float64, torch.float64, torch.float64, torch.float64, torch.float64, torch.float64, torch.float64, torch.float64, torch.float64, torch.float64, torch.float64, torch.float64, torch.float64, torch.float64, torch.float64, torch.float64, torch.float64, torch.float64, torch.float64, torch.float64, torch.float64, torch.float64, torch.float64, torch.float64, torch.float64, torch.float64, torch.float64, torch.float64, torch.float64, torch.float64, torch.float64, torch.float64, torch.float64, torch.float64, torch.float64, torch.float64, torch.float64, torch.float64, torch.float64, torch.float64, torch.float64, torch.float64, torch.float64, torch.float64, torch.float64, torch.float64, torch.float64, torch.float64]
[torch.float64, torch.float64, torch.float64, torch.float64, torch.float64, torch.float64, torch.float64, torch.float64, torch.float64, torch.float64, torch.float64, torch.float64, torch.float64, torch.float64, torch.float64, torch.float64, torch.float64, torch.float64, torch.float64, torch.float64, torch.float64, torch.float64, torch.float64, torch.float64, torch.float64, torch.float64, torch.float64, torch.float64, torch.float64, torch.float64, torch.float64, torch.float64, torch.float64, torch.float64, torch.float64, torch.float64, torch.float64, torch.float64, torch.float64, torch.float64, torch.float64, torch.float64, torch.float64, torch.float64, torch.float64, torch.float64, torch.float64, torch.float64, torch.float64, torch.float64, torch.float64, torch.float64, torch.float64, torch.float64, torch.float64, torch.float64, torch.float64, torch.float64, torch.float64, torch.float64, torch.float64, torch.float64, torch.float64, torch.float64, torch.float64, torch.float64, torch.float64, torch.float64, torch.float64, torch.float64, torch.float64, torch.float64, torch.float64, torch.float64, torch.float64, torch.float64, torch.float64, torch.float64, torch.float64, torch.float64, torch.float64, torch.float64, torch.float64, torch.float64, torch.float64, torch.float64, torch.float64, torch.float64, torch.float64, torch.float64]
[torch.float64, torch.float64, torch.float64, torch.float64, torch.float64, torch.float64, torch.float64, torch.float64, torch.float64, torch.float64, torch.float64, torch.float64, torch.float64, torch.float64, torch.float64, torch.float64, torch.float64, torch.float64, torch.float64, torch.float64, torch.float64, torch.float64, torch.float64, torch.float64, torch.float64, torch.float64, torch.float64, torch.float64, torch.float64, torch.float64, torch.float64, torch.float64, torch.float64, torch.float64, torch.float64, torch.float64, torch.float64, torch.float64, torch.float64, torch.float64, torch.float64, torch.float64, torch.float64, torch.float64, torch.float64, torch.float64, torch.float64, torch.float64, torch.float64, torch.float64, torch.float64, torch.float64, torch.float64, torch.float64, torch.float64, torch.float64, torch.float64, torch.float64, torch.float64, torch.float64, torch.float64, torch.float64, torch.float64, torch.float64, torch.float64, torch.float64, torch.float64, torch.float64, torch.float64, torch.float64, torch.float64, torch.float64, torch.float64, torch.float64, torch.float64, torch.float64, torch.float64, torch.float64, torch.float64, torch.float64, torch.float64, torch.float64, torch.float64, torch.float64, torch.float64, torch.float64, torch.float64, torch.float64, torch.float64, torch.float64]
Start Training…
epoch: 00050 loss_train: 0.05726 loss_val: 0.06838 viol_train: 0.00037 viol_val: 0.00039
epoch: 00100 loss_train: 0.03402 loss_val: 0.03657 viol_train: 0.01502 viol_val: 0.01924
epoch: 00150 loss_train: 0.03079 loss_val: 0.03318 viol_train: 0.01514 viol_val: 0.01894
epoch: 00200 loss_train: 0.02844 loss_val: 0.03067 viol_train: 0.01439 viol_val: 0.01826
epoch: 00250 loss_train: 0.02544 loss_val: 0.02709 viol_train: 0.01022 viol_val: 0.01447
epoch: 00300 loss_train: 0.02189 loss_val: 0.02373 viol_train: 0.00805 viol_val: 0.01112
epoch: 00350 loss_train: 0.01962 loss_val: 0.02031 viol_train: 0.00561 viol_val: 0.00767
epoch: 00400 loss_train: 0.01635 loss_val: 0.01754 viol_train: 0.00317 viol_val: 0.00455
epoch: 00450 loss_train: 0.01362 loss_val: 0.01469 viol_train: 0.00133 viol_val: 0.00180
epoch: 00500 loss_train: 0.01171 loss_val: 0.01207 viol_train: 0.00050 viol_val: 0.00064
epoch: 00550 loss_train: 0.00998 loss_val: 0.01006 viol_train: 0.00027 viol_val: 0.00029
epoch: 00600 loss_train: 0.00848 loss_val: 0.00866 viol_train: 0.00018 viol_val: 0.00018
epoch: 00650 loss_train: 0.00749 loss_val: 0.00749 viol_train: 0.00020 viol_val: 0.00021
epoch: 00700 loss_train: 0.00598 loss_val: 0.00633 viol_train: 0.00036 viol_val: 0.00044
epoch: 00750 loss_train: 0.00538 loss_val: 0.00549 viol_train: 0.00050 viol_val: 0.00063
epoch: 00800 loss_train: 0.00454 loss_val: 0.00475 viol_train: 0.00054 viol_val: 0.00066
epoch: 00850 loss_train: 0.00380 loss_val: 0.00387 viol_train: 0.00040 viol_val: 0.00047
epoch: 00900 loss_train: 0.00319 loss_val: 0.00336 viol_train: 0.00041 viol_val: 0.00060
epoch: 00950 loss_train: 0.00272 loss_val: 0.00280 viol_train: 0.00019 viol_val: 0.00026
epoch: 01000 loss_train: 0.00228 loss_val: 0.00237 viol_train: 0.00009 viol_val: 0.00009
Training Finished!
