Scaler Factors: [800.           0.9936625    1.987325     1.81292375]
Scaler saved at /home/f25moham/CSTR/nonlinear/total/pieces/Reduced_T/segments/segments2/heaviside/heaviside2/scaler.pkl
Scaled dataset saved at /home/f25moham/CSTR/nonlinear/total/pieces/Reduced_T/segments/segments2/heaviside/heaviside2/scaled_data.csv
Scaler Factors outside function: [800.           0.9936625    1.987325     1.81292375]
Scaler loaded successfully.
Scaler Type: <class 'sklearn.preprocessing._data.MaxAbsScaler'>
Scaler Factors (scale_): [800.           0.9936625    1.987325     1.81292375]
Namespace(model='KKThPINN', model_id='adaptive_S90_r4', input_dim=1, hidden_dim=32, hidden_num=2, z0_dim=3, optimizer='adam', epochs=1000, batch_size=16, lr=0.0001, mu=1, max_subiter=500, eta=0.8, sigma=2, mu_safe=1000000000.0, dtype=64, dataset_type='cstr', dataset_path='data.csv', val_ratio=0.2, job='train', runs=1, run=0)
Scaler Factors: [800.           0.9936625    1.987325     1.81292375]
Scaler saved at /home/f25moham/CSTR/nonlinear/total/pieces/Reduced_T/segments/segments2/heaviside/heaviside2/scaler.pkl
Scaled dataset saved at /home/f25moham/CSTR/nonlinear/total/pieces/Reduced_T/segments/segments2/heaviside/heaviside2/scaled_data.csv
train set size: 90, val set size: 30, test set size: 30
Dtypes after casting:
[torch.float64, torch.float64, torch.float64, torch.float64, torch.float64, torch.float64, torch.float64, torch.float64, torch.float64, torch.float64, torch.float64, torch.float64, torch.float64, torch.float64, torch.float64, torch.float64, torch.float64, torch.float64, torch.float64, torch.float64, torch.float64, torch.float64, torch.float64, torch.float64, torch.float64, torch.float64, torch.float64, torch.float64, torch.float64, torch.float64, torch.float64, torch.float64, torch.float64, torch.float64, torch.float64, torch.float64, torch.float64, torch.float64, torch.float64, torch.float64, torch.float64, torch.float64, torch.float64, torch.float64, torch.float64, torch.float64, torch.float64, torch.float64, torch.float64, torch.float64, torch.float64, torch.float64, torch.float64, torch.float64, torch.float64, torch.float64, torch.float64, torch.float64, torch.float64, torch.float64, torch.float64, torch.float64, torch.float64, torch.float64, torch.float64, torch.float64, torch.float64, torch.float64, torch.float64, torch.float64, torch.float64, torch.float64, torch.float64, torch.float64, torch.float64, torch.float64, torch.float64, torch.float64, torch.float64, torch.float64, torch.float64, torch.float64, torch.float64, torch.float64, torch.float64, torch.float64, torch.float64, torch.float64, torch.float64, torch.float64]
[torch.float64, torch.float64, torch.float64, torch.float64, torch.float64, torch.float64, torch.float64, torch.float64, torch.float64, torch.float64, torch.float64, torch.float64, torch.float64, torch.float64, torch.float64, torch.float64, torch.float64, torch.float64, torch.float64, torch.float64, torch.float64, torch.float64, torch.float64, torch.float64, torch.float64, torch.float64, torch.float64, torch.float64, torch.float64, torch.float64, torch.float64, torch.float64, torch.float64, torch.float64, torch.float64, torch.float64, torch.float64, torch.float64, torch.float64, torch.float64, torch.float64, torch.float64, torch.float64, torch.float64, torch.float64, torch.float64, torch.float64, torch.float64, torch.float64, torch.float64, torch.float64, torch.float64, torch.float64, torch.float64, torch.float64, torch.float64, torch.float64, torch.float64, torch.float64, torch.float64, torch.float64, torch.float64, torch.float64, torch.float64, torch.float64, torch.float64, torch.float64, torch.float64, torch.float64, torch.float64, torch.float64, torch.float64, torch.float64, torch.float64, torch.float64, torch.float64, torch.float64, torch.float64, torch.float64, torch.float64, torch.float64, torch.float64, torch.float64, torch.float64, torch.float64, torch.float64, torch.float64, torch.float64, torch.float64, torch.float64]
[torch.float64, torch.float64, torch.float64, torch.float64, torch.float64, torch.float64, torch.float64, torch.float64, torch.float64, torch.float64, torch.float64, torch.float64, torch.float64, torch.float64, torch.float64, torch.float64, torch.float64, torch.float64, torch.float64, torch.float64, torch.float64, torch.float64, torch.float64, torch.float64, torch.float64, torch.float64, torch.float64, torch.float64, torch.float64, torch.float64, torch.float64, torch.float64, torch.float64, torch.float64, torch.float64, torch.float64, torch.float64, torch.float64, torch.float64, torch.float64, torch.float64, torch.float64, torch.float64, torch.float64, torch.float64, torch.float64, torch.float64, torch.float64, torch.float64, torch.float64, torch.float64, torch.float64, torch.float64, torch.float64, torch.float64, torch.float64, torch.float64, torch.float64, torch.float64, torch.float64, torch.float64, torch.float64, torch.float64, torch.float64, torch.float64, torch.float64, torch.float64, torch.float64, torch.float64, torch.float64, torch.float64, torch.float64, torch.float64, torch.float64, torch.float64, torch.float64, torch.float64, torch.float64, torch.float64, torch.float64, torch.float64, torch.float64, torch.float64, torch.float64, torch.float64, torch.float64, torch.float64, torch.float64, torch.float64, torch.float64]
Start Training…
epoch: 00050 loss_train: 0.05852 loss_val: 0.06920 viol_train: 0.00430 viol_val: 0.00598
epoch: 00100 loss_train: 0.04148 loss_val: 0.04547 viol_train: 0.00158 viol_val: 0.00201
epoch: 00150 loss_train: 0.03816 loss_val: 0.04206 viol_train: 0.00899 viol_val: 0.01192
epoch: 00200 loss_train: 0.03799 loss_val: 0.04057 viol_train: 0.01096 viol_val: 0.01473
epoch: 00250 loss_train: 0.03434 loss_val: 0.04002 viol_train: 0.01188 viol_val: 0.01470
epoch: 00300 loss_train: 0.03413 loss_val: 0.03864 viol_train: 0.01073 viol_val: 0.01511
epoch: 00350 loss_train: 0.03286 loss_val: 0.03520 viol_train: 0.01128 viol_val: 0.01439
epoch: 00400 loss_train: 0.03163 loss_val: 0.03370 viol_train: 0.00997 viol_val: 0.01388
epoch: 00450 loss_train: 0.02876 loss_val: 0.03155 viol_train: 0.01022 viol_val: 0.01341
epoch: 00500 loss_train: 0.02719 loss_val: 0.02943 viol_train: 0.00914 viol_val: 0.01101
epoch: 00550 loss_train: 0.02394 loss_val: 0.02603 viol_train: 0.00718 viol_val: 0.00973
epoch: 00600 loss_train: 0.02166 loss_val: 0.02290 viol_train: 0.00594 viol_val: 0.00810
epoch: 00650 loss_train: 0.01921 loss_val: 0.02087 viol_train: 0.00369 viol_val: 0.00513
epoch: 00700 loss_train: 0.01742 loss_val: 0.01810 viol_train: 0.00202 viol_val: 0.00287
epoch: 00750 loss_train: 0.01483 loss_val: 0.01554 viol_train: 0.00092 viol_val: 0.00127
epoch: 00800 loss_train: 0.01288 loss_val: 0.01287 viol_train: 0.00039 viol_val: 0.00050
epoch: 00850 loss_train: 0.01076 loss_val: 0.01149 viol_train: 0.00048 viol_val: 0.00050
epoch: 00900 loss_train: 0.00994 loss_val: 0.01005 viol_train: 0.00104 viol_val: 0.00102
epoch: 00950 loss_train: 0.00853 loss_val: 0.00897 viol_train: 0.00190 viol_val: 0.00208
epoch: 01000 loss_train: 0.00827 loss_val: 0.00830 viol_train: 0.00271 viol_val: 0.00327
Training Finished!
