Scaler Factors: [800.           0.9936625    1.987325     1.81292375]
Scaler saved at /home/f25moham/CSTR/nonlinear/total/pieces/Reduced_T/segments/segments2/heaviside/heaviside2/scaler.pkl
Scaled dataset saved at /home/f25moham/CSTR/nonlinear/total/pieces/Reduced_T/segments/segments2/heaviside/heaviside2/scaled_data.csv
Scaler Factors outside function: [800.           0.9936625    1.987325     1.81292375]
Scaler loaded successfully.
Scaler Type: <class 'sklearn.preprocessing._data.MaxAbsScaler'>
Scaler Factors (scale_): [800.           0.9936625    1.987325     1.81292375]
Namespace(model='KKThPINN', model_id='adaptive_S2_r2', input_dim=1, hidden_dim=32, hidden_num=2, z0_dim=3, optimizer='adam', epochs=1000, batch_size=16, lr=0.0001, mu=1, max_subiter=500, eta=0.8, sigma=2, mu_safe=1000000000.0, dtype=64, dataset_type='cstr', dataset_path='data.csv', val_ratio=0.2, job='train', runs=1, run=0)
Scaler Factors: [800.           0.9936625    1.987325     1.81292375]
Scaler saved at /home/f25moham/CSTR/nonlinear/total/pieces/Reduced_T/segments/segments2/heaviside/heaviside2/scaler.pkl
Scaled dataset saved at /home/f25moham/CSTR/nonlinear/total/pieces/Reduced_T/segments/segments2/heaviside/heaviside2/scaled_data.csv
train set size: 90, val set size: 30, test set size: 30
Dtypes after casting:
[torch.float64, torch.float64]
[torch.float64, torch.float64]
[torch.float64, torch.float64]
Start Training…
epoch: 00050 loss_train: 0.12492 loss_val: 0.13631 viol_train: 0.05421 viol_val: 0.05805
epoch: 00100 loss_train: 0.04088 loss_val: 0.04790 viol_train: 0.03428 viol_val: 0.04299
epoch: 00150 loss_train: 0.03520 loss_val: 0.03873 viol_train: 0.03550 viol_val: 0.03920
epoch: 00200 loss_train: 0.03385 loss_val: 0.03647 viol_train: 0.03342 viol_val: 0.03781
epoch: 00250 loss_train: 0.03237 loss_val: 0.03410 viol_train: 0.03560 viol_val: 0.04155
epoch: 00300 loss_train: 0.03070 loss_val: 0.03186 viol_train: 0.03608 viol_val: 0.04131
epoch: 00350 loss_train: 0.02766 loss_val: 0.02877 viol_train: 0.03972 viol_val: 0.04297
epoch: 00400 loss_train: 0.02447 loss_val: 0.02624 viol_train: 0.03750 viol_val: 0.04139
epoch: 00450 loss_train: 0.02216 loss_val: 0.02300 viol_train: 0.03481 viol_val: 0.04347
epoch: 00500 loss_train: 0.01959 loss_val: 0.02011 viol_train: 0.03519 viol_val: 0.04062
epoch: 00550 loss_train: 0.01665 loss_val: 0.01714 viol_train: 0.03459 viol_val: 0.04262
epoch: 00600 loss_train: 0.01485 loss_val: 0.01426 viol_train: 0.03634 viol_val: 0.04277
epoch: 00650 loss_train: 0.01260 loss_val: 0.01231 viol_train: 0.03440 viol_val: 0.04067
epoch: 00700 loss_train: 0.01099 loss_val: 0.01110 viol_train: 0.03416 viol_val: 0.04085
epoch: 00750 loss_train: 0.00961 loss_val: 0.00941 viol_train: 0.03684 viol_val: 0.04149
epoch: 00800 loss_train: 0.00849 loss_val: 0.00845 viol_train: 0.03628 viol_val: 0.04203
epoch: 00850 loss_train: 0.00770 loss_val: 0.00758 viol_train: 0.03496 viol_val: 0.03947
epoch: 00900 loss_train: 0.00691 loss_val: 0.00634 viol_train: 0.03420 viol_val: 0.04127
epoch: 00950 loss_train: 0.00588 loss_val: 0.00578 viol_train: 0.03584 viol_val: 0.04053
epoch: 01000 loss_train: 0.00534 loss_val: 0.00496 viol_train: 0.03892 viol_val: 0.04152
Training Finished!
