Scaler Factors: [800.           0.9936625    1.987325     1.81292375]
Scaler saved at /home/f25moham/CSTR/nonlinear/total/pieces/Reduced_T/segments/segments2/heaviside/heaviside2/scaler.pkl
Scaled dataset saved at /home/f25moham/CSTR/nonlinear/total/pieces/Reduced_T/segments/segments2/heaviside/heaviside2/scaled_data.csv
Scaler Factors outside function: [800.           0.9936625    1.987325     1.81292375]
Scaler loaded successfully.
Scaler Type: <class 'sklearn.preprocessing._data.MaxAbsScaler'>
Scaler Factors (scale_): [800.           0.9936625    1.987325     1.81292375]
Namespace(model='KKThPINN', model_id='adaptive_S9_r8', input_dim=1, hidden_dim=32, hidden_num=2, z0_dim=3, optimizer='adam', epochs=1000, batch_size=16, lr=0.0001, mu=1, max_subiter=500, eta=0.8, sigma=2, mu_safe=1000000000.0, dtype=64, dataset_type='cstr', dataset_path='data.csv', val_ratio=0.2, job='train', runs=1, run=0)
Scaler Factors: [800.           0.9936625    1.987325     1.81292375]
Scaler saved at /home/f25moham/CSTR/nonlinear/total/pieces/Reduced_T/segments/segments2/heaviside/heaviside2/scaler.pkl
Scaled dataset saved at /home/f25moham/CSTR/nonlinear/total/pieces/Reduced_T/segments/segments2/heaviside/heaviside2/scaled_data.csv
train set size: 90, val set size: 30, test set size: 30
Dtypes after casting:
[torch.float64, torch.float64, torch.float64, torch.float64, torch.float64, torch.float64, torch.float64, torch.float64, torch.float64]
[torch.float64, torch.float64, torch.float64, torch.float64, torch.float64, torch.float64, torch.float64, torch.float64, torch.float64]
[torch.float64, torch.float64, torch.float64, torch.float64, torch.float64, torch.float64, torch.float64, torch.float64, torch.float64]
Start Training…
epoch: 00050 loss_train: 0.10899 loss_val: 0.10795 viol_train: 0.03319 viol_val: 0.04364
epoch: 00100 loss_train: 0.05546 loss_val: 0.05729 viol_train: 0.00407 viol_val: 0.00469
epoch: 00150 loss_train: 0.03723 loss_val: 0.04022 viol_train: 0.00201 viol_val: 0.00188
epoch: 00200 loss_train: 0.03146 loss_val: 0.03443 viol_train: 0.00670 viol_val: 0.00850
epoch: 00250 loss_train: 0.02810 loss_val: 0.03057 viol_train: 0.00975 viol_val: 0.01204
epoch: 00300 loss_train: 0.02462 loss_val: 0.02660 viol_train: 0.00990 viol_val: 0.01191
epoch: 00350 loss_train: 0.02199 loss_val: 0.02291 viol_train: 0.00802 viol_val: 0.01015
epoch: 00400 loss_train: 0.01781 loss_val: 0.01928 viol_train: 0.00631 viol_val: 0.00818
epoch: 00450 loss_train: 0.01422 loss_val: 0.01596 viol_train: 0.00464 viol_val: 0.00486
epoch: 00500 loss_train: 0.01190 loss_val: 0.01235 viol_train: 0.00272 viol_val: 0.00291
epoch: 00550 loss_train: 0.01044 loss_val: 0.01053 viol_train: 0.00169 viol_val: 0.00129
epoch: 00600 loss_train: 0.00838 loss_val: 0.00880 viol_train: 0.00158 viol_val: 0.00119
epoch: 00650 loss_train: 0.00719 loss_val: 0.00754 viol_train: 0.00167 viol_val: 0.00152
epoch: 00700 loss_train: 0.00619 loss_val: 0.00674 viol_train: 0.00170 viol_val: 0.00138
epoch: 00750 loss_train: 0.00547 loss_val: 0.00591 viol_train: 0.00133 viol_val: 0.00103
epoch: 00800 loss_train: 0.00502 loss_val: 0.00531 viol_train: 0.00107 viol_val: 0.00072
epoch: 00850 loss_train: 0.00437 loss_val: 0.00479 viol_train: 0.00104 viol_val: 0.00063
epoch: 00900 loss_train: 0.00417 loss_val: 0.00434 viol_train: 0.00113 viol_val: 0.00071
epoch: 00950 loss_train: 0.00369 loss_val: 0.00395 viol_train: 0.00132 viol_val: 0.00088
epoch: 01000 loss_train: 0.00344 loss_val: 0.00365 viol_train: 0.00142 viol_val: 0.00102
Training Finished!
