Scaler Factors: [800.           0.9936625    1.987325     1.81292375]
Scaler saved at /home/f25moham/CSTR/nonlinear/total/pieces/Reduced_T/segments/segments2/heaviside/heaviside2/scaler.pkl
Scaled dataset saved at /home/f25moham/CSTR/nonlinear/total/pieces/Reduced_T/segments/segments2/heaviside/heaviside2/scaled_data.csv
Scaler Factors outside function: [800.           0.9936625    1.987325     1.81292375]
Scaler loaded successfully.
Scaler Type: <class 'sklearn.preprocessing._data.MaxAbsScaler'>
Scaler Factors (scale_): [800.           0.9936625    1.987325     1.81292375]
Namespace(model='KKThPINN', model_id='uniform_S5_r2', input_dim=1, hidden_dim=32, hidden_num=2, z0_dim=3, optimizer='adam', epochs=1000, batch_size=16, lr=0.0001, mu=1, max_subiter=500, eta=0.8, sigma=2, mu_safe=1000000000.0, dtype=64, dataset_type='cstr', dataset_path='data.csv', val_ratio=0.2, job='train', runs=1, run=0)
Scaler Factors: [800.           0.9936625    1.987325     1.81292375]
Scaler saved at /home/f25moham/CSTR/nonlinear/total/pieces/Reduced_T/segments/segments2/heaviside/heaviside2/scaler.pkl
Scaled dataset saved at /home/f25moham/CSTR/nonlinear/total/pieces/Reduced_T/segments/segments2/heaviside/heaviside2/scaled_data.csv
train set size: 90, val set size: 30, test set size: 30
Dtypes after casting:
[torch.float64, torch.float64, torch.float64, torch.float64, torch.float64]
[torch.float64, torch.float64, torch.float64, torch.float64, torch.float64]
[torch.float64, torch.float64, torch.float64, torch.float64, torch.float64]
Start Training…
epoch: 00050 loss_train: 0.12460 loss_val: 0.13555 viol_train: 0.62566 viol_val: 0.84258
epoch: 00100 loss_train: 0.06221 loss_val: 0.06682 viol_train: 0.10975 viol_val: 0.14823
epoch: 00150 loss_train: 0.04268 loss_val: 0.04567 viol_train: 0.00956 viol_val: 0.01295
epoch: 00200 loss_train: 0.03451 loss_val: 0.03974 viol_train: 0.00460 viol_val: 0.00602
epoch: 00250 loss_train: 0.03292 loss_val: 0.03533 viol_train: 0.00961 viol_val: 0.01208
epoch: 00300 loss_train: 0.03002 loss_val: 0.03266 viol_train: 0.01009 viol_val: 0.01311
epoch: 00350 loss_train: 0.02762 loss_val: 0.03026 viol_train: 0.00983 viol_val: 0.01220
epoch: 00400 loss_train: 0.02525 loss_val: 0.02818 viol_train: 0.00939 viol_val: 0.01100
epoch: 00450 loss_train: 0.02257 loss_val: 0.02446 viol_train: 0.00724 viol_val: 0.00918
epoch: 00500 loss_train: 0.02056 loss_val: 0.02105 viol_train: 0.00614 viol_val: 0.00811
epoch: 00550 loss_train: 0.01671 loss_val: 0.01835 viol_train: 0.00541 viol_val: 0.00686
epoch: 00600 loss_train: 0.01513 loss_val: 0.01535 viol_train: 0.00472 viol_val: 0.00576
epoch: 00650 loss_train: 0.01201 loss_val: 0.01278 viol_train: 0.00372 viol_val: 0.00494
epoch: 00700 loss_train: 0.01018 loss_val: 0.01107 viol_train: 0.00352 viol_val: 0.00441
epoch: 00750 loss_train: 0.00894 loss_val: 0.00942 viol_train: 0.00354 viol_val: 0.00457
epoch: 00800 loss_train: 0.00774 loss_val: 0.00816 viol_train: 0.00342 viol_val: 0.00438
epoch: 00850 loss_train: 0.00706 loss_val: 0.00724 viol_train: 0.00353 viol_val: 0.00474
epoch: 00900 loss_train: 0.00594 loss_val: 0.00642 viol_train: 0.00379 viol_val: 0.00445
epoch: 00950 loss_train: 0.00542 loss_val: 0.00576 viol_train: 0.00364 viol_val: 0.00488
epoch: 01000 loss_train: 0.00483 loss_val: 0.00510 viol_train: 0.00386 viol_val: 0.00507
Training Finished!
