Scaler Factors: [800.           0.9936625    1.987325     1.81292375]
Scaler saved at /home/f25moham/CSTR/nonlinear/total/pieces/Reduced_T/segments/segments2/heaviside/heaviside2/scaler.pkl
Scaled dataset saved at /home/f25moham/CSTR/nonlinear/total/pieces/Reduced_T/segments/segments2/heaviside/heaviside2/scaled_data.csv
Scaler Factors outside function: [800.           0.9936625    1.987325     1.81292375]
Scaler loaded successfully.
Scaler Type: <class 'sklearn.preprocessing._data.MaxAbsScaler'>
Scaler Factors (scale_): [800.           0.9936625    1.987325     1.81292375]
Namespace(model='KKThPINN', model_id='uniform_S5_r8', input_dim=1, hidden_dim=32, hidden_num=2, z0_dim=3, optimizer='adam', epochs=1000, batch_size=16, lr=0.0001, mu=1, max_subiter=500, eta=0.8, sigma=2, mu_safe=1000000000.0, dtype=64, dataset_type='cstr', dataset_path='data.csv', val_ratio=0.2, job='train', runs=1, run=0)
Scaler Factors: [800.           0.9936625    1.987325     1.81292375]
Scaler saved at /home/f25moham/CSTR/nonlinear/total/pieces/Reduced_T/segments/segments2/heaviside/heaviside2/scaler.pkl
Scaled dataset saved at /home/f25moham/CSTR/nonlinear/total/pieces/Reduced_T/segments/segments2/heaviside/heaviside2/scaled_data.csv
train set size: 90, val set size: 30, test set size: 30
Dtypes after casting:
[torch.float64, torch.float64, torch.float64, torch.float64, torch.float64]
[torch.float64, torch.float64, torch.float64, torch.float64, torch.float64]
[torch.float64, torch.float64, torch.float64, torch.float64, torch.float64]
Start Training…
epoch: 00050 loss_train: 0.07711 loss_val: 0.08848 viol_train: 0.07712 viol_val: 0.10295
epoch: 00100 loss_train: 0.03911 loss_val: 0.04406 viol_train: 0.00482 viol_val: 0.00646
epoch: 00150 loss_train: 0.03508 loss_val: 0.04003 viol_train: 0.00606 viol_val: 0.00784
epoch: 00200 loss_train: 0.03382 loss_val: 0.03727 viol_train: 0.00736 viol_val: 0.00955
epoch: 00250 loss_train: 0.03269 loss_val: 0.03504 viol_train: 0.00741 viol_val: 0.00927
epoch: 00300 loss_train: 0.02926 loss_val: 0.03184 viol_train: 0.00675 viol_val: 0.00853
epoch: 00350 loss_train: 0.02622 loss_val: 0.02907 viol_train: 0.00563 viol_val: 0.00738
epoch: 00400 loss_train: 0.02453 loss_val: 0.02647 viol_train: 0.00454 viol_val: 0.00610
epoch: 00450 loss_train: 0.02168 loss_val: 0.02282 viol_train: 0.00384 viol_val: 0.00507
epoch: 00500 loss_train: 0.01797 loss_val: 0.01961 viol_train: 0.00386 viol_val: 0.00467
epoch: 00550 loss_train: 0.01592 loss_val: 0.01645 viol_train: 0.00343 viol_val: 0.00447
epoch: 00600 loss_train: 0.01297 loss_val: 0.01443 viol_train: 0.00371 viol_val: 0.00491
epoch: 00650 loss_train: 0.01149 loss_val: 0.01222 viol_train: 0.00399 viol_val: 0.00506
epoch: 00700 loss_train: 0.00973 loss_val: 0.01028 viol_train: 0.00444 viol_val: 0.00584
epoch: 00750 loss_train: 0.00876 loss_val: 0.00891 viol_train: 0.00470 viol_val: 0.00627
epoch: 00800 loss_train: 0.00773 loss_val: 0.00817 viol_train: 0.00546 viol_val: 0.00637
epoch: 00850 loss_train: 0.00723 loss_val: 0.00740 viol_train: 0.00483 viol_val: 0.00658
epoch: 00900 loss_train: 0.00644 loss_val: 0.00717 viol_train: 0.00516 viol_val: 0.00668
epoch: 00950 loss_train: 0.00607 loss_val: 0.00665 viol_train: 0.00526 viol_val: 0.00662
epoch: 01000 loss_train: 0.00582 loss_val: 0.00636 viol_train: 0.00530 viol_val: 0.00697
Training Finished!
