Scaler Factors: [800.           0.9936625    1.987325     1.81292375]
Scaler saved at /home/f25moham/CSTR/nonlinear/total/pieces/Reduced_T/segments/segments2/heaviside/heaviside2/scaler.pkl
Scaled dataset saved at /home/f25moham/CSTR/nonlinear/total/pieces/Reduced_T/segments/segments2/heaviside/heaviside2/scaled_data.csv
Scaler Factors outside function: [800.           0.9936625    1.987325     1.81292375]
Scaler loaded successfully.
Scaler Type: <class 'sklearn.preprocessing._data.MaxAbsScaler'>
Scaler Factors (scale_): [800.           0.9936625    1.987325     1.81292375]
Namespace(model='KKThPINN', model_id='adaptive_S2_r5', input_dim=1, hidden_dim=32, hidden_num=2, z0_dim=3, optimizer='adam', epochs=1000, batch_size=16, lr=0.0001, mu=1, max_subiter=500, eta=0.8, sigma=2, mu_safe=1000000000.0, dtype=64, dataset_type='cstr', dataset_path='data.csv', val_ratio=0.2, job='train', runs=1, run=0)
Scaler Factors: [800.           0.9936625    1.987325     1.81292375]
Scaler saved at /home/f25moham/CSTR/nonlinear/total/pieces/Reduced_T/segments/segments2/heaviside/heaviside2/scaler.pkl
Scaled dataset saved at /home/f25moham/CSTR/nonlinear/total/pieces/Reduced_T/segments/segments2/heaviside/heaviside2/scaled_data.csv
train set size: 90, val set size: 30, test set size: 30
Dtypes after casting:
[torch.float64, torch.float64]
[torch.float64, torch.float64]
[torch.float64, torch.float64]
Start Training…
epoch: 00050 loss_train: 0.04330 loss_val: 0.04842 viol_train: 0.04697 viol_val: 0.05907
epoch: 00100 loss_train: 0.03742 loss_val: 0.03950 viol_train: 0.03276 viol_val: 0.03800
epoch: 00150 loss_train: 0.03484 loss_val: 0.03572 viol_train: 0.03328 viol_val: 0.04049
epoch: 00200 loss_train: 0.03058 loss_val: 0.03157 viol_train: 0.03780 viol_val: 0.03987
epoch: 00250 loss_train: 0.02689 loss_val: 0.02833 viol_train: 0.03912 viol_val: 0.04141
epoch: 00300 loss_train: 0.02268 loss_val: 0.02315 viol_train: 0.03572 viol_val: 0.04200
epoch: 00350 loss_train: 0.01888 loss_val: 0.01993 viol_train: 0.03588 viol_val: 0.04303
epoch: 00400 loss_train: 0.01570 loss_val: 0.01580 viol_train: 0.03797 viol_val: 0.04183
epoch: 00450 loss_train: 0.01322 loss_val: 0.01279 viol_train: 0.03623 viol_val: 0.04236
epoch: 00500 loss_train: 0.01151 loss_val: 0.01102 viol_train: 0.03740 viol_val: 0.04226
epoch: 00550 loss_train: 0.00985 loss_val: 0.00991 viol_train: 0.03979 viol_val: 0.04407
epoch: 00600 loss_train: 0.00902 loss_val: 0.00885 viol_train: 0.03810 viol_val: 0.04459
epoch: 00650 loss_train: 0.00829 loss_val: 0.00805 viol_train: 0.03596 viol_val: 0.04285
epoch: 00700 loss_train: 0.00821 loss_val: 0.00770 viol_train: 0.03611 viol_val: 0.04401
epoch: 00750 loss_train: 0.00751 loss_val: 0.00749 viol_train: 0.03674 viol_val: 0.04275
epoch: 00800 loss_train: 0.00747 loss_val: 0.00725 viol_train: 0.03558 viol_val: 0.04236
epoch: 00850 loss_train: 0.00736 loss_val: 0.00720 viol_train: 0.04185 viol_val: 0.04473
epoch: 00900 loss_train: 0.00737 loss_val: 0.00707 viol_train: 0.03591 viol_val: 0.04120
epoch: 00950 loss_train: 0.00726 loss_val: 0.00691 viol_train: 0.03491 viol_val: 0.04050
epoch: 01000 loss_train: 0.00687 loss_val: 0.00682 viol_train: 0.04049 viol_val: 0.04337
Training Finished!
