Scaler Factors: [800.           0.9936625    1.987325     1.81292375]
Scaler saved at /home/f25moham/CSTR/nonlinear/total/pieces/Reduced_T/segments/segments2/heaviside/heaviside2/scaler.pkl
Scaled dataset saved at /home/f25moham/CSTR/nonlinear/total/pieces/Reduced_T/segments/segments2/heaviside/heaviside2/scaled_data.csv
Scaler Factors outside function: [800.           0.9936625    1.987325     1.81292375]
Scaler loaded successfully.
Scaler Type: <class 'sklearn.preprocessing._data.MaxAbsScaler'>
Scaler Factors (scale_): [800.           0.9936625    1.987325     1.81292375]
Namespace(model='KKThPINN', model_id='uniform_S1_r6', input_dim=1, hidden_dim=32, hidden_num=2, z0_dim=3, optimizer='adam', epochs=1000, batch_size=16, lr=0.0001, mu=1, max_subiter=500, eta=0.8, sigma=2, mu_safe=1000000000.0, dtype=64, dataset_type='cstr', dataset_path='data.csv', val_ratio=0.2, job='train', runs=1, run=0)
Scaler Factors: [800.           0.9936625    1.987325     1.81292375]
Scaler saved at /home/f25moham/CSTR/nonlinear/total/pieces/Reduced_T/segments/segments2/heaviside/heaviside2/scaler.pkl
Scaled dataset saved at /home/f25moham/CSTR/nonlinear/total/pieces/Reduced_T/segments/segments2/heaviside/heaviside2/scaled_data.csv
train set size: 90, val set size: 30, test set size: 30
Dtypes after casting:
[torch.float64]
[torch.float64]
[torch.float64]
Start Training…
epoch: 00050 loss_train: 0.24009 loss_val: 0.26231 viol_train: 0.52139 viol_val: 0.68422
epoch: 00100 loss_train: 0.11655 loss_val: 0.13105 viol_train: 0.49911 viol_val: 0.61069
epoch: 00150 loss_train: 0.06436 loss_val: 0.07121 viol_train: 0.49876 viol_val: 0.69141
epoch: 00200 loss_train: 0.05635 loss_val: 0.05947 viol_train: 0.49588 viol_val: 0.66983
epoch: 00250 loss_train: 0.05570 loss_val: 0.05766 viol_train: 0.47946 viol_val: 0.61951
epoch: 00300 loss_train: 0.05075 loss_val: 0.05577 viol_train: 0.47801 viol_val: 0.64815
epoch: 00350 loss_train: 0.05185 loss_val: 0.05267 viol_train: 0.45769 viol_val: 0.65518
epoch: 00400 loss_train: 0.04719 loss_val: 0.05138 viol_train: 0.46176 viol_val: 0.64990
epoch: 00450 loss_train: 0.04731 loss_val: 0.04761 viol_train: 0.45459 viol_val: 0.64155
epoch: 00500 loss_train: 0.04315 loss_val: 0.04522 viol_train: 0.49129 viol_val: 0.60776
epoch: 00550 loss_train: 0.03848 loss_val: 0.04053 viol_train: 0.44785 viol_val: 0.58499
epoch: 00600 loss_train: 0.03867 loss_val: 0.03759 viol_train: 0.43997 viol_val: 0.62415
epoch: 00650 loss_train: 0.03551 loss_val: 0.03488 viol_train: 0.49641 viol_val: 0.62709
epoch: 00700 loss_train: 0.03328 loss_val: 0.03388 viol_train: 0.43654 viol_val: 0.60870
epoch: 00750 loss_train: 0.03113 loss_val: 0.03059 viol_train: 0.45426 viol_val: 0.62680
epoch: 00800 loss_train: 0.03086 loss_val: 0.02787 viol_train: 0.46427 viol_val: 0.60308
epoch: 00850 loss_train: 0.02878 loss_val: 0.02746 viol_train: 0.43812 viol_val: 0.62537
epoch: 00900 loss_train: 0.02652 loss_val: 0.02624 viol_train: 0.43924 viol_val: 0.61520
epoch: 00950 loss_train: 0.02582 loss_val: 0.02551 viol_train: 0.46054 viol_val: 0.62873
epoch: 01000 loss_train: 0.02377 loss_val: 0.02420 viol_train: 0.48659 viol_val: 0.62916
Training Finished!
