Scaler Factors: [800.           0.9936625    1.987325     1.81292375]
Scaler saved at /home/f25moham/CSTR/nonlinear/total/pieces/Reduced_T/segments/segments2/heaviside/heaviside2/scaler.pkl
Scaled dataset saved at /home/f25moham/CSTR/nonlinear/total/pieces/Reduced_T/segments/segments2/heaviside/heaviside2/scaled_data.csv
Scaler Factors outside function: [800.           0.9936625    1.987325     1.81292375]
Scaler loaded successfully.
Scaler Type: <class 'sklearn.preprocessing._data.MaxAbsScaler'>
Scaler Factors (scale_): [800.           0.9936625    1.987325     1.81292375]
Namespace(model='KKThPINN', model_id='adaptive_S7_r1', input_dim=1, hidden_dim=32, hidden_num=2, z0_dim=3, optimizer='adam', epochs=1000, batch_size=16, lr=0.0001, mu=1, max_subiter=500, eta=0.8, sigma=2, mu_safe=1000000000.0, dtype=64, dataset_type='cstr', dataset_path='data.csv', val_ratio=0.2, job='train', runs=1, run=0)
Scaler Factors: [800.           0.9936625    1.987325     1.81292375]
Scaler saved at /home/f25moham/CSTR/nonlinear/total/pieces/Reduced_T/segments/segments2/heaviside/heaviside2/scaler.pkl
Scaled dataset saved at /home/f25moham/CSTR/nonlinear/total/pieces/Reduced_T/segments/segments2/heaviside/heaviside2/scaled_data.csv
train set size: 90, val set size: 30, test set size: 30
Dtypes after casting:
[torch.float64, torch.float64, torch.float64, torch.float64, torch.float64, torch.float64, torch.float64]
[torch.float64, torch.float64, torch.float64, torch.float64, torch.float64, torch.float64, torch.float64]
[torch.float64, torch.float64, torch.float64, torch.float64, torch.float64, torch.float64, torch.float64]
Start Training…
epoch: 00050 loss_train: 0.08310 loss_val: 0.09149 viol_train: 0.16929 viol_val: 0.21541
epoch: 00100 loss_train: 0.04509 loss_val: 0.04898 viol_train: 0.02307 viol_val: 0.02921
epoch: 00150 loss_train: 0.03881 loss_val: 0.04275 viol_train: 0.00152 viol_val: 0.00143
epoch: 00200 loss_train: 0.03593 loss_val: 0.03927 viol_train: 0.00693 viol_val: 0.00849
epoch: 00250 loss_train: 0.03579 loss_val: 0.03858 viol_train: 0.00868 viol_val: 0.01122
epoch: 00300 loss_train: 0.03587 loss_val: 0.03682 viol_train: 0.00981 viol_val: 0.01285
epoch: 00350 loss_train: 0.03217 loss_val: 0.03500 viol_train: 0.01172 viol_val: 0.01343
epoch: 00400 loss_train: 0.03078 loss_val: 0.03392 viol_train: 0.01039 viol_val: 0.01260
epoch: 00450 loss_train: 0.03034 loss_val: 0.03171 viol_train: 0.01029 viol_val: 0.01225
epoch: 00500 loss_train: 0.02672 loss_val: 0.02949 viol_train: 0.00959 viol_val: 0.01213
epoch: 00550 loss_train: 0.02433 loss_val: 0.02618 viol_train: 0.00973 viol_val: 0.01189
epoch: 00600 loss_train: 0.02212 loss_val: 0.02424 viol_train: 0.00810 viol_val: 0.01038
epoch: 00650 loss_train: 0.01981 loss_val: 0.02145 viol_train: 0.00729 viol_val: 0.00917
epoch: 00700 loss_train: 0.01708 loss_val: 0.01888 viol_train: 0.00625 viol_val: 0.00760
epoch: 00750 loss_train: 0.01519 loss_val: 0.01597 viol_train: 0.00505 viol_val: 0.00599
epoch: 00800 loss_train: 0.01295 loss_val: 0.01391 viol_train: 0.00406 viol_val: 0.00466
epoch: 00850 loss_train: 0.01142 loss_val: 0.01201 viol_train: 0.00296 viol_val: 0.00334
epoch: 00900 loss_train: 0.00992 loss_val: 0.01063 viol_train: 0.00240 viol_val: 0.00248
epoch: 00950 loss_train: 0.00866 loss_val: 0.00930 viol_train: 0.00211 viol_val: 0.00214
epoch: 01000 loss_train: 0.00778 loss_val: 0.00818 viol_train: 0.00214 viol_val: 0.00228
Training Finished!
