Scaler Factors: [800.           0.9936625    1.987325     1.81292375]
Scaler saved at /home/f25moham/CSTR/nonlinear/total/pieces/Reduced_T/segments/segments2/heaviside/heaviside2/scaler.pkl
Scaled dataset saved at /home/f25moham/CSTR/nonlinear/total/pieces/Reduced_T/segments/segments2/heaviside/heaviside2/scaled_data.csv
Scaler Factors outside function: [800.           0.9936625    1.987325     1.81292375]
Scaler loaded successfully.
Scaler Type: <class 'sklearn.preprocessing._data.MaxAbsScaler'>
Scaler Factors (scale_): [800.           0.9936625    1.987325     1.81292375]
Namespace(model='KKThPINN', model_id='uniform_S30_r7', input_dim=1, hidden_dim=32, hidden_num=2, z0_dim=3, optimizer='adam', epochs=1000, batch_size=16, lr=0.0001, mu=1, max_subiter=500, eta=0.8, sigma=2, mu_safe=1000000000.0, dtype=64, dataset_type='cstr', dataset_path='data.csv', val_ratio=0.2, job='train', runs=1, run=0)
Scaler Factors: [800.           0.9936625    1.987325     1.81292375]
Scaler saved at /home/f25moham/CSTR/nonlinear/total/pieces/Reduced_T/segments/segments2/heaviside/heaviside2/scaler.pkl
Scaled dataset saved at /home/f25moham/CSTR/nonlinear/total/pieces/Reduced_T/segments/segments2/heaviside/heaviside2/scaled_data.csv
train set size: 90, val set size: 30, test set size: 30
Dtypes after casting:
[torch.float64, torch.float64, torch.float64, torch.float64, torch.float64, torch.float64, torch.float64, torch.float64, torch.float64, torch.float64, torch.float64, torch.float64, torch.float64, torch.float64, torch.float64, torch.float64, torch.float64, torch.float64, torch.float64, torch.float64, torch.float64, torch.float64, torch.float64, torch.float64, torch.float64, torch.float64, torch.float64, torch.float64, torch.float64, torch.float64]
[torch.float64, torch.float64, torch.float64, torch.float64, torch.float64, torch.float64, torch.float64, torch.float64, torch.float64, torch.float64, torch.float64, torch.float64, torch.float64, torch.float64, torch.float64, torch.float64, torch.float64, torch.float64, torch.float64, torch.float64, torch.float64, torch.float64, torch.float64, torch.float64, torch.float64, torch.float64, torch.float64, torch.float64, torch.float64, torch.float64]
[torch.float64, torch.float64, torch.float64, torch.float64, torch.float64, torch.float64, torch.float64, torch.float64, torch.float64, torch.float64, torch.float64, torch.float64, torch.float64, torch.float64, torch.float64, torch.float64, torch.float64, torch.float64, torch.float64, torch.float64, torch.float64, torch.float64, torch.float64, torch.float64, torch.float64, torch.float64, torch.float64, torch.float64, torch.float64, torch.float64]
Start Training…
epoch: 00050 loss_train: 0.07988 loss_val: 0.09705 viol_train: 0.11784 viol_val: 0.16433
epoch: 00100 loss_train: 0.04585 loss_val: 0.05298 viol_train: 0.00789 viol_val: 0.01066
epoch: 00150 loss_train: 0.03685 loss_val: 0.04173 viol_train: 0.00267 viol_val: 0.00321
epoch: 00200 loss_train: 0.03568 loss_val: 0.03922 viol_train: 0.00974 viol_val: 0.01423
epoch: 00250 loss_train: 0.03387 loss_val: 0.03643 viol_train: 0.01266 viol_val: 0.01764
epoch: 00300 loss_train: 0.03207 loss_val: 0.03525 viol_train: 0.01324 viol_val: 0.01722
epoch: 00350 loss_train: 0.03146 loss_val: 0.03287 viol_train: 0.01356 viol_val: 0.01723
epoch: 00400 loss_train: 0.02896 loss_val: 0.03072 viol_train: 0.01283 viol_val: 0.01682
epoch: 00450 loss_train: 0.02724 loss_val: 0.02819 viol_train: 0.01049 viol_val: 0.01440
epoch: 00500 loss_train: 0.02467 loss_val: 0.02798 viol_train: 0.01037 viol_val: 0.01299
epoch: 00550 loss_train: 0.02215 loss_val: 0.02413 viol_train: 0.00813 viol_val: 0.01103
epoch: 00600 loss_train: 0.02031 loss_val: 0.02089 viol_train: 0.00725 viol_val: 0.00974
epoch: 00650 loss_train: 0.01748 loss_val: 0.01849 viol_train: 0.00588 viol_val: 0.00737
epoch: 00700 loss_train: 0.01519 loss_val: 0.01545 viol_train: 0.00330 viol_val: 0.00476
epoch: 00750 loss_train: 0.01259 loss_val: 0.01354 viol_train: 0.00189 viol_val: 0.00239
epoch: 00800 loss_train: 0.01062 loss_val: 0.01128 viol_train: 0.00067 viol_val: 0.00093
epoch: 00850 loss_train: 0.00959 loss_val: 0.00967 viol_train: 0.00049 viol_val: 0.00056
epoch: 00900 loss_train: 0.00828 loss_val: 0.00878 viol_train: 0.00072 viol_val: 0.00085
epoch: 00950 loss_train: 0.00735 loss_val: 0.00771 viol_train: 0.00130 viol_val: 0.00148
epoch: 01000 loss_train: 0.00644 loss_val: 0.00687 viol_train: 0.00188 viol_val: 0.00213
Training Finished!
