Scaler Factors: [800.           0.9936625    1.987325     1.81292375]
Scaler saved at /home/f25moham/CSTR/nonlinear/total/pieces/Reduced_T/segments/segments2/heaviside/heaviside2/scaler.pkl
Scaled dataset saved at /home/f25moham/CSTR/nonlinear/total/pieces/Reduced_T/segments/segments2/heaviside/heaviside2/scaled_data.csv
Scaler Factors outside function: [800.           0.9936625    1.987325     1.81292375]
Scaler loaded successfully.
Scaler Type: <class 'sklearn.preprocessing._data.MaxAbsScaler'>
Scaler Factors (scale_): [800.           0.9936625    1.987325     1.81292375]
Namespace(model='KKThPINN', model_id='uniform_S30_r5', input_dim=1, hidden_dim=32, hidden_num=2, z0_dim=3, optimizer='adam', epochs=1000, batch_size=16, lr=0.0001, mu=1, max_subiter=500, eta=0.8, sigma=2, mu_safe=1000000000.0, dtype=64, dataset_type='cstr', dataset_path='data.csv', val_ratio=0.2, job='train', runs=1, run=0)
Scaler Factors: [800.           0.9936625    1.987325     1.81292375]
Scaler saved at /home/f25moham/CSTR/nonlinear/total/pieces/Reduced_T/segments/segments2/heaviside/heaviside2/scaler.pkl
Scaled dataset saved at /home/f25moham/CSTR/nonlinear/total/pieces/Reduced_T/segments/segments2/heaviside/heaviside2/scaled_data.csv
train set size: 90, val set size: 30, test set size: 30
Dtypes after casting:
[torch.float64, torch.float64, torch.float64, torch.float64, torch.float64, torch.float64, torch.float64, torch.float64, torch.float64, torch.float64, torch.float64, torch.float64, torch.float64, torch.float64, torch.float64, torch.float64, torch.float64, torch.float64, torch.float64, torch.float64, torch.float64, torch.float64, torch.float64, torch.float64, torch.float64, torch.float64, torch.float64, torch.float64, torch.float64, torch.float64]
[torch.float64, torch.float64, torch.float64, torch.float64, torch.float64, torch.float64, torch.float64, torch.float64, torch.float64, torch.float64, torch.float64, torch.float64, torch.float64, torch.float64, torch.float64, torch.float64, torch.float64, torch.float64, torch.float64, torch.float64, torch.float64, torch.float64, torch.float64, torch.float64, torch.float64, torch.float64, torch.float64, torch.float64, torch.float64, torch.float64]
[torch.float64, torch.float64, torch.float64, torch.float64, torch.float64, torch.float64, torch.float64, torch.float64, torch.float64, torch.float64, torch.float64, torch.float64, torch.float64, torch.float64, torch.float64, torch.float64, torch.float64, torch.float64, torch.float64, torch.float64, torch.float64, torch.float64, torch.float64, torch.float64, torch.float64, torch.float64, torch.float64, torch.float64, torch.float64, torch.float64]
Start Training…
epoch: 00050 loss_train: 0.06514 loss_val: 0.07938 viol_train: 0.13353 viol_val: 0.18754
epoch: 00100 loss_train: 0.04084 loss_val: 0.04811 viol_train: 0.00965 viol_val: 0.01191
epoch: 00150 loss_train: 0.03619 loss_val: 0.04046 viol_train: 0.00250 viol_val: 0.00319
epoch: 00200 loss_train: 0.03435 loss_val: 0.03892 viol_train: 0.01085 viol_val: 0.01335
epoch: 00250 loss_train: 0.03395 loss_val: 0.03765 viol_train: 0.01379 viol_val: 0.01917
epoch: 00300 loss_train: 0.03350 loss_val: 0.03803 viol_train: 0.01553 viol_val: 0.02016
epoch: 00350 loss_train: 0.03449 loss_val: 0.03755 viol_train: 0.01501 viol_val: 0.02016
epoch: 00400 loss_train: 0.03356 loss_val: 0.03573 viol_train: 0.01536 viol_val: 0.02132
epoch: 00450 loss_train: 0.03172 loss_val: 0.03472 viol_train: 0.01504 viol_val: 0.02077
epoch: 00500 loss_train: 0.03105 loss_val: 0.03591 viol_train: 0.01489 viol_val: 0.02054
epoch: 00550 loss_train: 0.03165 loss_val: 0.03522 viol_train: 0.01660 viol_val: 0.02129
epoch: 00600 loss_train: 0.03062 loss_val: 0.03282 viol_train: 0.01490 viol_val: 0.02163
epoch: 00650 loss_train: 0.03025 loss_val: 0.03270 viol_train: 0.01541 viol_val: 0.02073
epoch: 00700 loss_train: 0.02926 loss_val: 0.03116 viol_train: 0.01652 viol_val: 0.02038
epoch: 00750 loss_train: 0.02908 loss_val: 0.03189 viol_train: 0.01347 viol_val: 0.01831
epoch: 00800 loss_train: 0.02608 loss_val: 0.02935 viol_train: 0.01520 viol_val: 0.01878
epoch: 00850 loss_train: 0.02649 loss_val: 0.02841 viol_train: 0.01357 viol_val: 0.01774
epoch: 00900 loss_train: 0.02438 loss_val: 0.02722 viol_train: 0.01258 viol_val: 0.01666
epoch: 00950 loss_train: 0.02342 loss_val: 0.02473 viol_train: 0.01175 viol_val: 0.01494
epoch: 01000 loss_train: 0.02095 loss_val: 0.02310 viol_train: 0.01162 viol_val: 0.01402
Training Finished!
