Scaler Factors: [800.           0.9936625    1.987325     1.81292375]
Scaler saved at /home/f25moham/CSTR/nonlinear/total/pieces/Reduced_T/segments/segments2/heaviside/heaviside2/scaler.pkl
Scaled dataset saved at /home/f25moham/CSTR/nonlinear/total/pieces/Reduced_T/segments/segments2/heaviside/heaviside2/scaled_data.csv
Scaler Factors outside function: [800.           0.9936625    1.987325     1.81292375]
Scaler loaded successfully.
Scaler Type: <class 'sklearn.preprocessing._data.MaxAbsScaler'>
Scaler Factors (scale_): [800.           0.9936625    1.987325     1.81292375]
Namespace(model='KKThPINN', model_id='uniform_S5_r4', input_dim=1, hidden_dim=32, hidden_num=2, z0_dim=3, optimizer='adam', epochs=1000, batch_size=16, lr=0.0001, mu=1, max_subiter=500, eta=0.8, sigma=2, mu_safe=1000000000.0, dtype=64, dataset_type='cstr', dataset_path='data.csv', val_ratio=0.2, job='train', runs=1, run=0)
Scaler Factors: [800.           0.9936625    1.987325     1.81292375]
Scaler saved at /home/f25moham/CSTR/nonlinear/total/pieces/Reduced_T/segments/segments2/heaviside/heaviside2/scaler.pkl
Scaled dataset saved at /home/f25moham/CSTR/nonlinear/total/pieces/Reduced_T/segments/segments2/heaviside/heaviside2/scaled_data.csv
train set size: 90, val set size: 30, test set size: 30
Dtypes after casting:
[torch.float64, torch.float64, torch.float64, torch.float64, torch.float64]
[torch.float64, torch.float64, torch.float64, torch.float64, torch.float64]
[torch.float64, torch.float64, torch.float64, torch.float64, torch.float64]
Start Training…
epoch: 00050 loss_train: 0.12803 loss_val: 0.14225 viol_train: 0.07718 viol_val: 0.10663
epoch: 00100 loss_train: 0.05152 loss_val: 0.05572 viol_train: 0.00722 viol_val: 0.00884
epoch: 00150 loss_train: 0.03797 loss_val: 0.04070 viol_train: 0.00550 viol_val: 0.00769
epoch: 00200 loss_train: 0.03125 loss_val: 0.03425 viol_train: 0.01176 viol_val: 0.01546
epoch: 00250 loss_train: 0.02745 loss_val: 0.03085 viol_train: 0.01412 viol_val: 0.01815
epoch: 00300 loss_train: 0.02479 loss_val: 0.02540 viol_train: 0.01375 viol_val: 0.01972
epoch: 00350 loss_train: 0.02069 loss_val: 0.02217 viol_train: 0.01017 viol_val: 0.01474
epoch: 00400 loss_train: 0.01676 loss_val: 0.01848 viol_train: 0.00814 viol_val: 0.01015
epoch: 00450 loss_train: 0.01353 loss_val: 0.01437 viol_train: 0.00524 viol_val: 0.00710
epoch: 00500 loss_train: 0.01091 loss_val: 0.01137 viol_train: 0.00394 viol_val: 0.00520
epoch: 00550 loss_train: 0.00884 loss_val: 0.00969 viol_train: 0.00346 viol_val: 0.00437
epoch: 00600 loss_train: 0.00780 loss_val: 0.00824 viol_train: 0.00328 viol_val: 0.00447
epoch: 00650 loss_train: 0.00669 loss_val: 0.00701 viol_train: 0.00335 viol_val: 0.00430
epoch: 00700 loss_train: 0.00577 loss_val: 0.00606 viol_train: 0.00365 viol_val: 0.00481
epoch: 00750 loss_train: 0.00495 loss_val: 0.00534 viol_train: 0.00351 viol_val: 0.00429
epoch: 00800 loss_train: 0.00437 loss_val: 0.00473 viol_train: 0.00339 viol_val: 0.00448
epoch: 00850 loss_train: 0.00386 loss_val: 0.00435 viol_train: 0.00333 viol_val: 0.00419
epoch: 00900 loss_train: 0.00355 loss_val: 0.00400 viol_train: 0.00349 viol_val: 0.00440
epoch: 00950 loss_train: 0.00340 loss_val: 0.00368 viol_train: 0.00398 viol_val: 0.00447
epoch: 01000 loss_train: 0.00309 loss_val: 0.00342 viol_train: 0.00369 viol_val: 0.00483
Training Finished!
