Scaler Factors: [800.           0.9936625    1.987325     1.81292375]
Scaler saved at /home/f25moham/CSTR/nonlinear/total/pieces/Reduced_T/segments/segments2/heaviside/heaviside2/scaler.pkl
Scaled dataset saved at /home/f25moham/CSTR/nonlinear/total/pieces/Reduced_T/segments/segments2/heaviside/heaviside2/scaled_data.csv
Scaler Factors outside function: [800.           0.9936625    1.987325     1.81292375]
Scaler loaded successfully.
Scaler Type: <class 'sklearn.preprocessing._data.MaxAbsScaler'>
Scaler Factors (scale_): [800.           0.9936625    1.987325     1.81292375]
Namespace(model='KKThPINN', model_id='adaptive_S3_r4', input_dim=1, hidden_dim=32, hidden_num=2, z0_dim=3, optimizer='adam', epochs=1000, batch_size=16, lr=0.0001, mu=1, max_subiter=500, eta=0.8, sigma=2, mu_safe=1000000000.0, dtype=64, dataset_type='cstr', dataset_path='data.csv', val_ratio=0.2, job='train', runs=1, run=0)
Scaler Factors: [800.           0.9936625    1.987325     1.81292375]
Scaler saved at /home/f25moham/CSTR/nonlinear/total/pieces/Reduced_T/segments/segments2/heaviside/heaviside2/scaler.pkl
Scaled dataset saved at /home/f25moham/CSTR/nonlinear/total/pieces/Reduced_T/segments/segments2/heaviside/heaviside2/scaled_data.csv
train set size: 90, val set size: 30, test set size: 30
Dtypes after casting:
[torch.float64, torch.float64, torch.float64]
[torch.float64, torch.float64, torch.float64]
[torch.float64, torch.float64, torch.float64]
Start Training…
epoch: 00050 loss_train: 0.07955 loss_val: 0.08948 viol_train: 0.01799 viol_val: 0.01790
epoch: 00100 loss_train: 0.03838 loss_val: 0.04305 viol_train: 0.01611 viol_val: 0.01499
epoch: 00150 loss_train: 0.03611 loss_val: 0.03934 viol_train: 0.01215 viol_val: 0.01121
epoch: 00200 loss_train: 0.03557 loss_val: 0.03705 viol_train: 0.01003 viol_val: 0.00833
epoch: 00250 loss_train: 0.03180 loss_val: 0.03376 viol_train: 0.01041 viol_val: 0.00807
epoch: 00300 loss_train: 0.03087 loss_val: 0.03256 viol_train: 0.01053 viol_val: 0.00899
epoch: 00350 loss_train: 0.02910 loss_val: 0.03095 viol_train: 0.01155 viol_val: 0.01041
epoch: 00400 loss_train: 0.02764 loss_val: 0.02797 viol_train: 0.01198 viol_val: 0.01076
epoch: 00450 loss_train: 0.02515 loss_val: 0.02595 viol_train: 0.01277 viol_val: 0.01109
epoch: 00500 loss_train: 0.02105 loss_val: 0.02258 viol_train: 0.01308 viol_val: 0.01097
epoch: 00550 loss_train: 0.01762 loss_val: 0.01834 viol_train: 0.01108 viol_val: 0.00971
epoch: 00600 loss_train: 0.01531 loss_val: 0.01565 viol_train: 0.01085 viol_val: 0.00938
epoch: 00650 loss_train: 0.01320 loss_val: 0.01336 viol_train: 0.01092 viol_val: 0.00912
epoch: 00700 loss_train: 0.01112 loss_val: 0.01150 viol_train: 0.01064 viol_val: 0.00879
epoch: 00750 loss_train: 0.01028 loss_val: 0.01009 viol_train: 0.01012 viol_val: 0.00866
epoch: 00800 loss_train: 0.00946 loss_val: 0.00958 viol_train: 0.01023 viol_val: 0.00867
epoch: 00850 loss_train: 0.00908 loss_val: 0.00901 viol_train: 0.01031 viol_val: 0.00839
epoch: 00900 loss_train: 0.00869 loss_val: 0.00866 viol_train: 0.01091 viol_val: 0.00865
epoch: 00950 loss_train: 0.00826 loss_val: 0.00865 viol_train: 0.01027 viol_val: 0.00843
epoch: 01000 loss_train: 0.00834 loss_val: 0.00828 viol_train: 0.00944 viol_val: 0.00761
Training Finished!
