Scaler Factors: [800.           0.9936625    1.987325     1.81292375]
Scaler saved at /home/f25moham/CSTR/nonlinear/total/pieces/Reduced_T/segments/segments2/heaviside/heaviside2/scaler.pkl
Scaled dataset saved at /home/f25moham/CSTR/nonlinear/total/pieces/Reduced_T/segments/segments2/heaviside/heaviside2/scaled_data.csv
Scaler Factors outside function: [800.           0.9936625    1.987325     1.81292375]
Scaler loaded successfully.
Scaler Type: <class 'sklearn.preprocessing._data.MaxAbsScaler'>
Scaler Factors (scale_): [800.           0.9936625    1.987325     1.81292375]
Namespace(model='KKThPINN', model_id='adaptive_S9_r2', input_dim=1, hidden_dim=32, hidden_num=2, z0_dim=3, optimizer='adam', epochs=1000, batch_size=16, lr=0.0001, mu=1, max_subiter=500, eta=0.8, sigma=2, mu_safe=1000000000.0, dtype=64, dataset_type='cstr', dataset_path='data.csv', val_ratio=0.2, job='train', runs=1, run=0)
Scaler Factors: [800.           0.9936625    1.987325     1.81292375]
Scaler saved at /home/f25moham/CSTR/nonlinear/total/pieces/Reduced_T/segments/segments2/heaviside/heaviside2/scaler.pkl
Scaled dataset saved at /home/f25moham/CSTR/nonlinear/total/pieces/Reduced_T/segments/segments2/heaviside/heaviside2/scaled_data.csv
train set size: 90, val set size: 30, test set size: 30
Dtypes after casting:
[torch.float64, torch.float64, torch.float64, torch.float64, torch.float64, torch.float64, torch.float64, torch.float64, torch.float64]
[torch.float64, torch.float64, torch.float64, torch.float64, torch.float64, torch.float64, torch.float64, torch.float64, torch.float64]
[torch.float64, torch.float64, torch.float64, torch.float64, torch.float64, torch.float64, torch.float64, torch.float64, torch.float64]
Start Training…
epoch: 00050 loss_train: 0.08007 loss_val: 0.08396 viol_train: 0.24414 viol_val: 0.29652
epoch: 00100 loss_train: 0.04037 loss_val: 0.04335 viol_train: 0.01373 viol_val: 0.01782
epoch: 00150 loss_train: 0.02782 loss_val: 0.02986 viol_train: 0.00448 viol_val: 0.00535
epoch: 00200 loss_train: 0.02377 loss_val: 0.02496 viol_train: 0.01269 viol_val: 0.01648
epoch: 00250 loss_train: 0.01885 loss_val: 0.02059 viol_train: 0.01345 viol_val: 0.01743
epoch: 00300 loss_train: 0.01518 loss_val: 0.01713 viol_train: 0.01246 viol_val: 0.01437
epoch: 00350 loss_train: 0.01215 loss_val: 0.01321 viol_train: 0.00870 viol_val: 0.01052
epoch: 00400 loss_train: 0.01051 loss_val: 0.01092 viol_train: 0.00469 viol_val: 0.00539
epoch: 00450 loss_train: 0.00833 loss_val: 0.00896 viol_train: 0.00293 viol_val: 0.00326
epoch: 00500 loss_train: 0.00700 loss_val: 0.00756 viol_train: 0.00234 viol_val: 0.00236
epoch: 00550 loss_train: 0.00587 loss_val: 0.00639 viol_train: 0.00213 viol_val: 0.00206
epoch: 00600 loss_train: 0.00516 loss_val: 0.00530 viol_train: 0.00172 viol_val: 0.00163
epoch: 00650 loss_train: 0.00440 loss_val: 0.00471 viol_train: 0.00140 viol_val: 0.00112
epoch: 00700 loss_train: 0.00387 loss_val: 0.00408 viol_train: 0.00129 viol_val: 0.00095
epoch: 00750 loss_train: 0.00334 loss_val: 0.00363 viol_train: 0.00116 viol_val: 0.00069
epoch: 00800 loss_train: 0.00299 loss_val: 0.00317 viol_train: 0.00113 viol_val: 0.00071
epoch: 00850 loss_train: 0.00266 loss_val: 0.00277 viol_train: 0.00132 viol_val: 0.00091
epoch: 00900 loss_train: 0.00236 loss_val: 0.00246 viol_train: 0.00154 viol_val: 0.00122
epoch: 00950 loss_train: 0.00211 loss_val: 0.00214 viol_train: 0.00173 viol_val: 0.00140
epoch: 01000 loss_train: 0.00188 loss_val: 0.00182 viol_train: 0.00175 viol_val: 0.00152
Training Finished!
