Scaler Factors: [800.           0.9936625    1.987325     1.81292375]
Scaler saved at /home/f25moham/CSTR/nonlinear/total/pieces/Reduced_T/segments/segments2/heaviside/heaviside2/scaler.pkl
Scaled dataset saved at /home/f25moham/CSTR/nonlinear/total/pieces/Reduced_T/segments/segments2/heaviside/heaviside2/scaled_data.csv
Scaler Factors outside function: [800.           0.9936625    1.987325     1.81292375]
Scaler loaded successfully.
Scaler Type: <class 'sklearn.preprocessing._data.MaxAbsScaler'>
Scaler Factors (scale_): [800.           0.9936625    1.987325     1.81292375]
Namespace(model='KKThPINN', model_id='adaptive_S3_r9', input_dim=1, hidden_dim=32, hidden_num=2, z0_dim=3, optimizer='adam', epochs=1000, batch_size=16, lr=0.0001, mu=1, max_subiter=500, eta=0.8, sigma=2, mu_safe=1000000000.0, dtype=64, dataset_type='cstr', dataset_path='data.csv', val_ratio=0.2, job='train', runs=1, run=0)
Scaler Factors: [800.           0.9936625    1.987325     1.81292375]
Scaler saved at /home/f25moham/CSTR/nonlinear/total/pieces/Reduced_T/segments/segments2/heaviside/heaviside2/scaler.pkl
Scaled dataset saved at /home/f25moham/CSTR/nonlinear/total/pieces/Reduced_T/segments/segments2/heaviside/heaviside2/scaled_data.csv
train set size: 90, val set size: 30, test set size: 30
Dtypes after casting:
[torch.float64, torch.float64, torch.float64]
[torch.float64, torch.float64, torch.float64]
[torch.float64, torch.float64, torch.float64]
Start Training…
epoch: 00050 loss_train: 0.10025 loss_val: 0.11466 viol_train: 0.10661 viol_val: 0.13779
epoch: 00100 loss_train: 0.03867 loss_val: 0.04447 viol_train: 0.02689 viol_val: 0.03163
epoch: 00150 loss_train: 0.03279 loss_val: 0.03508 viol_train: 0.00995 viol_val: 0.00821
epoch: 00200 loss_train: 0.03001 loss_val: 0.03246 viol_train: 0.01189 viol_val: 0.00968
epoch: 00250 loss_train: 0.02799 loss_val: 0.02874 viol_train: 0.01325 viol_val: 0.01294
epoch: 00300 loss_train: 0.02450 loss_val: 0.02554 viol_train: 0.01379 viol_val: 0.01321
epoch: 00350 loss_train: 0.02195 loss_val: 0.02219 viol_train: 0.01293 viol_val: 0.01283
epoch: 00400 loss_train: 0.01912 loss_val: 0.01994 viol_train: 0.01351 viol_val: 0.01198
epoch: 00450 loss_train: 0.01608 loss_val: 0.01686 viol_train: 0.01333 viol_val: 0.01157
epoch: 00500 loss_train: 0.01408 loss_val: 0.01445 viol_train: 0.01261 viol_val: 0.01105
epoch: 00550 loss_train: 0.01244 loss_val: 0.01235 viol_train: 0.01246 viol_val: 0.01116
epoch: 00600 loss_train: 0.01128 loss_val: 0.01084 viol_train: 0.01209 viol_val: 0.01111
epoch: 00650 loss_train: 0.00977 loss_val: 0.00939 viol_train: 0.01183 viol_val: 0.01098
epoch: 00700 loss_train: 0.00876 loss_val: 0.00843 viol_train: 0.01164 viol_val: 0.01056
epoch: 00750 loss_train: 0.00792 loss_val: 0.00758 viol_train: 0.01180 viol_val: 0.01151
epoch: 00800 loss_train: 0.00699 loss_val: 0.00681 viol_train: 0.01239 viol_val: 0.01053
epoch: 00850 loss_train: 0.00642 loss_val: 0.00611 viol_train: 0.01267 viol_val: 0.01050
epoch: 00900 loss_train: 0.00601 loss_val: 0.00549 viol_train: 0.01160 viol_val: 0.01043
epoch: 00950 loss_train: 0.00552 loss_val: 0.00497 viol_train: 0.01173 viol_val: 0.01036
epoch: 01000 loss_train: 0.00499 loss_val: 0.00459 viol_train: 0.01057 viol_val: 0.00970
Training Finished!
