Scaler Factors: [800.           0.9936625    1.987325     1.81292375]
Scaler saved at /home/f25moham/CSTR/nonlinear/total/pieces/Reduced_T/segments/segments2/heaviside/heaviside2/scaler.pkl
Scaled dataset saved at /home/f25moham/CSTR/nonlinear/total/pieces/Reduced_T/segments/segments2/heaviside/heaviside2/scaled_data.csv
Scaler Factors outside function: [800.           0.9936625    1.987325     1.81292375]
Scaler loaded successfully.
Scaler Type: <class 'sklearn.preprocessing._data.MaxAbsScaler'>
Scaler Factors (scale_): [800.           0.9936625    1.987325     1.81292375]
Namespace(model='KKThPINN', model_id='uniform_S90_r8', input_dim=1, hidden_dim=32, hidden_num=2, z0_dim=3, optimizer='adam', epochs=1000, batch_size=16, lr=0.0001, mu=1, max_subiter=500, eta=0.8, sigma=2, mu_safe=1000000000.0, dtype=64, dataset_type='cstr', dataset_path='data.csv', val_ratio=0.2, job='train', runs=1, run=0)
Scaler Factors: [800.           0.9936625    1.987325     1.81292375]
Scaler saved at /home/f25moham/CSTR/nonlinear/total/pieces/Reduced_T/segments/segments2/heaviside/heaviside2/scaler.pkl
Scaled dataset saved at /home/f25moham/CSTR/nonlinear/total/pieces/Reduced_T/segments/segments2/heaviside/heaviside2/scaled_data.csv
train set size: 90, val set size: 30, test set size: 30
Dtypes after casting:
[torch.float64, torch.float64, torch.float64, torch.float64, torch.float64, torch.float64, torch.float64, torch.float64, torch.float64, torch.float64, torch.float64, torch.float64, torch.float64, torch.float64, torch.float64, torch.float64, torch.float64, torch.float64, torch.float64, torch.float64, torch.float64, torch.float64, torch.float64, torch.float64, torch.float64, torch.float64, torch.float64, torch.float64, torch.float64, torch.float64, torch.float64, torch.float64, torch.float64, torch.float64, torch.float64, torch.float64, torch.float64, torch.float64, torch.float64, torch.float64, torch.float64, torch.float64, torch.float64, torch.float64, torch.float64, torch.float64, torch.float64, torch.float64, torch.float64, torch.float64, torch.float64, torch.float64, torch.float64, torch.float64, torch.float64, torch.float64, torch.float64, torch.float64, torch.float64, torch.float64, torch.float64, torch.float64, torch.float64, torch.float64, torch.float64, torch.float64, torch.float64, torch.float64, torch.float64, torch.float64, torch.float64, torch.float64, torch.float64, torch.float64, torch.float64, torch.float64, torch.float64, torch.float64, torch.float64, torch.float64, torch.float64, torch.float64, torch.float64, torch.float64, torch.float64, torch.float64, torch.float64, torch.float64, torch.float64, torch.float64]
[torch.float64, torch.float64, torch.float64, torch.float64, torch.float64, torch.float64, torch.float64, torch.float64, torch.float64, torch.float64, torch.float64, torch.float64, torch.float64, torch.float64, torch.float64, torch.float64, torch.float64, torch.float64, torch.float64, torch.float64, torch.float64, torch.float64, torch.float64, torch.float64, torch.float64, torch.float64, torch.float64, torch.float64, torch.float64, torch.float64, torch.float64, torch.float64, torch.float64, torch.float64, torch.float64, torch.float64, torch.float64, torch.float64, torch.float64, torch.float64, torch.float64, torch.float64, torch.float64, torch.float64, torch.float64, torch.float64, torch.float64, torch.float64, torch.float64, torch.float64, torch.float64, torch.float64, torch.float64, torch.float64, torch.float64, torch.float64, torch.float64, torch.float64, torch.float64, torch.float64, torch.float64, torch.float64, torch.float64, torch.float64, torch.float64, torch.float64, torch.float64, torch.float64, torch.float64, torch.float64, torch.float64, torch.float64, torch.float64, torch.float64, torch.float64, torch.float64, torch.float64, torch.float64, torch.float64, torch.float64, torch.float64, torch.float64, torch.float64, torch.float64, torch.float64, torch.float64, torch.float64, torch.float64, torch.float64, torch.float64]
[torch.float64, torch.float64, torch.float64, torch.float64, torch.float64, torch.float64, torch.float64, torch.float64, torch.float64, torch.float64, torch.float64, torch.float64, torch.float64, torch.float64, torch.float64, torch.float64, torch.float64, torch.float64, torch.float64, torch.float64, torch.float64, torch.float64, torch.float64, torch.float64, torch.float64, torch.float64, torch.float64, torch.float64, torch.float64, torch.float64, torch.float64, torch.float64, torch.float64, torch.float64, torch.float64, torch.float64, torch.float64, torch.float64, torch.float64, torch.float64, torch.float64, torch.float64, torch.float64, torch.float64, torch.float64, torch.float64, torch.float64, torch.float64, torch.float64, torch.float64, torch.float64, torch.float64, torch.float64, torch.float64, torch.float64, torch.float64, torch.float64, torch.float64, torch.float64, torch.float64, torch.float64, torch.float64, torch.float64, torch.float64, torch.float64, torch.float64, torch.float64, torch.float64, torch.float64, torch.float64, torch.float64, torch.float64, torch.float64, torch.float64, torch.float64, torch.float64, torch.float64, torch.float64, torch.float64, torch.float64, torch.float64, torch.float64, torch.float64, torch.float64, torch.float64, torch.float64, torch.float64, torch.float64, torch.float64, torch.float64]
Start Training…
epoch: 00050 loss_train: 0.06858 loss_val: 0.07964 viol_train: 0.03472 viol_val: 0.04758
epoch: 00100 loss_train: 0.04588 loss_val: 0.05375 viol_train: 0.00296 viol_val: 0.00383
epoch: 00150 loss_train: 0.03330 loss_val: 0.03933 viol_train: 0.00216 viol_val: 0.00265
epoch: 00200 loss_train: 0.02755 loss_val: 0.03192 viol_train: 0.00751 viol_val: 0.00946
epoch: 00250 loss_train: 0.02386 loss_val: 0.02575 viol_train: 0.00649 viol_val: 0.00861
epoch: 00300 loss_train: 0.01993 loss_val: 0.02046 viol_train: 0.00504 viol_val: 0.00675
epoch: 00350 loss_train: 0.01512 loss_val: 0.01586 viol_train: 0.00317 viol_val: 0.00414
epoch: 00400 loss_train: 0.01173 loss_val: 0.01266 viol_train: 0.00111 viol_val: 0.00161
epoch: 00450 loss_train: 0.01022 loss_val: 0.01011 viol_train: 0.00040 viol_val: 0.00054
epoch: 00500 loss_train: 0.00858 loss_val: 0.00885 viol_train: 0.00043 viol_val: 0.00048
epoch: 00550 loss_train: 0.00744 loss_val: 0.00811 viol_train: 0.00088 viol_val: 0.00107
epoch: 00600 loss_train: 0.00685 loss_val: 0.00761 viol_train: 0.00112 viol_val: 0.00125
epoch: 00650 loss_train: 0.00643 loss_val: 0.00701 viol_train: 0.00220 viol_val: 0.00250
epoch: 00700 loss_train: 0.00626 loss_val: 0.00686 viol_train: 0.00270 viol_val: 0.00299
epoch: 00750 loss_train: 0.00619 loss_val: 0.00675 viol_train: 0.00415 viol_val: 0.00424
epoch: 00800 loss_train: 0.00609 loss_val: 0.00659 viol_train: 0.00393 viol_val: 0.00466
epoch: 00850 loss_train: 0.00589 loss_val: 0.00656 viol_train: 0.00423 viol_val: 0.00537
epoch: 00900 loss_train: 0.00582 loss_val: 0.00640 viol_train: 0.00397 viol_val: 0.00458
epoch: 00950 loss_train: 0.00577 loss_val: 0.00636 viol_train: 0.00403 viol_val: 0.00520
epoch: 01000 loss_train: 0.00570 loss_val: 0.00614 viol_train: 0.00473 viol_val: 0.00506
Training Finished!
