Scaler Factors: [800.           0.9936625    1.987325     1.81292375]
Scaler saved at /home/f25moham/CSTR/nonlinear/total/pieces/Reduced_T/segments/segments2/heaviside/heaviside2/scaler.pkl
Scaled dataset saved at /home/f25moham/CSTR/nonlinear/total/pieces/Reduced_T/segments/segments2/heaviside/heaviside2/scaled_data.csv
Scaler Factors outside function: [800.           0.9936625    1.987325     1.81292375]
Scaler loaded successfully.
Scaler Type: <class 'sklearn.preprocessing._data.MaxAbsScaler'>
Scaler Factors (scale_): [800.           0.9936625    1.987325     1.81292375]
Namespace(model='KKThPINN', model_id='adaptive_S7_r7', input_dim=1, hidden_dim=32, hidden_num=2, z0_dim=3, optimizer='adam', epochs=1000, batch_size=16, lr=0.0001, mu=1, max_subiter=500, eta=0.8, sigma=2, mu_safe=1000000000.0, dtype=64, dataset_type='cstr', dataset_path='data.csv', val_ratio=0.2, job='train', runs=1, run=0)
Scaler Factors: [800.           0.9936625    1.987325     1.81292375]
Scaler saved at /home/f25moham/CSTR/nonlinear/total/pieces/Reduced_T/segments/segments2/heaviside/heaviside2/scaler.pkl
Scaled dataset saved at /home/f25moham/CSTR/nonlinear/total/pieces/Reduced_T/segments/segments2/heaviside/heaviside2/scaled_data.csv
train set size: 90, val set size: 30, test set size: 30
Dtypes after casting:
[torch.float64, torch.float64, torch.float64, torch.float64, torch.float64, torch.float64, torch.float64]
[torch.float64, torch.float64, torch.float64, torch.float64, torch.float64, torch.float64, torch.float64]
[torch.float64, torch.float64, torch.float64, torch.float64, torch.float64, torch.float64, torch.float64]
Start Training…
epoch: 00050 loss_train: 0.17302 loss_val: 0.19126 viol_train: 0.62521 viol_val: 0.87923
epoch: 00100 loss_train: 0.06510 loss_val: 0.07415 viol_train: 0.18058 viol_val: 0.26058
epoch: 00150 loss_train: 0.04024 loss_val: 0.04457 viol_train: 0.00965 viol_val: 0.01262
epoch: 00200 loss_train: 0.03532 loss_val: 0.03905 viol_train: 0.00415 viol_val: 0.00472
epoch: 00250 loss_train: 0.03413 loss_val: 0.03794 viol_train: 0.00762 viol_val: 0.00965
epoch: 00300 loss_train: 0.03411 loss_val: 0.03768 viol_train: 0.00749 viol_val: 0.00963
epoch: 00350 loss_train: 0.03428 loss_val: 0.03554 viol_train: 0.00757 viol_val: 0.00975
epoch: 00400 loss_train: 0.03155 loss_val: 0.03463 viol_train: 0.00795 viol_val: 0.00995
epoch: 00450 loss_train: 0.03021 loss_val: 0.03250 viol_train: 0.00741 viol_val: 0.00958
epoch: 00500 loss_train: 0.02751 loss_val: 0.03019 viol_train: 0.00787 viol_val: 0.00996
epoch: 00550 loss_train: 0.02590 loss_val: 0.02875 viol_train: 0.00756 viol_val: 0.00903
epoch: 00600 loss_train: 0.02387 loss_val: 0.02625 viol_train: 0.00649 viol_val: 0.00800
epoch: 00650 loss_train: 0.02203 loss_val: 0.02360 viol_train: 0.00587 viol_val: 0.00712
epoch: 00700 loss_train: 0.01923 loss_val: 0.02080 viol_train: 0.00501 viol_val: 0.00627
epoch: 00750 loss_train: 0.01666 loss_val: 0.01823 viol_train: 0.00425 viol_val: 0.00528
epoch: 00800 loss_train: 0.01483 loss_val: 0.01549 viol_train: 0.00333 viol_val: 0.00390
epoch: 00850 loss_train: 0.01233 loss_val: 0.01331 viol_train: 0.00243 viol_val: 0.00258
epoch: 00900 loss_train: 0.01071 loss_val: 0.01115 viol_train: 0.00200 viol_val: 0.00197
epoch: 00950 loss_train: 0.00960 loss_val: 0.01002 viol_train: 0.00155 viol_val: 0.00144
epoch: 01000 loss_train: 0.00796 loss_val: 0.00865 viol_train: 0.00149 viol_val: 0.00131
Training Finished!
