Scaler Factors: [800.           0.9936625    1.987325     1.81292375]
Scaler saved at /home/f25moham/CSTR/nonlinear/total/pieces/Reduced_T/segments/segments2/heaviside/heaviside2/scaler.pkl
Scaled dataset saved at /home/f25moham/CSTR/nonlinear/total/pieces/Reduced_T/segments/segments2/heaviside/heaviside2/scaled_data.csv
Scaler Factors outside function: [800.           0.9936625    1.987325     1.81292375]
Scaler loaded successfully.
Scaler Type: <class 'sklearn.preprocessing._data.MaxAbsScaler'>
Scaler Factors (scale_): [800.           0.9936625    1.987325     1.81292375]
Namespace(model='KKThPINN', model_id='uniform_S9_r5', input_dim=1, hidden_dim=32, hidden_num=2, z0_dim=3, optimizer='adam', epochs=1000, batch_size=16, lr=0.0001, mu=1, max_subiter=500, eta=0.8, sigma=2, mu_safe=1000000000.0, dtype=64, dataset_type='cstr', dataset_path='data.csv', val_ratio=0.2, job='train', runs=1, run=0)
Scaler Factors: [800.           0.9936625    1.987325     1.81292375]
Scaler saved at /home/f25moham/CSTR/nonlinear/total/pieces/Reduced_T/segments/segments2/heaviside/heaviside2/scaler.pkl
Scaled dataset saved at /home/f25moham/CSTR/nonlinear/total/pieces/Reduced_T/segments/segments2/heaviside/heaviside2/scaled_data.csv
train set size: 90, val set size: 30, test set size: 30
Dtypes after casting:
[torch.float64, torch.float64, torch.float64, torch.float64, torch.float64, torch.float64, torch.float64, torch.float64, torch.float64]
[torch.float64, torch.float64, torch.float64, torch.float64, torch.float64, torch.float64, torch.float64, torch.float64, torch.float64]
[torch.float64, torch.float64, torch.float64, torch.float64, torch.float64, torch.float64, torch.float64, torch.float64, torch.float64]
Start Training…
epoch: 00050 loss_train: 0.12366 loss_val: 0.14707 viol_train: 0.32864 viol_val: 0.44079
epoch: 00100 loss_train: 0.06642 loss_val: 0.07646 viol_train: 0.12108 viol_val: 0.17564
epoch: 00150 loss_train: 0.04385 loss_val: 0.04999 viol_train: 0.01237 viol_val: 0.01650
epoch: 00200 loss_train: 0.03794 loss_val: 0.04187 viol_train: 0.00190 viol_val: 0.00232
epoch: 00250 loss_train: 0.03664 loss_val: 0.03984 viol_train: 0.00824 viol_val: 0.01162
epoch: 00300 loss_train: 0.03435 loss_val: 0.03856 viol_train: 0.01162 viol_val: 0.01588
epoch: 00350 loss_train: 0.03344 loss_val: 0.03624 viol_train: 0.01195 viol_val: 0.01593
epoch: 00400 loss_train: 0.03323 loss_val: 0.03669 viol_train: 0.01292 viol_val: 0.01657
epoch: 00450 loss_train: 0.03154 loss_val: 0.03493 viol_train: 0.01212 viol_val: 0.01597
epoch: 00500 loss_train: 0.03069 loss_val: 0.03330 viol_train: 0.01071 viol_val: 0.01434
epoch: 00550 loss_train: 0.02866 loss_val: 0.03169 viol_train: 0.00940 viol_val: 0.01273
epoch: 00600 loss_train: 0.02873 loss_val: 0.03017 viol_train: 0.00848 viol_val: 0.01110
epoch: 00650 loss_train: 0.02676 loss_val: 0.02827 viol_train: 0.00724 viol_val: 0.00983
epoch: 00700 loss_train: 0.02416 loss_val: 0.02599 viol_train: 0.00574 viol_val: 0.00778
epoch: 00750 loss_train: 0.02182 loss_val: 0.02341 viol_train: 0.00476 viol_val: 0.00688
epoch: 00800 loss_train: 0.02066 loss_val: 0.02140 viol_train: 0.00388 viol_val: 0.00517
epoch: 00850 loss_train: 0.01763 loss_val: 0.01868 viol_train: 0.00277 viol_val: 0.00350
epoch: 00900 loss_train: 0.01551 loss_val: 0.01654 viol_train: 0.00181 viol_val: 0.00245
epoch: 00950 loss_train: 0.01408 loss_val: 0.01504 viol_train: 0.00130 viol_val: 0.00166
epoch: 01000 loss_train: 0.01246 loss_val: 0.01275 viol_train: 0.00130 viol_val: 0.00162
Training Finished!
