Scaler Factors: [800.           0.9936625    1.987325     1.81292375]
Scaler saved at /home/f25moham/CSTR/nonlinear/total/pieces/Reduced_T/segments/segments2/heaviside/heaviside2/scaler.pkl
Scaled dataset saved at /home/f25moham/CSTR/nonlinear/total/pieces/Reduced_T/segments/segments2/heaviside/heaviside2/scaled_data.csv
Scaler Factors outside function: [800.           0.9936625    1.987325     1.81292375]
Scaler loaded successfully.
Scaler Type: <class 'sklearn.preprocessing._data.MaxAbsScaler'>
Scaler Factors (scale_): [800.           0.9936625    1.987325     1.81292375]
Namespace(model='KKThPINN', model_id='adaptive_S11_r2', input_dim=1, hidden_dim=32, hidden_num=2, z0_dim=3, optimizer='adam', epochs=1000, batch_size=16, lr=0.0001, mu=1, max_subiter=500, eta=0.8, sigma=2, mu_safe=1000000000.0, dtype=64, dataset_type='cstr', dataset_path='data.csv', val_ratio=0.2, job='train', runs=1, run=0)
Scaler Factors: [800.           0.9936625    1.987325     1.81292375]
Scaler saved at /home/f25moham/CSTR/nonlinear/total/pieces/Reduced_T/segments/segments2/heaviside/heaviside2/scaler.pkl
Scaled dataset saved at /home/f25moham/CSTR/nonlinear/total/pieces/Reduced_T/segments/segments2/heaviside/heaviside2/scaled_data.csv
train set size: 90, val set size: 30, test set size: 30
Dtypes after casting:
[torch.float64, torch.float64, torch.float64, torch.float64, torch.float64, torch.float64, torch.float64, torch.float64, torch.float64, torch.float64, torch.float64]
[torch.float64, torch.float64, torch.float64, torch.float64, torch.float64, torch.float64, torch.float64, torch.float64, torch.float64, torch.float64, torch.float64]
[torch.float64, torch.float64, torch.float64, torch.float64, torch.float64, torch.float64, torch.float64, torch.float64, torch.float64, torch.float64, torch.float64]
Start Training…
epoch: 00050 loss_train: 0.07564 loss_val: 0.08539 viol_train: 0.23885 viol_val: 0.31226
epoch: 00100 loss_train: 0.04500 loss_val: 0.04968 viol_train: 0.03095 viol_val: 0.03976
epoch: 00150 loss_train: 0.03793 loss_val: 0.04186 viol_train: 0.00077 viol_val: 0.00081
epoch: 00200 loss_train: 0.03690 loss_val: 0.04060 viol_train: 0.00434 viol_val: 0.00600
epoch: 00250 loss_train: 0.03525 loss_val: 0.03884 viol_train: 0.00795 viol_val: 0.00995
epoch: 00300 loss_train: 0.03266 loss_val: 0.03847 viol_train: 0.00894 viol_val: 0.01222
epoch: 00350 loss_train: 0.03254 loss_val: 0.03474 viol_train: 0.00985 viol_val: 0.01327
epoch: 00400 loss_train: 0.03026 loss_val: 0.03400 viol_train: 0.01109 viol_val: 0.01453
epoch: 00450 loss_train: 0.03038 loss_val: 0.03155 viol_train: 0.01151 viol_val: 0.01549
epoch: 00500 loss_train: 0.02876 loss_val: 0.03030 viol_train: 0.01229 viol_val: 0.01669
epoch: 00550 loss_train: 0.02556 loss_val: 0.02721 viol_train: 0.01375 viol_val: 0.01684
epoch: 00600 loss_train: 0.02353 loss_val: 0.02505 viol_train: 0.01308 viol_val: 0.01835
epoch: 00650 loss_train: 0.02086 loss_val: 0.02152 viol_train: 0.01456 viol_val: 0.01765
epoch: 00700 loss_train: 0.01859 loss_val: 0.01977 viol_train: 0.01161 viol_val: 0.01567
epoch: 00750 loss_train: 0.01575 loss_val: 0.01728 viol_train: 0.01234 viol_val: 0.01515
epoch: 00800 loss_train: 0.01377 loss_val: 0.01481 viol_train: 0.01042 viol_val: 0.01208
epoch: 00850 loss_train: 0.01208 loss_val: 0.01239 viol_train: 0.00704 viol_val: 0.01002
epoch: 00900 loss_train: 0.01054 loss_val: 0.01091 viol_train: 0.00534 viol_val: 0.00747
epoch: 00950 loss_train: 0.00912 loss_val: 0.00986 viol_train: 0.00430 viol_val: 0.00526
epoch: 01000 loss_train: 0.00814 loss_val: 0.00879 viol_train: 0.00251 viol_val: 0.00319
Training Finished!
