Scaler Factors: [800.           0.9936625    1.987325     1.81292375]
Scaler saved at /home/f25moham/CSTR/nonlinear/total/pieces/Reduced_T/segments/segments2/heaviside/heaviside2/scaler.pkl
Scaled dataset saved at /home/f25moham/CSTR/nonlinear/total/pieces/Reduced_T/segments/segments2/heaviside/heaviside2/scaled_data.csv
Scaler Factors outside function: [800.           0.9936625    1.987325     1.81292375]
Scaler loaded successfully.
Scaler Type: <class 'sklearn.preprocessing._data.MaxAbsScaler'>
Scaler Factors (scale_): [800.           0.9936625    1.987325     1.81292375]
Namespace(model='KKThPINN', model_id='adaptive_S3_r2', input_dim=1, hidden_dim=32, hidden_num=2, z0_dim=3, optimizer='adam', epochs=1000, batch_size=16, lr=0.0001, mu=1, max_subiter=500, eta=0.8, sigma=2, mu_safe=1000000000.0, dtype=64, dataset_type='cstr', dataset_path='data.csv', val_ratio=0.2, job='train', runs=1, run=0)
Scaler Factors: [800.           0.9936625    1.987325     1.81292375]
Scaler saved at /home/f25moham/CSTR/nonlinear/total/pieces/Reduced_T/segments/segments2/heaviside/heaviside2/scaler.pkl
Scaled dataset saved at /home/f25moham/CSTR/nonlinear/total/pieces/Reduced_T/segments/segments2/heaviside/heaviside2/scaled_data.csv
train set size: 90, val set size: 30, test set size: 30
Dtypes after casting:
[torch.float64, torch.float64, torch.float64]
[torch.float64, torch.float64, torch.float64]
[torch.float64, torch.float64, torch.float64]
Start Training…
epoch: 00050 loss_train: 0.04436 loss_val: 0.04982 viol_train: 0.03288 viol_val: 0.04091
epoch: 00100 loss_train: 0.03865 loss_val: 0.04240 viol_train: 0.01680 viol_val: 0.01775
epoch: 00150 loss_train: 0.03766 loss_val: 0.03884 viol_train: 0.01105 viol_val: 0.00987
epoch: 00200 loss_train: 0.03519 loss_val: 0.03757 viol_train: 0.00977 viol_val: 0.00731
epoch: 00250 loss_train: 0.03327 loss_val: 0.03533 viol_train: 0.01017 viol_val: 0.00840
epoch: 00300 loss_train: 0.03179 loss_val: 0.03311 viol_train: 0.01164 viol_val: 0.00936
epoch: 00350 loss_train: 0.02828 loss_val: 0.03029 viol_train: 0.01117 viol_val: 0.00939
epoch: 00400 loss_train: 0.02609 loss_val: 0.02793 viol_train: 0.01119 viol_val: 0.00993
epoch: 00450 loss_train: 0.02349 loss_val: 0.02574 viol_train: 0.01161 viol_val: 0.01079
epoch: 00500 loss_train: 0.02131 loss_val: 0.02148 viol_train: 0.01147 viol_val: 0.01099
epoch: 00550 loss_train: 0.01866 loss_val: 0.01896 viol_train: 0.01424 viol_val: 0.01114
epoch: 00600 loss_train: 0.01570 loss_val: 0.01661 viol_train: 0.01277 viol_val: 0.01128
epoch: 00650 loss_train: 0.01402 loss_val: 0.01373 viol_train: 0.01221 viol_val: 0.01032
epoch: 00700 loss_train: 0.01179 loss_val: 0.01184 viol_train: 0.01237 viol_val: 0.01148
epoch: 00750 loss_train: 0.01055 loss_val: 0.01072 viol_train: 0.01366 viol_val: 0.01231
epoch: 00800 loss_train: 0.00968 loss_val: 0.00946 viol_train: 0.01283 viol_val: 0.01258
epoch: 00850 loss_train: 0.00856 loss_val: 0.00865 viol_train: 0.01413 viol_val: 0.01197
epoch: 00900 loss_train: 0.00879 loss_val: 0.00819 viol_train: 0.01363 viol_val: 0.01095
epoch: 00950 loss_train: 0.00746 loss_val: 0.00757 viol_train: 0.01335 viol_val: 0.01113
epoch: 01000 loss_train: 0.00713 loss_val: 0.00700 viol_train: 0.01192 viol_val: 0.01085
Training Finished!
