Scaler Factors: [800.           0.9936625    1.987325     1.81292375]
Scaler saved at /home/f25moham/CSTR/nonlinear/total/pieces/Reduced_T/segments/segments2/heaviside/heaviside2/scaler.pkl
Scaled dataset saved at /home/f25moham/CSTR/nonlinear/total/pieces/Reduced_T/segments/segments2/heaviside/heaviside2/scaled_data.csv
Scaler Factors outside function: [800.           0.9936625    1.987325     1.81292375]
Scaler loaded successfully.
Scaler Type: <class 'sklearn.preprocessing._data.MaxAbsScaler'>
Scaler Factors (scale_): [800.           0.9936625    1.987325     1.81292375]
Namespace(model='KKThPINN', model_id='uniform_S1_r9', input_dim=1, hidden_dim=32, hidden_num=2, z0_dim=3, optimizer='adam', epochs=1000, batch_size=16, lr=0.0001, mu=1, max_subiter=500, eta=0.8, sigma=2, mu_safe=1000000000.0, dtype=64, dataset_type='cstr', dataset_path='data.csv', val_ratio=0.2, job='train', runs=1, run=0)
Scaler Factors: [800.           0.9936625    1.987325     1.81292375]
Scaler saved at /home/f25moham/CSTR/nonlinear/total/pieces/Reduced_T/segments/segments2/heaviside/heaviside2/scaler.pkl
Scaled dataset saved at /home/f25moham/CSTR/nonlinear/total/pieces/Reduced_T/segments/segments2/heaviside/heaviside2/scaled_data.csv
train set size: 90, val set size: 30, test set size: 30
Dtypes after casting:
[torch.float64]
[torch.float64]
[torch.float64]
Start Training…
epoch: 00050 loss_train: 0.05813 loss_val: 0.06262 viol_train: 0.51875 viol_val: 0.64219
epoch: 00100 loss_train: 0.05371 loss_val: 0.05837 viol_train: 0.46909 viol_val: 0.66221
epoch: 00150 loss_train: 0.05019 loss_val: 0.05460 viol_train: 0.49773 viol_val: 0.65395
epoch: 00200 loss_train: 0.04851 loss_val: 0.05097 viol_train: 0.46774 viol_val: 0.66944
epoch: 00250 loss_train: 0.04502 loss_val: 0.04957 viol_train: 0.53432 viol_val: 0.65111
epoch: 00300 loss_train: 0.04461 loss_val: 0.04559 viol_train: 0.46202 viol_val: 0.65177
epoch: 00350 loss_train: 0.03989 loss_val: 0.04169 viol_train: 0.46347 viol_val: 0.62011
epoch: 00400 loss_train: 0.03625 loss_val: 0.03715 viol_train: 0.52686 viol_val: 0.65665
epoch: 00450 loss_train: 0.03238 loss_val: 0.03336 viol_train: 0.49130 viol_val: 0.61411
epoch: 00500 loss_train: 0.03128 loss_val: 0.03022 viol_train: 0.44275 viol_val: 0.60543
epoch: 00550 loss_train: 0.02737 loss_val: 0.02786 viol_train: 0.46003 viol_val: 0.60835
epoch: 00600 loss_train: 0.02739 loss_val: 0.02708 viol_train: 0.42732 viol_val: 0.62554
epoch: 00650 loss_train: 0.02719 loss_val: 0.02599 viol_train: 0.44973 viol_val: 0.60830
epoch: 00700 loss_train: 0.02502 loss_val: 0.02501 viol_train: 0.42879 viol_val: 0.63020
epoch: 00750 loss_train: 0.02448 loss_val: 0.02398 viol_train: 0.45508 viol_val: 0.61345
epoch: 00800 loss_train: 0.02360 loss_val: 0.02275 viol_train: 0.45413 viol_val: 0.60276
epoch: 00850 loss_train: 0.02238 loss_val: 0.02249 viol_train: 0.47636 viol_val: 0.60087
epoch: 00900 loss_train: 0.02363 loss_val: 0.02189 viol_train: 0.46277 viol_val: 0.60963
epoch: 00950 loss_train: 0.02159 loss_val: 0.02134 viol_train: 0.43295 viol_val: 0.58654
epoch: 01000 loss_train: 0.02045 loss_val: 0.02140 viol_train: 0.46159 viol_val: 0.61566
Training Finished!
