Scaler Factors: [800.           0.9936625    1.987325     1.81292375]
Scaler saved at /home/f25moham/CSTR/nonlinear/total/pieces/Reduced_T/segments/segments2/heaviside/heaviside2/scaler.pkl
Scaled dataset saved at /home/f25moham/CSTR/nonlinear/total/pieces/Reduced_T/segments/segments2/heaviside/heaviside2/scaled_data.csv
Scaler Factors outside function: [800.           0.9936625    1.987325     1.81292375]
Scaler loaded successfully.
Scaler Type: <class 'sklearn.preprocessing._data.MaxAbsScaler'>
Scaler Factors (scale_): [800.           0.9936625    1.987325     1.81292375]
Namespace(model='KKThPINN', model_id='adaptive_S1', input_dim=1, hidden_dim=32, hidden_num=2, z0_dim=3, optimizer='adam', epochs=1000, batch_size=16, lr=0.0001, mu=1, max_subiter=500, eta=0.8, sigma=2, mu_safe=1000000000.0, dtype=64, dataset_type='cstr', dataset_path='data.csv', val_ratio=0.2, job='train', runs=1, run=0)
Scaler Factors: [800.           0.9936625    1.987325     1.81292375]
Scaler saved at /home/f25moham/CSTR/nonlinear/total/pieces/Reduced_T/segments/segments2/heaviside/heaviside2/scaler.pkl
Scaled dataset saved at /home/f25moham/CSTR/nonlinear/total/pieces/Reduced_T/segments/segments2/heaviside/heaviside2/scaled_data.csv
train set size: 90, val set size: 30, test set size: 30
Dtypes after casting:
[torch.float64]
[torch.float64]
[torch.float64]
Start Training…
epoch: 00050 loss_train: 0.08293 loss_val: 0.09367 viol_train: 0.49402 viol_val: 0.71323
epoch: 00100 loss_train: 0.05266 loss_val: 0.05690 viol_train: 0.47658 viol_val: 0.67910
epoch: 00150 loss_train: 0.05362 loss_val: 0.05397 viol_train: 0.51012 viol_val: 0.69952
epoch: 00200 loss_train: 0.04930 loss_val: 0.05467 viol_train: 0.51954 viol_val: 0.68127
epoch: 00250 loss_train: 0.05060 loss_val: 0.05159 viol_train: 0.51685 viol_val: 0.69445
epoch: 00300 loss_train: 0.04845 loss_val: 0.05088 viol_train: 0.51046 viol_val: 0.68839
epoch: 00350 loss_train: 0.04657 loss_val: 0.04717 viol_train: 0.47961 viol_val: 0.67169
epoch: 00400 loss_train: 0.04483 loss_val: 0.04608 viol_train: 0.47061 viol_val: 0.67421
epoch: 00450 loss_train: 0.04194 loss_val: 0.04395 viol_train: 0.47777 viol_val: 0.64375
epoch: 00500 loss_train: 0.03990 loss_val: 0.03907 viol_train: 0.44783 viol_val: 0.61958
epoch: 00550 loss_train: 0.03490 loss_val: 0.03611 viol_train: 0.47801 viol_val: 0.60410
epoch: 00600 loss_train: 0.03291 loss_val: 0.03284 viol_train: 0.46046 viol_val: 0.61590
epoch: 00650 loss_train: 0.03192 loss_val: 0.03076 viol_train: 0.46882 viol_val: 0.59716
epoch: 00700 loss_train: 0.02746 loss_val: 0.02875 viol_train: 0.45455 viol_val: 0.61552
epoch: 00750 loss_train: 0.02775 loss_val: 0.02658 viol_train: 0.42639 viol_val: 0.59828
epoch: 00800 loss_train: 0.02504 loss_val: 0.02483 viol_train: 0.47138 viol_val: 0.59230
epoch: 00850 loss_train: 0.02387 loss_val: 0.02467 viol_train: 0.42748 viol_val: 0.60063
epoch: 00900 loss_train: 0.02398 loss_val: 0.02420 viol_train: 0.43131 viol_val: 0.59143
epoch: 00950 loss_train: 0.02310 loss_val: 0.02273 viol_train: 0.42948 viol_val: 0.59383
epoch: 01000 loss_train: 0.02195 loss_val: 0.02304 viol_train: 0.49468 viol_val: 0.59366
Training Finished!
