Scaler Factors: [800.           0.9936625    1.987325     1.81292375]
Scaler saved at /home/f25moham/CSTR/nonlinear/total/pieces/Reduced_T/segments/segments2/heaviside/heaviside2/scaler.pkl
Scaled dataset saved at /home/f25moham/CSTR/nonlinear/total/pieces/Reduced_T/segments/segments2/heaviside/heaviside2/scaled_data.csv
Scaler Factors outside function: [800.           0.9936625    1.987325     1.81292375]
Scaler loaded successfully.
Scaler Type: <class 'sklearn.preprocessing._data.MaxAbsScaler'>
Scaler Factors (scale_): [800.           0.9936625    1.987325     1.81292375]
Namespace(model='KKThPINN', model_id='adaptive_S5_r9', input_dim=1, hidden_dim=32, hidden_num=2, z0_dim=3, optimizer='adam', epochs=1000, batch_size=16, lr=0.0001, mu=1, max_subiter=500, eta=0.8, sigma=2, mu_safe=1000000000.0, dtype=64, dataset_type='cstr', dataset_path='data.csv', val_ratio=0.2, job='train', runs=1, run=0)
Scaler Factors: [800.           0.9936625    1.987325     1.81292375]
Scaler saved at /home/f25moham/CSTR/nonlinear/total/pieces/Reduced_T/segments/segments2/heaviside/heaviside2/scaler.pkl
Scaled dataset saved at /home/f25moham/CSTR/nonlinear/total/pieces/Reduced_T/segments/segments2/heaviside/heaviside2/scaled_data.csv
train set size: 90, val set size: 30, test set size: 30
Dtypes after casting:
[torch.float64, torch.float64, torch.float64, torch.float64, torch.float64]
[torch.float64, torch.float64, torch.float64, torch.float64, torch.float64]
[torch.float64, torch.float64, torch.float64, torch.float64, torch.float64]
Start Training…
epoch: 00050 loss_train: 0.09696 loss_val: 0.09925 viol_train: 0.02994 viol_val: 0.03939
epoch: 00100 loss_train: 0.05041 loss_val: 0.05435 viol_train: 0.00764 viol_val: 0.00855
epoch: 00150 loss_train: 0.03671 loss_val: 0.04207 viol_train: 0.00370 viol_val: 0.00344
epoch: 00200 loss_train: 0.03337 loss_val: 0.03608 viol_train: 0.00915 viol_val: 0.01036
epoch: 00250 loss_train: 0.02952 loss_val: 0.03311 viol_train: 0.01084 viol_val: 0.01348
epoch: 00300 loss_train: 0.02696 loss_val: 0.02949 viol_train: 0.01153 viol_val: 0.01419
epoch: 00350 loss_train: 0.02340 loss_val: 0.02636 viol_train: 0.01057 viol_val: 0.01277
epoch: 00400 loss_train: 0.02127 loss_val: 0.02277 viol_train: 0.01067 viol_val: 0.01232
epoch: 00450 loss_train: 0.01756 loss_val: 0.01891 viol_train: 0.00960 viol_val: 0.01106
epoch: 00500 loss_train: 0.01480 loss_val: 0.01572 viol_train: 0.00786 viol_val: 0.00893
epoch: 00550 loss_train: 0.01233 loss_val: 0.01307 viol_train: 0.00577 viol_val: 0.00629
epoch: 00600 loss_train: 0.01011 loss_val: 0.01096 viol_train: 0.00460 viol_val: 0.00451
epoch: 00650 loss_train: 0.00886 loss_val: 0.00963 viol_train: 0.00323 viol_val: 0.00291
epoch: 00700 loss_train: 0.00799 loss_val: 0.00826 viol_train: 0.00289 viol_val: 0.00231
epoch: 00750 loss_train: 0.00693 loss_val: 0.00734 viol_train: 0.00247 viol_val: 0.00197
epoch: 00800 loss_train: 0.00609 loss_val: 0.00694 viol_train: 0.00274 viol_val: 0.00182
epoch: 00850 loss_train: 0.00564 loss_val: 0.00628 viol_train: 0.00263 viol_val: 0.00202
epoch: 00900 loss_train: 0.00555 loss_val: 0.00591 viol_train: 0.00289 viol_val: 0.00219
epoch: 00950 loss_train: 0.00510 loss_val: 0.00552 viol_train: 0.00303 viol_val: 0.00243
epoch: 01000 loss_train: 0.00492 loss_val: 0.00531 viol_train: 0.00310 viol_val: 0.00236
Training Finished!
