Scaler Factors: [800.           0.9936625    1.987325     1.81292375]
Scaler saved at /home/f25moham/CSTR/nonlinear/total/pieces/Reduced_T/segments/segments2/heaviside/heaviside2/scaler.pkl
Scaled dataset saved at /home/f25moham/CSTR/nonlinear/total/pieces/Reduced_T/segments/segments2/heaviside/heaviside2/scaled_data.csv
Scaler Factors outside function: [800.           0.9936625    1.987325     1.81292375]
Scaler loaded successfully.
Scaler Type: <class 'sklearn.preprocessing._data.MaxAbsScaler'>
Scaler Factors (scale_): [800.           0.9936625    1.987325     1.81292375]
Namespace(model='KKThPINN', model_id='uniform_S9_r8', input_dim=1, hidden_dim=32, hidden_num=2, z0_dim=3, optimizer='adam', epochs=1000, batch_size=16, lr=0.0001, mu=1, max_subiter=500, eta=0.8, sigma=2, mu_safe=1000000000.0, dtype=64, dataset_type='cstr', dataset_path='data.csv', val_ratio=0.2, job='train', runs=1, run=0)
Scaler Factors: [800.           0.9936625    1.987325     1.81292375]
Scaler saved at /home/f25moham/CSTR/nonlinear/total/pieces/Reduced_T/segments/segments2/heaviside/heaviside2/scaler.pkl
Scaled dataset saved at /home/f25moham/CSTR/nonlinear/total/pieces/Reduced_T/segments/segments2/heaviside/heaviside2/scaled_data.csv
train set size: 90, val set size: 30, test set size: 30
Dtypes after casting:
[torch.float64, torch.float64, torch.float64, torch.float64, torch.float64, torch.float64, torch.float64, torch.float64, torch.float64]
[torch.float64, torch.float64, torch.float64, torch.float64, torch.float64, torch.float64, torch.float64, torch.float64, torch.float64]
[torch.float64, torch.float64, torch.float64, torch.float64, torch.float64, torch.float64, torch.float64, torch.float64, torch.float64]
Start Training…
epoch: 00050 loss_train: 0.12285 loss_val: 0.14308 viol_train: 0.00239 viol_val: 0.00295
epoch: 00100 loss_train: 0.04506 loss_val: 0.05393 viol_train: 0.00279 viol_val: 0.00323
epoch: 00150 loss_train: 0.03646 loss_val: 0.04155 viol_train: 0.00951 viol_val: 0.01293
epoch: 00200 loss_train: 0.03464 loss_val: 0.03832 viol_train: 0.01278 viol_val: 0.01766
epoch: 00250 loss_train: 0.03458 loss_val: 0.03826 viol_train: 0.01580 viol_val: 0.01906
epoch: 00300 loss_train: 0.03204 loss_val: 0.03474 viol_train: 0.01448 viol_val: 0.02055
epoch: 00350 loss_train: 0.03136 loss_val: 0.03371 viol_train: 0.01430 viol_val: 0.02052
epoch: 00400 loss_train: 0.02888 loss_val: 0.03205 viol_train: 0.01523 viol_val: 0.01918
epoch: 00450 loss_train: 0.02759 loss_val: 0.02985 viol_train: 0.01345 viol_val: 0.01721
epoch: 00500 loss_train: 0.02513 loss_val: 0.02654 viol_train: 0.01211 viol_val: 0.01649
epoch: 00550 loss_train: 0.02204 loss_val: 0.02336 viol_train: 0.00941 viol_val: 0.01318
epoch: 00600 loss_train: 0.02012 loss_val: 0.02137 viol_train: 0.00709 viol_val: 0.00958
epoch: 00650 loss_train: 0.01705 loss_val: 0.01835 viol_train: 0.00411 viol_val: 0.00580
epoch: 00700 loss_train: 0.01531 loss_val: 0.01572 viol_train: 0.00224 viol_val: 0.00318
epoch: 00750 loss_train: 0.01274 loss_val: 0.01307 viol_train: 0.00140 viol_val: 0.00173
epoch: 00800 loss_train: 0.01071 loss_val: 0.01092 viol_train: 0.00126 viol_val: 0.00152
epoch: 00850 loss_train: 0.00924 loss_val: 0.00952 viol_train: 0.00130 viol_val: 0.00142
epoch: 00900 loss_train: 0.00786 loss_val: 0.00826 viol_train: 0.00128 viol_val: 0.00155
epoch: 00950 loss_train: 0.00703 loss_val: 0.00749 viol_train: 0.00147 viol_val: 0.00164
epoch: 01000 loss_train: 0.00622 loss_val: 0.00662 viol_train: 0.00187 viol_val: 0.00206
Training Finished!
