Scaler Factors: [800.           0.9936625    1.987325     1.81292375]
Scaler saved at /home/f25moham/CSTR/nonlinear/total/pieces/Reduced_T/segments/segments2/heaviside/heaviside2/scaler.pkl
Scaled dataset saved at /home/f25moham/CSTR/nonlinear/total/pieces/Reduced_T/segments/segments2/heaviside/heaviside2/scaled_data.csv
Scaler Factors outside function: [800.           0.9936625    1.987325     1.81292375]
Scaler loaded successfully.
Scaler Type: <class 'sklearn.preprocessing._data.MaxAbsScaler'>
Scaler Factors (scale_): [800.           0.9936625    1.987325     1.81292375]
Namespace(model='KKThPINN', model_id='adaptive_S30_r4', input_dim=1, hidden_dim=32, hidden_num=2, z0_dim=3, optimizer='adam', epochs=1000, batch_size=16, lr=0.0001, mu=1, max_subiter=500, eta=0.8, sigma=2, mu_safe=1000000000.0, dtype=64, dataset_type='cstr', dataset_path='data.csv', val_ratio=0.2, job='train', runs=1, run=0)
Scaler Factors: [800.           0.9936625    1.987325     1.81292375]
Scaler saved at /home/f25moham/CSTR/nonlinear/total/pieces/Reduced_T/segments/segments2/heaviside/heaviside2/scaler.pkl
Scaled dataset saved at /home/f25moham/CSTR/nonlinear/total/pieces/Reduced_T/segments/segments2/heaviside/heaviside2/scaled_data.csv
train set size: 90, val set size: 30, test set size: 30
Dtypes after casting:
[torch.float64, torch.float64, torch.float64, torch.float64, torch.float64, torch.float64, torch.float64, torch.float64, torch.float64, torch.float64, torch.float64, torch.float64, torch.float64, torch.float64, torch.float64, torch.float64, torch.float64, torch.float64, torch.float64, torch.float64, torch.float64, torch.float64, torch.float64, torch.float64, torch.float64, torch.float64, torch.float64, torch.float64, torch.float64, torch.float64]
[torch.float64, torch.float64, torch.float64, torch.float64, torch.float64, torch.float64, torch.float64, torch.float64, torch.float64, torch.float64, torch.float64, torch.float64, torch.float64, torch.float64, torch.float64, torch.float64, torch.float64, torch.float64, torch.float64, torch.float64, torch.float64, torch.float64, torch.float64, torch.float64, torch.float64, torch.float64, torch.float64, torch.float64, torch.float64, torch.float64]
[torch.float64, torch.float64, torch.float64, torch.float64, torch.float64, torch.float64, torch.float64, torch.float64, torch.float64, torch.float64, torch.float64, torch.float64, torch.float64, torch.float64, torch.float64, torch.float64, torch.float64, torch.float64, torch.float64, torch.float64, torch.float64, torch.float64, torch.float64, torch.float64, torch.float64, torch.float64, torch.float64, torch.float64, torch.float64, torch.float64]
Start Training…
epoch: 00050 loss_train: 0.09484 loss_val: 0.11277 viol_train: 0.02707 viol_val: 0.03822
epoch: 00100 loss_train: 0.03526 loss_val: 0.04001 viol_train: 0.00111 viol_val: 0.00141
epoch: 00150 loss_train: 0.03179 loss_val: 0.03413 viol_train: 0.00827 viol_val: 0.01171
epoch: 00200 loss_train: 0.02995 loss_val: 0.03333 viol_train: 0.01176 viol_val: 0.01560
epoch: 00250 loss_train: 0.02847 loss_val: 0.03092 viol_train: 0.01196 viol_val: 0.01651
epoch: 00300 loss_train: 0.02824 loss_val: 0.02949 viol_train: 0.01156 viol_val: 0.01701
epoch: 00350 loss_train: 0.02604 loss_val: 0.02884 viol_train: 0.01051 viol_val: 0.01410
epoch: 00400 loss_train: 0.02346 loss_val: 0.02589 viol_train: 0.00897 viol_val: 0.01206
epoch: 00450 loss_train: 0.02172 loss_val: 0.02368 viol_train: 0.00697 viol_val: 0.00913
epoch: 00500 loss_train: 0.01986 loss_val: 0.02018 viol_train: 0.00489 viol_val: 0.00677
epoch: 00550 loss_train: 0.01639 loss_val: 0.01703 viol_train: 0.00278 viol_val: 0.00362
epoch: 00600 loss_train: 0.01473 loss_val: 0.01479 viol_train: 0.00120 viol_val: 0.00164
epoch: 00650 loss_train: 0.01169 loss_val: 0.01251 viol_train: 0.00041 viol_val: 0.00051
epoch: 00700 loss_train: 0.01013 loss_val: 0.01074 viol_train: 0.00057 viol_val: 0.00058
epoch: 00750 loss_train: 0.00929 loss_val: 0.00961 viol_train: 0.00105 viol_val: 0.00128
epoch: 00800 loss_train: 0.00843 loss_val: 0.00879 viol_train: 0.00190 viol_val: 0.00210
epoch: 00850 loss_train: 0.00810 loss_val: 0.00852 viol_train: 0.00286 viol_val: 0.00360
epoch: 00900 loss_train: 0.00765 loss_val: 0.00814 viol_train: 0.00349 viol_val: 0.00389
epoch: 00950 loss_train: 0.00755 loss_val: 0.00804 viol_train: 0.00400 viol_val: 0.00433
epoch: 01000 loss_train: 0.00744 loss_val: 0.00792 viol_train: 0.00472 viol_val: 0.00549
Training Finished!
