Scaler Factors: [800.           0.9936625    1.987325     1.81292375]
Scaler saved at /home/f25moham/CSTR/nonlinear/total/pieces/Reduced_T/segments/segments2/heaviside/heaviside2/scaler.pkl
Scaled dataset saved at /home/f25moham/CSTR/nonlinear/total/pieces/Reduced_T/segments/segments2/heaviside/heaviside2/scaled_data.csv
Scaler Factors outside function: [800.           0.9936625    1.987325     1.81292375]
Scaler loaded successfully.
Scaler Type: <class 'sklearn.preprocessing._data.MaxAbsScaler'>
Scaler Factors (scale_): [800.           0.9936625    1.987325     1.81292375]
Namespace(model='KKThPINN', model_id='uniform_S11_r1', input_dim=1, hidden_dim=32, hidden_num=2, z0_dim=3, optimizer='adam', epochs=1000, batch_size=16, lr=0.0001, mu=1, max_subiter=500, eta=0.8, sigma=2, mu_safe=1000000000.0, dtype=64, dataset_type='cstr', dataset_path='data.csv', val_ratio=0.2, job='train', runs=1, run=0)
Scaler Factors: [800.           0.9936625    1.987325     1.81292375]
Scaler saved at /home/f25moham/CSTR/nonlinear/total/pieces/Reduced_T/segments/segments2/heaviside/heaviside2/scaler.pkl
Scaled dataset saved at /home/f25moham/CSTR/nonlinear/total/pieces/Reduced_T/segments/segments2/heaviside/heaviside2/scaled_data.csv
train set size: 90, val set size: 30, test set size: 30
Dtypes after casting:
[torch.float64, torch.float64, torch.float64, torch.float64, torch.float64, torch.float64, torch.float64, torch.float64, torch.float64, torch.float64, torch.float64]
[torch.float64, torch.float64, torch.float64, torch.float64, torch.float64, torch.float64, torch.float64, torch.float64, torch.float64, torch.float64, torch.float64]
[torch.float64, torch.float64, torch.float64, torch.float64, torch.float64, torch.float64, torch.float64, torch.float64, torch.float64, torch.float64, torch.float64]
Start Training…
epoch: 00050 loss_train: 0.08546 loss_val: 0.09976 viol_train: 0.08605 viol_val: 0.10529
epoch: 00100 loss_train: 0.04870 loss_val: 0.05164 viol_train: 0.00517 viol_val: 0.00712
epoch: 00150 loss_train: 0.03368 loss_val: 0.03868 viol_train: 0.00576 viol_val: 0.00748
epoch: 00200 loss_train: 0.03130 loss_val: 0.03412 viol_train: 0.01549 viol_val: 0.01897
epoch: 00250 loss_train: 0.03038 loss_val: 0.03331 viol_train: 0.01550 viol_val: 0.02181
epoch: 00300 loss_train: 0.02790 loss_val: 0.03037 viol_train: 0.01609 viol_val: 0.02019
epoch: 00350 loss_train: 0.02519 loss_val: 0.02885 viol_train: 0.01588 viol_val: 0.02033
epoch: 00400 loss_train: 0.02415 loss_val: 0.02631 viol_train: 0.01279 viol_val: 0.01693
epoch: 00450 loss_train: 0.02138 loss_val: 0.02327 viol_train: 0.01093 viol_val: 0.01537
epoch: 00500 loss_train: 0.01913 loss_val: 0.01989 viol_train: 0.00887 viol_val: 0.01228
epoch: 00550 loss_train: 0.01618 loss_val: 0.01826 viol_train: 0.00685 viol_val: 0.00914
epoch: 00600 loss_train: 0.01468 loss_val: 0.01516 viol_train: 0.00454 viol_val: 0.00636
epoch: 00650 loss_train: 0.01204 loss_val: 0.01249 viol_train: 0.00280 viol_val: 0.00387
epoch: 00700 loss_train: 0.01040 loss_val: 0.01117 viol_train: 0.00173 viol_val: 0.00251
epoch: 00750 loss_train: 0.00919 loss_val: 0.00972 viol_train: 0.00103 viol_val: 0.00147
epoch: 00800 loss_train: 0.00841 loss_val: 0.00885 viol_train: 0.00119 viol_val: 0.00163
epoch: 00850 loss_train: 0.00791 loss_val: 0.00843 viol_train: 0.00192 viol_val: 0.00252
epoch: 00900 loss_train: 0.00761 loss_val: 0.00816 viol_train: 0.00253 viol_val: 0.00308
epoch: 00950 loss_train: 0.00751 loss_val: 0.00830 viol_train: 0.00355 viol_val: 0.00383
epoch: 01000 loss_train: 0.00738 loss_val: 0.00804 viol_train: 0.00370 viol_val: 0.00450
Training Finished!
