Scaler Factors: [800.           0.9936625    1.987325     1.81292375]
Scaler saved at /home/f25moham/CSTR/nonlinear/total/pieces/Reduced_T/segments/segments2/heaviside/heaviside2/scaler.pkl
Scaled dataset saved at /home/f25moham/CSTR/nonlinear/total/pieces/Reduced_T/segments/segments2/heaviside/heaviside2/scaled_data.csv
Scaler Factors outside function: [800.           0.9936625    1.987325     1.81292375]
Scaler loaded successfully.
Scaler Type: <class 'sklearn.preprocessing._data.MaxAbsScaler'>
Scaler Factors (scale_): [800.           0.9936625    1.987325     1.81292375]
Namespace(model='KKThPINN', model_id='uniform_S3_r2', input_dim=1, hidden_dim=32, hidden_num=2, z0_dim=3, optimizer='adam', epochs=1000, batch_size=16, lr=0.0001, mu=1, max_subiter=500, eta=0.8, sigma=2, mu_safe=1000000000.0, dtype=64, dataset_type='cstr', dataset_path='data.csv', val_ratio=0.2, job='train', runs=1, run=0)
Scaler Factors: [800.           0.9936625    1.987325     1.81292375]
Scaler saved at /home/f25moham/CSTR/nonlinear/total/pieces/Reduced_T/segments/segments2/heaviside/heaviside2/scaler.pkl
Scaled dataset saved at /home/f25moham/CSTR/nonlinear/total/pieces/Reduced_T/segments/segments2/heaviside/heaviside2/scaled_data.csv
train set size: 90, val set size: 30, test set size: 30
Dtypes after casting:
[torch.float64, torch.float64, torch.float64]
[torch.float64, torch.float64, torch.float64]
[torch.float64, torch.float64, torch.float64]
Start Training…
epoch: 00050 loss_train: 0.06512 loss_val: 0.07196 viol_train: 0.04236 viol_val: 0.05507
epoch: 00100 loss_train: 0.03930 loss_val: 0.04341 viol_train: 0.01982 viol_val: 0.02342
epoch: 00150 loss_train: 0.03442 loss_val: 0.03889 viol_train: 0.01136 viol_val: 0.01239
epoch: 00200 loss_train: 0.03220 loss_val: 0.03668 viol_train: 0.01665 viol_val: 0.01576
epoch: 00250 loss_train: 0.03286 loss_val: 0.03595 viol_train: 0.01640 viol_val: 0.01860
epoch: 00300 loss_train: 0.03012 loss_val: 0.03436 viol_train: 0.01655 viol_val: 0.01851
epoch: 00350 loss_train: 0.02924 loss_val: 0.03258 viol_train: 0.01657 viol_val: 0.01921
epoch: 00400 loss_train: 0.02823 loss_val: 0.03101 viol_train: 0.01538 viol_val: 0.01863
epoch: 00450 loss_train: 0.02556 loss_val: 0.02896 viol_train: 0.01708 viol_val: 0.01739
epoch: 00500 loss_train: 0.02281 loss_val: 0.02609 viol_train: 0.01470 viol_val: 0.01682
epoch: 00550 loss_train: 0.02060 loss_val: 0.02240 viol_train: 0.01465 viol_val: 0.01757
epoch: 00600 loss_train: 0.01756 loss_val: 0.01995 viol_train: 0.01423 viol_val: 0.01583
epoch: 00650 loss_train: 0.01593 loss_val: 0.01734 viol_train: 0.01523 viol_val: 0.01563
epoch: 00700 loss_train: 0.01400 loss_val: 0.01512 viol_train: 0.01370 viol_val: 0.01633
epoch: 00750 loss_train: 0.01178 loss_val: 0.01362 viol_train: 0.01350 viol_val: 0.01543
epoch: 00800 loss_train: 0.01052 loss_val: 0.01178 viol_train: 0.01451 viol_val: 0.01629
epoch: 00850 loss_train: 0.00992 loss_val: 0.01083 viol_train: 0.01429 viol_val: 0.01504
epoch: 00900 loss_train: 0.00933 loss_val: 0.01064 viol_train: 0.01400 viol_val: 0.01484
epoch: 00950 loss_train: 0.00861 loss_val: 0.01008 viol_train: 0.01282 viol_val: 0.01407
epoch: 01000 loss_train: 0.00826 loss_val: 0.00984 viol_train: 0.01357 viol_val: 0.01392
Training Finished!
