Scaler Factors: [800.           0.9936625    1.987325     1.81292375]
Scaler saved at /home/f25moham/CSTR/nonlinear/total/pieces/Reduced_T/segments/segments2/heaviside/heaviside2/scaler.pkl
Scaled dataset saved at /home/f25moham/CSTR/nonlinear/total/pieces/Reduced_T/segments/segments2/heaviside/heaviside2/scaled_data.csv
Scaler Factors outside function: [800.           0.9936625    1.987325     1.81292375]
Scaler loaded successfully.
Scaler Type: <class 'sklearn.preprocessing._data.MaxAbsScaler'>
Scaler Factors (scale_): [800.           0.9936625    1.987325     1.81292375]
Namespace(model='KKThPINN', model_id='adaptive_S30', input_dim=1, hidden_dim=32, hidden_num=2, z0_dim=3, optimizer='adam', epochs=1000, batch_size=16, lr=0.0001, mu=1, max_subiter=500, eta=0.8, sigma=2, mu_safe=1000000000.0, dtype=64, dataset_type='cstr', dataset_path='data.csv', val_ratio=0.2, job='train', runs=1, run=0)
Scaler Factors: [800.           0.9936625    1.987325     1.81292375]
Scaler saved at /home/f25moham/CSTR/nonlinear/total/pieces/Reduced_T/segments/segments2/heaviside/heaviside2/scaler.pkl
Scaled dataset saved at /home/f25moham/CSTR/nonlinear/total/pieces/Reduced_T/segments/segments2/heaviside/heaviside2/scaled_data.csv
train set size: 90, val set size: 30, test set size: 30
Dtypes after casting:
[torch.float64, torch.float64, torch.float64, torch.float64, torch.float64, torch.float64, torch.float64, torch.float64, torch.float64, torch.float64, torch.float64, torch.float64, torch.float64, torch.float64, torch.float64, torch.float64, torch.float64, torch.float64, torch.float64, torch.float64, torch.float64, torch.float64, torch.float64, torch.float64, torch.float64, torch.float64, torch.float64, torch.float64, torch.float64, torch.float64]
[torch.float64, torch.float64, torch.float64, torch.float64, torch.float64, torch.float64, torch.float64, torch.float64, torch.float64, torch.float64, torch.float64, torch.float64, torch.float64, torch.float64, torch.float64, torch.float64, torch.float64, torch.float64, torch.float64, torch.float64, torch.float64, torch.float64, torch.float64, torch.float64, torch.float64, torch.float64, torch.float64, torch.float64, torch.float64, torch.float64]
[torch.float64, torch.float64, torch.float64, torch.float64, torch.float64, torch.float64, torch.float64, torch.float64, torch.float64, torch.float64, torch.float64, torch.float64, torch.float64, torch.float64, torch.float64, torch.float64, torch.float64, torch.float64, torch.float64, torch.float64, torch.float64, torch.float64, torch.float64, torch.float64, torch.float64, torch.float64, torch.float64, torch.float64, torch.float64, torch.float64]
Start Training…
epoch: 00050 loss_train: 0.11639 loss_val: 0.13925 viol_train: 0.12662 viol_val: 0.15959
epoch: 00100 loss_train: 0.06714 loss_val: 0.07819 viol_train: 0.04118 viol_val: 0.05206
epoch: 00150 loss_train: 0.04611 loss_val: 0.05241 viol_train: 0.00447 viol_val: 0.00572
epoch: 00200 loss_train: 0.03586 loss_val: 0.04080 viol_train: 0.00279 viol_val: 0.00306
epoch: 00250 loss_train: 0.03149 loss_val: 0.03401 viol_train: 0.00987 viol_val: 0.01405
epoch: 00300 loss_train: 0.02989 loss_val: 0.03172 viol_train: 0.01442 viol_val: 0.01833
epoch: 00350 loss_train: 0.02609 loss_val: 0.02862 viol_train: 0.01478 viol_val: 0.01888
epoch: 00400 loss_train: 0.02427 loss_val: 0.02472 viol_train: 0.01113 viol_val: 0.01584
epoch: 00450 loss_train: 0.01999 loss_val: 0.02131 viol_train: 0.00820 viol_val: 0.01139
epoch: 00500 loss_train: 0.01694 loss_val: 0.01793 viol_train: 0.00556 viol_val: 0.00782
epoch: 00550 loss_train: 0.01299 loss_val: 0.01364 viol_train: 0.00279 viol_val: 0.00369
epoch: 00600 loss_train: 0.01070 loss_val: 0.01138 viol_train: 0.00090 viol_val: 0.00120
epoch: 00650 loss_train: 0.00915 loss_val: 0.00943 viol_train: 0.00042 viol_val: 0.00046
epoch: 00700 loss_train: 0.00817 loss_val: 0.00841 viol_train: 0.00096 viol_val: 0.00095
epoch: 00750 loss_train: 0.00746 loss_val: 0.00771 viol_train: 0.00168 viol_val: 0.00197
epoch: 00800 loss_train: 0.00670 loss_val: 0.00704 viol_train: 0.00202 viol_val: 0.00229
epoch: 00850 loss_train: 0.00634 loss_val: 0.00679 viol_train: 0.00280 viol_val: 0.00318
epoch: 00900 loss_train: 0.00606 loss_val: 0.00654 viol_train: 0.00327 viol_val: 0.00435
epoch: 00950 loss_train: 0.00591 loss_val: 0.00633 viol_train: 0.00404 viol_val: 0.00399
epoch: 01000 loss_train: 0.00570 loss_val: 0.00616 viol_train: 0.00386 viol_val: 0.00414
Training Finished!
