Scaler Factors: [800.           0.9936625    1.987325     1.81292375]
Scaler saved at /home/f25moham/CSTR/nonlinear/total/pieces/Reduced_T/segments/segments2/heaviside/heaviside2/scaler.pkl
Scaled dataset saved at /home/f25moham/CSTR/nonlinear/total/pieces/Reduced_T/segments/segments2/heaviside/heaviside2/scaled_data.csv
Scaler Factors outside function: [800.           0.9936625    1.987325     1.81292375]
Scaler loaded successfully.
Scaler Type: <class 'sklearn.preprocessing._data.MaxAbsScaler'>
Scaler Factors (scale_): [800.           0.9936625    1.987325     1.81292375]
Namespace(model='KKThPINN', model_id='uniform_S30_r9', input_dim=1, hidden_dim=32, hidden_num=2, z0_dim=3, optimizer='adam', epochs=1000, batch_size=16, lr=0.0001, mu=1, max_subiter=500, eta=0.8, sigma=2, mu_safe=1000000000.0, dtype=64, dataset_type='cstr', dataset_path='data.csv', val_ratio=0.2, job='train', runs=1, run=0)
Scaler Factors: [800.           0.9936625    1.987325     1.81292375]
Scaler saved at /home/f25moham/CSTR/nonlinear/total/pieces/Reduced_T/segments/segments2/heaviside/heaviside2/scaler.pkl
Scaled dataset saved at /home/f25moham/CSTR/nonlinear/total/pieces/Reduced_T/segments/segments2/heaviside/heaviside2/scaled_data.csv
train set size: 90, val set size: 30, test set size: 30
Dtypes after casting:
[torch.float64, torch.float64, torch.float64, torch.float64, torch.float64, torch.float64, torch.float64, torch.float64, torch.float64, torch.float64, torch.float64, torch.float64, torch.float64, torch.float64, torch.float64, torch.float64, torch.float64, torch.float64, torch.float64, torch.float64, torch.float64, torch.float64, torch.float64, torch.float64, torch.float64, torch.float64, torch.float64, torch.float64, torch.float64, torch.float64]
[torch.float64, torch.float64, torch.float64, torch.float64, torch.float64, torch.float64, torch.float64, torch.float64, torch.float64, torch.float64, torch.float64, torch.float64, torch.float64, torch.float64, torch.float64, torch.float64, torch.float64, torch.float64, torch.float64, torch.float64, torch.float64, torch.float64, torch.float64, torch.float64, torch.float64, torch.float64, torch.float64, torch.float64, torch.float64, torch.float64]
[torch.float64, torch.float64, torch.float64, torch.float64, torch.float64, torch.float64, torch.float64, torch.float64, torch.float64, torch.float64, torch.float64, torch.float64, torch.float64, torch.float64, torch.float64, torch.float64, torch.float64, torch.float64, torch.float64, torch.float64, torch.float64, torch.float64, torch.float64, torch.float64, torch.float64, torch.float64, torch.float64, torch.float64, torch.float64, torch.float64]
Start Training…
epoch: 00050 loss_train: 0.05137 loss_val: 0.06166 viol_train: 0.00739 viol_val: 0.00938
epoch: 00100 loss_train: 0.03838 loss_val: 0.04207 viol_train: 0.00217 viol_val: 0.00305
epoch: 00150 loss_train: 0.03513 loss_val: 0.03917 viol_train: 0.00694 viol_val: 0.00935
epoch: 00200 loss_train: 0.03290 loss_val: 0.03674 viol_train: 0.00757 viol_val: 0.01038
epoch: 00250 loss_train: 0.03162 loss_val: 0.03341 viol_train: 0.00687 viol_val: 0.00968
epoch: 00300 loss_train: 0.02777 loss_val: 0.02988 viol_train: 0.00599 viol_val: 0.00840
epoch: 00350 loss_train: 0.02529 loss_val: 0.02743 viol_train: 0.00449 viol_val: 0.00603
epoch: 00400 loss_train: 0.02252 loss_val: 0.02369 viol_train: 0.00325 viol_val: 0.00458
epoch: 00450 loss_train: 0.01930 loss_val: 0.02016 viol_train: 0.00186 viol_val: 0.00265
epoch: 00500 loss_train: 0.01697 loss_val: 0.01734 viol_train: 0.00096 viol_val: 0.00127
epoch: 00550 loss_train: 0.01398 loss_val: 0.01439 viol_train: 0.00041 viol_val: 0.00046
epoch: 00600 loss_train: 0.01187 loss_val: 0.01255 viol_train: 0.00049 viol_val: 0.00049
epoch: 00650 loss_train: 0.01069 loss_val: 0.01065 viol_train: 0.00058 viol_val: 0.00067
epoch: 00700 loss_train: 0.00874 loss_val: 0.00924 viol_train: 0.00044 viol_val: 0.00047
epoch: 00750 loss_train: 0.00788 loss_val: 0.00768 viol_train: 0.00022 viol_val: 0.00020
epoch: 00800 loss_train: 0.00698 loss_val: 0.00707 viol_train: 0.00021 viol_val: 0.00022
epoch: 00850 loss_train: 0.00575 loss_val: 0.00620 viol_train: 0.00019 viol_val: 0.00019
epoch: 00900 loss_train: 0.00520 loss_val: 0.00529 viol_train: 0.00024 viol_val: 0.00022
epoch: 00950 loss_train: 0.00439 loss_val: 0.00466 viol_train: 0.00029 viol_val: 0.00027
epoch: 01000 loss_train: 0.00419 loss_val: 0.00427 viol_train: 0.00026 viol_val: 0.00029
Training Finished!
