Scaler Factors: [800.           0.9936625    1.987325     1.81292375]
Scaler saved at /home/f25moham/CSTR/nonlinear/total/pieces/Reduced_T/segments/segments2/heaviside/heaviside2/scaler.pkl
Scaled dataset saved at /home/f25moham/CSTR/nonlinear/total/pieces/Reduced_T/segments/segments2/heaviside/heaviside2/scaled_data.csv
Scaler Factors outside function: [800.           0.9936625    1.987325     1.81292375]
Scaler loaded successfully.
Scaler Type: <class 'sklearn.preprocessing._data.MaxAbsScaler'>
Scaler Factors (scale_): [800.           0.9936625    1.987325     1.81292375]
Namespace(model='KKThPINN', model_id='adaptive_S11_r5', input_dim=1, hidden_dim=32, hidden_num=2, z0_dim=3, optimizer='adam', epochs=1000, batch_size=16, lr=0.0001, mu=1, max_subiter=500, eta=0.8, sigma=2, mu_safe=1000000000.0, dtype=64, dataset_type='cstr', dataset_path='data.csv', val_ratio=0.2, job='train', runs=1, run=0)
Scaler Factors: [800.           0.9936625    1.987325     1.81292375]
Scaler saved at /home/f25moham/CSTR/nonlinear/total/pieces/Reduced_T/segments/segments2/heaviside/heaviside2/scaler.pkl
Scaled dataset saved at /home/f25moham/CSTR/nonlinear/total/pieces/Reduced_T/segments/segments2/heaviside/heaviside2/scaled_data.csv
train set size: 90, val set size: 30, test set size: 30
Dtypes after casting:
[torch.float64, torch.float64, torch.float64, torch.float64, torch.float64, torch.float64, torch.float64, torch.float64, torch.float64, torch.float64, torch.float64]
[torch.float64, torch.float64, torch.float64, torch.float64, torch.float64, torch.float64, torch.float64, torch.float64, torch.float64, torch.float64, torch.float64]
[torch.float64, torch.float64, torch.float64, torch.float64, torch.float64, torch.float64, torch.float64, torch.float64, torch.float64, torch.float64, torch.float64]
Start Training…
epoch: 00050 loss_train: 0.14430 loss_val: 0.14884 viol_train: 0.22078 viol_val: 0.31714
epoch: 00100 loss_train: 0.08368 loss_val: 0.08347 viol_train: 0.08328 viol_val: 0.11247
epoch: 00150 loss_train: 0.05389 loss_val: 0.05291 viol_train: 0.00821 viol_val: 0.01111
epoch: 00200 loss_train: 0.03651 loss_val: 0.04073 viol_train: 0.00105 viol_val: 0.00116
epoch: 00250 loss_train: 0.03102 loss_val: 0.03453 viol_train: 0.00535 viol_val: 0.00654
epoch: 00300 loss_train: 0.02871 loss_val: 0.03132 viol_train: 0.00739 viol_val: 0.00924
epoch: 00350 loss_train: 0.02612 loss_val: 0.02845 viol_train: 0.00737 viol_val: 0.00927
epoch: 00400 loss_train: 0.02290 loss_val: 0.02539 viol_train: 0.00737 viol_val: 0.00826
epoch: 00450 loss_train: 0.02101 loss_val: 0.02300 viol_train: 0.00556 viol_val: 0.00644
epoch: 00500 loss_train: 0.01830 loss_val: 0.02035 viol_train: 0.00403 viol_val: 0.00548
epoch: 00550 loss_train: 0.01587 loss_val: 0.01677 viol_train: 0.00287 viol_val: 0.00370
epoch: 00600 loss_train: 0.01315 loss_val: 0.01423 viol_train: 0.00206 viol_val: 0.00258
epoch: 00650 loss_train: 0.01160 loss_val: 0.01240 viol_train: 0.00127 viol_val: 0.00152
epoch: 00700 loss_train: 0.00996 loss_val: 0.01049 viol_train: 0.00082 viol_val: 0.00089
epoch: 00750 loss_train: 0.00897 loss_val: 0.00975 viol_train: 0.00065 viol_val: 0.00066
epoch: 00800 loss_train: 0.00795 loss_val: 0.00849 viol_train: 0.00060 viol_val: 0.00058
epoch: 00850 loss_train: 0.00772 loss_val: 0.00790 viol_train: 0.00062 viol_val: 0.00057
epoch: 00900 loss_train: 0.00690 loss_val: 0.00750 viol_train: 0.00068 viol_val: 0.00065
epoch: 00950 loss_train: 0.00676 loss_val: 0.00738 viol_train: 0.00080 viol_val: 0.00078
epoch: 01000 loss_train: 0.00654 loss_val: 0.00716 viol_train: 0.00082 viol_val: 0.00081
Training Finished!
