Saved region_edges.npz
Linearized MB on A is -1.02737479681564*Ca - 0.0273747968156436*Cb - 0.00292405288077911*T + 1.90554906552297
Linearized MB on A is -1.2297236134945*Ca - 0.229723613494498*Cb - 0.0172813279202587*T + 6.79006483406242
Linearized MB on A is -2.14608645664523*Ca - 1.14608645664523*Cb - 0.0383804012912256*T + 15.5057860489289
Linearized MB on A is -6.19819889321833*Ca - 5.19819889321833*Cb - 0.058249212833211*T + 29.0720268793136
Linearized MB on A is -23.9253774602059*Ca - 22.9253774602059*Cb - 0.111497559301988*T + 74.4868330236366
Linearized MB on A is -91.9277656259678*Ca - 90.9277656259679*Cb - 0.290163119895557*T + 236.561887235626
Linearized MB on A is -319.928250835939*Ca - 318.928250835937*Cb - 0.819562577682768*T + 749.598550484323
Linearized MB on A is -999.264566551516*Ca - 998.264566551524*Cb - 2.2139657995568*T + 2198.06485299665
Linearized MB on A is -2826.3737638911*Ca - 2825.37376389056*Cb - 5.54082310541565*T + 5901.54902693237
Saved data.csv
Saved lin_params.csv
Saved ABb_matrices.csv
   region_id       A_T         B_Ca         B_Cb  B_Cc            b
0          0 -0.002924    -1.027375    -0.027375   0.0    -1.905549
1          1 -0.017281    -1.229724    -0.229724   0.0    -6.790065
2          2 -0.038380    -2.146086    -1.146086   0.0   -15.505786
3          3 -0.058249    -6.198199    -5.198199   0.0   -29.072027
4          4 -0.111498   -23.925377   -22.925377   0.0   -74.486833
5          5 -0.290163   -91.927766   -90.927766   0.0  -236.561887
6          6 -0.819563  -319.928251  -318.928251   0.0  -749.598550
7          7 -2.213966  -999.264567  -998.264567   0.0 -2198.064853
8          8 -5.540823 -2826.373764 -2825.373764   0.0 -5901.549027
