
=== Linearization accuracy by region ===
 region_id  T_low  T_high  n_points  mean_abs_linearization_error  rmse_linearization_error  max_abs_linearization_error  mean_abs_nonlinear_residual  mean_abs_linearized_residual  mean_abs_y_PL_error_scaled  rmse_y_PL_error_scaled  max_abs_y_PL_error_scaled  mean_abs_y_PL_error_original  rmse_y_PL_error_original  max_abs_y_PL_error_original  mean_abs_f_PL  max_abs_f_PL  mean_abs_dCa  mean_abs_dCb  max_abs_dCa  max_abs_dCb  mean_abs_df_dCa  mean_abs_df_dCb  max_abs_df_dCa  max_abs_df_dCb  mean_amplification  max_amplification
         0  280.0   300.0        20                      0.004888                  0.006681                     0.014865                 5.457467e-17                      0.004888                    0.001676                0.003773                   0.014520                      0.001750                  0.003765                     0.014428       0.004926      0.015663      0.004744      0.000506     0.014428     0.001538         1.028601         0.028601        1.077281        0.077281            1.025858           1.079515
         1  300.0   320.0        15                      0.006895                  0.009577                     0.023530                 8.673617e-17                      0.006895                    0.002267                0.004239                   0.016898                      0.002865                  0.004926                     0.016791       0.006802      0.019619      0.004920      0.003676     0.016791     0.012547         1.251512         0.251512        1.491486        0.491486            1.154147           1.491731
         2  320.0   340.0        16                      0.019808                  0.026947                     0.054275                 1.292369e-16                      0.019808                    0.002991                0.004986                   0.012698                      0.004507                  0.007987                     0.025235       0.022136      0.094075      0.004311      0.009210     0.011813     0.025235         2.273277         1.273277        3.258501        2.258501            2.107590           3.376269
         3  340.0   360.0        15                      0.038520                  0.054180                     0.133021                 7.327472e-16                      0.038520                    0.001464                0.002601                   0.009500                      0.002366                  0.004633                     0.018879       0.041626      0.181384      0.001630      0.005467     0.005628     0.018879         6.696021         5.696021       11.233644       10.233644            6.896836          12.903727
         4  360.0   380.0        13                      0.054546                  0.072527                     0.161247                 4.030964e-15                      0.054546                    0.000477                0.000815                   0.002782                      0.000786                  0.001484                     0.005528       0.065510      0.205029      0.000488      0.001870     0.001442     0.005528        27.910734        26.910734       44.271104       43.271104           32.662913          52.910656
         5  380.0   400.0        17                      0.052510                  0.075419                     0.192138                 1.191204e-14                      0.052510                    0.000116                0.000215                   0.000847                      0.000192                  0.000393                     0.001683       0.059241      0.257723      0.000116      0.000460     0.000425     0.001683       101.465516       100.465516      163.334261      162.334261          129.183686         228.973361
         6  400.0   420.0        18                      0.120074                  0.163040                     0.325473                 1.081604e-13                      0.120074                    0.000076                0.000133                   0.000410                      0.000125                  0.000243                     0.000815       0.119270      0.450507      0.000075      0.000301     0.000204     0.000815       321.337035       320.337035      543.913987      542.913987          389.081077         658.583178
         7  420.0   440.0        17                      0.216350                  0.292799                     0.616711                 1.829021e-12                      0.216350                    0.000044                0.000076                   0.000249                      0.000072                  0.000140                     0.000494       0.221520      0.910811      0.000043      0.000173     0.000124     0.000494      1038.770784      1037.770784     1614.036708     1613.036708         1256.481474        1955.912157
         8  440.0   460.0        19                      0.568187                  0.772772                     1.559378                 4.484647e-11                      0.568187                    0.000040                0.000071                   0.000222                      0.000067                  0.000130                     0.000441       0.665802      2.535120      0.000040      0.000161     0.000110     0.000441      3014.406261      3013.406261     4596.088395     4595.088395         3654.188734        5570.842733

=== Overall linearization accuracy ===
Overall mean absolute linearization error: 1.288833e-01
Overall RMSE linearization error:          3.000585e-01
Overall max absolute linearization error: 1.559378e+00

=== Manual PL y accuracy ===
Overall mean absolute PL-y error, scaled:   9.893179e-04
Overall RMSE PL-y error, scaled:            2.662683e-03
Overall max absolute PL-y error, scaled:    1.689784e-02
Overall mean absolute PL-y error, original: 1.358790e-03
Overall RMSE PL-y error, original:          3.672457e-03
Overall max absolute PL-y error, original:  2.523530e-02

=== Nonlinear sensitivity diagnostic ===
Mean |f(true)|:                 5.902623e-12
Mean |f(PL)|:                   1.440051e-01
Max  |f(PL)|:                   2.535120e+00
Mean |dCa|:                     1.821917e-03
Mean |dCb|:                     2.254454e-03
Max  |dCa|:                     1.679075e-02
Max  |dCb|:                     2.523530e-02
Mean |df/dCa|:                  5.532053e+02
Mean |df/dCb|:                  5.522053e+02
Max  |df/dCa|:                  4.596088e+03
Max  |df/dCb|:                  4.595088e+03
Mean amplification |df|/|dy|:   6.705932e+02
Max  amplification |df|/|dy|:   5.570843e+03

Top 10 largest nonlinear residuals after PL projection:
 Temperature (T)       Ca       Cb    Ca_PL    Cb_PL  abs_Ca_PL_error  abs_Cb_PL_error  abs_df_dCa  abs_df_dCb  abs_f_PL  amplification
      460.000000 0.395692 0.791384 0.395582 0.790943         0.000110         0.000441 4596.088395 4595.088395  2.535120    5570.842733
      459.497788 0.396003 0.792005 0.395903 0.791606         0.000100         0.000399 4487.475301 4486.475301  2.236454    5439.365807
      459.000000 0.396311 0.792622 0.396222 0.792264         0.000090         0.000359 4382.126282 4381.126282  1.964178    5311.825631
      457.000000 0.397560 0.795120 0.397505 0.794902         0.000055         0.000218 3981.136199 3980.136199  1.086513    4826.238355
      456.550361 0.397843 0.795685 0.397795 0.795494         0.000048         0.000192 3895.712968 3894.712968  0.932367    4722.766355
      439.000000 0.409473 0.818947 0.409360 0.818495         0.000113         0.000452 1614.036708 1613.036708  0.910811    1955.912157
      441.000000 0.408086 0.816172 0.407990 0.815790         0.000095         0.000381 1790.802574 1789.802574  0.853316    2170.145455
      442.000000 0.407398 0.814797 0.407323 0.814497         0.000075         0.000300 1885.659253 1884.659253  0.707392    2285.293501
      443.000000 0.406715 0.813430 0.406658 0.813201         0.000057         0.000229 1985.082031 1984.082031  0.568125    2405.974355
      455.000000 0.398823 0.797646 0.398795 0.797534         0.000028         0.000112 3613.800561 3612.800561  0.506505    4381.222065

Saved:
linearization_accuracy_detailed.csv
linearization_accuracy_summary.csv
