Scaler Factors: [800.           0.9936625    1.987325     1.81292375]
Scaler saved at /home/f25moham/CSTR/nonlinear/total/pieces/Reduced_T/segments/segments2/heaviside/heaviside2/scaler.pkl
Scaled dataset saved at /home/f25moham/CSTR/nonlinear/total/pieces/Reduced_T/segments/segments2/heaviside/heaviside2/scaled_data.csv
Scaler Factors outside function: [800.           0.9936625    1.987325     1.81292375]
Scaler loaded successfully.
Scaler Type: <class 'sklearn.preprocessing._data.MaxAbsScaler'>
Scaler Factors (scale_): [800.           0.9936625    1.987325     1.81292375]
Namespace(model='KKThPINN', model_id='adaptive_S1_r9', input_dim=1, hidden_dim=32, hidden_num=2, z0_dim=3, optimizer='adam', epochs=1000, batch_size=16, lr=0.0001, mu=1, max_subiter=500, eta=0.8, sigma=2, mu_safe=1000000000.0, dtype=64, dataset_type='cstr', dataset_path='data.csv', val_ratio=0.2, job='train', runs=1, run=0)
Scaler Factors: [800.           0.9936625    1.987325     1.81292375]
Scaler saved at /home/f25moham/CSTR/nonlinear/total/pieces/Reduced_T/segments/segments2/heaviside/heaviside2/scaler.pkl
Scaled dataset saved at /home/f25moham/CSTR/nonlinear/total/pieces/Reduced_T/segments/segments2/heaviside/heaviside2/scaled_data.csv
train set size: 90, val set size: 30, test set size: 30
Dtypes after casting:
[torch.float64]
[torch.float64]
[torch.float64]
Start Training…
epoch: 00050 loss_train: 0.09455 loss_val: 0.10392 viol_train: 0.45980 viol_val: 0.59924
epoch: 00100 loss_train: 0.05653 loss_val: 0.06214 viol_train: 0.53460 viol_val: 0.69884
epoch: 00150 loss_train: 0.05486 loss_val: 0.05656 viol_train: 0.47310 viol_val: 0.69605
epoch: 00200 loss_train: 0.05541 loss_val: 0.05694 viol_train: 0.47319 viol_val: 0.65548
epoch: 00250 loss_train: 0.05085 loss_val: 0.05434 viol_train: 0.50536 viol_val: 0.67508
epoch: 00300 loss_train: 0.04843 loss_val: 0.05200 viol_train: 0.47147 viol_val: 0.64170
epoch: 00350 loss_train: 0.04772 loss_val: 0.04872 viol_train: 0.51055 viol_val: 0.67428
epoch: 00400 loss_train: 0.04653 loss_val: 0.04771 viol_train: 0.46619 viol_val: 0.66602
epoch: 00450 loss_train: 0.04168 loss_val: 0.04440 viol_train: 0.46400 viol_val: 0.65632
epoch: 00500 loss_train: 0.04024 loss_val: 0.03960 viol_train: 0.45717 viol_val: 0.63938
epoch: 00550 loss_train: 0.03610 loss_val: 0.03554 viol_train: 0.45486 viol_val: 0.66226
epoch: 00600 loss_train: 0.03516 loss_val: 0.03367 viol_train: 0.51108 viol_val: 0.64224
epoch: 00650 loss_train: 0.02987 loss_val: 0.03026 viol_train: 0.45874 viol_val: 0.64095
epoch: 00700 loss_train: 0.02880 loss_val: 0.02869 viol_train: 0.46627 viol_val: 0.63081
epoch: 00750 loss_train: 0.02707 loss_val: 0.02670 viol_train: 0.43002 viol_val: 0.58960
epoch: 00800 loss_train: 0.02677 loss_val: 0.02571 viol_train: 0.44139 viol_val: 0.61157
epoch: 00850 loss_train: 0.02429 loss_val: 0.02414 viol_train: 0.46285 viol_val: 0.61867
epoch: 00900 loss_train: 0.02417 loss_val: 0.02350 viol_train: 0.47686 viol_val: 0.59792
epoch: 00950 loss_train: 0.02212 loss_val: 0.02354 viol_train: 0.42947 viol_val: 0.63181
epoch: 01000 loss_train: 0.02241 loss_val: 0.02240 viol_train: 0.48479 viol_val: 0.59781
Training Finished!
