Scaler Factors: [800.           0.9936625    1.987325     1.81292375]
Scaler saved at /home/f25moham/CSTR/nonlinear/total/pieces/Reduced_T/segments/segments2/heaviside/heaviside2/scaler.pkl
Scaled dataset saved at /home/f25moham/CSTR/nonlinear/total/pieces/Reduced_T/segments/segments2/heaviside/heaviside2/scaled_data.csv
Scaler Factors outside function: [800.           0.9936625    1.987325     1.81292375]
Scaler loaded successfully.
Scaler Type: <class 'sklearn.preprocessing._data.MaxAbsScaler'>
Scaler Factors (scale_): [800.           0.9936625    1.987325     1.81292375]
Namespace(model='KKThPINN', model_id='uniform_S3_r0', input_dim=1, hidden_dim=32, hidden_num=2, z0_dim=3, optimizer='adam', epochs=1000, batch_size=16, lr=0.0001, mu=1, max_subiter=500, eta=0.8, sigma=2, mu_safe=1000000000.0, dtype=64, dataset_type='cstr', dataset_path='data.csv', val_ratio=0.2, job='train', runs=1, run=0)
Scaler Factors: [800.           0.9936625    1.987325     1.81292375]
Scaler saved at /home/f25moham/CSTR/nonlinear/total/pieces/Reduced_T/segments/segments2/heaviside/heaviside2/scaler.pkl
Scaled dataset saved at /home/f25moham/CSTR/nonlinear/total/pieces/Reduced_T/segments/segments2/heaviside/heaviside2/scaled_data.csv
train set size: 90, val set size: 30, test set size: 30
Dtypes after casting:
[torch.float64, torch.float64, torch.float64]
[torch.float64, torch.float64, torch.float64]
[torch.float64, torch.float64, torch.float64]
Start Training…
epoch: 00050 loss_train: 0.09283 loss_val: 0.10120 viol_train: 0.13916 viol_val: 0.18622
epoch: 00100 loss_train: 0.04745 loss_val: 0.05352 viol_train: 0.05127 viol_val: 0.06361
epoch: 00150 loss_train: 0.03965 loss_val: 0.04310 viol_train: 0.01794 viol_val: 0.02122
epoch: 00200 loss_train: 0.03586 loss_val: 0.03839 viol_train: 0.01163 viol_val: 0.01243
epoch: 00250 loss_train: 0.03342 loss_val: 0.03776 viol_train: 0.01381 viol_val: 0.01527
epoch: 00300 loss_train: 0.03171 loss_val: 0.03697 viol_train: 0.01803 viol_val: 0.02027
epoch: 00350 loss_train: 0.03055 loss_val: 0.03511 viol_train: 0.01815 viol_val: 0.02055
epoch: 00400 loss_train: 0.02856 loss_val: 0.03291 viol_train: 0.01946 viol_val: 0.02215
epoch: 00450 loss_train: 0.02789 loss_val: 0.03120 viol_train: 0.01974 viol_val: 0.02319
epoch: 00500 loss_train: 0.02524 loss_val: 0.02931 viol_train: 0.02084 viol_val: 0.02594
epoch: 00550 loss_train: 0.02396 loss_val: 0.02743 viol_train: 0.02324 viol_val: 0.02590
epoch: 00600 loss_train: 0.02267 loss_val: 0.02499 viol_train: 0.02213 viol_val: 0.02773
epoch: 00650 loss_train: 0.01989 loss_val: 0.02198 viol_train: 0.02515 viol_val: 0.02750
epoch: 00700 loss_train: 0.01756 loss_val: 0.01942 viol_train: 0.02346 viol_val: 0.03017
epoch: 00750 loss_train: 0.01618 loss_val: 0.01766 viol_train: 0.02375 viol_val: 0.02829
epoch: 00800 loss_train: 0.01413 loss_val: 0.01525 viol_train: 0.02557 viol_val: 0.03018
epoch: 00850 loss_train: 0.01184 loss_val: 0.01385 viol_train: 0.02391 viol_val: 0.02697
epoch: 00900 loss_train: 0.01093 loss_val: 0.01209 viol_train: 0.02430 viol_val: 0.02870
epoch: 00950 loss_train: 0.00984 loss_val: 0.01172 viol_train: 0.02112 viol_val: 0.02610
epoch: 01000 loss_train: 0.00949 loss_val: 0.01108 viol_train: 0.02075 viol_val: 0.02492
Training Finished!
