Scaler Factors: [800.           0.9936625    1.987325     1.81292375]
Scaler saved at /home/f25moham/CSTR/nonlinear/total/pieces/Reduced_T/segments/segments2/heaviside/heaviside2/scaler.pkl
Scaled dataset saved at /home/f25moham/CSTR/nonlinear/total/pieces/Reduced_T/segments/segments2/heaviside/heaviside2/scaled_data.csv
Scaler Factors outside function: [800.           0.9936625    1.987325     1.81292375]
Scaler loaded successfully.
Scaler Type: <class 'sklearn.preprocessing._data.MaxAbsScaler'>
Scaler Factors (scale_): [800.           0.9936625    1.987325     1.81292375]
Namespace(model='KKThPINN', model_id='adaptive_S1_r8', input_dim=1, hidden_dim=32, hidden_num=2, z0_dim=3, optimizer='adam', epochs=1000, batch_size=16, lr=0.0001, mu=1, max_subiter=500, eta=0.8, sigma=2, mu_safe=1000000000.0, dtype=64, dataset_type='cstr', dataset_path='data.csv', val_ratio=0.2, job='train', runs=1, run=0)
Scaler Factors: [800.           0.9936625    1.987325     1.81292375]
Scaler saved at /home/f25moham/CSTR/nonlinear/total/pieces/Reduced_T/segments/segments2/heaviside/heaviside2/scaler.pkl
Scaled dataset saved at /home/f25moham/CSTR/nonlinear/total/pieces/Reduced_T/segments/segments2/heaviside/heaviside2/scaled_data.csv
train set size: 90, val set size: 30, test set size: 30
Dtypes after casting:
[torch.float64]
[torch.float64]
[torch.float64]
Start Training…
epoch: 00050 loss_train: 0.11649 loss_val: 0.13291 viol_train: 0.49704 viol_val: 0.68798
epoch: 00100 loss_train: 0.05909 loss_val: 0.06356 viol_train: 0.53168 viol_val: 0.68494
epoch: 00150 loss_train: 0.05317 loss_val: 0.05625 viol_train: 0.46676 viol_val: 0.68509
epoch: 00200 loss_train: 0.05276 loss_val: 0.05673 viol_train: 0.48194 viol_val: 0.65792
epoch: 00250 loss_train: 0.05255 loss_val: 0.05383 viol_train: 0.48287 viol_val: 0.64031
epoch: 00300 loss_train: 0.04984 loss_val: 0.05305 viol_train: 0.45449 viol_val: 0.65159
epoch: 00350 loss_train: 0.04952 loss_val: 0.05198 viol_train: 0.49266 viol_val: 0.63128
epoch: 00400 loss_train: 0.04818 loss_val: 0.05040 viol_train: 0.50635 viol_val: 0.65571
epoch: 00450 loss_train: 0.04596 loss_val: 0.04541 viol_train: 0.45379 viol_val: 0.61975
epoch: 00500 loss_train: 0.04184 loss_val: 0.04178 viol_train: 0.43906 viol_val: 0.62202
epoch: 00550 loss_train: 0.03998 loss_val: 0.04025 viol_train: 0.42849 viol_val: 0.60787
epoch: 00600 loss_train: 0.03833 loss_val: 0.03877 viol_train: 0.43586 viol_val: 0.59650
epoch: 00650 loss_train: 0.03432 loss_val: 0.03346 viol_train: 0.47132 viol_val: 0.63757
epoch: 00700 loss_train: 0.03158 loss_val: 0.03225 viol_train: 0.43010 viol_val: 0.61916
epoch: 00750 loss_train: 0.03010 loss_val: 0.02918 viol_train: 0.44342 viol_val: 0.61602
epoch: 00800 loss_train: 0.02821 loss_val: 0.02800 viol_train: 0.46534 viol_val: 0.61515
epoch: 00850 loss_train: 0.02811 loss_val: 0.02687 viol_train: 0.45060 viol_val: 0.61219
epoch: 00900 loss_train: 0.02627 loss_val: 0.02677 viol_train: 0.44447 viol_val: 0.60836
epoch: 00950 loss_train: 0.02540 loss_val: 0.02507 viol_train: 0.47679 viol_val: 0.62052
epoch: 01000 loss_train: 0.02438 loss_val: 0.02501 viol_train: 0.45166 viol_val: 0.62509
Training Finished!
