Scaler Factors: [800.           0.9936625    1.987325     1.81292375]
Scaler saved at /home/f25moham/CSTR/nonlinear/total/pieces/Reduced_T/segments/segments2/heaviside/heaviside2/scaler.pkl
Scaled dataset saved at /home/f25moham/CSTR/nonlinear/total/pieces/Reduced_T/segments/segments2/heaviside/heaviside2/scaled_data.csv
Scaler Factors outside function: [800.           0.9936625    1.987325     1.81292375]
Scaler loaded successfully.
Scaler Type: <class 'sklearn.preprocessing._data.MaxAbsScaler'>
Scaler Factors (scale_): [800.           0.9936625    1.987325     1.81292375]
Namespace(model='KKThPINN', model_id='adaptive_S2_r1', input_dim=1, hidden_dim=32, hidden_num=2, z0_dim=3, optimizer='adam', epochs=1000, batch_size=16, lr=0.0001, mu=1, max_subiter=500, eta=0.8, sigma=2, mu_safe=1000000000.0, dtype=64, dataset_type='cstr', dataset_path='data.csv', val_ratio=0.2, job='train', runs=1, run=0)
Scaler Factors: [800.           0.9936625    1.987325     1.81292375]
Scaler saved at /home/f25moham/CSTR/nonlinear/total/pieces/Reduced_T/segments/segments2/heaviside/heaviside2/scaler.pkl
Scaled dataset saved at /home/f25moham/CSTR/nonlinear/total/pieces/Reduced_T/segments/segments2/heaviside/heaviside2/scaled_data.csv
train set size: 90, val set size: 30, test set size: 30
Dtypes after casting:
[torch.float64, torch.float64]
[torch.float64, torch.float64]
[torch.float64, torch.float64]
Start Training…
epoch: 00050 loss_train: 0.08807 loss_val: 0.10047 viol_train: 0.14129 viol_val: 0.18218
epoch: 00100 loss_train: 0.04709 loss_val: 0.05303 viol_train: 0.09366 viol_val: 0.12316
epoch: 00150 loss_train: 0.03717 loss_val: 0.04178 viol_train: 0.05620 viol_val: 0.06802
epoch: 00200 loss_train: 0.03481 loss_val: 0.03788 viol_train: 0.03735 viol_val: 0.04340
epoch: 00250 loss_train: 0.03238 loss_val: 0.03538 viol_train: 0.03597 viol_val: 0.03739
epoch: 00300 loss_train: 0.03084 loss_val: 0.03306 viol_train: 0.03604 viol_val: 0.03818
epoch: 00350 loss_train: 0.02880 loss_val: 0.03086 viol_train: 0.03645 viol_val: 0.04205
epoch: 00400 loss_train: 0.02655 loss_val: 0.02814 viol_train: 0.04057 viol_val: 0.03964
epoch: 00450 loss_train: 0.02382 loss_val: 0.02422 viol_train: 0.03528 viol_val: 0.04202
epoch: 00500 loss_train: 0.02079 loss_val: 0.02139 viol_train: 0.03713 viol_val: 0.04164
epoch: 00550 loss_train: 0.01884 loss_val: 0.01867 viol_train: 0.03595 viol_val: 0.04362
epoch: 00600 loss_train: 0.01583 loss_val: 0.01608 viol_train: 0.03830 viol_val: 0.04320
epoch: 00650 loss_train: 0.01319 loss_val: 0.01323 viol_train: 0.04293 viol_val: 0.04389
epoch: 00700 loss_train: 0.01182 loss_val: 0.01168 viol_train: 0.03689 viol_val: 0.04343
epoch: 00750 loss_train: 0.01037 loss_val: 0.01021 viol_train: 0.03577 viol_val: 0.04209
epoch: 00800 loss_train: 0.00924 loss_val: 0.00918 viol_train: 0.03435 viol_val: 0.04032
epoch: 00850 loss_train: 0.00819 loss_val: 0.00809 viol_train: 0.03327 viol_val: 0.03836
epoch: 00900 loss_train: 0.00723 loss_val: 0.00721 viol_train: 0.03530 viol_val: 0.04074
epoch: 00950 loss_train: 0.00671 loss_val: 0.00642 viol_train: 0.03784 viol_val: 0.04065
epoch: 01000 loss_train: 0.00612 loss_val: 0.00605 viol_train: 0.03259 viol_val: 0.03774
Training Finished!
