Scaler Factors: [800.           0.9936625    1.987325     1.81292375]
Scaler saved at /home/f25moham/CSTR/nonlinear/total/pieces/Reduced_T/segments/segments2/heaviside/heaviside2/scaler.pkl
Scaled dataset saved at /home/f25moham/CSTR/nonlinear/total/pieces/Reduced_T/segments/segments2/heaviside/heaviside2/scaled_data.csv
Scaler Factors outside function: [800.           0.9936625    1.987325     1.81292375]
Scaler loaded successfully.
Scaler Type: <class 'sklearn.preprocessing._data.MaxAbsScaler'>
Scaler Factors (scale_): [800.           0.9936625    1.987325     1.81292375]
Namespace(model='KKThPINN', model_id='adaptive_S3_r1', input_dim=1, hidden_dim=32, hidden_num=2, z0_dim=3, optimizer='adam', epochs=1000, batch_size=16, lr=0.0001, mu=1, max_subiter=500, eta=0.8, sigma=2, mu_safe=1000000000.0, dtype=64, dataset_type='cstr', dataset_path='data.csv', val_ratio=0.2, job='train', runs=1, run=0)
Scaler Factors: [800.           0.9936625    1.987325     1.81292375]
Scaler saved at /home/f25moham/CSTR/nonlinear/total/pieces/Reduced_T/segments/segments2/heaviside/heaviside2/scaler.pkl
Scaled dataset saved at /home/f25moham/CSTR/nonlinear/total/pieces/Reduced_T/segments/segments2/heaviside/heaviside2/scaled_data.csv
train set size: 90, val set size: 30, test set size: 30
Dtypes after casting:
[torch.float64, torch.float64, torch.float64]
[torch.float64, torch.float64, torch.float64]
[torch.float64, torch.float64, torch.float64]
Start Training…
epoch: 00050 loss_train: 0.05962 loss_val: 0.06857 viol_train: 0.06798 viol_val: 0.08360
epoch: 00100 loss_train: 0.04101 loss_val: 0.04453 viol_train: 0.03411 viol_val: 0.03904
epoch: 00150 loss_train: 0.03676 loss_val: 0.04025 viol_train: 0.01425 viol_val: 0.01434
epoch: 00200 loss_train: 0.03489 loss_val: 0.03853 viol_train: 0.01007 viol_val: 0.00745
epoch: 00250 loss_train: 0.03426 loss_val: 0.03592 viol_train: 0.00979 viol_val: 0.00754
epoch: 00300 loss_train: 0.03160 loss_val: 0.03378 viol_train: 0.01071 viol_val: 0.00848
epoch: 00350 loss_train: 0.02947 loss_val: 0.03152 viol_train: 0.01129 viol_val: 0.00983
epoch: 00400 loss_train: 0.02682 loss_val: 0.02931 viol_train: 0.01103 viol_val: 0.00947
epoch: 00450 loss_train: 0.02586 loss_val: 0.02638 viol_train: 0.01110 viol_val: 0.00989
epoch: 00500 loss_train: 0.02231 loss_val: 0.02288 viol_train: 0.01115 viol_val: 0.01004
epoch: 00550 loss_train: 0.02049 loss_val: 0.02048 viol_train: 0.01179 viol_val: 0.01083
epoch: 00600 loss_train: 0.01738 loss_val: 0.01803 viol_train: 0.01119 viol_val: 0.00993
epoch: 00650 loss_train: 0.01518 loss_val: 0.01491 viol_train: 0.01102 viol_val: 0.00995
epoch: 00700 loss_train: 0.01355 loss_val: 0.01367 viol_train: 0.01158 viol_val: 0.00941
epoch: 00750 loss_train: 0.01148 loss_val: 0.01190 viol_train: 0.01098 viol_val: 0.00930
epoch: 00800 loss_train: 0.01049 loss_val: 0.01066 viol_train: 0.01101 viol_val: 0.00863
epoch: 00850 loss_train: 0.00963 loss_val: 0.00960 viol_train: 0.01028 viol_val: 0.00866
epoch: 00900 loss_train: 0.00878 loss_val: 0.00877 viol_train: 0.01000 viol_val: 0.00797
epoch: 00950 loss_train: 0.00818 loss_val: 0.00837 viol_train: 0.00986 viol_val: 0.00740
epoch: 01000 loss_train: 0.00759 loss_val: 0.00766 viol_train: 0.00951 viol_val: 0.00738
Training Finished!
