
=== Linearization accuracy by region ===
 region_id  T_low  T_high  n_points  mean_abs_linearization_error  rmse_linearization_error  max_abs_linearization_error  mean_abs_nonlinear_residual  mean_abs_linearized_residual  mean_abs_y_PL_error_scaled  rmse_y_PL_error_scaled  max_abs_y_PL_error_scaled  mean_abs_y_PL_error_original  rmse_y_PL_error_original  max_abs_y_PL_error_original  mean_abs_f_PL  max_abs_f_PL  mean_abs_dCa  mean_abs_dCb  max_abs_dCa  max_abs_dCb  mean_abs_df_dCa  mean_abs_df_dCb  max_abs_df_dCa  max_abs_df_dCb  mean_amplification  max_amplification
         0  280.0   286.0         7                      0.000290                  0.000358                     0.000620                 5.738140e-17                      0.000290                    0.000098                0.000206                   0.000617                      0.000100                  0.000204                     0.000613       0.000290      0.000618      0.000287      0.000013     0.000613     0.000027         1.010912         0.010912        1.014821        0.014821            0.865993           1.014471
         1  286.0   292.0         7                      0.000400                  0.000535                     0.001112                 5.178614e-17                      0.000400                    0.000137                0.000303                   0.001091                      0.000142                  0.000302                     0.001084       0.000399      0.001103      0.000390      0.000037     0.001084     0.000102         1.022823         0.022823        1.030904        0.030904            1.020371           1.029235
         2  292.0   298.0         4                      0.000677                  0.000783                     0.000967                 6.919920e-17                      0.000677                    0.000235                0.000432                   0.000919                      0.000253                  0.000435                     0.000913       0.000675      0.000955      0.000640      0.000121     0.000913     0.000172         1.047323         0.047323        1.062035        0.062035            1.037930           1.055145
         3  298.0   304.0         5                      0.001058                  0.001352                     0.002520                 1.197393e-16                      0.001058                    0.000369                0.000706                   0.002246                      0.000421                  0.000732                     0.002232       0.001045      0.002441      0.000937      0.000327     0.002232     0.000779         1.094004         0.094004        1.117557        0.117557            1.064019           1.093884
         4  304.0   310.0         4                      0.000961                  0.001140                     0.001706                 5.377643e-17                      0.000961                    0.000327                0.000541                   0.001344                      0.000399                  0.000599                     0.001336       0.000942      0.001628      0.000752      0.000446     0.001336     0.000792         1.166148         0.166148        1.209755        0.209755            1.087475           1.147627
         5  310.0   316.0         5                      0.000594                  0.000798                     0.001572                 4.926615e-17                      0.000594                    0.000185                0.000324                   0.001005                      0.000242                  0.000398                     0.000998       0.000564      0.001439      0.000377      0.000348     0.000998     0.000920         1.280002         0.280002        1.354541        0.354541            1.131388           1.236560
         6  316.0   322.0         5                      0.000252                  0.000329                     0.000504                 9.159340e-17                      0.000252                    0.000066                0.000107                   0.000237                      0.000091                  0.000147                     0.000311       0.000264      0.000550      0.000118      0.000155     0.000236     0.000311         1.506401         0.506401        1.575729        0.575729            1.307737           1.410886
         7  322.0   328.0         3                      0.001062                  0.001303                     0.001677                 1.156482e-16                      0.001062                    0.000212                0.000319                   0.000533                      0.000309                  0.000481                     0.000932       0.001076      0.001864      0.000336      0.000591     0.000530     0.000932         1.790220         0.790220        1.913506        0.913506            1.573073           1.739268
         8  328.0   334.0         6                      0.002804                  0.003491                     0.006237                 1.202742e-16                      0.002804                    0.000399                0.000609                   0.001397                      0.000604                  0.000984                     0.002776       0.002916      0.007465      0.000564      0.001248     0.001255     0.002776         2.242077         1.242077        2.542962        1.542962            2.053557           2.450208
         9  334.0   340.0         5                      0.003427                  0.004789                     0.009116                 1.665335e-16                      0.003427                    0.000331                0.000571                   0.001501                      0.000515                  0.000967                     0.002983       0.003114      0.007488      0.000425      0.001121     0.001130     0.002983         2.880388         1.880388        3.258501        2.258501            2.790475           3.263864
        10  340.0   346.0         4                      0.002925                  0.003579                     0.005001                 5.828671e-16                      0.002925                    0.000185                0.000283                   0.000571                      0.000295                  0.000494                     0.001136       0.002986      0.005437      0.000220      0.000664     0.000377     0.001136         4.153102         3.153102        4.557784        3.557784            4.309660           4.808979
        11  346.0   352.0         5                      0.002466                  0.003526                     0.005693                 7.549517e-16                      0.002466                    0.000101                0.000182                   0.000436                      0.000163                  0.000323                     0.000866       0.002497      0.006107      0.000113      0.000375     0.000261     0.000866         5.921270         4.921270        6.607067        5.607067            6.423291           7.273677
        12  352.0   358.0         5                      0.003259                  0.004010                     0.006143                 6.217249e-16                      0.003259                    0.000086                0.000134                   0.000309                      0.000139                  0.000240                     0.000614       0.003244      0.006534      0.000092      0.000326     0.000174     0.000614         8.597583         7.597583        9.812340        8.812340            9.367127          11.147129
        13  358.0   364.0         3                      0.004107                  0.005035                     0.006432                 2.664535e-15                      0.004107                    0.000069                0.000108                   0.000211                      0.000113                  0.000196                     0.000419       0.004123      0.006810      0.000072      0.000267     0.000113     0.000419        12.958911        11.958911       14.768009       13.768009           15.395562          17.147790
        14  364.0   370.0         3                      0.004250                  0.005210                     0.006654                 2.960595e-15                      0.004250                    0.000046                0.000073                   0.000142                      0.000076                  0.000132                     0.000282       0.004264      0.007033      0.000047      0.000180     0.000074     0.000282        19.577925        18.577925       22.331845       21.331845           23.434821          26.314213
        15  370.0   376.0         4                      0.007273                  0.009208                     0.015857                 3.552714e-15                      0.007273                    0.000051                0.000084                   0.000222                      0.000085                  0.000152                     0.000440       0.006523      0.012815      0.000052      0.000202     0.000114     0.000440        28.172371        27.172371       33.725258       32.725258           32.711496          40.126478
        16  376.0   382.0         5                      0.004102                  0.004911                     0.007237                 4.618528e-15                      0.004102                    0.000019                0.000029                   0.000067                      0.000031                  0.000054                     0.000133       0.003990      0.007678      0.000019      0.000075     0.000034     0.000133        42.887718        41.887718       50.665394       49.665394           40.627875          60.666209
        17  382.0   388.0         4                      0.004598                  0.005570                     0.007759                 1.421085e-14                      0.004598                    0.000014                0.000022                   0.000048                      0.000023                  0.000040                     0.000095       0.004693      0.008268      0.000014      0.000056     0.000024     0.000095        68.022103        67.022103       75.536892       74.536892           81.780747          90.824727
        18  388.0   394.0         6                      0.004291                  0.005632                     0.008547                 1.835569e-14                      0.004291                    0.000009                0.000015                   0.000035                      0.000015                  0.000028                     0.000070       0.004150      0.009156      0.000009      0.000035     0.000018     0.000070        95.271061        94.271061      111.612619      110.612619          115.731061         134.570637
        19  394.0   400.0         6                      0.006150                  0.007906                     0.013419                 5.921189e-15                      0.006150                    0.000009                0.000014                   0.000038                      0.000014                  0.000026                     0.000075       0.005797      0.011550      0.000009      0.000034     0.000019     0.000075       138.422267       137.422267      163.334261      162.334261          167.078730         197.290028
        20  400.0   406.0         6                      0.006284                  0.008829                     0.014876                 1.350031e-13                      0.006284                    0.000006                0.000011                   0.000029                      0.000010                  0.000020                     0.000057       0.005972      0.012906      0.000006      0.000024     0.000014     0.000057       205.545914       204.545914      236.665313      235.665313          249.489679         286.214493
        21  406.0   412.0         7                      0.013740                  0.016664                     0.030878                 4.060244e-14                      0.013740                    0.000009                0.000014                   0.000041                      0.000015                  0.000026                     0.000082       0.013804      0.025754      0.000009      0.000037     0.000021     0.000082       310.254113       309.254113      346.402688      345.402688          379.385630         419.287482
        22  412.0   418.0         3                      0.010938                  0.013398                     0.016654                 2.652693e-13                      0.010938                    0.000005                0.000008                   0.000016                      0.000009                  0.000015                     0.000031       0.010987      0.018150      0.000005      0.000020     0.000008     0.000031       431.334732       430.334732      482.359651      481.359651          528.266392         584.156307
        23  418.0   424.0         5                      0.012151                  0.015463                     0.020729                 5.411493e-12                      0.012151                    0.000004                0.000007                   0.000014                      0.000007                  0.000012                     0.000027       0.011803      0.022631      0.000004      0.000016     0.000007     0.000027       598.265925       597.265925      678.748420      677.748420          734.724940         822.308406
        24  424.0   430.0         5                      0.010833                  0.016357                     0.026080                 6.821210e-14                      0.010833                    0.000003                0.000005                   0.000012                      0.000004                  0.000009                     0.000025       0.010862      0.028493      0.000003      0.000010     0.000006     0.000025       842.814416       841.814416      946.265227      945.265227          815.765116        1146.714851
        25  430.0   436.0         7                      0.035540                  0.042036                     0.074648                 4.709883e-13                      0.035540                    0.000006                0.000009                   0.000026                      0.000010                  0.000017                     0.000051       0.035988      0.063474      0.000006      0.000024     0.000013     0.000051      1210.188854      1209.188854     1339.353831     1338.353831         1476.182402        1623.387841
        26  436.0   442.0         3                      0.027724                  0.033956                     0.041924                 1.515825e-13                      0.027724                    0.000003                0.000005                   0.000010                      0.000006                  0.000010                     0.000021       0.027838      0.045767      0.000003      0.000014     0.000005     0.000021      1619.396796      1618.396796     1790.802574     1789.802574         1973.101923        2170.851643
        27  442.0   448.0         6                      0.048786                  0.062866                     0.120243                 5.102644e-11                      0.048786                    0.000004                0.000007                   0.000022                      0.000007                  0.000014                     0.000044       0.047113      0.103127      0.000004      0.000018     0.000011     0.000044      2178.787979      2177.787979     2450.037290     2449.037290         2197.135295        2970.274784
        28  448.0   454.0         6                      0.047371                  0.063656                     0.122120                 8.750097e-11                      0.047371                    0.000003                0.000006                   0.000017                      0.000005                  0.000010                     0.000033       0.044848      0.106826      0.000003      0.000013     0.000008     0.000033      2908.974801      2907.974801     3277.567830     3276.567830         3495.808453        3973.795337
        29  454.0   460.0         6                      0.082346                  0.105935                     0.188995                 3.486396e-12                      0.082346                    0.000004                0.000007                   0.000019                      0.000007                  0.000013                     0.000038       0.090080      0.218187      0.000004      0.000017     0.000009     0.000038      4159.389951      4158.389951     4596.088395     4595.088395         5000.257838        5572.627754

=== Overall linearization accuracy ===
Overall mean absolute linearization error: 1.292448e-02
Overall RMSE linearization error:          3.037410e-02
Overall max absolute linearization error: 1.889947e-01

=== Manual PL y accuracy ===
Overall mean absolute PL-y error, scaled:   9.618849e-05
Overall RMSE PL-y error, scaled:            2.678070e-04
Overall max absolute PL-y error, scaled:    2.245992e-03
Overall mean absolute PL-y error, original: 1.311813e-04
Overall RMSE PL-y error, original:          3.650147e-04
Overall max absolute PL-y error, original:  2.982735e-03

=== Nonlinear sensitivity diagnostic ===
Mean |f(true)|:                 5.902623e-12
Mean |f(PL)|:                   1.302449e-02
Max  |f(PL)|:                   2.181870e-01
Mean |dCa|:                     1.799295e-04
Mean |dCb|:                     2.136144e-04
Max  |dCa|:                     2.231758e-03
Max  |dCb|:                     2.982735e-03
Mean |df/dCa|:                  5.532053e+02
Mean |df/dCb|:                  5.522053e+02
Max  |df/dCa|:                  4.596088e+03
Max  |df/dCb|:                  4.595088e+03
Mean amplification |df|/|dy|:   6.436170e+02
Max  amplification |df|/|dy|:   5.572628e+03

Top 10 largest nonlinear residuals after PL projection:
 Temperature (T)       Ca       Cb    Ca_PL    Cb_PL  abs_Ca_PL_error  abs_Cb_PL_error  abs_df_dCa  abs_df_dCb  abs_f_PL  amplification
      460.000000 0.395692 0.791384 0.395683 0.791346         0.000009         0.000038 4596.088395 4595.088395  0.218187    5572.627754
      459.497788 0.396003 0.792005 0.395996 0.791979         0.000007         0.000026 4487.475301 4486.475301  0.147905    5440.967063
      448.313036 0.403152 0.806305 0.403144 0.806272         0.000008         0.000033 2598.267841 2597.267841  0.106826    3149.958318
      442.000000 0.407398 0.814797 0.407387 0.814753         0.000011         0.000044 1885.659253 1884.659253  0.103127    2285.794573
      459.000000 0.396311 0.792622 0.396307 0.792606         0.000004         0.000017 4382.126282 4381.126282  0.092744    5313.252522
      455.000000 0.398823 0.797646 0.398819 0.797629         0.000004         0.000017 3613.800561 3612.800561  0.077444    4381.500481
      453.000000 0.400100 0.800201 0.400096 0.800183         0.000004         0.000018 3277.567830 3276.567830  0.073495    3973.795337
      447.142857 0.403927 0.807855 0.403922 0.807833         0.000005         0.000022 2450.037290 2449.037290  0.067091    2970.274784
      430.000000 0.415936 0.831873 0.415924 0.831822         0.000013         0.000051  999.264567  998.264567  0.063474    1210.914000
      449.000000 0.402700 0.805400 0.402695 0.805382         0.000005         0.000018 2689.050478 2688.050478  0.061110    3260.089522

Saved:
linearization_accuracy_detailed.csv
linearization_accuracy_summary.csv
