Saved region_edges.npz
Linearized MB on A is -1.0112948107762*Ca - 0.011294810776197*Cb - 0.0012771942420312*T + 1.38556654221976
Linearized MB on A is -1.02421577332843*Ca - 0.0242157733284289*Cb - 0.0026109011977189*T + 1.8056149132061
Linearized MB on A is -1.04947681910934*Ca - 0.0494768191093396*Cb - 0.00500170031527142*T + 2.57785900935515
Linearized MB on A is -1.09563719193524*Ca - 0.095637191935243*Cb - 0.00883165062125975*T + 3.85052707195821
Linearized MB on A is -1.17406808142414*Ca - 0.174068081424144*Cb - 0.0141686519848965*T + 5.68571859071476
Linearized MB on A is -1.29920420379329*Ca - 0.299204203793291*Cb - 0.0205693277903896*T + 7.98772944286657
Linearized MB on A is -1.49148579527323*Ca - 0.491485795273234*Cb - 0.0272643703988556*T + 10.5539506663138
Linearized MB on A is -1.78445961324569*Ca - 0.784459613245691*Cb - 0.0335890036533965*T + 13.2192988689765
Linearized MB on A is -2.23580047468781*Ca - 1.23580047468781*Cb - 0.0392918359324861*T + 15.9780864907237
Linearized MB on A is -2.94194897805148*Ca - 1.94194897805148*Cb - 0.0446027002987143*T + 19.0368106691837
Linearized MB on A is -4.05712438911996*Ca - 3.05712438911996*Cb - 0.0501601421794439*T + 22.8256670288944
Linearized MB on A is -5.81885137598085*Ca - 4.81885137598085*Cb - 0.0569220600747806*T + 28.0105811360379
Linearized MB on A is -8.58338387228986*Ca - 7.58338387228986*Cb - 0.0661352713110537*T + 35.5361054245152
Linearized MB on A is -12.8750805923847*Ca - 11.8750805923847*Cb - 0.0793874421020342*T + 46.7139708809494
Linearized MB on A is -19.4541541062744*Ca - 18.4541541062744*Cb - 0.0987306973446101*T + 63.3610521447365
Linearized MB on A is -29.4078444985085*Ca - 28.4078444985085*Cb - 0.126859271358533*T + 87.9883213562897
Linearized MB on A is -44.2711042327343*Ca - 43.2711042327343*Cb - 0.167332210674652*T + 124.045975054538
Linearized MB on A is -66.1841749446679*Ca - 65.184174944668*Cb - 0.224841915122129*T + 176.234499819102
Linearized MB on A is -98.0958681783371*Ca - 97.0958681783368*Cb - 0.305534985704549*T + 250.89498274439
Linearized MB on A is -144.022895062463*Ca - 143.022895062463*Cb - 0.417394186082997*T + 356.49453371169
Linearized MB on A is -209.377222319339*Ca - 208.377222319337*Cb - 0.57069103272456*T + 504.224764490971
Linearized MB on A is -301.375160783688*Ca - 300.375160783684*Cb - 0.77851863246188*T + 708.733179854578
Linearized MB on A is -429.543706277335*Ca - 428.543706277335*Cb - 1.05741429038366*T + 989.009193548535
Linearized MB on A is -606.341532485398*Ca - 605.3415324854*Cb - 1.42808122230912*T + 1369.44829834261
Linearized MB on A is -847.913957585114*Ca - 846.913957585153*Cb - 1.91621842682285*T + 1881.11966528959
Linearized MB on A is -1175.00314340301*Ca - 1174.00314340295*Cb - 2.55346738005878*T + 2563.26408183278
Linearized MB on A is -1614.03670788306*Ca - 1613.03670788306*Cb - 3.37848369230705*T + 3465.05061944993
Linearized MB on A is -2198.41980695661*Ca - 2197.4198069564*Cb - 4.43814119739662*T + 4647.62170945564
Linearized MB on A is -2970.05753779693*Ca - 2969.05753779674*Cb - 5.78887513008983*T + 6186.45736432816
Linearized MB on A is -3981.13619893191*Ca - 3980.13619893172*Cb - 7.49817008658098*T + 8174.09007953952
Saved data.csv
Saved lin_params.csv
Saved ABb_matrices.csv
    region_id       A_T         B_Ca         B_Cb  B_Cc            b
0           0 -0.001277    -1.011295    -0.011295   0.0    -1.385567
1           1 -0.002611    -1.024216    -0.024216   0.0    -1.805615
2           2 -0.005002    -1.049477    -0.049477   0.0    -2.577859
3           3 -0.008832    -1.095637    -0.095637   0.0    -3.850527
4           4 -0.014169    -1.174068    -0.174068   0.0    -5.685719
5           5 -0.020569    -1.299204    -0.299204   0.0    -7.987729
6           6 -0.027264    -1.491486    -0.491486   0.0   -10.553951
7           7 -0.033589    -1.784460    -0.784460   0.0   -13.219299
8           8 -0.039292    -2.235800    -1.235800   0.0   -15.978086
9           9 -0.044603    -2.941949    -1.941949   0.0   -19.036811
10         10 -0.050160    -4.057124    -3.057124   0.0   -22.825667
11         11 -0.056922    -5.818851    -4.818851   0.0   -28.010581
12         12 -0.066135    -8.583384    -7.583384   0.0   -35.536105
13         13 -0.079387   -12.875081   -11.875081   0.0   -46.713971
14         14 -0.098731   -19.454154   -18.454154   0.0   -63.361052
15         15 -0.126859   -29.407844   -28.407844   0.0   -87.988321
16         16 -0.167332   -44.271104   -43.271104   0.0  -124.045975
17         17 -0.224842   -66.184175   -65.184175   0.0  -176.234500
18         18 -0.305535   -98.095868   -97.095868   0.0  -250.894983
19         19 -0.417394  -144.022895  -143.022895   0.0  -356.494534
20         20 -0.570691  -209.377222  -208.377222   0.0  -504.224764
21         21 -0.778519  -301.375161  -300.375161   0.0  -708.733180
22         22 -1.057414  -429.543706  -428.543706   0.0  -989.009194
23         23 -1.428081  -606.341532  -605.341532   0.0 -1369.448298
24         24 -1.916218  -847.913958  -846.913958   0.0 -1881.119665
25         25 -2.553467 -1175.003143 -1174.003143   0.0 -2563.264082
26         26 -3.378484 -1614.036708 -1613.036708   0.0 -3465.050619
27         27 -4.438141 -2198.419807 -2197.419807   0.0 -4647.621709
28         28 -5.788875 -2970.057538 -2969.057538   0.0 -6186.457364
29         29 -7.498170 -3981.136199 -3980.136199   0.0 -8174.090080
