Scaler Factors: [800.           0.9936625    1.987325     1.81292375]
Scaler saved at /home/f25moham/CSTR/nonlinear/total/pieces/Reduced_T/segments/segments2/heaviside/heaviside2/scaler.pkl
Scaled dataset saved at /home/f25moham/CSTR/nonlinear/total/pieces/Reduced_T/segments/segments2/heaviside/heaviside2/scaled_data.csv
Scaler Factors outside function: [800.           0.9936625    1.987325     1.81292375]
Scaler loaded successfully.
Scaler Type: <class 'sklearn.preprocessing._data.MaxAbsScaler'>
Scaler Factors (scale_): [800.           0.9936625    1.987325     1.81292375]
Namespace(model='KKThPINN', model_id='uniform_S2_r3', input_dim=1, hidden_dim=32, hidden_num=2, z0_dim=3, optimizer='adam', epochs=1000, batch_size=16, lr=0.0001, mu=1, max_subiter=500, eta=0.8, sigma=2, mu_safe=1000000000.0, dtype=64, dataset_type='cstr', dataset_path='data.csv', val_ratio=0.2, job='train', runs=1, run=0)
Scaler Factors: [800.           0.9936625    1.987325     1.81292375]
Scaler saved at /home/f25moham/CSTR/nonlinear/total/pieces/Reduced_T/segments/segments2/heaviside/heaviside2/scaler.pkl
Scaled dataset saved at /home/f25moham/CSTR/nonlinear/total/pieces/Reduced_T/segments/segments2/heaviside/heaviside2/scaled_data.csv
train set size: 90, val set size: 30, test set size: 30
Dtypes after casting:
[torch.float64, torch.float64]
[torch.float64, torch.float64]
[torch.float64, torch.float64]
Start Training…
epoch: 00050 loss_train: 0.05364 loss_val: 0.06164 viol_train: 0.27773 viol_val: 0.35931
epoch: 00100 loss_train: 0.04145 loss_val: 0.04443 viol_train: 0.12601 viol_val: 0.15665
epoch: 00150 loss_train: 0.03741 loss_val: 0.04167 viol_train: 0.08532 viol_val: 0.10613
epoch: 00200 loss_train: 0.03581 loss_val: 0.03767 viol_train: 0.05780 viol_val: 0.07333
epoch: 00250 loss_train: 0.03105 loss_val: 0.03261 viol_train: 0.04346 viol_val: 0.05437
epoch: 00300 loss_train: 0.02786 loss_val: 0.02948 viol_train: 0.03585 viol_val: 0.04304
epoch: 00350 loss_train: 0.02402 loss_val: 0.02544 viol_train: 0.03458 viol_val: 0.04027
epoch: 00400 loss_train: 0.02078 loss_val: 0.02182 viol_train: 0.03853 viol_val: 0.04215
epoch: 00450 loss_train: 0.01893 loss_val: 0.01832 viol_train: 0.03704 viol_val: 0.04266
epoch: 00500 loss_train: 0.01527 loss_val: 0.01555 viol_train: 0.03780 viol_val: 0.04637
epoch: 00550 loss_train: 0.01325 loss_val: 0.01319 viol_train: 0.04513 viol_val: 0.04202
epoch: 00600 loss_train: 0.01119 loss_val: 0.01099 viol_train: 0.03530 viol_val: 0.04087
epoch: 00650 loss_train: 0.01008 loss_val: 0.00946 viol_train: 0.03476 viol_val: 0.03968
epoch: 00700 loss_train: 0.00859 loss_val: 0.00851 viol_train: 0.03460 viol_val: 0.03947
epoch: 00750 loss_train: 0.00746 loss_val: 0.00760 viol_train: 0.03296 viol_val: 0.03913
epoch: 00800 loss_train: 0.00674 loss_val: 0.00682 viol_train: 0.03357 viol_val: 0.03988
epoch: 00850 loss_train: 0.00658 loss_val: 0.00629 viol_train: 0.03333 viol_val: 0.04055
epoch: 00900 loss_train: 0.00611 loss_val: 0.00580 viol_train: 0.03595 viol_val: 0.03958
epoch: 00950 loss_train: 0.00556 loss_val: 0.00550 viol_train: 0.03476 viol_val: 0.03652
epoch: 01000 loss_train: 0.00529 loss_val: 0.00502 viol_train: 0.03211 viol_val: 0.03900
Training Finished!
