Scaler Factors: [800.           0.9936625    1.987325     1.81292375]
Scaler saved at /home/f25moham/CSTR/nonlinear/total/pieces/Reduced_T/segments/segments2/heaviside/heaviside2/scaler.pkl
Scaled dataset saved at /home/f25moham/CSTR/nonlinear/total/pieces/Reduced_T/segments/segments2/heaviside/heaviside2/scaled_data.csv
Scaler Factors outside function: [800.           0.9936625    1.987325     1.81292375]
Scaler loaded successfully.
Scaler Type: <class 'sklearn.preprocessing._data.MaxAbsScaler'>
Scaler Factors (scale_): [800.           0.9936625    1.987325     1.81292375]
Namespace(model='KKThPINN', model_id='adaptive_S7_r3', input_dim=1, hidden_dim=32, hidden_num=2, z0_dim=3, optimizer='adam', epochs=1000, batch_size=16, lr=0.0001, mu=1, max_subiter=500, eta=0.8, sigma=2, mu_safe=1000000000.0, dtype=64, dataset_type='cstr', dataset_path='data.csv', val_ratio=0.2, job='train', runs=1, run=0)
Scaler Factors: [800.           0.9936625    1.987325     1.81292375]
Scaler saved at /home/f25moham/CSTR/nonlinear/total/pieces/Reduced_T/segments/segments2/heaviside/heaviside2/scaler.pkl
Scaled dataset saved at /home/f25moham/CSTR/nonlinear/total/pieces/Reduced_T/segments/segments2/heaviside/heaviside2/scaled_data.csv
train set size: 90, val set size: 30, test set size: 30
Dtypes after casting:
[torch.float64, torch.float64, torch.float64, torch.float64, torch.float64, torch.float64, torch.float64]
[torch.float64, torch.float64, torch.float64, torch.float64, torch.float64, torch.float64, torch.float64]
[torch.float64, torch.float64, torch.float64, torch.float64, torch.float64, torch.float64, torch.float64]
Start Training…
epoch: 00050 loss_train: 0.05918 loss_val: 0.05883 viol_train: 0.05314 viol_val: 0.07129
epoch: 00100 loss_train: 0.03762 loss_val: 0.04223 viol_train: 0.00137 viol_val: 0.00122
epoch: 00150 loss_train: 0.03458 loss_val: 0.03835 viol_train: 0.00465 viol_val: 0.00573
epoch: 00200 loss_train: 0.03417 loss_val: 0.03704 viol_train: 0.00516 viol_val: 0.00653
epoch: 00250 loss_train: 0.03188 loss_val: 0.03489 viol_train: 0.00541 viol_val: 0.00649
epoch: 00300 loss_train: 0.02794 loss_val: 0.03093 viol_train: 0.00505 viol_val: 0.00557
epoch: 00350 loss_train: 0.02649 loss_val: 0.02867 viol_train: 0.00408 viol_val: 0.00469
epoch: 00400 loss_train: 0.02290 loss_val: 0.02527 viol_train: 0.00343 viol_val: 0.00368
epoch: 00450 loss_train: 0.01963 loss_val: 0.02163 viol_train: 0.00249 viol_val: 0.00271
epoch: 00500 loss_train: 0.01669 loss_val: 0.01784 viol_train: 0.00200 viol_val: 0.00208
epoch: 00550 loss_train: 0.01368 loss_val: 0.01481 viol_train: 0.00158 viol_val: 0.00152
epoch: 00600 loss_train: 0.01243 loss_val: 0.01245 viol_train: 0.00138 viol_val: 0.00123
epoch: 00650 loss_train: 0.01077 loss_val: 0.01097 viol_train: 0.00144 viol_val: 0.00125
epoch: 00700 loss_train: 0.00896 loss_val: 0.00959 viol_train: 0.00169 viol_val: 0.00137
epoch: 00750 loss_train: 0.00834 loss_val: 0.00873 viol_train: 0.00160 viol_val: 0.00141
epoch: 00800 loss_train: 0.00789 loss_val: 0.00839 viol_train: 0.00169 viol_val: 0.00149
epoch: 00850 loss_train: 0.00753 loss_val: 0.00827 viol_train: 0.00187 viol_val: 0.00157
epoch: 00900 loss_train: 0.00750 loss_val: 0.00798 viol_train: 0.00181 viol_val: 0.00165
epoch: 00950 loss_train: 0.00737 loss_val: 0.00790 viol_train: 0.00174 viol_val: 0.00168
epoch: 01000 loss_train: 0.00697 loss_val: 0.00782 viol_train: 0.00187 viol_val: 0.00158
Training Finished!
