Scaler Factors: [800.           0.9936625    1.987325     1.81292375]
Scaler saved at /home/f25moham/CSTR/nonlinear/total/pieces/Reduced_T/segments/segments2/heaviside/heaviside2/scaler.pkl
Scaled dataset saved at /home/f25moham/CSTR/nonlinear/total/pieces/Reduced_T/segments/segments2/heaviside/heaviside2/scaled_data.csv
Scaler Factors outside function: [800.           0.9936625    1.987325     1.81292375]
Scaler loaded successfully.
Scaler Type: <class 'sklearn.preprocessing._data.MaxAbsScaler'>
Scaler Factors (scale_): [800.           0.9936625    1.987325     1.81292375]
Namespace(model='KKThPINN', model_id='adaptive_S5_r3', input_dim=1, hidden_dim=32, hidden_num=2, z0_dim=3, optimizer='adam', epochs=1000, batch_size=16, lr=0.0001, mu=1, max_subiter=500, eta=0.8, sigma=2, mu_safe=1000000000.0, dtype=64, dataset_type='cstr', dataset_path='data.csv', val_ratio=0.2, job='train', runs=1, run=0)
Scaler Factors: [800.           0.9936625    1.987325     1.81292375]
Scaler saved at /home/f25moham/CSTR/nonlinear/total/pieces/Reduced_T/segments/segments2/heaviside/heaviside2/scaler.pkl
Scaled dataset saved at /home/f25moham/CSTR/nonlinear/total/pieces/Reduced_T/segments/segments2/heaviside/heaviside2/scaled_data.csv
train set size: 90, val set size: 30, test set size: 30
Dtypes after casting:
[torch.float64, torch.float64, torch.float64, torch.float64, torch.float64]
[torch.float64, torch.float64, torch.float64, torch.float64, torch.float64]
[torch.float64, torch.float64, torch.float64, torch.float64, torch.float64]
Start Training…
epoch: 00050 loss_train: 0.08493 loss_val: 0.09243 viol_train: 0.21929 viol_val: 0.31109
epoch: 00100 loss_train: 0.05096 loss_val: 0.05505 viol_train: 0.05010 viol_val: 0.06637
epoch: 00150 loss_train: 0.03880 loss_val: 0.04222 viol_train: 0.00356 viol_val: 0.00331
epoch: 00200 loss_train: 0.03588 loss_val: 0.03863 viol_train: 0.00475 viol_val: 0.00495
epoch: 00250 loss_train: 0.03324 loss_val: 0.03846 viol_train: 0.00824 viol_val: 0.00889
epoch: 00300 loss_train: 0.03284 loss_val: 0.03566 viol_train: 0.00921 viol_val: 0.00988
epoch: 00350 loss_train: 0.03475 loss_val: 0.03580 viol_train: 0.00850 viol_val: 0.01002
epoch: 00400 loss_train: 0.03264 loss_val: 0.03389 viol_train: 0.00821 viol_val: 0.01007
epoch: 00450 loss_train: 0.03054 loss_val: 0.03381 viol_train: 0.00848 viol_val: 0.00941
epoch: 00500 loss_train: 0.02984 loss_val: 0.03162 viol_train: 0.00788 viol_val: 0.00944
epoch: 00550 loss_train: 0.02856 loss_val: 0.03159 viol_train: 0.00755 viol_val: 0.00890
epoch: 00600 loss_train: 0.02785 loss_val: 0.03054 viol_train: 0.00734 viol_val: 0.00856
epoch: 00650 loss_train: 0.02656 loss_val: 0.02770 viol_train: 0.00701 viol_val: 0.00804
epoch: 00700 loss_train: 0.02513 loss_val: 0.02613 viol_train: 0.00644 viol_val: 0.00747
epoch: 00750 loss_train: 0.02295 loss_val: 0.02470 viol_train: 0.00604 viol_val: 0.00719
epoch: 00800 loss_train: 0.02213 loss_val: 0.02264 viol_train: 0.00564 viol_val: 0.00652
epoch: 00850 loss_train: 0.02040 loss_val: 0.02113 viol_train: 0.00544 viol_val: 0.00604
epoch: 00900 loss_train: 0.01767 loss_val: 0.01961 viol_train: 0.00522 viol_val: 0.00537
epoch: 00950 loss_train: 0.01666 loss_val: 0.01755 viol_train: 0.00444 viol_val: 0.00455
epoch: 01000 loss_train: 0.01450 loss_val: 0.01583 viol_train: 0.00410 viol_val: 0.00408
Training Finished!
