Scaler Factors: [800.           0.9936625    1.987325     1.81292375]
Scaler saved at /home/f25moham/CSTR/nonlinear/total/pieces/Reduced_T/segments/segments2/heaviside/heaviside2/scaler.pkl
Scaled dataset saved at /home/f25moham/CSTR/nonlinear/total/pieces/Reduced_T/segments/segments2/heaviside/heaviside2/scaled_data.csv
Scaler Factors outside function: [800.           0.9936625    1.987325     1.81292375]
Scaler loaded successfully.
Scaler Type: <class 'sklearn.preprocessing._data.MaxAbsScaler'>
Scaler Factors (scale_): [800.           0.9936625    1.987325     1.81292375]
Namespace(model='KKThPINN', model_id='uniform_S1_r3', input_dim=1, hidden_dim=32, hidden_num=2, z0_dim=3, optimizer='adam', epochs=1000, batch_size=16, lr=0.0001, mu=1, max_subiter=500, eta=0.8, sigma=2, mu_safe=1000000000.0, dtype=64, dataset_type='cstr', dataset_path='data.csv', val_ratio=0.2, job='train', runs=1, run=0)
Scaler Factors: [800.           0.9936625    1.987325     1.81292375]
Scaler saved at /home/f25moham/CSTR/nonlinear/total/pieces/Reduced_T/segments/segments2/heaviside/heaviside2/scaler.pkl
Scaled dataset saved at /home/f25moham/CSTR/nonlinear/total/pieces/Reduced_T/segments/segments2/heaviside/heaviside2/scaled_data.csv
train set size: 90, val set size: 30, test set size: 30
Dtypes after casting:
[torch.float64]
[torch.float64]
[torch.float64]
Start Training…
epoch: 00050 loss_train: 0.07455 loss_val: 0.08407 viol_train: 0.49652 viol_val: 0.64712
epoch: 00100 loss_train: 0.05419 loss_val: 0.05625 viol_train: 0.49736 viol_val: 0.62961
epoch: 00150 loss_train: 0.05073 loss_val: 0.05391 viol_train: 0.47816 viol_val: 0.60378
epoch: 00200 loss_train: 0.04611 loss_val: 0.04740 viol_train: 0.43739 viol_val: 0.64725
epoch: 00250 loss_train: 0.04368 loss_val: 0.04405 viol_train: 0.43321 viol_val: 0.59673
epoch: 00300 loss_train: 0.03951 loss_val: 0.04132 viol_train: 0.42712 viol_val: 0.59492
epoch: 00350 loss_train: 0.03637 loss_val: 0.03504 viol_train: 0.44733 viol_val: 0.63291
epoch: 00400 loss_train: 0.03123 loss_val: 0.03246 viol_train: 0.46010 viol_val: 0.57927
epoch: 00450 loss_train: 0.02977 loss_val: 0.02943 viol_train: 0.42777 viol_val: 0.60596
epoch: 00500 loss_train: 0.02763 loss_val: 0.02811 viol_train: 0.44772 viol_val: 0.61719
epoch: 00550 loss_train: 0.02602 loss_val: 0.02592 viol_train: 0.47952 viol_val: 0.59673
epoch: 00600 loss_train: 0.02427 loss_val: 0.02487 viol_train: 0.43173 viol_val: 0.60724
epoch: 00650 loss_train: 0.02358 loss_val: 0.02330 viol_train: 0.43378 viol_val: 0.60338
epoch: 00700 loss_train: 0.02290 loss_val: 0.02254 viol_train: 0.47449 viol_val: 0.59867
epoch: 00750 loss_train: 0.02220 loss_val: 0.02151 viol_train: 0.46939 viol_val: 0.61221
epoch: 00800 loss_train: 0.02109 loss_val: 0.02140 viol_train: 0.43580 viol_val: 0.62035
epoch: 00850 loss_train: 0.02172 loss_val: 0.02016 viol_train: 0.42987 viol_val: 0.62298
epoch: 00900 loss_train: 0.02110 loss_val: 0.02096 viol_train: 0.45827 viol_val: 0.59658
epoch: 00950 loss_train: 0.02003 loss_val: 0.02065 viol_train: 0.45576 viol_val: 0.60733
epoch: 01000 loss_train: 0.02053 loss_val: 0.01922 viol_train: 0.42994 viol_val: 0.60675
Training Finished!
