Scaler Factors: [800.           0.9936625    1.987325     1.81292375]
Scaler saved at /home/f25moham/CSTR/nonlinear/total/pieces/Reduced_T/segments/segments2/heaviside/heaviside2/scaler.pkl
Scaled dataset saved at /home/f25moham/CSTR/nonlinear/total/pieces/Reduced_T/segments/segments2/heaviside/heaviside2/scaled_data.csv
Scaler Factors outside function: [800.           0.9936625    1.987325     1.81292375]
Scaler loaded successfully.
Scaler Type: <class 'sklearn.preprocessing._data.MaxAbsScaler'>
Scaler Factors (scale_): [800.           0.9936625    1.987325     1.81292375]
Namespace(model='KKThPINN', model_id='uniform_S3_r7', input_dim=1, hidden_dim=32, hidden_num=2, z0_dim=3, optimizer='adam', epochs=1000, batch_size=16, lr=0.0001, mu=1, max_subiter=500, eta=0.8, sigma=2, mu_safe=1000000000.0, dtype=64, dataset_type='cstr', dataset_path='data.csv', val_ratio=0.2, job='train', runs=1, run=0)
Scaler Factors: [800.           0.9936625    1.987325     1.81292375]
Scaler saved at /home/f25moham/CSTR/nonlinear/total/pieces/Reduced_T/segments/segments2/heaviside/heaviside2/scaler.pkl
Scaled dataset saved at /home/f25moham/CSTR/nonlinear/total/pieces/Reduced_T/segments/segments2/heaviside/heaviside2/scaled_data.csv
train set size: 90, val set size: 30, test set size: 30
Dtypes after casting:
[torch.float64, torch.float64, torch.float64]
[torch.float64, torch.float64, torch.float64]
[torch.float64, torch.float64, torch.float64]
Start Training…
epoch: 00050 loss_train: 0.11942 loss_val: 0.12889 viol_train: 0.19912 viol_val: 0.26272
epoch: 00100 loss_train: 0.04482 loss_val: 0.04890 viol_train: 0.03618 viol_val: 0.04827
epoch: 00150 loss_train: 0.03235 loss_val: 0.03684 viol_train: 0.01149 viol_val: 0.01329
epoch: 00200 loss_train: 0.03099 loss_val: 0.03388 viol_train: 0.01372 viol_val: 0.01396
epoch: 00250 loss_train: 0.02723 loss_val: 0.03205 viol_train: 0.01483 viol_val: 0.01578
epoch: 00300 loss_train: 0.02644 loss_val: 0.02835 viol_train: 0.01574 viol_val: 0.01676
epoch: 00350 loss_train: 0.02308 loss_val: 0.02590 viol_train: 0.01522 viol_val: 0.01718
epoch: 00400 loss_train: 0.02137 loss_val: 0.02309 viol_train: 0.01604 viol_val: 0.01760
epoch: 00450 loss_train: 0.01839 loss_val: 0.02039 viol_train: 0.01525 viol_val: 0.01856
epoch: 00500 loss_train: 0.01543 loss_val: 0.01794 viol_train: 0.01740 viol_val: 0.01679
epoch: 00550 loss_train: 0.01344 loss_val: 0.01520 viol_train: 0.01591 viol_val: 0.01707
epoch: 00600 loss_train: 0.01177 loss_val: 0.01326 viol_train: 0.01561 viol_val: 0.01804
epoch: 00650 loss_train: 0.01017 loss_val: 0.01174 viol_train: 0.01422 viol_val: 0.01588
epoch: 00700 loss_train: 0.00893 loss_val: 0.01066 viol_train: 0.01583 viol_val: 0.01692
epoch: 00750 loss_train: 0.00835 loss_val: 0.00999 viol_train: 0.01369 viol_val: 0.01536
epoch: 00800 loss_train: 0.00742 loss_val: 0.00898 viol_train: 0.01348 viol_val: 0.01525
epoch: 00850 loss_train: 0.00695 loss_val: 0.00845 viol_train: 0.01397 viol_val: 0.01601
epoch: 00900 loss_train: 0.00666 loss_val: 0.00811 viol_train: 0.01365 viol_val: 0.01615
epoch: 00950 loss_train: 0.00617 loss_val: 0.00764 viol_train: 0.01346 viol_val: 0.01536
epoch: 01000 loss_train: 0.00598 loss_val: 0.00753 viol_train: 0.01466 viol_val: 0.01508
Training Finished!
