Scaler Factors: [800.           0.9936625    1.987325     1.81292375]
Scaler saved at /home/f25moham/CSTR/nonlinear/total/pieces/Reduced_T/segments/segments2/heaviside/heaviside2/scaler.pkl
Scaled dataset saved at /home/f25moham/CSTR/nonlinear/total/pieces/Reduced_T/segments/segments2/heaviside/heaviside2/scaled_data.csv
Scaler Factors outside function: [800.           0.9936625    1.987325     1.81292375]
Scaler loaded successfully.
Scaler Type: <class 'sklearn.preprocessing._data.MaxAbsScaler'>
Scaler Factors (scale_): [800.           0.9936625    1.987325     1.81292375]
Namespace(model='KKThPINN', model_id='adaptive_S5_r5', input_dim=1, hidden_dim=32, hidden_num=2, z0_dim=3, optimizer='adam', epochs=1000, batch_size=16, lr=0.0001, mu=1, max_subiter=500, eta=0.8, sigma=2, mu_safe=1000000000.0, dtype=64, dataset_type='cstr', dataset_path='data.csv', val_ratio=0.2, job='train', runs=1, run=0)
Scaler Factors: [800.           0.9936625    1.987325     1.81292375]
Scaler saved at /home/f25moham/CSTR/nonlinear/total/pieces/Reduced_T/segments/segments2/heaviside/heaviside2/scaler.pkl
Scaled dataset saved at /home/f25moham/CSTR/nonlinear/total/pieces/Reduced_T/segments/segments2/heaviside/heaviside2/scaled_data.csv
train set size: 90, val set size: 30, test set size: 30
Dtypes after casting:
[torch.float64, torch.float64, torch.float64, torch.float64, torch.float64]
[torch.float64, torch.float64, torch.float64, torch.float64, torch.float64]
[torch.float64, torch.float64, torch.float64, torch.float64, torch.float64]
Start Training…
epoch: 00050 loss_train: 0.07408 loss_val: 0.07823 viol_train: 0.02600 viol_val: 0.03210
epoch: 00100 loss_train: 0.03865 loss_val: 0.04176 viol_train: 0.00367 viol_val: 0.00324
epoch: 00150 loss_train: 0.02850 loss_val: 0.03240 viol_train: 0.00511 viol_val: 0.00531
epoch: 00200 loss_train: 0.02587 loss_val: 0.02812 viol_train: 0.00900 viol_val: 0.01010
epoch: 00250 loss_train: 0.02288 loss_val: 0.02518 viol_train: 0.00944 viol_val: 0.01139
epoch: 00300 loss_train: 0.01997 loss_val: 0.02232 viol_train: 0.01003 viol_val: 0.01083
epoch: 00350 loss_train: 0.01797 loss_val: 0.01951 viol_train: 0.00747 viol_val: 0.00845
epoch: 00400 loss_train: 0.01506 loss_val: 0.01686 viol_train: 0.00578 viol_val: 0.00572
epoch: 00450 loss_train: 0.01310 loss_val: 0.01381 viol_train: 0.00438 viol_val: 0.00437
epoch: 00500 loss_train: 0.01109 loss_val: 0.01205 viol_train: 0.00342 viol_val: 0.00310
epoch: 00550 loss_train: 0.00981 loss_val: 0.01013 viol_train: 0.00281 viol_val: 0.00215
epoch: 00600 loss_train: 0.00841 loss_val: 0.00857 viol_train: 0.00290 viol_val: 0.00233
epoch: 00650 loss_train: 0.00706 loss_val: 0.00781 viol_train: 0.00361 viol_val: 0.00271
epoch: 00700 loss_train: 0.00637 loss_val: 0.00669 viol_train: 0.00325 viol_val: 0.00308
epoch: 00750 loss_train: 0.00573 loss_val: 0.00582 viol_train: 0.00377 viol_val: 0.00327
epoch: 00800 loss_train: 0.00512 loss_val: 0.00517 viol_train: 0.00337 viol_val: 0.00320
epoch: 00850 loss_train: 0.00419 loss_val: 0.00449 viol_train: 0.00357 viol_val: 0.00302
epoch: 00900 loss_train: 0.00381 loss_val: 0.00413 viol_train: 0.00296 viol_val: 0.00247
epoch: 00950 loss_train: 0.00332 loss_val: 0.00358 viol_train: 0.00267 viol_val: 0.00215
epoch: 01000 loss_train: 0.00297 loss_val: 0.00303 viol_train: 0.00249 viol_val: 0.00191
Training Finished!
