Scaler Factors: [800.           0.9936625    1.987325     1.81292375]
Scaler saved at /home/f25moham/CSTR/nonlinear/total/pieces/Reduced_T/segments/segments2/heaviside/heaviside2/scaler.pkl
Scaled dataset saved at /home/f25moham/CSTR/nonlinear/total/pieces/Reduced_T/segments/segments2/heaviside/heaviside2/scaled_data.csv
Scaler Factors outside function: [800.           0.9936625    1.987325     1.81292375]
Scaler loaded successfully.
Scaler Type: <class 'sklearn.preprocessing._data.MaxAbsScaler'>
Scaler Factors (scale_): [800.           0.9936625    1.987325     1.81292375]
Namespace(model='KKThPINN', model_id='uniform_S3_r5', input_dim=1, hidden_dim=32, hidden_num=2, z0_dim=3, optimizer='adam', epochs=1000, batch_size=16, lr=0.0001, mu=1, max_subiter=500, eta=0.8, sigma=2, mu_safe=1000000000.0, dtype=64, dataset_type='cstr', dataset_path='data.csv', val_ratio=0.2, job='train', runs=1, run=0)
Scaler Factors: [800.           0.9936625    1.987325     1.81292375]
Scaler saved at /home/f25moham/CSTR/nonlinear/total/pieces/Reduced_T/segments/segments2/heaviside/heaviside2/scaler.pkl
Scaled dataset saved at /home/f25moham/CSTR/nonlinear/total/pieces/Reduced_T/segments/segments2/heaviside/heaviside2/scaled_data.csv
train set size: 90, val set size: 30, test set size: 30
Dtypes after casting:
[torch.float64, torch.float64, torch.float64]
[torch.float64, torch.float64, torch.float64]
[torch.float64, torch.float64, torch.float64]
Start Training…
epoch: 00050 loss_train: 0.11860 loss_val: 0.13200 viol_train: 0.04486 viol_val: 0.05902
epoch: 00100 loss_train: 0.04450 loss_val: 0.05269 viol_train: 0.01832 viol_val: 0.02274
epoch: 00150 loss_train: 0.03424 loss_val: 0.03799 viol_train: 0.01129 viol_val: 0.01229
epoch: 00200 loss_train: 0.03080 loss_val: 0.03582 viol_train: 0.01483 viol_val: 0.01554
epoch: 00250 loss_train: 0.03003 loss_val: 0.03278 viol_train: 0.01570 viol_val: 0.01729
epoch: 00300 loss_train: 0.02799 loss_val: 0.03127 viol_train: 0.01639 viol_val: 0.01902
epoch: 00350 loss_train: 0.02641 loss_val: 0.02964 viol_train: 0.01731 viol_val: 0.02057
epoch: 00400 loss_train: 0.02367 loss_val: 0.02735 viol_train: 0.01904 viol_val: 0.01866
epoch: 00450 loss_train: 0.02212 loss_val: 0.02324 viol_train: 0.01635 viol_val: 0.01999
epoch: 00500 loss_train: 0.01891 loss_val: 0.02124 viol_train: 0.01569 viol_val: 0.01830
epoch: 00550 loss_train: 0.01675 loss_val: 0.01816 viol_train: 0.01704 viol_val: 0.01839
epoch: 00600 loss_train: 0.01383 loss_val: 0.01593 viol_train: 0.01454 viol_val: 0.01564
epoch: 00650 loss_train: 0.01173 loss_val: 0.01307 viol_train: 0.01487 viol_val: 0.01478
epoch: 00700 loss_train: 0.01057 loss_val: 0.01161 viol_train: 0.01239 viol_val: 0.01393
epoch: 00750 loss_train: 0.00932 loss_val: 0.01000 viol_train: 0.01237 viol_val: 0.01349
epoch: 00800 loss_train: 0.00732 loss_val: 0.00894 viol_train: 0.01455 viol_val: 0.01347
epoch: 00850 loss_train: 0.00716 loss_val: 0.00768 viol_train: 0.01359 viol_val: 0.01400
epoch: 00900 loss_train: 0.00582 loss_val: 0.00665 viol_train: 0.01418 viol_val: 0.01495
epoch: 00950 loss_train: 0.00497 loss_val: 0.00585 viol_train: 0.01291 viol_val: 0.01450
epoch: 01000 loss_train: 0.00433 loss_val: 0.00517 viol_train: 0.01427 viol_val: 0.01559
Training Finished!
