Scaler Factors: [800.           0.9936625    1.987325     1.81292375]
Scaler saved at /home/f25moham/CSTR/nonlinear/total/pieces/Reduced_T/segments/segments2/heaviside/heaviside2/scaler.pkl
Scaled dataset saved at /home/f25moham/CSTR/nonlinear/total/pieces/Reduced_T/segments/segments2/heaviside/heaviside2/scaled_data.csv
Scaler Factors outside function: [800.           0.9936625    1.987325     1.81292375]
Scaler loaded successfully.
Scaler Type: <class 'sklearn.preprocessing._data.MaxAbsScaler'>
Scaler Factors (scale_): [800.           0.9936625    1.987325     1.81292375]
Namespace(model='KKThPINN', model_id='adaptive_S5_r2', input_dim=1, hidden_dim=32, hidden_num=2, z0_dim=3, optimizer='adam', epochs=1000, batch_size=16, lr=0.0001, mu=1, max_subiter=500, eta=0.8, sigma=2, mu_safe=1000000000.0, dtype=64, dataset_type='cstr', dataset_path='data.csv', val_ratio=0.2, job='train', runs=1, run=0)
Scaler Factors: [800.           0.9936625    1.987325     1.81292375]
Scaler saved at /home/f25moham/CSTR/nonlinear/total/pieces/Reduced_T/segments/segments2/heaviside/heaviside2/scaler.pkl
Scaled dataset saved at /home/f25moham/CSTR/nonlinear/total/pieces/Reduced_T/segments/segments2/heaviside/heaviside2/scaled_data.csv
train set size: 90, val set size: 30, test set size: 30
Dtypes after casting:
[torch.float64, torch.float64, torch.float64, torch.float64, torch.float64]
[torch.float64, torch.float64, torch.float64, torch.float64, torch.float64]
[torch.float64, torch.float64, torch.float64, torch.float64, torch.float64]
Start Training…
epoch: 00050 loss_train: 0.09059 loss_val: 0.09235 viol_train: 0.35459 viol_val: 0.50135
epoch: 00100 loss_train: 0.05101 loss_val: 0.05611 viol_train: 0.05563 viol_val: 0.07562
epoch: 00150 loss_train: 0.03657 loss_val: 0.04147 viol_train: 0.00369 viol_val: 0.00310
epoch: 00200 loss_train: 0.03162 loss_val: 0.03606 viol_train: 0.00616 viol_val: 0.00717
epoch: 00250 loss_train: 0.03081 loss_val: 0.03281 viol_train: 0.01036 viol_val: 0.01200
epoch: 00300 loss_train: 0.02779 loss_val: 0.03071 viol_train: 0.01068 viol_val: 0.01315
epoch: 00350 loss_train: 0.02604 loss_val: 0.02708 viol_train: 0.01084 viol_val: 0.01280
epoch: 00400 loss_train: 0.02304 loss_val: 0.02482 viol_train: 0.01129 viol_val: 0.01333
epoch: 00450 loss_train: 0.02046 loss_val: 0.02199 viol_train: 0.00973 viol_val: 0.01214
epoch: 00500 loss_train: 0.01773 loss_val: 0.01902 viol_train: 0.00997 viol_val: 0.01076
epoch: 00550 loss_train: 0.01608 loss_val: 0.01605 viol_train: 0.00795 viol_val: 0.00957
epoch: 00600 loss_train: 0.01265 loss_val: 0.01413 viol_train: 0.00718 viol_val: 0.00806
epoch: 00650 loss_train: 0.01141 loss_val: 0.01161 viol_train: 0.00629 viol_val: 0.00661
epoch: 00700 loss_train: 0.00965 loss_val: 0.01043 viol_train: 0.00478 viol_val: 0.00492
epoch: 00750 loss_train: 0.00871 loss_val: 0.00936 viol_train: 0.00417 viol_val: 0.00387
epoch: 00800 loss_train: 0.00790 loss_val: 0.00869 viol_train: 0.00334 viol_val: 0.00305
epoch: 00850 loss_train: 0.00732 loss_val: 0.00800 viol_train: 0.00309 viol_val: 0.00256
epoch: 00900 loss_train: 0.00678 loss_val: 0.00735 viol_train: 0.00302 viol_val: 0.00226
epoch: 00950 loss_train: 0.00666 loss_val: 0.00702 viol_train: 0.00260 viol_val: 0.00213
epoch: 01000 loss_train: 0.00636 loss_val: 0.00672 viol_train: 0.00247 viol_val: 0.00187
Training Finished!
