Scaler Factors: [800.           0.9936625    1.987325     1.81292375]
Scaler saved at /home/f25moham/CSTR/nonlinear/total/pieces/Reduced_T/segments/segments2/heaviside/heaviside2/scaler.pkl
Scaled dataset saved at /home/f25moham/CSTR/nonlinear/total/pieces/Reduced_T/segments/segments2/heaviside/heaviside2/scaled_data.csv
Scaler Factors outside function: [800.           0.9936625    1.987325     1.81292375]
Scaler loaded successfully.
Scaler Type: <class 'sklearn.preprocessing._data.MaxAbsScaler'>
Scaler Factors (scale_): [800.           0.9936625    1.987325     1.81292375]
Namespace(model='KKThPINN', model_id='uniform_S7_r4', input_dim=1, hidden_dim=32, hidden_num=2, z0_dim=3, optimizer='adam', epochs=1000, batch_size=16, lr=0.0001, mu=1, max_subiter=500, eta=0.8, sigma=2, mu_safe=1000000000.0, dtype=64, dataset_type='cstr', dataset_path='data.csv', val_ratio=0.2, job='train', runs=1, run=0)
Scaler Factors: [800.           0.9936625    1.987325     1.81292375]
Scaler saved at /home/f25moham/CSTR/nonlinear/total/pieces/Reduced_T/segments/segments2/heaviside/heaviside2/scaler.pkl
Scaled dataset saved at /home/f25moham/CSTR/nonlinear/total/pieces/Reduced_T/segments/segments2/heaviside/heaviside2/scaled_data.csv
train set size: 90, val set size: 30, test set size: 30
Dtypes after casting:
[torch.float64, torch.float64, torch.float64, torch.float64, torch.float64, torch.float64, torch.float64]
[torch.float64, torch.float64, torch.float64, torch.float64, torch.float64, torch.float64, torch.float64]
[torch.float64, torch.float64, torch.float64, torch.float64, torch.float64, torch.float64, torch.float64]
Start Training…
epoch: 00050 loss_train: 0.09284 loss_val: 0.11168 viol_train: 0.28494 viol_val: 0.38847
epoch: 00100 loss_train: 0.05581 loss_val: 0.06194 viol_train: 0.07185 viol_val: 0.09971
epoch: 00150 loss_train: 0.04089 loss_val: 0.04604 viol_train: 0.00625 viol_val: 0.00797
epoch: 00200 loss_train: 0.03628 loss_val: 0.03838 viol_train: 0.00271 viol_val: 0.00374
epoch: 00250 loss_train: 0.03028 loss_val: 0.03333 viol_train: 0.00761 viol_val: 0.00981
epoch: 00300 loss_train: 0.03009 loss_val: 0.03069 viol_train: 0.00808 viol_val: 0.01066
epoch: 00350 loss_train: 0.02733 loss_val: 0.02803 viol_train: 0.00722 viol_val: 0.01012
epoch: 00400 loss_train: 0.02383 loss_val: 0.02538 viol_train: 0.00615 viol_val: 0.00871
epoch: 00450 loss_train: 0.02110 loss_val: 0.02185 viol_train: 0.00548 viol_val: 0.00687
epoch: 00500 loss_train: 0.01850 loss_val: 0.01926 viol_train: 0.00415 viol_val: 0.00550
epoch: 00550 loss_train: 0.01579 loss_val: 0.01651 viol_train: 0.00316 viol_val: 0.00417
epoch: 00600 loss_train: 0.01390 loss_val: 0.01388 viol_train: 0.00232 viol_val: 0.00318
epoch: 00650 loss_train: 0.01153 loss_val: 0.01228 viol_train: 0.00213 viol_val: 0.00265
epoch: 00700 loss_train: 0.01025 loss_val: 0.01069 viol_train: 0.00202 viol_val: 0.00236
epoch: 00750 loss_train: 0.00907 loss_val: 0.00947 viol_train: 0.00214 viol_val: 0.00263
epoch: 00800 loss_train: 0.00838 loss_val: 0.00868 viol_train: 0.00254 viol_val: 0.00276
epoch: 00850 loss_train: 0.00751 loss_val: 0.00770 viol_train: 0.00271 viol_val: 0.00298
epoch: 00900 loss_train: 0.00685 loss_val: 0.00715 viol_train: 0.00272 viol_val: 0.00335
epoch: 00950 loss_train: 0.00631 loss_val: 0.00667 viol_train: 0.00293 viol_val: 0.00372
epoch: 01000 loss_train: 0.00604 loss_val: 0.00639 viol_train: 0.00339 viol_val: 0.00426
Training Finished!
