Scaler Factors: [800.           0.9936625    1.987325     1.81292375]
Scaler saved at /home/f25moham/CSTR/nonlinear/total/pieces/Reduced_T/segments/segments2/heaviside/heaviside2/scaler.pkl
Scaled dataset saved at /home/f25moham/CSTR/nonlinear/total/pieces/Reduced_T/segments/segments2/heaviside/heaviside2/scaled_data.csv
Scaler Factors outside function: [800.           0.9936625    1.987325     1.81292375]
Scaler loaded successfully.
Scaler Type: <class 'sklearn.preprocessing._data.MaxAbsScaler'>
Scaler Factors (scale_): [800.           0.9936625    1.987325     1.81292375]
Namespace(model='KKThPINN', model_id='adaptive_S2_r7', input_dim=1, hidden_dim=32, hidden_num=2, z0_dim=3, optimizer='adam', epochs=1000, batch_size=16, lr=0.0001, mu=1, max_subiter=500, eta=0.8, sigma=2, mu_safe=1000000000.0, dtype=64, dataset_type='cstr', dataset_path='data.csv', val_ratio=0.2, job='train', runs=1, run=0)
Scaler Factors: [800.           0.9936625    1.987325     1.81292375]
Scaler saved at /home/f25moham/CSTR/nonlinear/total/pieces/Reduced_T/segments/segments2/heaviside/heaviside2/scaler.pkl
Scaled dataset saved at /home/f25moham/CSTR/nonlinear/total/pieces/Reduced_T/segments/segments2/heaviside/heaviside2/scaled_data.csv
train set size: 90, val set size: 30, test set size: 30
Dtypes after casting:
[torch.float64, torch.float64]
[torch.float64, torch.float64]
[torch.float64, torch.float64]
Start Training…
epoch: 00050 loss_train: 0.06946 loss_val: 0.07867 viol_train: 0.07468 viol_val: 0.09685
epoch: 00100 loss_train: 0.03530 loss_val: 0.03729 viol_train: 0.03954 viol_val: 0.04867
epoch: 00150 loss_train: 0.02903 loss_val: 0.03015 viol_train: 0.03297 viol_val: 0.03831
epoch: 00200 loss_train: 0.02469 loss_val: 0.02533 viol_train: 0.03948 viol_val: 0.04123
epoch: 00250 loss_train: 0.01985 loss_val: 0.02042 viol_train: 0.03911 viol_val: 0.04193
epoch: 00300 loss_train: 0.01631 loss_val: 0.01642 viol_train: 0.03520 viol_val: 0.04339
epoch: 00350 loss_train: 0.01267 loss_val: 0.01263 viol_train: 0.03710 viol_val: 0.04186
epoch: 00400 loss_train: 0.01084 loss_val: 0.01074 viol_train: 0.03537 viol_val: 0.03900
epoch: 00450 loss_train: 0.00904 loss_val: 0.00878 viol_train: 0.03303 viol_val: 0.04142
epoch: 00500 loss_train: 0.00770 loss_val: 0.00750 viol_train: 0.03638 viol_val: 0.04146
epoch: 00550 loss_train: 0.00666 loss_val: 0.00651 viol_train: 0.03529 viol_val: 0.04126
epoch: 00600 loss_train: 0.00609 loss_val: 0.00548 viol_train: 0.03442 viol_val: 0.04295
epoch: 00650 loss_train: 0.00510 loss_val: 0.00490 viol_train: 0.03568 viol_val: 0.04252
epoch: 00700 loss_train: 0.00502 loss_val: 0.00419 viol_train: 0.03419 viol_val: 0.04112
epoch: 00750 loss_train: 0.00423 loss_val: 0.00385 viol_train: 0.03378 viol_val: 0.03898
epoch: 00800 loss_train: 0.00403 loss_val: 0.00348 viol_train: 0.03633 viol_val: 0.03849
epoch: 00850 loss_train: 0.00381 loss_val: 0.00312 viol_train: 0.03633 viol_val: 0.03933
epoch: 00900 loss_train: 0.00349 loss_val: 0.00291 viol_train: 0.03464 viol_val: 0.04212
epoch: 00950 loss_train: 0.00357 loss_val: 0.00278 viol_train: 0.03377 viol_val: 0.03852
epoch: 01000 loss_train: 0.00320 loss_val: 0.00262 viol_train: 0.03545 viol_val: 0.03882
Training Finished!
