Scaler Factors: [800.           0.9936625    1.987325     1.81292375]
Scaler saved at /home/f25moham/CSTR/nonlinear/total/pieces/Reduced_T/segments/segments2/heaviside/heaviside2/scaler.pkl
Scaled dataset saved at /home/f25moham/CSTR/nonlinear/total/pieces/Reduced_T/segments/segments2/heaviside/heaviside2/scaled_data.csv
Scaler Factors outside function: [800.           0.9936625    1.987325     1.81292375]
Scaler loaded successfully.
Scaler Type: <class 'sklearn.preprocessing._data.MaxAbsScaler'>
Scaler Factors (scale_): [800.           0.9936625    1.987325     1.81292375]
Namespace(model='KKThPINN', model_id='uniform_S11_r0', input_dim=1, hidden_dim=32, hidden_num=2, z0_dim=3, optimizer='adam', epochs=1000, batch_size=16, lr=0.0001, mu=1, max_subiter=500, eta=0.8, sigma=2, mu_safe=1000000000.0, dtype=64, dataset_type='cstr', dataset_path='data.csv', val_ratio=0.2, job='train', runs=1, run=0)
Scaler Factors: [800.           0.9936625    1.987325     1.81292375]
Scaler saved at /home/f25moham/CSTR/nonlinear/total/pieces/Reduced_T/segments/segments2/heaviside/heaviside2/scaler.pkl
Scaled dataset saved at /home/f25moham/CSTR/nonlinear/total/pieces/Reduced_T/segments/segments2/heaviside/heaviside2/scaled_data.csv
train set size: 90, val set size: 30, test set size: 30
Dtypes after casting:
[torch.float64, torch.float64, torch.float64, torch.float64, torch.float64, torch.float64, torch.float64, torch.float64, torch.float64, torch.float64, torch.float64]
[torch.float64, torch.float64, torch.float64, torch.float64, torch.float64, torch.float64, torch.float64, torch.float64, torch.float64, torch.float64, torch.float64]
[torch.float64, torch.float64, torch.float64, torch.float64, torch.float64, torch.float64, torch.float64, torch.float64, torch.float64, torch.float64, torch.float64]
Start Training…
epoch: 00050 loss_train: 0.06034 loss_val: 0.07184 viol_train: 0.03850 viol_val: 0.05392
epoch: 00100 loss_train: 0.04108 loss_val: 0.04755 viol_train: 0.00187 viol_val: 0.00258
epoch: 00150 loss_train: 0.03515 loss_val: 0.03902 viol_train: 0.00567 viol_val: 0.00708
epoch: 00200 loss_train: 0.03260 loss_val: 0.03638 viol_train: 0.01023 viol_val: 0.01399
epoch: 00250 loss_train: 0.02950 loss_val: 0.03216 viol_train: 0.01106 viol_val: 0.01409
epoch: 00300 loss_train: 0.02547 loss_val: 0.02871 viol_train: 0.00734 viol_val: 0.01041
epoch: 00350 loss_train: 0.02168 loss_val: 0.02369 viol_train: 0.00441 viol_val: 0.00637
epoch: 00400 loss_train: 0.01744 loss_val: 0.01811 viol_train: 0.00158 viol_val: 0.00221
epoch: 00450 loss_train: 0.01362 loss_val: 0.01362 viol_train: 0.00104 viol_val: 0.00148
epoch: 00500 loss_train: 0.01056 loss_val: 0.01119 viol_train: 0.00216 viol_val: 0.00269
epoch: 00550 loss_train: 0.00880 loss_val: 0.00925 viol_train: 0.00312 viol_val: 0.00359
epoch: 00600 loss_train: 0.00764 loss_val: 0.00798 viol_train: 0.00304 viol_val: 0.00422
epoch: 00650 loss_train: 0.00660 loss_val: 0.00713 viol_train: 0.00360 viol_val: 0.00407
epoch: 00700 loss_train: 0.00611 loss_val: 0.00632 viol_train: 0.00385 viol_val: 0.00451
epoch: 00750 loss_train: 0.00531 loss_val: 0.00572 viol_train: 0.00344 viol_val: 0.00413
epoch: 00800 loss_train: 0.00490 loss_val: 0.00533 viol_train: 0.00463 viol_val: 0.00529
epoch: 00850 loss_train: 0.00473 loss_val: 0.00506 viol_train: 0.00461 viol_val: 0.00572
epoch: 00900 loss_train: 0.00455 loss_val: 0.00487 viol_train: 0.00413 viol_val: 0.00503
epoch: 00950 loss_train: 0.00429 loss_val: 0.00465 viol_train: 0.00480 viol_val: 0.00561
epoch: 01000 loss_train: 0.00400 loss_val: 0.00430 viol_train: 0.00423 viol_val: 0.00513
Training Finished!
