Scaler Factors: [800.           0.9936625    1.987325     1.81292375]
Scaler saved at /home/f25moham/CSTR/nonlinear/total/pieces/Reduced_T/segments/segments2/heaviside/heaviside2/scaler.pkl
Scaled dataset saved at /home/f25moham/CSTR/nonlinear/total/pieces/Reduced_T/segments/segments2/heaviside/heaviside2/scaled_data.csv
Scaler Factors outside function: [800.           0.9936625    1.987325     1.81292375]
Scaler loaded successfully.
Scaler Type: <class 'sklearn.preprocessing._data.MaxAbsScaler'>
Scaler Factors (scale_): [800.           0.9936625    1.987325     1.81292375]
Namespace(model='KKThPINN', model_id='uniform_S90_r7', input_dim=1, hidden_dim=32, hidden_num=2, z0_dim=3, optimizer='adam', epochs=1000, batch_size=16, lr=0.0001, mu=1, max_subiter=500, eta=0.8, sigma=2, mu_safe=1000000000.0, dtype=64, dataset_type='cstr', dataset_path='data.csv', val_ratio=0.2, job='train', runs=1, run=0)
Scaler Factors: [800.           0.9936625    1.987325     1.81292375]
Scaler saved at /home/f25moham/CSTR/nonlinear/total/pieces/Reduced_T/segments/segments2/heaviside/heaviside2/scaler.pkl
Scaled dataset saved at /home/f25moham/CSTR/nonlinear/total/pieces/Reduced_T/segments/segments2/heaviside/heaviside2/scaled_data.csv
train set size: 90, val set size: 30, test set size: 30
Dtypes after casting:
[torch.float64, torch.float64, torch.float64, torch.float64, torch.float64, torch.float64, torch.float64, torch.float64, torch.float64, torch.float64, torch.float64, torch.float64, torch.float64, torch.float64, torch.float64, torch.float64, torch.float64, torch.float64, torch.float64, torch.float64, torch.float64, torch.float64, torch.float64, torch.float64, torch.float64, torch.float64, torch.float64, torch.float64, torch.float64, torch.float64, torch.float64, torch.float64, torch.float64, torch.float64, torch.float64, torch.float64, torch.float64, torch.float64, torch.float64, torch.float64, torch.float64, torch.float64, torch.float64, torch.float64, torch.float64, torch.float64, torch.float64, torch.float64, torch.float64, torch.float64, torch.float64, torch.float64, torch.float64, torch.float64, torch.float64, torch.float64, torch.float64, torch.float64, torch.float64, torch.float64, torch.float64, torch.float64, torch.float64, torch.float64, torch.float64, torch.float64, torch.float64, torch.float64, torch.float64, torch.float64, torch.float64, torch.float64, torch.float64, torch.float64, torch.float64, torch.float64, torch.float64, torch.float64, torch.float64, torch.float64, torch.float64, torch.float64, torch.float64, torch.float64, torch.float64, torch.float64, torch.float64, torch.float64, torch.float64, torch.float64]
[torch.float64, torch.float64, torch.float64, torch.float64, torch.float64, torch.float64, torch.float64, torch.float64, torch.float64, torch.float64, torch.float64, torch.float64, torch.float64, torch.float64, torch.float64, torch.float64, torch.float64, torch.float64, torch.float64, torch.float64, torch.float64, torch.float64, torch.float64, torch.float64, torch.float64, torch.float64, torch.float64, torch.float64, torch.float64, torch.float64, torch.float64, torch.float64, torch.float64, torch.float64, torch.float64, torch.float64, torch.float64, torch.float64, torch.float64, torch.float64, torch.float64, torch.float64, torch.float64, torch.float64, torch.float64, torch.float64, torch.float64, torch.float64, torch.float64, torch.float64, torch.float64, torch.float64, torch.float64, torch.float64, torch.float64, torch.float64, torch.float64, torch.float64, torch.float64, torch.float64, torch.float64, torch.float64, torch.float64, torch.float64, torch.float64, torch.float64, torch.float64, torch.float64, torch.float64, torch.float64, torch.float64, torch.float64, torch.float64, torch.float64, torch.float64, torch.float64, torch.float64, torch.float64, torch.float64, torch.float64, torch.float64, torch.float64, torch.float64, torch.float64, torch.float64, torch.float64, torch.float64, torch.float64, torch.float64, torch.float64]
[torch.float64, torch.float64, torch.float64, torch.float64, torch.float64, torch.float64, torch.float64, torch.float64, torch.float64, torch.float64, torch.float64, torch.float64, torch.float64, torch.float64, torch.float64, torch.float64, torch.float64, torch.float64, torch.float64, torch.float64, torch.float64, torch.float64, torch.float64, torch.float64, torch.float64, torch.float64, torch.float64, torch.float64, torch.float64, torch.float64, torch.float64, torch.float64, torch.float64, torch.float64, torch.float64, torch.float64, torch.float64, torch.float64, torch.float64, torch.float64, torch.float64, torch.float64, torch.float64, torch.float64, torch.float64, torch.float64, torch.float64, torch.float64, torch.float64, torch.float64, torch.float64, torch.float64, torch.float64, torch.float64, torch.float64, torch.float64, torch.float64, torch.float64, torch.float64, torch.float64, torch.float64, torch.float64, torch.float64, torch.float64, torch.float64, torch.float64, torch.float64, torch.float64, torch.float64, torch.float64, torch.float64, torch.float64, torch.float64, torch.float64, torch.float64, torch.float64, torch.float64, torch.float64, torch.float64, torch.float64, torch.float64, torch.float64, torch.float64, torch.float64, torch.float64, torch.float64, torch.float64, torch.float64, torch.float64, torch.float64]
Start Training…
epoch: 00050 loss_train: 0.17667 loss_val: 0.20475 viol_train: 0.05199 viol_val: 0.06948
epoch: 00100 loss_train: 0.08131 loss_val: 0.09692 viol_train: 0.01719 viol_val: 0.02412
epoch: 00150 loss_train: 0.04683 loss_val: 0.05218 viol_train: 0.00061 viol_val: 0.00075
epoch: 00200 loss_train: 0.03920 loss_val: 0.04394 viol_train: 0.00321 viol_val: 0.00385
epoch: 00250 loss_train: 0.03741 loss_val: 0.04073 viol_train: 0.00741 viol_val: 0.01029
epoch: 00300 loss_train: 0.03690 loss_val: 0.03980 viol_train: 0.01059 viol_val: 0.01384
epoch: 00350 loss_train: 0.03628 loss_val: 0.03964 viol_train: 0.01061 viol_val: 0.01490
epoch: 00400 loss_train: 0.03610 loss_val: 0.03933 viol_train: 0.01118 viol_val: 0.01603
epoch: 00450 loss_train: 0.03532 loss_val: 0.03910 viol_train: 0.01275 viol_val: 0.01567
epoch: 00500 loss_train: 0.03575 loss_val: 0.03777 viol_train: 0.01217 viol_val: 0.01587
epoch: 00550 loss_train: 0.03337 loss_val: 0.03678 viol_train: 0.01300 viol_val: 0.01624
epoch: 00600 loss_train: 0.03250 loss_val: 0.03640 viol_train: 0.01191 viol_val: 0.01677
epoch: 00650 loss_train: 0.03304 loss_val: 0.03413 viol_train: 0.01027 viol_val: 0.01444
epoch: 00700 loss_train: 0.03107 loss_val: 0.03257 viol_train: 0.01196 viol_val: 0.01663
epoch: 00750 loss_train: 0.03042 loss_val: 0.03210 viol_train: 0.01117 viol_val: 0.01471
epoch: 00800 loss_train: 0.02776 loss_val: 0.03036 viol_train: 0.01022 viol_val: 0.01337
epoch: 00850 loss_train: 0.02675 loss_val: 0.02834 viol_train: 0.00920 viol_val: 0.01231
epoch: 00900 loss_train: 0.02485 loss_val: 0.02671 viol_train: 0.00867 viol_val: 0.01101
epoch: 00950 loss_train: 0.02410 loss_val: 0.02521 viol_train: 0.00715 viol_val: 0.00989
epoch: 01000 loss_train: 0.02215 loss_val: 0.02307 viol_train: 0.00644 viol_val: 0.00892
Training Finished!
