Scaler Factors: [800.           0.9936625    1.987325     1.81292375]
Scaler saved at /home/f25moham/CSTR/nonlinear/total/pieces/Reduced_T/segments/segments2/heaviside/heaviside2/scaler.pkl
Scaled dataset saved at /home/f25moham/CSTR/nonlinear/total/pieces/Reduced_T/segments/segments2/heaviside/heaviside2/scaled_data.csv
Scaler Factors outside function: [800.           0.9936625    1.987325     1.81292375]
Scaler loaded successfully.
Scaler Type: <class 'sklearn.preprocessing._data.MaxAbsScaler'>
Scaler Factors (scale_): [800.           0.9936625    1.987325     1.81292375]
Namespace(model='KKThPINN', model_id='adaptive_S1_r6', input_dim=1, hidden_dim=32, hidden_num=2, z0_dim=3, optimizer='adam', epochs=1000, batch_size=16, lr=0.0001, mu=1, max_subiter=500, eta=0.8, sigma=2, mu_safe=1000000000.0, dtype=64, dataset_type='cstr', dataset_path='data.csv', val_ratio=0.2, job='train', runs=1, run=0)
Scaler Factors: [800.           0.9936625    1.987325     1.81292375]
Scaler saved at /home/f25moham/CSTR/nonlinear/total/pieces/Reduced_T/segments/segments2/heaviside/heaviside2/scaler.pkl
Scaled dataset saved at /home/f25moham/CSTR/nonlinear/total/pieces/Reduced_T/segments/segments2/heaviside/heaviside2/scaled_data.csv
train set size: 90, val set size: 30, test set size: 30
Dtypes after casting:
[torch.float64]
[torch.float64]
[torch.float64]
Start Training…
epoch: 00050 loss_train: 0.10738 loss_val: 0.11924 viol_train: 0.51790 viol_val: 0.61526
epoch: 00100 loss_train: 0.06602 loss_val: 0.07346 viol_train: 0.52096 viol_val: 0.71421
epoch: 00150 loss_train: 0.05883 loss_val: 0.06425 viol_train: 0.48051 viol_val: 0.64904
epoch: 00200 loss_train: 0.05763 loss_val: 0.06260 viol_train: 0.52310 viol_val: 0.64325
epoch: 00250 loss_train: 0.05445 loss_val: 0.05939 viol_train: 0.54867 viol_val: 0.64165
epoch: 00300 loss_train: 0.05406 loss_val: 0.05507 viol_train: 0.46866 viol_val: 0.66592
epoch: 00350 loss_train: 0.05148 loss_val: 0.05373 viol_train: 0.47407 viol_val: 0.64608
epoch: 00400 loss_train: 0.04689 loss_val: 0.04889 viol_train: 0.49309 viol_val: 0.64919
epoch: 00450 loss_train: 0.04703 loss_val: 0.04619 viol_train: 0.45747 viol_val: 0.64478
epoch: 00500 loss_train: 0.04163 loss_val: 0.04306 viol_train: 0.50536 viol_val: 0.60145
epoch: 00550 loss_train: 0.03977 loss_val: 0.03889 viol_train: 0.45992 viol_val: 0.62705
epoch: 00600 loss_train: 0.03542 loss_val: 0.03569 viol_train: 0.43222 viol_val: 0.61251
epoch: 00650 loss_train: 0.03363 loss_val: 0.03387 viol_train: 0.43716 viol_val: 0.60615
epoch: 00700 loss_train: 0.02989 loss_val: 0.03097 viol_train: 0.46802 viol_val: 0.61451
epoch: 00750 loss_train: 0.02835 loss_val: 0.02909 viol_train: 0.48678 viol_val: 0.58240
epoch: 00800 loss_train: 0.02766 loss_val: 0.02735 viol_train: 0.45047 viol_val: 0.59717
epoch: 00850 loss_train: 0.02549 loss_val: 0.02505 viol_train: 0.45735 viol_val: 0.58792
epoch: 00900 loss_train: 0.02412 loss_val: 0.02512 viol_train: 0.45932 viol_val: 0.61147
epoch: 00950 loss_train: 0.02329 loss_val: 0.02402 viol_train: 0.47264 viol_val: 0.60858
epoch: 01000 loss_train: 0.02442 loss_val: 0.02233 viol_train: 0.43579 viol_val: 0.61998
Training Finished!
