Scaler Factors: [800.           0.9936625    1.987325     1.81292375]
Scaler saved at /home/f25moham/CSTR/nonlinear/total/pieces/Reduced_T/segments/segments2/heaviside/heaviside2/scaler.pkl
Scaled dataset saved at /home/f25moham/CSTR/nonlinear/total/pieces/Reduced_T/segments/segments2/heaviside/heaviside2/scaled_data.csv
Scaler Factors outside function: [800.           0.9936625    1.987325     1.81292375]
Scaler loaded successfully.
Scaler Type: <class 'sklearn.preprocessing._data.MaxAbsScaler'>
Scaler Factors (scale_): [800.           0.9936625    1.987325     1.81292375]
Namespace(model='KKThPINN', model_id='adaptive_S2_r6', input_dim=1, hidden_dim=32, hidden_num=2, z0_dim=3, optimizer='adam', epochs=1000, batch_size=16, lr=0.0001, mu=1, max_subiter=500, eta=0.8, sigma=2, mu_safe=1000000000.0, dtype=64, dataset_type='cstr', dataset_path='data.csv', val_ratio=0.2, job='train', runs=1, run=0)
Scaler Factors: [800.           0.9936625    1.987325     1.81292375]
Scaler saved at /home/f25moham/CSTR/nonlinear/total/pieces/Reduced_T/segments/segments2/heaviside/heaviside2/scaler.pkl
Scaled dataset saved at /home/f25moham/CSTR/nonlinear/total/pieces/Reduced_T/segments/segments2/heaviside/heaviside2/scaled_data.csv
train set size: 90, val set size: 30, test set size: 30
Dtypes after casting:
[torch.float64, torch.float64]
[torch.float64, torch.float64]
[torch.float64, torch.float64]
Start Training…
epoch: 00050 loss_train: 0.04543 loss_val: 0.05066 viol_train: 0.06948 viol_val: 0.08158
epoch: 00100 loss_train: 0.03504 loss_val: 0.03830 viol_train: 0.03749 viol_val: 0.04329
epoch: 00150 loss_train: 0.03205 loss_val: 0.03431 viol_train: 0.03522 viol_val: 0.03789
epoch: 00200 loss_train: 0.02964 loss_val: 0.03222 viol_train: 0.03412 viol_val: 0.04168
epoch: 00250 loss_train: 0.02798 loss_val: 0.02864 viol_train: 0.03496 viol_val: 0.04000
epoch: 00300 loss_train: 0.02454 loss_val: 0.02531 viol_train: 0.03946 viol_val: 0.04235
epoch: 00350 loss_train: 0.02090 loss_val: 0.02178 viol_train: 0.03967 viol_val: 0.04395
epoch: 00400 loss_train: 0.01750 loss_val: 0.01844 viol_train: 0.04148 viol_val: 0.04269
epoch: 00450 loss_train: 0.01529 loss_val: 0.01572 viol_train: 0.03485 viol_val: 0.04205
epoch: 00500 loss_train: 0.01309 loss_val: 0.01345 viol_train: 0.03486 viol_val: 0.04152
epoch: 00550 loss_train: 0.01112 loss_val: 0.01158 viol_train: 0.03407 viol_val: 0.03861
epoch: 00600 loss_train: 0.01014 loss_val: 0.00967 viol_train: 0.03634 viol_val: 0.03941
epoch: 00650 loss_train: 0.00861 loss_val: 0.00852 viol_train: 0.03291 viol_val: 0.03948
epoch: 00700 loss_train: 0.00754 loss_val: 0.00770 viol_train: 0.03776 viol_val: 0.04005
epoch: 00750 loss_train: 0.00689 loss_val: 0.00665 viol_train: 0.03295 viol_val: 0.04087
epoch: 00800 loss_train: 0.00631 loss_val: 0.00622 viol_train: 0.03232 viol_val: 0.03796
epoch: 00850 loss_train: 0.00579 loss_val: 0.00569 viol_train: 0.03738 viol_val: 0.03698
epoch: 00900 loss_train: 0.00556 loss_val: 0.00530 viol_train: 0.03238 viol_val: 0.03668
epoch: 00950 loss_train: 0.00532 loss_val: 0.00476 viol_train: 0.03219 viol_val: 0.03783
epoch: 01000 loss_train: 0.00485 loss_val: 0.00454 viol_train: 0.03513 viol_val: 0.03749
Training Finished!
