Scaler Factors: [800.           0.9936625    1.987325     1.81292375]
Scaler saved at /home/f25moham/CSTR/nonlinear/total/pieces/Reduced_T/segments/segments2/heaviside/heaviside2/scaler.pkl
Scaled dataset saved at /home/f25moham/CSTR/nonlinear/total/pieces/Reduced_T/segments/segments2/heaviside/heaviside2/scaled_data.csv
Scaler Factors outside function: [800.           0.9936625    1.987325     1.81292375]
Scaler loaded successfully.
Scaler Type: <class 'sklearn.preprocessing._data.MaxAbsScaler'>
Scaler Factors (scale_): [800.           0.9936625    1.987325     1.81292375]
Namespace(model='KKThPINN', model_id='adaptive_S2_r3', input_dim=1, hidden_dim=32, hidden_num=2, z0_dim=3, optimizer='adam', epochs=1000, batch_size=16, lr=0.0001, mu=1, max_subiter=500, eta=0.8, sigma=2, mu_safe=1000000000.0, dtype=64, dataset_type='cstr', dataset_path='data.csv', val_ratio=0.2, job='train', runs=1, run=0)
Scaler Factors: [800.           0.9936625    1.987325     1.81292375]
Scaler saved at /home/f25moham/CSTR/nonlinear/total/pieces/Reduced_T/segments/segments2/heaviside/heaviside2/scaler.pkl
Scaled dataset saved at /home/f25moham/CSTR/nonlinear/total/pieces/Reduced_T/segments/segments2/heaviside/heaviside2/scaled_data.csv
train set size: 90, val set size: 30, test set size: 30
Dtypes after casting:
[torch.float64, torch.float64]
[torch.float64, torch.float64]
[torch.float64, torch.float64]
Start Training…
epoch: 00050 loss_train: 0.05701 loss_val: 0.06332 viol_train: 0.13022 viol_val: 0.16802
epoch: 00100 loss_train: 0.04635 loss_val: 0.04945 viol_train: 0.10936 viol_val: 0.14292
epoch: 00150 loss_train: 0.04004 loss_val: 0.04351 viol_train: 0.07340 viol_val: 0.09552
epoch: 00200 loss_train: 0.03828 loss_val: 0.03959 viol_train: 0.05692 viol_val: 0.06610
epoch: 00250 loss_train: 0.03474 loss_val: 0.03637 viol_train: 0.04138 viol_val: 0.05075
epoch: 00300 loss_train: 0.03160 loss_val: 0.03405 viol_train: 0.03789 viol_val: 0.04069
epoch: 00350 loss_train: 0.02891 loss_val: 0.03044 viol_train: 0.03418 viol_val: 0.03852
epoch: 00400 loss_train: 0.02767 loss_val: 0.02814 viol_train: 0.03221 viol_val: 0.03816
epoch: 00450 loss_train: 0.02449 loss_val: 0.02508 viol_train: 0.04002 viol_val: 0.04081
epoch: 00500 loss_train: 0.02175 loss_val: 0.02306 viol_train: 0.03412 viol_val: 0.03955
epoch: 00550 loss_train: 0.01934 loss_val: 0.01966 viol_train: 0.03574 viol_val: 0.04203
epoch: 00600 loss_train: 0.01726 loss_val: 0.01765 viol_train: 0.03728 viol_val: 0.04085
epoch: 00650 loss_train: 0.01520 loss_val: 0.01527 viol_train: 0.03739 viol_val: 0.04064
epoch: 00700 loss_train: 0.01296 loss_val: 0.01328 viol_train: 0.03723 viol_val: 0.04262
epoch: 00750 loss_train: 0.01164 loss_val: 0.01187 viol_train: 0.03546 viol_val: 0.03992
epoch: 00800 loss_train: 0.01084 loss_val: 0.01062 viol_train: 0.03588 viol_val: 0.04090
epoch: 00850 loss_train: 0.00958 loss_val: 0.00993 viol_train: 0.03590 viol_val: 0.03975
epoch: 00900 loss_train: 0.00926 loss_val: 0.00916 viol_train: 0.03415 viol_val: 0.03902
epoch: 00950 loss_train: 0.00873 loss_val: 0.00846 viol_train: 0.03320 viol_val: 0.03939
epoch: 01000 loss_train: 0.00797 loss_val: 0.00785 viol_train: 0.03384 viol_val: 0.03986
Training Finished!
