Scaler Factors: [800.           0.9936625    1.987325     1.81292375]
Scaler saved at /home/f25moham/CSTR/nonlinear/total/pieces/Reduced_T/segments/segments2/heaviside/heaviside2/scaler.pkl
Scaled dataset saved at /home/f25moham/CSTR/nonlinear/total/pieces/Reduced_T/segments/segments2/heaviside/heaviside2/scaled_data.csv
Scaler Factors outside function: [800.           0.9936625    1.987325     1.81292375]
Scaler loaded successfully.
Scaler Type: <class 'sklearn.preprocessing._data.MaxAbsScaler'>
Scaler Factors (scale_): [800.           0.9936625    1.987325     1.81292375]
Namespace(model='KKThPINN', model_id='adaptive_S11_r4', input_dim=1, hidden_dim=32, hidden_num=2, z0_dim=3, optimizer='adam', epochs=1000, batch_size=16, lr=0.0001, mu=1, max_subiter=500, eta=0.8, sigma=2, mu_safe=1000000000.0, dtype=64, dataset_type='cstr', dataset_path='data.csv', val_ratio=0.2, job='train', runs=1, run=0)
Scaler Factors: [800.           0.9936625    1.987325     1.81292375]
Scaler saved at /home/f25moham/CSTR/nonlinear/total/pieces/Reduced_T/segments/segments2/heaviside/heaviside2/scaler.pkl
Scaled dataset saved at /home/f25moham/CSTR/nonlinear/total/pieces/Reduced_T/segments/segments2/heaviside/heaviside2/scaled_data.csv
train set size: 90, val set size: 30, test set size: 30
Dtypes after casting:
[torch.float64, torch.float64, torch.float64, torch.float64, torch.float64, torch.float64, torch.float64, torch.float64, torch.float64, torch.float64, torch.float64]
[torch.float64, torch.float64, torch.float64, torch.float64, torch.float64, torch.float64, torch.float64, torch.float64, torch.float64, torch.float64, torch.float64]
[torch.float64, torch.float64, torch.float64, torch.float64, torch.float64, torch.float64, torch.float64, torch.float64, torch.float64, torch.float64, torch.float64]
Start Training…
epoch: 00050 loss_train: 0.13272 loss_val: 0.14147 viol_train: 0.07327 viol_val: 0.10085
epoch: 00100 loss_train: 0.05633 loss_val: 0.06098 viol_train: 0.01844 viol_val: 0.02457
epoch: 00150 loss_train: 0.03983 loss_val: 0.04569 viol_train: 0.00126 viol_val: 0.00149
epoch: 00200 loss_train: 0.03504 loss_val: 0.03946 viol_train: 0.00279 viol_val: 0.00372
epoch: 00250 loss_train: 0.03210 loss_val: 0.03590 viol_train: 0.00687 viol_val: 0.00880
epoch: 00300 loss_train: 0.03109 loss_val: 0.03396 viol_train: 0.00825 viol_val: 0.01070
epoch: 00350 loss_train: 0.02823 loss_val: 0.03237 viol_train: 0.00802 viol_val: 0.00966
epoch: 00400 loss_train: 0.02724 loss_val: 0.02829 viol_train: 0.00655 viol_val: 0.00934
epoch: 00450 loss_train: 0.02383 loss_val: 0.02575 viol_train: 0.00537 viol_val: 0.00716
epoch: 00500 loss_train: 0.02189 loss_val: 0.02272 viol_train: 0.00492 viol_val: 0.00606
epoch: 00550 loss_train: 0.01863 loss_val: 0.01973 viol_train: 0.00330 viol_val: 0.00445
epoch: 00600 loss_train: 0.01698 loss_val: 0.01724 viol_train: 0.00220 viol_val: 0.00279
epoch: 00650 loss_train: 0.01390 loss_val: 0.01463 viol_train: 0.00132 viol_val: 0.00158
epoch: 00700 loss_train: 0.01167 loss_val: 0.01234 viol_train: 0.00085 viol_val: 0.00097
epoch: 00750 loss_train: 0.01042 loss_val: 0.01065 viol_train: 0.00064 viol_val: 0.00063
epoch: 00800 loss_train: 0.00908 loss_val: 0.00946 viol_train: 0.00088 viol_val: 0.00081
epoch: 00850 loss_train: 0.00774 loss_val: 0.00847 viol_train: 0.00138 viol_val: 0.00144
epoch: 00900 loss_train: 0.00747 loss_val: 0.00757 viol_train: 0.00235 viol_val: 0.00289
epoch: 00950 loss_train: 0.00619 loss_val: 0.00654 viol_train: 0.00308 viol_val: 0.00359
epoch: 01000 loss_train: 0.00563 loss_val: 0.00597 viol_train: 0.00333 viol_val: 0.00405
Training Finished!
