Scaler Factors: [800.           0.9936625    1.987325     1.81292375]
Scaler saved at /home/f25moham/CSTR/nonlinear/total/pieces/Reduced_T/segments/segments2/heaviside/heaviside2/scaler.pkl
Scaled dataset saved at /home/f25moham/CSTR/nonlinear/total/pieces/Reduced_T/segments/segments2/heaviside/heaviside2/scaled_data.csv
Scaler Factors outside function: [800.           0.9936625    1.987325     1.81292375]
Scaler loaded successfully.
Scaler Type: <class 'sklearn.preprocessing._data.MaxAbsScaler'>
Scaler Factors (scale_): [800.           0.9936625    1.987325     1.81292375]
Namespace(model='KKThPINN', model_id='adaptive_S3_r7', input_dim=1, hidden_dim=32, hidden_num=2, z0_dim=3, optimizer='adam', epochs=1000, batch_size=16, lr=0.0001, mu=1, max_subiter=500, eta=0.8, sigma=2, mu_safe=1000000000.0, dtype=64, dataset_type='cstr', dataset_path='data.csv', val_ratio=0.2, job='train', runs=1, run=0)
Scaler Factors: [800.           0.9936625    1.987325     1.81292375]
Scaler saved at /home/f25moham/CSTR/nonlinear/total/pieces/Reduced_T/segments/segments2/heaviside/heaviside2/scaler.pkl
Scaled dataset saved at /home/f25moham/CSTR/nonlinear/total/pieces/Reduced_T/segments/segments2/heaviside/heaviside2/scaled_data.csv
train set size: 90, val set size: 30, test set size: 30
Dtypes after casting:
[torch.float64, torch.float64, torch.float64]
[torch.float64, torch.float64, torch.float64]
[torch.float64, torch.float64, torch.float64]
Start Training…
epoch: 00050 loss_train: 0.05935 loss_val: 0.07060 viol_train: 0.03081 viol_val: 0.03649
epoch: 00100 loss_train: 0.03725 loss_val: 0.04125 viol_train: 0.01042 viol_val: 0.00867
epoch: 00150 loss_train: 0.03614 loss_val: 0.04006 viol_train: 0.00903 viol_val: 0.00704
epoch: 00200 loss_train: 0.03365 loss_val: 0.03481 viol_train: 0.00937 viol_val: 0.00727
epoch: 00250 loss_train: 0.03077 loss_val: 0.03264 viol_train: 0.00926 viol_val: 0.00733
epoch: 00300 loss_train: 0.02720 loss_val: 0.02924 viol_train: 0.00999 viol_val: 0.00773
epoch: 00350 loss_train: 0.02475 loss_val: 0.02621 viol_train: 0.00963 viol_val: 0.00807
epoch: 00400 loss_train: 0.02139 loss_val: 0.02272 viol_train: 0.01017 viol_val: 0.00803
epoch: 00450 loss_train: 0.01826 loss_val: 0.01934 viol_train: 0.01089 viol_val: 0.00806
epoch: 00500 loss_train: 0.01655 loss_val: 0.01682 viol_train: 0.01074 viol_val: 0.00833
epoch: 00550 loss_train: 0.01405 loss_val: 0.01422 viol_train: 0.00981 viol_val: 0.00866
epoch: 00600 loss_train: 0.01285 loss_val: 0.01221 viol_train: 0.01041 viol_val: 0.00865
epoch: 00650 loss_train: 0.01127 loss_val: 0.01088 viol_train: 0.00996 viol_val: 0.00767
epoch: 00700 loss_train: 0.00985 loss_val: 0.00972 viol_train: 0.00961 viol_val: 0.00800
epoch: 00750 loss_train: 0.00884 loss_val: 0.00886 viol_train: 0.00907 viol_val: 0.00715
epoch: 00800 loss_train: 0.00878 loss_val: 0.00850 viol_train: 0.01016 viol_val: 0.00742
epoch: 00850 loss_train: 0.00796 loss_val: 0.00794 viol_train: 0.00924 viol_val: 0.00704
epoch: 00900 loss_train: 0.00768 loss_val: 0.00777 viol_train: 0.00891 viol_val: 0.00694
epoch: 00950 loss_train: 0.00752 loss_val: 0.00737 viol_train: 0.00954 viol_val: 0.00708
epoch: 01000 loss_train: 0.00745 loss_val: 0.00693 viol_train: 0.00937 viol_val: 0.00700
Training Finished!
