Scaler Factors: [800.           0.9936625    1.987325     1.81292375]
Scaler saved at /home/f25moham/CSTR/nonlinear/total/pieces/Reduced_T/segments/segments2/heaviside/heaviside2/scaler.pkl
Scaled dataset saved at /home/f25moham/CSTR/nonlinear/total/pieces/Reduced_T/segments/segments2/heaviside/heaviside2/scaled_data.csv
Scaler Factors outside function: [800.           0.9936625    1.987325     1.81292375]
Scaler loaded successfully.
Scaler Type: <class 'sklearn.preprocessing._data.MaxAbsScaler'>
Scaler Factors (scale_): [800.           0.9936625    1.987325     1.81292375]
Namespace(model='KKThPINN', model_id='uniform_S2_r1', input_dim=1, hidden_dim=32, hidden_num=2, z0_dim=3, optimizer='adam', epochs=1000, batch_size=16, lr=0.0001, mu=1, max_subiter=500, eta=0.8, sigma=2, mu_safe=1000000000.0, dtype=64, dataset_type='cstr', dataset_path='data.csv', val_ratio=0.2, job='train', runs=1, run=0)
Scaler Factors: [800.           0.9936625    1.987325     1.81292375]
Scaler saved at /home/f25moham/CSTR/nonlinear/total/pieces/Reduced_T/segments/segments2/heaviside/heaviside2/scaler.pkl
Scaled dataset saved at /home/f25moham/CSTR/nonlinear/total/pieces/Reduced_T/segments/segments2/heaviside/heaviside2/scaled_data.csv
train set size: 90, val set size: 30, test set size: 30
Dtypes after casting:
[torch.float64, torch.float64]
[torch.float64, torch.float64]
[torch.float64, torch.float64]
Start Training…
epoch: 00050 loss_train: 0.14402 loss_val: 0.16234 viol_train: 0.10912 viol_val: 0.13859
epoch: 00100 loss_train: 0.05862 loss_val: 0.06749 viol_train: 0.06476 viol_val: 0.07910
epoch: 00150 loss_train: 0.03701 loss_val: 0.04150 viol_train: 0.04028 viol_val: 0.04909
epoch: 00200 loss_train: 0.03459 loss_val: 0.03634 viol_train: 0.03457 viol_val: 0.04004
epoch: 00250 loss_train: 0.03193 loss_val: 0.03338 viol_train: 0.03416 viol_val: 0.03941
epoch: 00300 loss_train: 0.02811 loss_val: 0.02954 viol_train: 0.03652 viol_val: 0.04470
epoch: 00350 loss_train: 0.02457 loss_val: 0.02684 viol_train: 0.04042 viol_val: 0.04446
epoch: 00400 loss_train: 0.02473 loss_val: 0.02414 viol_train: 0.03714 viol_val: 0.04617
epoch: 00450 loss_train: 0.01951 loss_val: 0.02105 viol_train: 0.03800 viol_val: 0.04374
epoch: 00500 loss_train: 0.01758 loss_val: 0.01779 viol_train: 0.03666 viol_val: 0.04260
epoch: 00550 loss_train: 0.01596 loss_val: 0.01527 viol_train: 0.03461 viol_val: 0.04229
epoch: 00600 loss_train: 0.01321 loss_val: 0.01314 viol_train: 0.03405 viol_val: 0.04231
epoch: 00650 loss_train: 0.01189 loss_val: 0.01170 viol_train: 0.03363 viol_val: 0.04130
epoch: 00700 loss_train: 0.01005 loss_val: 0.00998 viol_train: 0.03606 viol_val: 0.03760
epoch: 00750 loss_train: 0.00917 loss_val: 0.00897 viol_train: 0.03437 viol_val: 0.03905
epoch: 00800 loss_train: 0.00814 loss_val: 0.00775 viol_train: 0.03284 viol_val: 0.03927
epoch: 00850 loss_train: 0.00763 loss_val: 0.00704 viol_train: 0.03418 viol_val: 0.03860
epoch: 00900 loss_train: 0.00666 loss_val: 0.00615 viol_train: 0.03493 viol_val: 0.03881
epoch: 00950 loss_train: 0.00593 loss_val: 0.00569 viol_train: 0.03216 viol_val: 0.04067
epoch: 01000 loss_train: 0.00525 loss_val: 0.00524 viol_train: 0.03643 viol_val: 0.03770
Training Finished!
