Scaler Factors: [800.           0.9936625    1.987325     1.81292375]
Scaler saved at /home/f25moham/CSTR/nonlinear/total/pieces/Reduced_T/segments/segments2/heaviside/heaviside2/scaler.pkl
Scaled dataset saved at /home/f25moham/CSTR/nonlinear/total/pieces/Reduced_T/segments/segments2/heaviside/heaviside2/scaled_data.csv
Scaler Factors outside function: [800.           0.9936625    1.987325     1.81292375]
Scaler loaded successfully.
Scaler Type: <class 'sklearn.preprocessing._data.MaxAbsScaler'>
Scaler Factors (scale_): [800.           0.9936625    1.987325     1.81292375]
Namespace(model='KKThPINN', model_id='uniform_S5_r0', input_dim=1, hidden_dim=32, hidden_num=2, z0_dim=3, optimizer='adam', epochs=1000, batch_size=16, lr=0.0001, mu=1, max_subiter=500, eta=0.8, sigma=2, mu_safe=1000000000.0, dtype=64, dataset_type='cstr', dataset_path='data.csv', val_ratio=0.2, job='train', runs=1, run=0)
Scaler Factors: [800.           0.9936625    1.987325     1.81292375]
Scaler saved at /home/f25moham/CSTR/nonlinear/total/pieces/Reduced_T/segments/segments2/heaviside/heaviside2/scaler.pkl
Scaled dataset saved at /home/f25moham/CSTR/nonlinear/total/pieces/Reduced_T/segments/segments2/heaviside/heaviside2/scaled_data.csv
train set size: 90, val set size: 30, test set size: 30
Dtypes after casting:
[torch.float64, torch.float64, torch.float64, torch.float64, torch.float64]
[torch.float64, torch.float64, torch.float64, torch.float64, torch.float64]
[torch.float64, torch.float64, torch.float64, torch.float64, torch.float64]
Start Training…
epoch: 00050 loss_train: 0.07198 loss_val: 0.07814 viol_train: 0.14906 viol_val: 0.19287
epoch: 00100 loss_train: 0.04072 loss_val: 0.04386 viol_train: 0.00424 viol_val: 0.00523
epoch: 00150 loss_train: 0.03409 loss_val: 0.03723 viol_train: 0.01187 viol_val: 0.01602
epoch: 00200 loss_train: 0.03365 loss_val: 0.03553 viol_train: 0.01402 viol_val: 0.01875
epoch: 00250 loss_train: 0.03080 loss_val: 0.03394 viol_train: 0.01404 viol_val: 0.01949
epoch: 00300 loss_train: 0.02799 loss_val: 0.03181 viol_train: 0.01333 viol_val: 0.01749
epoch: 00350 loss_train: 0.02511 loss_val: 0.02703 viol_train: 0.01097 viol_val: 0.01401
epoch: 00400 loss_train: 0.02131 loss_val: 0.02337 viol_train: 0.00845 viol_val: 0.01144
epoch: 00450 loss_train: 0.01863 loss_val: 0.01958 viol_train: 0.00641 viol_val: 0.00868
epoch: 00500 loss_train: 0.01635 loss_val: 0.01694 viol_train: 0.00506 viol_val: 0.00703
epoch: 00550 loss_train: 0.01336 loss_val: 0.01383 viol_train: 0.00441 viol_val: 0.00538
epoch: 00600 loss_train: 0.01132 loss_val: 0.01163 viol_train: 0.00352 viol_val: 0.00465
epoch: 00650 loss_train: 0.01004 loss_val: 0.01001 viol_train: 0.00333 viol_val: 0.00428
epoch: 00700 loss_train: 0.00801 loss_val: 0.00851 viol_train: 0.00336 viol_val: 0.00426
epoch: 00750 loss_train: 0.00712 loss_val: 0.00736 viol_train: 0.00342 viol_val: 0.00447
epoch: 00800 loss_train: 0.00617 loss_val: 0.00651 viol_train: 0.00355 viol_val: 0.00443
epoch: 00850 loss_train: 0.00562 loss_val: 0.00608 viol_train: 0.00329 viol_val: 0.00438
epoch: 00900 loss_train: 0.00504 loss_val: 0.00540 viol_train: 0.00326 viol_val: 0.00446
epoch: 00950 loss_train: 0.00461 loss_val: 0.00501 viol_train: 0.00360 viol_val: 0.00458
epoch: 01000 loss_train: 0.00426 loss_val: 0.00461 viol_train: 0.00359 viol_val: 0.00469
Training Finished!
