Scaler Factors: [800.           0.9936625    1.987325     1.81292375]
Scaler saved at /home/f25moham/CSTR/nonlinear/total/pieces/Reduced_T/segments/segments2/heaviside/heaviside2/scaler.pkl
Scaled dataset saved at /home/f25moham/CSTR/nonlinear/total/pieces/Reduced_T/segments/segments2/heaviside/heaviside2/scaled_data.csv
Scaler Factors outside function: [800.           0.9936625    1.987325     1.81292375]
Scaler loaded successfully.
Scaler Type: <class 'sklearn.preprocessing._data.MaxAbsScaler'>
Scaler Factors (scale_): [800.           0.9936625    1.987325     1.81292375]
Namespace(model='KKThPINN', model_id='adaptive_S5', input_dim=1, hidden_dim=32, hidden_num=2, z0_dim=3, optimizer='adam', epochs=1000, batch_size=16, lr=0.0001, mu=1, max_subiter=500, eta=0.8, sigma=2, mu_safe=1000000000.0, dtype=64, dataset_type='cstr', dataset_path='data.csv', val_ratio=0.2, job='train', runs=1, run=0)
Scaler Factors: [800.           0.9936625    1.987325     1.81292375]
Scaler saved at /home/f25moham/CSTR/nonlinear/total/pieces/Reduced_T/segments/segments2/heaviside/heaviside2/scaler.pkl
Scaled dataset saved at /home/f25moham/CSTR/nonlinear/total/pieces/Reduced_T/segments/segments2/heaviside/heaviside2/scaled_data.csv
train set size: 90, val set size: 30, test set size: 30
Dtypes after casting:
[torch.float64, torch.float64, torch.float64, torch.float64, torch.float64]
[torch.float64, torch.float64, torch.float64, torch.float64, torch.float64]
[torch.float64, torch.float64, torch.float64, torch.float64, torch.float64]
Start Training…
epoch: 00050 loss_train: 0.15458 loss_val: 0.16071 viol_train: 0.01665 viol_val: 0.01954
epoch: 00100 loss_train: 0.04977 loss_val: 0.05556 viol_train: 0.00385 viol_val: 0.00358
epoch: 00150 loss_train: 0.03896 loss_val: 0.04128 viol_train: 0.00601 viol_val: 0.00705
epoch: 00200 loss_train: 0.03753 loss_val: 0.03944 viol_train: 0.01036 viol_val: 0.01224
epoch: 00250 loss_train: 0.03546 loss_val: 0.03820 viol_train: 0.01229 viol_val: 0.01320
epoch: 00300 loss_train: 0.03492 loss_val: 0.03722 viol_train: 0.01299 viol_val: 0.01455
epoch: 00350 loss_train: 0.03292 loss_val: 0.03593 viol_train: 0.01145 viol_val: 0.01488
epoch: 00400 loss_train: 0.03179 loss_val: 0.03514 viol_train: 0.01240 viol_val: 0.01428
epoch: 00450 loss_train: 0.03032 loss_val: 0.03187 viol_train: 0.01168 viol_val: 0.01304
epoch: 00500 loss_train: 0.02806 loss_val: 0.03056 viol_train: 0.01115 viol_val: 0.01300
epoch: 00550 loss_train: 0.02610 loss_val: 0.02863 viol_train: 0.01013 viol_val: 0.01188
epoch: 00600 loss_train: 0.02364 loss_val: 0.02489 viol_train: 0.00863 viol_val: 0.01023
epoch: 00650 loss_train: 0.02084 loss_val: 0.02321 viol_train: 0.00865 viol_val: 0.00877
epoch: 00700 loss_train: 0.01850 loss_val: 0.02003 viol_train: 0.00652 viol_val: 0.00754
epoch: 00750 loss_train: 0.01588 loss_val: 0.01791 viol_train: 0.00540 viol_val: 0.00515
epoch: 00800 loss_train: 0.01418 loss_val: 0.01477 viol_train: 0.00396 viol_val: 0.00400
epoch: 00850 loss_train: 0.01188 loss_val: 0.01267 viol_train: 0.00316 viol_val: 0.00273
epoch: 00900 loss_train: 0.01048 loss_val: 0.01119 viol_train: 0.00277 viol_val: 0.00206
epoch: 00950 loss_train: 0.00943 loss_val: 0.00961 viol_train: 0.00259 viol_val: 0.00195
epoch: 01000 loss_train: 0.00846 loss_val: 0.00944 viol_train: 0.00257 viol_val: 0.00196
Training Finished!
