Scaler Factors: [800.           0.9936625    1.987325     1.81292375]
Scaler saved at /home/f25moham/CSTR/nonlinear/total/pieces/Reduced_T/segments/segments2/heaviside/heaviside2/scaler.pkl
Scaled dataset saved at /home/f25moham/CSTR/nonlinear/total/pieces/Reduced_T/segments/segments2/heaviside/heaviside2/scaled_data.csv
Scaler Factors outside function: [800.           0.9936625    1.987325     1.81292375]
Scaler loaded successfully.
Scaler Type: <class 'sklearn.preprocessing._data.MaxAbsScaler'>
Scaler Factors (scale_): [800.           0.9936625    1.987325     1.81292375]
Namespace(model='KKThPINN', model_id='uniform_S30_r0', input_dim=1, hidden_dim=32, hidden_num=2, z0_dim=3, optimizer='adam', epochs=1000, batch_size=16, lr=0.0001, mu=1, max_subiter=500, eta=0.8, sigma=2, mu_safe=1000000000.0, dtype=64, dataset_type='cstr', dataset_path='data.csv', val_ratio=0.2, job='train', runs=1, run=0)
Scaler Factors: [800.           0.9936625    1.987325     1.81292375]
Scaler saved at /home/f25moham/CSTR/nonlinear/total/pieces/Reduced_T/segments/segments2/heaviside/heaviside2/scaler.pkl
Scaled dataset saved at /home/f25moham/CSTR/nonlinear/total/pieces/Reduced_T/segments/segments2/heaviside/heaviside2/scaled_data.csv
train set size: 90, val set size: 30, test set size: 30
Dtypes after casting:
[torch.float64, torch.float64, torch.float64, torch.float64, torch.float64, torch.float64, torch.float64, torch.float64, torch.float64, torch.float64, torch.float64, torch.float64, torch.float64, torch.float64, torch.float64, torch.float64, torch.float64, torch.float64, torch.float64, torch.float64, torch.float64, torch.float64, torch.float64, torch.float64, torch.float64, torch.float64, torch.float64, torch.float64, torch.float64, torch.float64]
[torch.float64, torch.float64, torch.float64, torch.float64, torch.float64, torch.float64, torch.float64, torch.float64, torch.float64, torch.float64, torch.float64, torch.float64, torch.float64, torch.float64, torch.float64, torch.float64, torch.float64, torch.float64, torch.float64, torch.float64, torch.float64, torch.float64, torch.float64, torch.float64, torch.float64, torch.float64, torch.float64, torch.float64, torch.float64, torch.float64]
[torch.float64, torch.float64, torch.float64, torch.float64, torch.float64, torch.float64, torch.float64, torch.float64, torch.float64, torch.float64, torch.float64, torch.float64, torch.float64, torch.float64, torch.float64, torch.float64, torch.float64, torch.float64, torch.float64, torch.float64, torch.float64, torch.float64, torch.float64, torch.float64, torch.float64, torch.float64, torch.float64, torch.float64, torch.float64, torch.float64]
Start Training…
epoch: 00050 loss_train: 0.10510 loss_val: 0.12304 viol_train: 0.02209 viol_val: 0.02804
epoch: 00100 loss_train: 0.04704 loss_val: 0.05826 viol_train: 0.00274 viol_val: 0.00380
epoch: 00150 loss_train: 0.03411 loss_val: 0.04068 viol_train: 0.00201 viol_val: 0.00244
epoch: 00200 loss_train: 0.03076 loss_val: 0.03448 viol_train: 0.01028 viol_val: 0.01238
epoch: 00250 loss_train: 0.02923 loss_val: 0.03156 viol_train: 0.01353 viol_val: 0.01871
epoch: 00300 loss_train: 0.02725 loss_val: 0.03052 viol_train: 0.01478 viol_val: 0.01896
epoch: 00350 loss_train: 0.02518 loss_val: 0.02734 viol_train: 0.01719 viol_val: 0.01934
epoch: 00400 loss_train: 0.02401 loss_val: 0.02518 viol_train: 0.01217 viol_val: 0.01767
epoch: 00450 loss_train: 0.02183 loss_val: 0.02367 viol_train: 0.01109 viol_val: 0.01474
epoch: 00500 loss_train: 0.02005 loss_val: 0.02156 viol_train: 0.00932 viol_val: 0.01244
epoch: 00550 loss_train: 0.01750 loss_val: 0.01853 viol_train: 0.00683 viol_val: 0.00930
epoch: 00600 loss_train: 0.01598 loss_val: 0.01623 viol_train: 0.00480 viol_val: 0.00635
epoch: 00650 loss_train: 0.01325 loss_val: 0.01411 viol_train: 0.00243 viol_val: 0.00334
epoch: 00700 loss_train: 0.01165 loss_val: 0.01202 viol_train: 0.00101 viol_val: 0.00144
epoch: 00750 loss_train: 0.01013 loss_val: 0.01043 viol_train: 0.00053 viol_val: 0.00065
epoch: 00800 loss_train: 0.00921 loss_val: 0.00936 viol_train: 0.00033 viol_val: 0.00038
epoch: 00850 loss_train: 0.00811 loss_val: 0.00825 viol_train: 0.00041 viol_val: 0.00043
epoch: 00900 loss_train: 0.00737 loss_val: 0.00777 viol_train: 0.00054 viol_val: 0.00049
epoch: 00950 loss_train: 0.00670 loss_val: 0.00713 viol_train: 0.00075 viol_val: 0.00076
epoch: 01000 loss_train: 0.00613 loss_val: 0.00646 viol_train: 0.00114 viol_val: 0.00108
Training Finished!
