Scaler Factors: [800.           0.9936625    1.987325     1.81292375]
Scaler saved at /home/f25moham/CSTR/nonlinear/total/pieces/Reduced_T/segments/segments2/heaviside/heaviside2/scaler.pkl
Scaled dataset saved at /home/f25moham/CSTR/nonlinear/total/pieces/Reduced_T/segments/segments2/heaviside/heaviside2/scaled_data.csv
Scaler Factors outside function: [800.           0.9936625    1.987325     1.81292375]
Scaler loaded successfully.
Scaler Type: <class 'sklearn.preprocessing._data.MaxAbsScaler'>
Scaler Factors (scale_): [800.           0.9936625    1.987325     1.81292375]
Namespace(model='KKThPINN', model_id='uniform_S1_r2', input_dim=1, hidden_dim=32, hidden_num=2, z0_dim=3, optimizer='adam', epochs=1000, batch_size=16, lr=0.0001, mu=1, max_subiter=500, eta=0.8, sigma=2, mu_safe=1000000000.0, dtype=64, dataset_type='cstr', dataset_path='data.csv', val_ratio=0.2, job='train', runs=1, run=0)
Scaler Factors: [800.           0.9936625    1.987325     1.81292375]
Scaler saved at /home/f25moham/CSTR/nonlinear/total/pieces/Reduced_T/segments/segments2/heaviside/heaviside2/scaler.pkl
Scaled dataset saved at /home/f25moham/CSTR/nonlinear/total/pieces/Reduced_T/segments/segments2/heaviside/heaviside2/scaled_data.csv
train set size: 90, val set size: 30, test set size: 30
Dtypes after casting:
[torch.float64]
[torch.float64]
[torch.float64]
Start Training…
epoch: 00050 loss_train: 0.11283 loss_val: 0.12973 viol_train: 0.44293 viol_val: 0.66169
epoch: 00100 loss_train: 0.06224 loss_val: 0.06640 viol_train: 0.50521 viol_val: 0.65459
epoch: 00150 loss_train: 0.05473 loss_val: 0.05640 viol_train: 0.50723 viol_val: 0.63825
epoch: 00200 loss_train: 0.04856 loss_val: 0.05312 viol_train: 0.47993 viol_val: 0.60098
epoch: 00250 loss_train: 0.04487 loss_val: 0.04526 viol_train: 0.44370 viol_val: 0.62390
epoch: 00300 loss_train: 0.03744 loss_val: 0.03971 viol_train: 0.45383 viol_val: 0.62136
epoch: 00350 loss_train: 0.03325 loss_val: 0.03402 viol_train: 0.43837 viol_val: 0.62477
epoch: 00400 loss_train: 0.02987 loss_val: 0.03232 viol_train: 0.46813 viol_val: 0.57780
epoch: 00450 loss_train: 0.02734 loss_val: 0.02673 viol_train: 0.43908 viol_val: 0.60217
epoch: 00500 loss_train: 0.02547 loss_val: 0.02529 viol_train: 0.42979 viol_val: 0.60382
epoch: 00550 loss_train: 0.02412 loss_val: 0.02463 viol_train: 0.43404 viol_val: 0.60192
epoch: 00600 loss_train: 0.02297 loss_val: 0.02295 viol_train: 0.46940 viol_val: 0.61638
epoch: 00650 loss_train: 0.02209 loss_val: 0.02230 viol_train: 0.48281 viol_val: 0.61752
epoch: 00700 loss_train: 0.02209 loss_val: 0.02078 viol_train: 0.48757 viol_val: 0.60548
epoch: 00750 loss_train: 0.02073 loss_val: 0.01972 viol_train: 0.49310 viol_val: 0.61255
epoch: 00800 loss_train: 0.02068 loss_val: 0.01998 viol_train: 0.47503 viol_val: 0.62520
epoch: 00850 loss_train: 0.01991 loss_val: 0.01947 viol_train: 0.45604 viol_val: 0.62877
epoch: 00900 loss_train: 0.01964 loss_val: 0.01884 viol_train: 0.43828 viol_val: 0.64428
epoch: 00950 loss_train: 0.01965 loss_val: 0.01824 viol_train: 0.48131 viol_val: 0.63416
epoch: 01000 loss_train: 0.01961 loss_val: 0.01866 viol_train: 0.45649 viol_val: 0.60519
Training Finished!
