Scaler Factors: [800.           0.9936625    1.987325     1.81292375]
Scaler saved at /home/f25moham/CSTR/nonlinear/total/pieces/Reduced_T/segments/segments2/heaviside/heaviside2/scaler.pkl
Scaled dataset saved at /home/f25moham/CSTR/nonlinear/total/pieces/Reduced_T/segments/segments2/heaviside/heaviside2/scaled_data.csv
Scaler Factors outside function: [800.           0.9936625    1.987325     1.81292375]
Scaler loaded successfully.
Scaler Type: <class 'sklearn.preprocessing._data.MaxAbsScaler'>
Scaler Factors (scale_): [800.           0.9936625    1.987325     1.81292375]
Namespace(model='KKThPINN', model_id='uniform_S30_r8', input_dim=1, hidden_dim=32, hidden_num=2, z0_dim=3, optimizer='adam', epochs=1000, batch_size=16, lr=0.0001, mu=1, max_subiter=500, eta=0.8, sigma=2, mu_safe=1000000000.0, dtype=64, dataset_type='cstr', dataset_path='data.csv', val_ratio=0.2, job='train', runs=1, run=0)
Scaler Factors: [800.           0.9936625    1.987325     1.81292375]
Scaler saved at /home/f25moham/CSTR/nonlinear/total/pieces/Reduced_T/segments/segments2/heaviside/heaviside2/scaler.pkl
Scaled dataset saved at /home/f25moham/CSTR/nonlinear/total/pieces/Reduced_T/segments/segments2/heaviside/heaviside2/scaled_data.csv
train set size: 90, val set size: 30, test set size: 30
Dtypes after casting:
[torch.float64, torch.float64, torch.float64, torch.float64, torch.float64, torch.float64, torch.float64, torch.float64, torch.float64, torch.float64, torch.float64, torch.float64, torch.float64, torch.float64, torch.float64, torch.float64, torch.float64, torch.float64, torch.float64, torch.float64, torch.float64, torch.float64, torch.float64, torch.float64, torch.float64, torch.float64, torch.float64, torch.float64, torch.float64, torch.float64]
[torch.float64, torch.float64, torch.float64, torch.float64, torch.float64, torch.float64, torch.float64, torch.float64, torch.float64, torch.float64, torch.float64, torch.float64, torch.float64, torch.float64, torch.float64, torch.float64, torch.float64, torch.float64, torch.float64, torch.float64, torch.float64, torch.float64, torch.float64, torch.float64, torch.float64, torch.float64, torch.float64, torch.float64, torch.float64, torch.float64]
[torch.float64, torch.float64, torch.float64, torch.float64, torch.float64, torch.float64, torch.float64, torch.float64, torch.float64, torch.float64, torch.float64, torch.float64, torch.float64, torch.float64, torch.float64, torch.float64, torch.float64, torch.float64, torch.float64, torch.float64, torch.float64, torch.float64, torch.float64, torch.float64, torch.float64, torch.float64, torch.float64, torch.float64, torch.float64, torch.float64]
Start Training…
epoch: 00050 loss_train: 0.10738 loss_val: 0.12467 viol_train: 0.02901 viol_val: 0.03977
epoch: 00100 loss_train: 0.05943 loss_val: 0.06726 viol_train: 0.00559 viol_val: 0.00744
epoch: 00150 loss_train: 0.03965 loss_val: 0.04475 viol_train: 0.00056 viol_val: 0.00071
epoch: 00200 loss_train: 0.03257 loss_val: 0.03677 viol_train: 0.00569 viol_val: 0.00717
epoch: 00250 loss_train: 0.02969 loss_val: 0.03322 viol_train: 0.00741 viol_val: 0.01027
epoch: 00300 loss_train: 0.02742 loss_val: 0.03047 viol_train: 0.00737 viol_val: 0.00999
epoch: 00350 loss_train: 0.02576 loss_val: 0.02790 viol_train: 0.00572 viol_val: 0.00813
epoch: 00400 loss_train: 0.02356 loss_val: 0.02454 viol_train: 0.00422 viol_val: 0.00573
epoch: 00450 loss_train: 0.02159 loss_val: 0.02290 viol_train: 0.00324 viol_val: 0.00445
epoch: 00500 loss_train: 0.01914 loss_val: 0.02033 viol_train: 0.00177 viol_val: 0.00243
epoch: 00550 loss_train: 0.01733 loss_val: 0.01783 viol_train: 0.00096 viol_val: 0.00135
epoch: 00600 loss_train: 0.01525 loss_val: 0.01559 viol_train: 0.00047 viol_val: 0.00058
epoch: 00650 loss_train: 0.01364 loss_val: 0.01340 viol_train: 0.00051 viol_val: 0.00055
epoch: 00700 loss_train: 0.01125 loss_val: 0.01199 viol_train: 0.00094 viol_val: 0.00097
epoch: 00750 loss_train: 0.01014 loss_val: 0.01052 viol_train: 0.00159 viol_val: 0.00171
epoch: 00800 loss_train: 0.00908 loss_val: 0.00933 viol_train: 0.00233 viol_val: 0.00270
epoch: 00850 loss_train: 0.00843 loss_val: 0.00876 viol_train: 0.00257 viol_val: 0.00261
epoch: 00900 loss_train: 0.00737 loss_val: 0.00791 viol_train: 0.00266 viol_val: 0.00331
epoch: 00950 loss_train: 0.00706 loss_val: 0.00742 viol_train: 0.00177 viol_val: 0.00205
epoch: 01000 loss_train: 0.00642 loss_val: 0.00683 viol_train: 0.00199 viol_val: 0.00243
Training Finished!
