Scaler Factors: [800.           0.9936625    1.987325     1.81292375]
Scaler saved at /home/f25moham/CSTR/nonlinear/total/pieces/Reduced_T/segments/segments2/heaviside/heaviside2/scaler.pkl
Scaled dataset saved at /home/f25moham/CSTR/nonlinear/total/pieces/Reduced_T/segments/segments2/heaviside/heaviside2/scaled_data.csv
Scaler Factors outside function: [800.           0.9936625    1.987325     1.81292375]
Scaler loaded successfully.
Scaler Type: <class 'sklearn.preprocessing._data.MaxAbsScaler'>
Scaler Factors (scale_): [800.           0.9936625    1.987325     1.81292375]
Namespace(model='KKThPINN', model_id='adaptive_S11_r0', input_dim=1, hidden_dim=32, hidden_num=2, z0_dim=3, optimizer='adam', epochs=1000, batch_size=16, lr=0.0001, mu=1, max_subiter=500, eta=0.8, sigma=2, mu_safe=1000000000.0, dtype=64, dataset_type='cstr', dataset_path='data.csv', val_ratio=0.2, job='train', runs=1, run=0)
Scaler Factors: [800.           0.9936625    1.987325     1.81292375]
Scaler saved at /home/f25moham/CSTR/nonlinear/total/pieces/Reduced_T/segments/segments2/heaviside/heaviside2/scaler.pkl
Scaled dataset saved at /home/f25moham/CSTR/nonlinear/total/pieces/Reduced_T/segments/segments2/heaviside/heaviside2/scaled_data.csv
train set size: 90, val set size: 30, test set size: 30
Dtypes after casting:
[torch.float64, torch.float64, torch.float64, torch.float64, torch.float64, torch.float64, torch.float64, torch.float64, torch.float64, torch.float64, torch.float64]
[torch.float64, torch.float64, torch.float64, torch.float64, torch.float64, torch.float64, torch.float64, torch.float64, torch.float64, torch.float64, torch.float64]
[torch.float64, torch.float64, torch.float64, torch.float64, torch.float64, torch.float64, torch.float64, torch.float64, torch.float64, torch.float64, torch.float64]
Start Training…
epoch: 00050 loss_train: 0.12443 loss_val: 0.13603 viol_train: 0.04860 viol_val: 0.06236
epoch: 00100 loss_train: 0.04317 loss_val: 0.04893 viol_train: 0.00220 viol_val: 0.00283
epoch: 00150 loss_train: 0.03623 loss_val: 0.04017 viol_train: 0.00294 viol_val: 0.00375
epoch: 00200 loss_train: 0.03432 loss_val: 0.03852 viol_train: 0.00518 viol_val: 0.00659
epoch: 00250 loss_train: 0.03396 loss_val: 0.03612 viol_train: 0.00487 viol_val: 0.00622
epoch: 00300 loss_train: 0.03197 loss_val: 0.03564 viol_train: 0.00419 viol_val: 0.00538
epoch: 00350 loss_train: 0.03128 loss_val: 0.03456 viol_train: 0.00380 viol_val: 0.00471
epoch: 00400 loss_train: 0.02867 loss_val: 0.03236 viol_train: 0.00307 viol_val: 0.00402
epoch: 00450 loss_train: 0.02730 loss_val: 0.02911 viol_train: 0.00191 viol_val: 0.00253
epoch: 00500 loss_train: 0.02560 loss_val: 0.02816 viol_train: 0.00160 viol_val: 0.00197
epoch: 00550 loss_train: 0.02414 loss_val: 0.02580 viol_train: 0.00108 viol_val: 0.00132
epoch: 00600 loss_train: 0.02255 loss_val: 0.02384 viol_train: 0.00085 viol_val: 0.00095
epoch: 00650 loss_train: 0.01994 loss_val: 0.02148 viol_train: 0.00068 viol_val: 0.00068
epoch: 00700 loss_train: 0.01822 loss_val: 0.01953 viol_train: 0.00071 viol_val: 0.00068
epoch: 00750 loss_train: 0.01643 loss_val: 0.01743 viol_train: 0.00093 viol_val: 0.00095
epoch: 00800 loss_train: 0.01481 loss_val: 0.01553 viol_train: 0.00107 viol_val: 0.00109
epoch: 00850 loss_train: 0.01297 loss_val: 0.01335 viol_train: 0.00151 viol_val: 0.00167
epoch: 00900 loss_train: 0.01189 loss_val: 0.01219 viol_train: 0.00189 viol_val: 0.00206
epoch: 00950 loss_train: 0.01017 loss_val: 0.01087 viol_train: 0.00229 viol_val: 0.00225
epoch: 01000 loss_train: 0.00981 loss_val: 0.01043 viol_train: 0.00201 viol_val: 0.00219
Training Finished!
