Scaler Factors: [800.           0.9936625    1.987325     1.81292375]
Scaler saved at /home/f25moham/CSTR/nonlinear/total/pieces/Reduced_T/segments/segments2/heaviside/heaviside2/scaler.pkl
Scaled dataset saved at /home/f25moham/CSTR/nonlinear/total/pieces/Reduced_T/segments/segments2/heaviside/heaviside2/scaled_data.csv
Scaler Factors outside function: [800.           0.9936625    1.987325     1.81292375]
Scaler loaded successfully.
Scaler Type: <class 'sklearn.preprocessing._data.MaxAbsScaler'>
Scaler Factors (scale_): [800.           0.9936625    1.987325     1.81292375]
Namespace(model='KKThPINN', model_id='uniform_S30_r3', input_dim=1, hidden_dim=32, hidden_num=2, z0_dim=3, optimizer='adam', epochs=1000, batch_size=16, lr=0.0001, mu=1, max_subiter=500, eta=0.8, sigma=2, mu_safe=1000000000.0, dtype=64, dataset_type='cstr', dataset_path='data.csv', val_ratio=0.2, job='train', runs=1, run=0)
Scaler Factors: [800.           0.9936625    1.987325     1.81292375]
Scaler saved at /home/f25moham/CSTR/nonlinear/total/pieces/Reduced_T/segments/segments2/heaviside/heaviside2/scaler.pkl
Scaled dataset saved at /home/f25moham/CSTR/nonlinear/total/pieces/Reduced_T/segments/segments2/heaviside/heaviside2/scaled_data.csv
train set size: 90, val set size: 30, test set size: 30
Dtypes after casting:
[torch.float64, torch.float64, torch.float64, torch.float64, torch.float64, torch.float64, torch.float64, torch.float64, torch.float64, torch.float64, torch.float64, torch.float64, torch.float64, torch.float64, torch.float64, torch.float64, torch.float64, torch.float64, torch.float64, torch.float64, torch.float64, torch.float64, torch.float64, torch.float64, torch.float64, torch.float64, torch.float64, torch.float64, torch.float64, torch.float64]
[torch.float64, torch.float64, torch.float64, torch.float64, torch.float64, torch.float64, torch.float64, torch.float64, torch.float64, torch.float64, torch.float64, torch.float64, torch.float64, torch.float64, torch.float64, torch.float64, torch.float64, torch.float64, torch.float64, torch.float64, torch.float64, torch.float64, torch.float64, torch.float64, torch.float64, torch.float64, torch.float64, torch.float64, torch.float64, torch.float64]
[torch.float64, torch.float64, torch.float64, torch.float64, torch.float64, torch.float64, torch.float64, torch.float64, torch.float64, torch.float64, torch.float64, torch.float64, torch.float64, torch.float64, torch.float64, torch.float64, torch.float64, torch.float64, torch.float64, torch.float64, torch.float64, torch.float64, torch.float64, torch.float64, torch.float64, torch.float64, torch.float64, torch.float64, torch.float64, torch.float64]
Start Training…
epoch: 00050 loss_train: 0.13689 loss_val: 0.16542 viol_train: 0.34814 viol_val: 0.46011
epoch: 00100 loss_train: 0.07166 loss_val: 0.08654 viol_train: 0.09692 viol_val: 0.13312
epoch: 00150 loss_train: 0.05020 loss_val: 0.05696 viol_train: 0.01165 viol_val: 0.01551
epoch: 00200 loss_train: 0.03984 loss_val: 0.04456 viol_train: 0.00207 viol_val: 0.00258
epoch: 00250 loss_train: 0.03421 loss_val: 0.03928 viol_train: 0.01147 viol_val: 0.01677
epoch: 00300 loss_train: 0.03252 loss_val: 0.03467 viol_train: 0.01724 viol_val: 0.02344
epoch: 00350 loss_train: 0.03057 loss_val: 0.03354 viol_train: 0.02027 viol_val: 0.02657
epoch: 00400 loss_train: 0.02900 loss_val: 0.03170 viol_train: 0.02042 viol_val: 0.02656
epoch: 00450 loss_train: 0.02738 loss_val: 0.02894 viol_train: 0.01836 viol_val: 0.02627
epoch: 00500 loss_train: 0.02391 loss_val: 0.02594 viol_train: 0.01703 viol_val: 0.02406
epoch: 00550 loss_train: 0.02110 loss_val: 0.02359 viol_train: 0.01606 viol_val: 0.01964
epoch: 00600 loss_train: 0.01868 loss_val: 0.01984 viol_train: 0.01277 viol_val: 0.01682
epoch: 00650 loss_train: 0.01599 loss_val: 0.01672 viol_train: 0.01033 viol_val: 0.01326
epoch: 00700 loss_train: 0.01395 loss_val: 0.01425 viol_train: 0.00728 viol_val: 0.00932
epoch: 00750 loss_train: 0.01235 loss_val: 0.01192 viol_train: 0.00400 viol_val: 0.00613
epoch: 00800 loss_train: 0.01004 loss_val: 0.01040 viol_train: 0.00236 viol_val: 0.00324
epoch: 00850 loss_train: 0.00869 loss_val: 0.00904 viol_train: 0.00165 viol_val: 0.00221
epoch: 00900 loss_train: 0.00752 loss_val: 0.00810 viol_train: 0.00063 viol_val: 0.00081
epoch: 00950 loss_train: 0.00689 loss_val: 0.00719 viol_train: 0.00037 viol_val: 0.00041
epoch: 01000 loss_train: 0.00614 loss_val: 0.00651 viol_train: 0.00078 viol_val: 0.00084
Training Finished!
