
=== Adaptive segmentation ===
Target number of regions: 30
Split metric:             mean_abs_f_pl
Tmin, Tmax:               280.0, 460.0
Scaler factors:           [800.           0.9936625    1.987325     1.81292375]
Added edge 370.00000000 K | split [280.0000, 460.0000] | score=7.225569e+01 | regions=2/30
Added edge 415.00000000 K | split [370.0000, 460.0000] | score=8.695128e+00 | regions=3/30
Added edge 437.50000000 K | split [415.0000, 460.0000] | score=2.535392e+00 | regions=4/30
Added edge 325.00000000 K | split [280.0000, 370.0000] | score=8.737247e-01 | regions=5/30
Added edge 448.75000000 K | split [437.5000, 460.0000] | score=7.960953e-01 | regions=6/30
Added edge 392.50000000 K | split [370.0000, 415.0000] | score=4.601328e-01 | regions=7/30
Added edge 426.25000000 K | split [415.0000, 437.5000] | score=3.254961e-01 | regions=8/30
Added edge 454.37500000 K | split [448.7500, 460.0000] | score=2.941520e-01 | regions=9/30
Added edge 347.50000000 K | split [325.0000, 370.0000] | score=2.519843e-01 | regions=10/30
Added edge 443.12500000 K | split [437.5000, 448.7500] | score=1.313486e-01 | regions=11/30
Added edge 403.75000000 K | split [392.5000, 415.0000] | score=1.082245e-01 | regions=12/30
Added edge 431.87500000 K | split [426.2500, 437.5000] | score=1.012277e-01 | regions=13/30
Added edge 381.25000000 K | split [370.0000, 392.5000] | score=9.379925e-02 | regions=14/30
Added edge 457.18750000 K | split [454.3750, 460.0000] | score=8.261855e-02 | regions=15/30
Added edge 358.75000000 K | split [347.5000, 370.0000] | score=6.385502e-02 | regions=16/30
Added edge 302.50000000 K | split [280.0000, 325.0000] | score=4.593441e-02 | regions=17/30
Added edge 420.62500000 K | split [415.0000, 426.2500] | score=4.433009e-02 | regions=18/30
Added edge 336.25000000 K | split [325.0000, 347.5000] | score=4.275749e-02 | regions=19/30
Added edge 440.31250000 K | split [437.5000, 443.1250] | score=3.670993e-02 | regions=20/30
Added edge 451.56250000 K | split [448.7500, 454.3750] | score=3.662114e-02 | regions=21/30
Added edge 445.93750000 K | split [443.1250, 448.7500] | score=3.391704e-02 | regions=22/30
Added edge 398.12500000 K | split [392.5000, 403.7500] | score=3.213562e-02 | regions=23/30
Added edge 458.59375000 K | split [457.1875, 460.0000] | score=2.348213e-02 | regions=24/30
Added edge 429.06250000 K | split [426.2500, 431.8750] | score=2.275988e-02 | regions=25/30
Added edge 409.37500000 K | split [403.7500, 415.0000] | score=2.156643e-02 | regions=26/30
Added edge 375.62500000 K | split [370.0000, 381.2500] | score=2.056795e-02 | regions=27/30
Added edge 455.78125000 K | split [454.3750, 457.1875] | score=1.867154e-02 | regions=28/30
Added edge 364.37500000 K | split [358.7500, 370.0000] | score=1.794830e-02 | regions=29/30
Added edge 386.87500000 K | split [381.2500, 392.5000] | score=1.660812e-02 | regions=30/30

Saved:
region_edges.npz
lin_params.csv
ABb_matrices.csv
adaptive_segmentation_summary.csv

=== Adaptive segmentation summary ===
 region_id     T_low    T_high    width  n_points  mean_abs_f_PL  max_abs_f_PL  rmse_f_PL  mean_abs_y_PL_scaled  max_abs_y_PL_scaled
         0 280.00000 302.50000 22.50000        22       0.007393      0.027368   0.010278          2.499310e-03         2.450036e-02
         1 302.50000 325.00000 22.50000        16       0.004435      0.021019   0.007587          1.652754e-03         1.714801e-02
         2 325.00000 336.25000 11.25000        10       0.006819      0.017508   0.008954          9.886872e-04         4.762118e-03
         3 336.25000 347.50000 11.25000         8       0.014248      0.041224   0.018847          9.883605e-04         3.648788e-03
         4 347.50000 358.75000 11.25000         9       0.011582      0.026590   0.014517          3.745558e-04         1.535705e-03
         5 358.75000 364.37500  5.62500         3       0.004267      0.008898   0.005512          7.707458e-05         3.375600e-04
         6 364.37500 370.00000  5.62500         3       0.004206      0.006833   0.005148          4.675289e-05         1.684859e-04
         7 370.00000 375.62500  5.62500         4       0.006290      0.011353   0.007596          4.851367e-05         1.962189e-04
         8 375.62500 381.25000  5.62500         5       0.003783      0.012886   0.006004          1.670414e-05         1.035384e-04
         9 381.25000 386.87500  5.62500         3       0.004881      0.010963   0.006506          1.436777e-05         6.141033e-05
        10 386.87500 392.50000  5.62500         6       0.003429      0.012761   0.005538          8.518615e-06         6.858458e-05
        11 392.50000 398.12500  5.62500         6       0.003790      0.010798   0.005454          6.148486e-06         3.916544e-05
        12 398.12500 403.75000  5.62500         6       0.008079      0.017921   0.010302          8.166009e-06         3.371415e-05
        13 403.75000 409.37500  5.62500         4       0.007313      0.020746   0.010955          5.264106e-06         2.776471e-05
        14 409.37500 415.00000  5.62500         5       0.005737      0.015893   0.007714          3.480192e-06         2.003746e-05
        15 415.00000 420.62500  5.62500         4       0.012182      0.031131   0.016480          5.322833e-06         2.921909e-05
        16 420.62500 426.25000  5.62500         4       0.016466      0.029505   0.019436          5.176022e-06         1.960932e-05
        17 426.25000 429.06250  2.81250         4       0.007403      0.012774   0.008474          1.702591e-06         5.437732e-06
        18 429.06250 431.87500  2.81250         2       0.001865      0.002143   0.001886          3.646174e-07         8.180157e-07
        19 431.87500 437.50000  5.62500         6       0.014469      0.052345   0.023503          2.156038e-06         1.450458e-05
        20 437.50000 440.31250  2.81250         1       0.000091      0.000091   0.000091          1.140871e-08         2.281269e-08
        21 440.31250 443.12500  2.81250         3       0.008979      0.020222   0.012156          9.337378e-07         4.102107e-06
        22 443.12500 445.93750  2.81250         2       0.001811      0.002913   0.002120          1.670994e-07         5.335614e-07
        23 445.93750 448.75000  2.81250         3       0.005508      0.014257   0.008295          4.306886e-07         2.209330e-06
        24 448.75000 451.56250  2.81250         3       0.010979      0.020542   0.013737          7.932096e-07         3.075891e-06
        25 451.56250 454.37500  2.81250         2       0.011379      0.022741   0.016080          7.408157e-07         2.960785e-06
        26 454.37500 455.78125  1.40625         1       0.000120      0.000120   0.000120          6.664141e-09         1.332706e-08
        27 455.78125 457.18750  1.40625         2       0.002872      0.005654   0.003998          1.452916e-07         5.717398e-07
        28 457.18750 458.59375  1.40625         0            NaN           NaN        NaN                   NaN                  NaN
        29 458.59375 460.00000  1.40625         3       0.004925      0.011817   0.006942          2.174974e-07         1.035138e-06

=== Overall adaptive PL diagnostics ===
Mean |f_PL|:              6.734541e-03
Max  |f_PL|:              5.234475e-02
Mean PL-y error, scaled:  2.329940e-04
Max  PL-y error, scaled:  2.450036e-02
