
=== Linearization accuracy by region ===
 region_id     T_low    T_high  n_points  mean_abs_linearization_error  rmse_linearization_error  max_abs_linearization_error  mean_abs_nonlinear_residual  mean_abs_linearized_residual  mean_abs_y_PL_error_scaled  rmse_y_PL_error_scaled  max_abs_y_PL_error_scaled  mean_abs_y_PL_error_original  rmse_y_PL_error_original  max_abs_y_PL_error_original  mean_abs_f_PL  max_abs_f_PL  mean_abs_dCa  mean_abs_dCb  max_abs_dCa  max_abs_dCb  mean_abs_df_dCa  mean_abs_df_dCb  max_abs_df_dCa  max_abs_df_dCb  mean_amplification  max_amplification
         0 280.00000 302.50000        22                      0.007268                  0.009954                     0.025216                 6.404308e-17                      0.007268                2.499310e-03            5.594450e-03               2.450036e-02                  2.627862e-03              5.590559e-03                 2.434509e-02       0.007393      0.027368  7.017241e-03  8.663450e-04 2.434509e-02 3.005632e-03         1.035359         0.035359        1.110250        0.110250            1.031929           1.115713
         1 302.50000 325.00000        16                      0.005405                  0.009757                     0.027735                 8.489303e-17                      0.005405                1.652754e-03            3.868814e-03               1.714801e-02                  2.177715e-03              4.815214e-03                 1.703933e-02       0.004435      0.021019  3.320533e-03  3.212613e-03 1.703933e-02 1.648554e-02         1.336679         0.336679        1.672695        0.672695            1.195247           1.669902
         2 325.00000 336.25000        10                      0.006798                  0.009205                     0.020913                 1.249001e-16                      0.006798                9.886872e-04            1.641239e-03               4.762118e-03                  1.495116e-03              2.645258e-03                 9.463877e-03       0.006819      0.017508  1.409179e-03  3.076170e-03 4.335357e-03 9.463877e-03         2.236959         1.236959        2.670169        1.670169            2.053145           2.621817
         3 336.25000 347.50000         8                      0.014391                  0.018313                     0.029717                 3.747003e-16                      0.014391                9.883605e-04            1.568543e-03               3.648788e-03                  1.567338e-03              2.724229e-03                 7.251327e-03       0.014248      0.041224  1.190567e-03  3.511447e-03 2.458584e-03 7.251327e-03         3.866984         2.866984        5.140695        4.140695            3.949141           5.548393
         4 347.50000 358.75000         9                      0.012424                  0.015740                     0.026759                 7.401487e-16                      0.012424                3.745558e-04            6.018435e-04               1.535705e-03                  6.083469e-04              1.078568e-03                 3.051945e-03       0.011582      0.026590  4.080514e-04  1.416989e-03 8.788706e-04 3.051945e-03         7.494841         6.494841        9.812340        8.812340            8.308445          11.167430
         5 358.75000 364.37500         3                      0.004772                  0.006453                     0.010731                 2.664535e-15                      0.004772                7.707458e-05            1.332262e-04               3.375600e-04                  1.263049e-04              2.412821e-04                 6.708415e-04       0.004267      0.008898  8.060199e-05  2.983128e-04 1.812566e-04 6.708415e-04        12.958911        11.958911       14.768009       13.768009           14.922518          17.141348
         6 364.37500 370.00000         3                      0.004363                  0.005457                     0.008002                 2.960595e-15                      0.004363                4.675289e-05            7.498247e-05               1.684859e-04                  7.688546e-05              1.363390e-04                 3.348362e-04       0.004206      0.006833  4.808316e-05  1.825732e-04 8.818369e-05 3.348362e-04        19.577925        18.577925       22.331845       21.331845           22.948784          26.312269
         7 370.00000 375.62500         4                      0.006774                  0.008379                     0.013862                 3.552714e-15                      0.006774                4.851367e-05            7.710841e-05               1.962189e-04                  7.996603e-05              1.405642e-04                 3.899506e-04       0.006290      0.011353  4.933921e-05  1.905589e-04 1.009654e-04 3.899506e-04        28.172371        27.172371       33.725258       32.725258           33.362415          40.128210
         8 375.62500 381.25000         5                      0.003460                  0.005173                     0.010808                 4.618528e-15                      0.003460                1.670414e-05            3.214172e-05               1.035384e-04                  2.757587e-05              5.869023e-05                 2.057644e-04       0.003783      0.012886  1.686206e-05  6.586555e-05 5.267718e-05 2.057644e-04        42.887718        41.887718       50.665394       49.665394           51.213101          60.670693
         9 381.25000 386.87500         3                      0.004373                  0.005638                     0.009396                 1.421085e-14                      0.004373                1.436777e-05            2.386304e-05               6.141033e-05                  2.374296e-05              4.362126e-05                 1.220423e-04       0.004881      0.010963  1.443143e-05  5.679745e-05 3.100921e-05 1.220423e-04        65.517173        64.517173       72.433645       71.433645           78.661321          87.063954
        10 386.87500 392.50000         6                      0.003773                  0.006463                     0.015245                 1.953993e-14                      0.003773                8.518615e-06            1.881227e-05               6.858458e-05                  1.408668e-05              3.441354e-05                 1.362999e-04       0.003429      0.012761  8.527744e-06  3.373228e-05 3.445750e-05 1.362999e-04        89.258439        88.258439       98.095868       97.095868          107.441003         118.174681
        11 392.50000 398.12500         6                      0.003925                  0.005885                     0.012532                 5.921189e-15                      0.003925                6.148486e-06            1.189141e-05               3.916544e-05                  1.017199e-05              2.176373e-05                 7.783446e-05       0.003790      0.010798  6.141158e-06  2.437480e-05 1.961015e-05 7.783446e-05       129.801993       128.801993      144.022895      143.022895          156.608451         173.870486
        12 398.12500 403.75000         6                      0.007440                  0.009336                     0.015386                 1.338189e-13                      0.007440                8.166009e-06            1.321893e-05               3.371415e-05                  1.351394e-05              2.420136e-05                 6.700098e-05       0.008079      0.017921  8.143713e-06  3.239812e-05 1.684162e-05 6.700098e-05       193.324072       192.324072      214.557520      213.557520          233.644660         259.406840
        13 403.75000 409.37500         4                      0.006782                  0.009753                     0.017908                 2.131628e-14                      0.006782                5.264106e-06            9.768753e-06               2.776471e-05                  8.713430e-06              1.788878e-05                 5.517749e-05       0.007313      0.020746  5.244179e-06  2.089611e-05 1.384759e-05 5.517749e-05       264.191532       263.191532      301.375161      300.375161          319.578451         364.685121
        14 409.37500 415.00000         5                      0.006282                  0.008685                     0.018101                 4.831691e-14                      0.006282                3.480192e-06            6.209440e-06               2.003746e-05                  5.761447e-06              1.137266e-05                 3.982095e-05       0.005737      0.015893  3.464477e-06  1.381986e-05 9.982644e-06 3.982095e-05       346.755762       345.755762      382.100838      381.100838          419.692332         462.573455
        15 415.00000 420.62500         4                      0.013343                  0.019017                     0.036646                 2.060574e-13                      0.013343                5.322833e-06            9.791228e-06               2.921909e-05                  8.812838e-06              1.793469e-05                 5.806783e-05       0.012182      0.031131  5.296084e-06  2.114243e-05 1.454573e-05 5.806783e-05       499.227881       498.227881      543.913987      542.913987          604.593148         658.801240
        16 420.62500 426.25000         4                      0.017864                  0.021553                     0.033856                 6.792789e-12                      0.017864                5.176022e-06            8.060331e-06               1.960932e-05                  8.570387e-06              1.476532e-05                 3.897009e-05       0.016466      0.029505  5.148153e-06  2.056301e-05 9.756548e-06 3.897009e-05       666.334858       665.334858      759.017974      758.017974          807.231632         919.650389
        17 426.25000 429.06250         4                      0.007428                  0.008396                     0.011867                 4.263256e-14                      0.007428                1.702591e-06            2.483825e-06               5.437732e-06                  2.819240e-06              4.550190e-06                 1.080654e-05       0.007403      0.012774  1.693085e-06  6.764635e-06 2.704712e-06 1.080654e-05       863.763526       862.763526      946.265227      945.265227         1046.659861        1146.719888
        18 429.06250 431.87500         2                      0.001855                  0.001869                     0.002082                 1.421085e-13                      0.001855                3.646174e-07            4.741538e-07               8.180157e-07                  6.037657e-07              8.686357e-07                 1.625663e-06       0.001865      0.002143  3.625424e-07  1.448755e-06 4.068127e-07 1.625663e-06      1027.117511      1026.117511     1054.970455     1053.970455         1244.763117        1278.544217
        19 431.87500 437.50000         6                      0.013764                  0.021678                     0.046310                 5.400125e-13                      0.013764                2.156038e-06            4.383389e-06               1.450458e-05                  3.570254e-06              8.030465e-06                 2.882531e-05       0.014469      0.052345  2.143486e-06  8.567275e-06 7.211935e-06 2.882531e-05      1311.739677      1310.739677     1453.351108     1452.351108         1589.911604        1761.630488
        20 437.50000 440.31250         1                      0.000091                  0.000091                     0.000091                 2.273737e-13                      0.000091                1.140871e-08            1.472736e-08               2.281269e-08                  1.889245e-08              2.698144e-08                 4.533623e-08       0.000091      0.000091  1.134112e-08  4.533623e-08 1.134112e-08 4.533623e-08      1614.036708      1613.036708     1614.036708     1613.036708         1956.508954        1956.508954
        21 440.31250 443.12500         3                      0.008618                  0.011480                     0.018933                 1.019013e-10                      0.008618                9.337378e-07            1.605675e-06               4.102107e-06                  1.546256e-06              2.941730e-06                 8.152220e-06       0.008979      0.020222  9.281532e-07  3.710615e-06 2.039152e-06 8.152220e-06      1887.181286      1886.181286     1985.082031     1984.082031         2287.740295        2406.462667
        22 443.12500 445.93750         2                      0.001781                  0.002074                     0.002844                 1.705303e-13                      0.001781                1.670994e-07            2.512042e-07               5.335614e-07                  2.767169e-07              4.602319e-07                 1.060360e-06       0.001811      0.002913  1.660920e-07  6.640586e-07 2.652135e-07 1.060360e-06      2159.734980      2158.734980     2198.419807     2197.419807         2618.264145        2665.178615
        23 445.93750 448.75000         3                      0.005294                  0.007910                     0.013580                 3.789561e-14                      0.005294                4.306886e-07            8.307420e-07               2.209330e-06                  7.132267e-07              1.522018e-06                 4.390657e-06       0.005508      0.014257  4.280744e-07  1.711606e-06 1.098108e-06 4.390657e-06      2493.594824      2492.594824     2598.267841     2597.267841         3023.125997        3150.061040
        24 448.75000 451.56250         3                      0.011222                  0.014214                     0.021760                 1.748883e-10                      0.011222                7.932096e-07            1.297033e-06               3.075891e-06                  1.313576e-06              2.376336e-06                 6.112796e-06       0.010979      0.020542  7.883672e-07  3.152362e-06 1.528736e-06 6.112796e-06      2828.493926      2827.493926     2970.057538     2969.057538         3429.243985        3600.922761
        25 451.56250 454.37500         2                      0.012042                  0.017017                     0.024065                 1.705303e-13                      0.012042                7.408157e-07            1.351490e-06               2.960785e-06                  1.226818e-06              2.476125e-06                 5.884043e-06       0.011379      0.022741  7.362708e-07  2.944183e-06 1.471460e-06 5.884043e-06      3185.049594      3184.049594     3277.567830     3276.567830         3861.627502        3973.836180
        26 454.37500 455.78125         1                      0.000120                  0.000120                     0.000120                 0.000000e+00                      0.000120                6.664141e-09            8.603053e-09               1.332706e-08                  1.103611e-08              1.576210e-08                 2.648519e-08       0.000120      0.000120  6.623124e-09  2.648519e-08 6.623124e-09 2.648519e-08      3613.800561      3612.800561     3613.800561     3612.800561         4381.577238        4381.577238
        27 455.78125 457.18750         2                      0.002803                  0.003900                     0.005515                 6.821210e-13                      0.002803                1.452916e-07            2.610109e-07               5.717398e-07                  2.406097e-07              4.782128e-07                 1.136233e-06       0.002872      0.005654  1.443956e-07  5.774336e-07 2.841314e-07 1.136233e-06      3938.424583      3937.424583     3981.136199     3980.136199         4775.242585        4827.037678
        28 457.18750 458.59375         0                           NaN                       NaN                          NaN                          NaN                           NaN                         NaN                     NaN                        NaN                           NaN                       NaN                          NaN            NaN           NaN           NaN           NaN          NaN          NaN              NaN              NaN             NaN             NaN                 NaN                NaN
        29 458.59375 460.00000         3                      0.004802                  0.006724                     0.011428                 6.518045e-12                      0.004802                2.174974e-07            3.931777e-07               1.035138e-06                  3.601876e-07              7.203664e-07                 2.057156e-06       0.004925      0.011817  2.161515e-07  8.644113e-07 5.144048e-07 2.057156e-06      4488.563326      4487.563326     4596.088395     4595.088395         5442.381387        5572.773279

=== Overall linearization accuracy ===
Overall mean absolute linearization error: 7.597895e-03
Overall RMSE linearization error:          1.162825e-02
Overall max absolute linearization error: 4.631024e-02

=== Manual PL y accuracy ===
Overall mean absolute PL-y error, scaled:   6.902199e-04
Overall RMSE PL-y error, scaled:            2.553458e-03
Overall max absolute PL-y error, scaled:    2.450036e-02
Overall mean absolute PL-y error, original: 8.477933e-04
Overall RMSE PL-y error, original:          2.826944e-03
Overall max absolute PL-y error, original:  2.434509e-02

=== Nonlinear sensitivity diagnostic ===
Mean |f(true)|:                 5.902623e-12
Mean |f(PL)|:                   7.414304e-03
Max  |f(PL)|:                   5.234475e-02
Mean |dCa|:                     1.571694e-03
Mean |dCb|:                     9.716857e-04
Max  |dCa|:                     2.434509e-02
Max  |dCb|:                     1.648554e-02
Mean |df/dCa|:                  5.532053e+02
Mean |df/dCb|:                  5.522053e+02
Max  |df/dCa|:                  4.596088e+03
Max  |df/dCb|:                  4.595088e+03
Mean amplification |df|/|dy|:   6.701970e+02
Max  amplification |df|/|dy|:   5.572773e+03

Top 10 largest nonlinear residuals after PL projection:
 Temperature (T)       Ca       Cb    Ca_PL    Cb_PL  abs_Ca_PL_error  abs_Cb_PL_error  abs_df_dCa  abs_df_dCb  abs_f_PL  amplification
      437.000000 0.410878 0.821756 0.410871 0.821727         0.000007         0.000029 1453.351108 1452.351108  0.052345    1761.630488
      347.000000 0.534681 1.069361 0.532295 1.062325         0.002386         0.007036    5.140695    4.140695  0.041224       5.548393
      415.000000 0.427615 0.855229 0.427600 0.855171         0.000015         0.000058  429.543706  428.543706  0.031131     520.051289
      421.000000 0.422793 0.845587 0.422784 0.845548         0.000010         0.000039  606.341532  605.341532  0.029505     734.454664
      302.370990 0.916586 1.833172 0.940931 1.836177         0.024345         0.003006    1.110250    0.110250  0.027368       1.115713
      357.000000 0.502374 1.004748 0.501715 1.002460         0.000659         0.002288    9.812340    8.812340  0.026590      11.167430
      433.000000 0.413741 0.827482 0.413737 0.827466         0.000004         0.000016 1175.003143 1174.003143  0.022934    1424.069623
      451.818182 0.400862 0.801724 0.400861 0.801718         0.000001         0.000006 3092.531359 3091.531359  0.022741    3749.418824
      337.000000 0.586843 1.173686 0.584384 1.166435         0.002459         0.007251    2.941949    1.941949  0.021233       2.773145
      303.000000 0.911809 1.823618 0.928848 1.840104         0.017039         0.016486    1.117557    0.117557  0.021019       0.886560

Saved:
linearization_accuracy_detailed.csv
linearization_accuracy_summary.csv
