Scaler Factors: [800.           0.9936625    1.987325     1.81292375]
Scaler saved at /home/f25moham/CSTR/nonlinear/total/pieces/Reduced_T/segments/segments2/heaviside/heaviside2/scaler.pkl
Scaled dataset saved at /home/f25moham/CSTR/nonlinear/total/pieces/Reduced_T/segments/segments2/heaviside/heaviside2/scaled_data.csv
Scaler Factors outside function: [800.           0.9936625    1.987325     1.81292375]
Scaler loaded successfully.
Scaler Type: <class 'sklearn.preprocessing._data.MaxAbsScaler'>
Scaler Factors (scale_): [800.           0.9936625    1.987325     1.81292375]
Namespace(model='KKThPINN', model_id='adaptive_S30_r7', input_dim=1, hidden_dim=32, hidden_num=2, z0_dim=3, optimizer='adam', epochs=1000, batch_size=16, lr=0.0001, mu=1, max_subiter=500, eta=0.8, sigma=2, mu_safe=1000000000.0, dtype=64, dataset_type='cstr', dataset_path='data.csv', val_ratio=0.2, job='train', runs=1, run=0)
Scaler Factors: [800.           0.9936625    1.987325     1.81292375]
Scaler saved at /home/f25moham/CSTR/nonlinear/total/pieces/Reduced_T/segments/segments2/heaviside/heaviside2/scaler.pkl
Scaled dataset saved at /home/f25moham/CSTR/nonlinear/total/pieces/Reduced_T/segments/segments2/heaviside/heaviside2/scaled_data.csv
train set size: 90, val set size: 30, test set size: 30
Dtypes after casting:
[torch.float64, torch.float64, torch.float64, torch.float64, torch.float64, torch.float64, torch.float64, torch.float64, torch.float64, torch.float64, torch.float64, torch.float64, torch.float64, torch.float64, torch.float64, torch.float64, torch.float64, torch.float64, torch.float64, torch.float64, torch.float64, torch.float64, torch.float64, torch.float64, torch.float64, torch.float64, torch.float64, torch.float64, torch.float64, torch.float64]
[torch.float64, torch.float64, torch.float64, torch.float64, torch.float64, torch.float64, torch.float64, torch.float64, torch.float64, torch.float64, torch.float64, torch.float64, torch.float64, torch.float64, torch.float64, torch.float64, torch.float64, torch.float64, torch.float64, torch.float64, torch.float64, torch.float64, torch.float64, torch.float64, torch.float64, torch.float64, torch.float64, torch.float64, torch.float64, torch.float64]
[torch.float64, torch.float64, torch.float64, torch.float64, torch.float64, torch.float64, torch.float64, torch.float64, torch.float64, torch.float64, torch.float64, torch.float64, torch.float64, torch.float64, torch.float64, torch.float64, torch.float64, torch.float64, torch.float64, torch.float64, torch.float64, torch.float64, torch.float64, torch.float64, torch.float64, torch.float64, torch.float64, torch.float64, torch.float64, torch.float64]
Start Training…
epoch: 00050 loss_train: 0.10327 loss_val: 0.12378 viol_train: 0.19555 viol_val: 0.26635
epoch: 00100 loss_train: 0.05734 loss_val: 0.06512 viol_train: 0.03236 viol_val: 0.04543
epoch: 00150 loss_train: 0.03999 loss_val: 0.04455 viol_train: 0.00053 viol_val: 0.00058
epoch: 00200 loss_train: 0.03499 loss_val: 0.03801 viol_train: 0.00605 viol_val: 0.00796
epoch: 00250 loss_train: 0.03290 loss_val: 0.03525 viol_train: 0.00946 viol_val: 0.01308
epoch: 00300 loss_train: 0.02919 loss_val: 0.03219 viol_train: 0.01047 viol_val: 0.01425
epoch: 00350 loss_train: 0.02710 loss_val: 0.03035 viol_train: 0.01074 viol_val: 0.01349
epoch: 00400 loss_train: 0.02606 loss_val: 0.02711 viol_train: 0.00927 viol_val: 0.01200
epoch: 00450 loss_train: 0.02230 loss_val: 0.02318 viol_train: 0.00699 viol_val: 0.00957
epoch: 00500 loss_train: 0.01934 loss_val: 0.02046 viol_train: 0.00547 viol_val: 0.00726
epoch: 00550 loss_train: 0.01709 loss_val: 0.01765 viol_train: 0.00408 viol_val: 0.00569
epoch: 00600 loss_train: 0.01479 loss_val: 0.01547 viol_train: 0.00214 viol_val: 0.00291
epoch: 00650 loss_train: 0.01225 loss_val: 0.01251 viol_train: 0.00097 viol_val: 0.00136
epoch: 00700 loss_train: 0.01042 loss_val: 0.01133 viol_train: 0.00049 viol_val: 0.00063
epoch: 00750 loss_train: 0.00926 loss_val: 0.00994 viol_train: 0.00031 viol_val: 0.00035
epoch: 00800 loss_train: 0.00834 loss_val: 0.00857 viol_train: 0.00029 viol_val: 0.00034
epoch: 00850 loss_train: 0.00730 loss_val: 0.00783 viol_train: 0.00041 viol_val: 0.00041
epoch: 00900 loss_train: 0.00718 loss_val: 0.00744 viol_train: 0.00058 viol_val: 0.00064
epoch: 00950 loss_train: 0.00655 loss_val: 0.00699 viol_train: 0.00091 viol_val: 0.00093
epoch: 01000 loss_train: 0.00638 loss_val: 0.00681 viol_train: 0.00156 viol_val: 0.00162
Training Finished!
