Scaler Factors: [800.           0.9936625    1.987325     1.81292375]
Scaler saved at /home/f25moham/CSTR/nonlinear/total/pieces/Reduced_T/segments/segments2/heaviside/heaviside2/scaler.pkl
Scaled dataset saved at /home/f25moham/CSTR/nonlinear/total/pieces/Reduced_T/segments/segments2/heaviside/heaviside2/scaled_data.csv
Scaler Factors outside function: [800.           0.9936625    1.987325     1.81292375]
Scaler loaded successfully.
Scaler Type: <class 'sklearn.preprocessing._data.MaxAbsScaler'>
Scaler Factors (scale_): [800.           0.9936625    1.987325     1.81292375]
Namespace(model='KKThPINN', model_id='uniform_S9_r6', input_dim=1, hidden_dim=32, hidden_num=2, z0_dim=3, optimizer='adam', epochs=1000, batch_size=16, lr=0.0001, mu=1, max_subiter=500, eta=0.8, sigma=2, mu_safe=1000000000.0, dtype=64, dataset_type='cstr', dataset_path='data.csv', val_ratio=0.2, job='train', runs=1, run=0)
Scaler Factors: [800.           0.9936625    1.987325     1.81292375]
Scaler saved at /home/f25moham/CSTR/nonlinear/total/pieces/Reduced_T/segments/segments2/heaviside/heaviside2/scaler.pkl
Scaled dataset saved at /home/f25moham/CSTR/nonlinear/total/pieces/Reduced_T/segments/segments2/heaviside/heaviside2/scaled_data.csv
train set size: 90, val set size: 30, test set size: 30
Dtypes after casting:
[torch.float64, torch.float64, torch.float64, torch.float64, torch.float64, torch.float64, torch.float64, torch.float64, torch.float64]
[torch.float64, torch.float64, torch.float64, torch.float64, torch.float64, torch.float64, torch.float64, torch.float64, torch.float64]
[torch.float64, torch.float64, torch.float64, torch.float64, torch.float64, torch.float64, torch.float64, torch.float64, torch.float64]
Start Training…
epoch: 00050 loss_train: 0.13468 loss_val: 0.15653 viol_train: 0.46477 viol_val: 0.59573
epoch: 00100 loss_train: 0.06077 loss_val: 0.07233 viol_train: 0.10057 viol_val: 0.13004
epoch: 00150 loss_train: 0.03888 loss_val: 0.04340 viol_train: 0.00443 viol_val: 0.00549
epoch: 00200 loss_train: 0.03065 loss_val: 0.03415 viol_train: 0.00329 viol_val: 0.00448
epoch: 00250 loss_train: 0.02899 loss_val: 0.03096 viol_train: 0.00615 viol_val: 0.00892
epoch: 00300 loss_train: 0.02476 loss_val: 0.02754 viol_train: 0.00583 viol_val: 0.00729
epoch: 00350 loss_train: 0.02164 loss_val: 0.02233 viol_train: 0.00341 viol_val: 0.00489
epoch: 00400 loss_train: 0.01751 loss_val: 0.01856 viol_train: 0.00180 viol_val: 0.00250
epoch: 00450 loss_train: 0.01355 loss_val: 0.01500 viol_train: 0.00134 viol_val: 0.00164
epoch: 00500 loss_train: 0.01136 loss_val: 0.01194 viol_train: 0.00148 viol_val: 0.00167
epoch: 00550 loss_train: 0.00934 loss_val: 0.00982 viol_train: 0.00208 viol_val: 0.00220
epoch: 00600 loss_train: 0.00789 loss_val: 0.00831 viol_train: 0.00193 viol_val: 0.00235
epoch: 00650 loss_train: 0.00689 loss_val: 0.00725 viol_train: 0.00201 viol_val: 0.00234
epoch: 00700 loss_train: 0.00581 loss_val: 0.00642 viol_train: 0.00225 viol_val: 0.00258
epoch: 00750 loss_train: 0.00540 loss_val: 0.00558 viol_train: 0.00215 viol_val: 0.00251
epoch: 00800 loss_train: 0.00466 loss_val: 0.00479 viol_train: 0.00224 viol_val: 0.00273
epoch: 00850 loss_train: 0.00397 loss_val: 0.00422 viol_train: 0.00236 viol_val: 0.00310
epoch: 00900 loss_train: 0.00352 loss_val: 0.00376 viol_train: 0.00281 viol_val: 0.00346
epoch: 00950 loss_train: 0.00325 loss_val: 0.00332 viol_train: 0.00286 viol_val: 0.00343
epoch: 01000 loss_train: 0.00285 loss_val: 0.00299 viol_train: 0.00267 viol_val: 0.00304
Training Finished!
