Scaler Factors: [800.           0.9936625    1.987325     1.81292375]
Scaler saved at /home/f25moham/CSTR/nonlinear/total/pieces/Reduced_T/segments/segments2/heaviside/heaviside2/scaler.pkl
Scaled dataset saved at /home/f25moham/CSTR/nonlinear/total/pieces/Reduced_T/segments/segments2/heaviside/heaviside2/scaled_data.csv
Scaler Factors outside function: [800.           0.9936625    1.987325     1.81292375]
Scaler loaded successfully.
Scaler Type: <class 'sklearn.preprocessing._data.MaxAbsScaler'>
Scaler Factors (scale_): [800.           0.9936625    1.987325     1.81292375]
Namespace(model='KKThPINN', model_id='adaptive_S9_r4', input_dim=1, hidden_dim=32, hidden_num=2, z0_dim=3, optimizer='adam', epochs=1000, batch_size=16, lr=0.0001, mu=1, max_subiter=500, eta=0.8, sigma=2, mu_safe=1000000000.0, dtype=64, dataset_type='cstr', dataset_path='data.csv', val_ratio=0.2, job='train', runs=1, run=0)
Scaler Factors: [800.           0.9936625    1.987325     1.81292375]
Scaler saved at /home/f25moham/CSTR/nonlinear/total/pieces/Reduced_T/segments/segments2/heaviside/heaviside2/scaler.pkl
Scaled dataset saved at /home/f25moham/CSTR/nonlinear/total/pieces/Reduced_T/segments/segments2/heaviside/heaviside2/scaled_data.csv
train set size: 90, val set size: 30, test set size: 30
Dtypes after casting:
[torch.float64, torch.float64, torch.float64, torch.float64, torch.float64, torch.float64, torch.float64, torch.float64, torch.float64]
[torch.float64, torch.float64, torch.float64, torch.float64, torch.float64, torch.float64, torch.float64, torch.float64, torch.float64]
[torch.float64, torch.float64, torch.float64, torch.float64, torch.float64, torch.float64, torch.float64, torch.float64, torch.float64]
Start Training…
epoch: 00050 loss_train: 0.12240 loss_val: 0.12787 viol_train: 0.06269 viol_val: 0.07876
epoch: 00100 loss_train: 0.05732 loss_val: 0.06222 viol_train: 0.01814 viol_val: 0.02371
epoch: 00150 loss_train: 0.04070 loss_val: 0.04331 viol_train: 0.00125 viol_val: 0.00098
epoch: 00200 loss_train: 0.03509 loss_val: 0.03946 viol_train: 0.00580 viol_val: 0.00638
epoch: 00250 loss_train: 0.03361 loss_val: 0.03674 viol_train: 0.00768 viol_val: 0.00871
epoch: 00300 loss_train: 0.02991 loss_val: 0.03407 viol_train: 0.00634 viol_val: 0.00787
epoch: 00350 loss_train: 0.02864 loss_val: 0.03170 viol_train: 0.00519 viol_val: 0.00613
epoch: 00400 loss_train: 0.02709 loss_val: 0.02841 viol_train: 0.00421 viol_val: 0.00497
epoch: 00450 loss_train: 0.02403 loss_val: 0.02488 viol_train: 0.00333 viol_val: 0.00350
epoch: 00500 loss_train: 0.02083 loss_val: 0.02195 viol_train: 0.00223 viol_val: 0.00240
epoch: 00550 loss_train: 0.01764 loss_val: 0.01886 viol_train: 0.00164 viol_val: 0.00143
epoch: 00600 loss_train: 0.01518 loss_val: 0.01631 viol_train: 0.00120 viol_val: 0.00086
epoch: 00650 loss_train: 0.01265 loss_val: 0.01361 viol_train: 0.00116 viol_val: 0.00077
epoch: 00700 loss_train: 0.01132 loss_val: 0.01170 viol_train: 0.00123 viol_val: 0.00078
epoch: 00750 loss_train: 0.00968 loss_val: 0.01045 viol_train: 0.00123 viol_val: 0.00082
epoch: 00800 loss_train: 0.00830 loss_val: 0.00904 viol_train: 0.00123 viol_val: 0.00081
epoch: 00850 loss_train: 0.00771 loss_val: 0.00792 viol_train: 0.00129 viol_val: 0.00081
epoch: 00900 loss_train: 0.00690 loss_val: 0.00723 viol_train: 0.00127 viol_val: 0.00080
epoch: 00950 loss_train: 0.00636 loss_val: 0.00682 viol_train: 0.00124 viol_val: 0.00085
epoch: 01000 loss_train: 0.00581 loss_val: 0.00626 viol_train: 0.00136 viol_val: 0.00093
Training Finished!
