Scaler Factors: [800.           0.9936625    1.987325     1.81292375]
Scaler saved at /home/f25moham/CSTR/nonlinear/total/pieces/Reduced_T/segments/segments2/heaviside/heaviside2/scaler.pkl
Scaled dataset saved at /home/f25moham/CSTR/nonlinear/total/pieces/Reduced_T/segments/segments2/heaviside/heaviside2/scaled_data.csv
Scaler Factors outside function: [800.           0.9936625    1.987325     1.81292375]
Scaler loaded successfully.
Scaler Type: <class 'sklearn.preprocessing._data.MaxAbsScaler'>
Scaler Factors (scale_): [800.           0.9936625    1.987325     1.81292375]
Namespace(model='KKThPINN', model_id='uniform_S3_r9', input_dim=1, hidden_dim=32, hidden_num=2, z0_dim=3, optimizer='adam', epochs=1000, batch_size=16, lr=0.0001, mu=1, max_subiter=500, eta=0.8, sigma=2, mu_safe=1000000000.0, dtype=64, dataset_type='cstr', dataset_path='data.csv', val_ratio=0.2, job='train', runs=1, run=0)
Scaler Factors: [800.           0.9936625    1.987325     1.81292375]
Scaler saved at /home/f25moham/CSTR/nonlinear/total/pieces/Reduced_T/segments/segments2/heaviside/heaviside2/scaler.pkl
Scaled dataset saved at /home/f25moham/CSTR/nonlinear/total/pieces/Reduced_T/segments/segments2/heaviside/heaviside2/scaled_data.csv
train set size: 90, val set size: 30, test set size: 30
Dtypes after casting:
[torch.float64, torch.float64, torch.float64]
[torch.float64, torch.float64, torch.float64]
[torch.float64, torch.float64, torch.float64]
Start Training…
epoch: 00050 loss_train: 0.08863 loss_val: 0.10094 viol_train: 0.03894 viol_val: 0.05112
epoch: 00100 loss_train: 0.04638 loss_val: 0.05324 viol_train: 0.01640 viol_val: 0.01890
epoch: 00150 loss_train: 0.03612 loss_val: 0.04342 viol_train: 0.01311 viol_val: 0.01276
epoch: 00200 loss_train: 0.03422 loss_val: 0.03851 viol_train: 0.01835 viol_val: 0.01928
epoch: 00250 loss_train: 0.03360 loss_val: 0.03567 viol_train: 0.02092 viol_val: 0.02457
epoch: 00300 loss_train: 0.02894 loss_val: 0.03337 viol_train: 0.02527 viol_val: 0.02761
epoch: 00350 loss_train: 0.02863 loss_val: 0.02977 viol_train: 0.02401 viol_val: 0.02888
epoch: 00400 loss_train: 0.02550 loss_val: 0.02735 viol_train: 0.02567 viol_val: 0.03039
epoch: 00450 loss_train: 0.02211 loss_val: 0.02472 viol_train: 0.02640 viol_val: 0.03122
epoch: 00500 loss_train: 0.02001 loss_val: 0.02094 viol_train: 0.02434 viol_val: 0.03031
epoch: 00550 loss_train: 0.01691 loss_val: 0.01897 viol_train: 0.02499 viol_val: 0.02970
epoch: 00600 loss_train: 0.01430 loss_val: 0.01613 viol_train: 0.02190 viol_val: 0.02758
epoch: 00650 loss_train: 0.01244 loss_val: 0.01378 viol_train: 0.02130 viol_val: 0.02555
epoch: 00700 loss_train: 0.01108 loss_val: 0.01213 viol_train: 0.01907 viol_val: 0.02313
epoch: 00750 loss_train: 0.00934 loss_val: 0.01049 viol_train: 0.01788 viol_val: 0.02078
epoch: 00800 loss_train: 0.00835 loss_val: 0.00948 viol_train: 0.01696 viol_val: 0.01880
epoch: 00850 loss_train: 0.00689 loss_val: 0.00829 viol_train: 0.01788 viol_val: 0.01846
epoch: 00900 loss_train: 0.00595 loss_val: 0.00735 viol_train: 0.01654 viol_val: 0.01923
epoch: 00950 loss_train: 0.00551 loss_val: 0.00645 viol_train: 0.01607 viol_val: 0.01869
epoch: 01000 loss_train: 0.00472 loss_val: 0.00592 viol_train: 0.01642 viol_val: 0.01892
Training Finished!
