Scaler Factors: [800.           0.9936625    1.987325     1.81292375]
Scaler saved at /home/f25moham/CSTR/nonlinear/total/pieces/Reduced_T/segments/segments2/heaviside/heaviside2/scaler.pkl
Scaled dataset saved at /home/f25moham/CSTR/nonlinear/total/pieces/Reduced_T/segments/segments2/heaviside/heaviside2/scaled_data.csv
Scaler Factors outside function: [800.           0.9936625    1.987325     1.81292375]
Scaler loaded successfully.
Scaler Type: <class 'sklearn.preprocessing._data.MaxAbsScaler'>
Scaler Factors (scale_): [800.           0.9936625    1.987325     1.81292375]
Namespace(model='KKThPINN', model_id='adaptive_S90_r0', input_dim=1, hidden_dim=32, hidden_num=2, z0_dim=3, optimizer='adam', epochs=1000, batch_size=16, lr=0.0001, mu=1, max_subiter=500, eta=0.8, sigma=2, mu_safe=1000000000.0, dtype=64, dataset_type='cstr', dataset_path='data.csv', val_ratio=0.2, job='train', runs=1, run=0)
Scaler Factors: [800.           0.9936625    1.987325     1.81292375]
Scaler saved at /home/f25moham/CSTR/nonlinear/total/pieces/Reduced_T/segments/segments2/heaviside/heaviside2/scaler.pkl
Scaled dataset saved at /home/f25moham/CSTR/nonlinear/total/pieces/Reduced_T/segments/segments2/heaviside/heaviside2/scaled_data.csv
train set size: 90, val set size: 30, test set size: 30
Dtypes after casting:
[torch.float64, torch.float64, torch.float64, torch.float64, torch.float64, torch.float64, torch.float64, torch.float64, torch.float64, torch.float64, torch.float64, torch.float64, torch.float64, torch.float64, torch.float64, torch.float64, torch.float64, torch.float64, torch.float64, torch.float64, torch.float64, torch.float64, torch.float64, torch.float64, torch.float64, torch.float64, torch.float64, torch.float64, torch.float64, torch.float64, torch.float64, torch.float64, torch.float64, torch.float64, torch.float64, torch.float64, torch.float64, torch.float64, torch.float64, torch.float64, torch.float64, torch.float64, torch.float64, torch.float64, torch.float64, torch.float64, torch.float64, torch.float64, torch.float64, torch.float64, torch.float64, torch.float64, torch.float64, torch.float64, torch.float64, torch.float64, torch.float64, torch.float64, torch.float64, torch.float64, torch.float64, torch.float64, torch.float64, torch.float64, torch.float64, torch.float64, torch.float64, torch.float64, torch.float64, torch.float64, torch.float64, torch.float64, torch.float64, torch.float64, torch.float64, torch.float64, torch.float64, torch.float64, torch.float64, torch.float64, torch.float64, torch.float64, torch.float64, torch.float64, torch.float64, torch.float64, torch.float64, torch.float64, torch.float64, torch.float64]
[torch.float64, torch.float64, torch.float64, torch.float64, torch.float64, torch.float64, torch.float64, torch.float64, torch.float64, torch.float64, torch.float64, torch.float64, torch.float64, torch.float64, torch.float64, torch.float64, torch.float64, torch.float64, torch.float64, torch.float64, torch.float64, torch.float64, torch.float64, torch.float64, torch.float64, torch.float64, torch.float64, torch.float64, torch.float64, torch.float64, torch.float64, torch.float64, torch.float64, torch.float64, torch.float64, torch.float64, torch.float64, torch.float64, torch.float64, torch.float64, torch.float64, torch.float64, torch.float64, torch.float64, torch.float64, torch.float64, torch.float64, torch.float64, torch.float64, torch.float64, torch.float64, torch.float64, torch.float64, torch.float64, torch.float64, torch.float64, torch.float64, torch.float64, torch.float64, torch.float64, torch.float64, torch.float64, torch.float64, torch.float64, torch.float64, torch.float64, torch.float64, torch.float64, torch.float64, torch.float64, torch.float64, torch.float64, torch.float64, torch.float64, torch.float64, torch.float64, torch.float64, torch.float64, torch.float64, torch.float64, torch.float64, torch.float64, torch.float64, torch.float64, torch.float64, torch.float64, torch.float64, torch.float64, torch.float64, torch.float64]
[torch.float64, torch.float64, torch.float64, torch.float64, torch.float64, torch.float64, torch.float64, torch.float64, torch.float64, torch.float64, torch.float64, torch.float64, torch.float64, torch.float64, torch.float64, torch.float64, torch.float64, torch.float64, torch.float64, torch.float64, torch.float64, torch.float64, torch.float64, torch.float64, torch.float64, torch.float64, torch.float64, torch.float64, torch.float64, torch.float64, torch.float64, torch.float64, torch.float64, torch.float64, torch.float64, torch.float64, torch.float64, torch.float64, torch.float64, torch.float64, torch.float64, torch.float64, torch.float64, torch.float64, torch.float64, torch.float64, torch.float64, torch.float64, torch.float64, torch.float64, torch.float64, torch.float64, torch.float64, torch.float64, torch.float64, torch.float64, torch.float64, torch.float64, torch.float64, torch.float64, torch.float64, torch.float64, torch.float64, torch.float64, torch.float64, torch.float64, torch.float64, torch.float64, torch.float64, torch.float64, torch.float64, torch.float64, torch.float64, torch.float64, torch.float64, torch.float64, torch.float64, torch.float64, torch.float64, torch.float64, torch.float64, torch.float64, torch.float64, torch.float64, torch.float64, torch.float64, torch.float64, torch.float64, torch.float64, torch.float64]
Start Training…
epoch: 00050 loss_train: 0.09771 loss_val: 0.11838 viol_train: 0.06183 viol_val: 0.08202
epoch: 00100 loss_train: 0.05293 loss_val: 0.06101 viol_train: 0.00738 viol_val: 0.01026
epoch: 00150 loss_train: 0.03441 loss_val: 0.03879 viol_train: 0.00015 viol_val: 0.00018
epoch: 00200 loss_train: 0.02431 loss_val: 0.02729 viol_train: 0.00245 viol_val: 0.00347
epoch: 00250 loss_train: 0.01958 loss_val: 0.02090 viol_train: 0.00227 viol_val: 0.00317
epoch: 00300 loss_train: 0.01560 loss_val: 0.01652 viol_train: 0.00084 viol_val: 0.00119
epoch: 00350 loss_train: 0.01314 loss_val: 0.01294 viol_train: 0.00036 viol_val: 0.00037
epoch: 00400 loss_train: 0.01003 loss_val: 0.01051 viol_train: 0.00082 viol_val: 0.00087
epoch: 00450 loss_train: 0.00842 loss_val: 0.00886 viol_train: 0.00087 viol_val: 0.00105
epoch: 00500 loss_train: 0.00694 loss_val: 0.00749 viol_train: 0.00048 viol_val: 0.00061
epoch: 00550 loss_train: 0.00580 loss_val: 0.00640 viol_train: 0.00010 viol_val: 0.00009
epoch: 00600 loss_train: 0.00495 loss_val: 0.00538 viol_train: 0.00005 viol_val: 0.00004
epoch: 00650 loss_train: 0.00421 loss_val: 0.00463 viol_train: 0.00005 viol_val: 0.00005
epoch: 00700 loss_train: 0.00366 loss_val: 0.00394 viol_train: 0.00007 viol_val: 0.00008
epoch: 00750 loss_train: 0.00322 loss_val: 0.00347 viol_train: 0.00018 viol_val: 0.00018
epoch: 00800 loss_train: 0.00290 loss_val: 0.00304 viol_train: 0.00035 viol_val: 0.00038
epoch: 00850 loss_train: 0.00256 loss_val: 0.00274 viol_train: 0.00055 viol_val: 0.00063
epoch: 00900 loss_train: 0.00228 loss_val: 0.00242 viol_train: 0.00064 viol_val: 0.00079
epoch: 00950 loss_train: 0.00202 loss_val: 0.00211 viol_train: 0.00099 viol_val: 0.00110
epoch: 01000 loss_train: 0.00180 loss_val: 0.00183 viol_train: 0.00088 viol_val: 0.00107
Training Finished!
