Scaler Factors: [800.           0.9936625    1.987325     1.81292375]
Scaler saved at /home/f25moham/CSTR/nonlinear/total/pieces/Reduced_T/segments/segments2/heaviside/heaviside2/scaler.pkl
Scaled dataset saved at /home/f25moham/CSTR/nonlinear/total/pieces/Reduced_T/segments/segments2/heaviside/heaviside2/scaled_data.csv
Scaler Factors outside function: [800.           0.9936625    1.987325     1.81292375]
Scaler loaded successfully.
Scaler Type: <class 'sklearn.preprocessing._data.MaxAbsScaler'>
Scaler Factors (scale_): [800.           0.9936625    1.987325     1.81292375]
Namespace(model='KKThPINN', model_id='adaptive_S3', input_dim=1, hidden_dim=32, hidden_num=2, z0_dim=3, optimizer='adam', epochs=1000, batch_size=16, lr=0.0001, mu=1, max_subiter=500, eta=0.8, sigma=2, mu_safe=1000000000.0, dtype=64, dataset_type='cstr', dataset_path='data.csv', val_ratio=0.2, job='train', runs=1, run=0)
Scaler Factors: [800.           0.9936625    1.987325     1.81292375]
Scaler saved at /home/f25moham/CSTR/nonlinear/total/pieces/Reduced_T/segments/segments2/heaviside/heaviside2/scaler.pkl
Scaled dataset saved at /home/f25moham/CSTR/nonlinear/total/pieces/Reduced_T/segments/segments2/heaviside/heaviside2/scaled_data.csv
train set size: 90, val set size: 30, test set size: 30
Dtypes after casting:
[torch.float64, torch.float64, torch.float64]
[torch.float64, torch.float64, torch.float64]
[torch.float64, torch.float64, torch.float64]
Start Training…
epoch: 00050 loss_train: 0.07382 loss_val: 0.08257 viol_train: 0.07244 viol_val: 0.09357
epoch: 00100 loss_train: 0.04165 loss_val: 0.04353 viol_train: 0.04379 viol_val: 0.05557
epoch: 00150 loss_train: 0.03588 loss_val: 0.03708 viol_train: 0.01988 viol_val: 0.02158
epoch: 00200 loss_train: 0.03185 loss_val: 0.03320 viol_train: 0.01119 viol_val: 0.00991
epoch: 00250 loss_train: 0.02899 loss_val: 0.03165 viol_train: 0.01091 viol_val: 0.00851
epoch: 00300 loss_train: 0.02780 loss_val: 0.02859 viol_train: 0.01157 viol_val: 0.01054
epoch: 00350 loss_train: 0.02635 loss_val: 0.02669 viol_train: 0.01294 viol_val: 0.01207
epoch: 00400 loss_train: 0.02323 loss_val: 0.02421 viol_train: 0.01395 viol_val: 0.01395
epoch: 00450 loss_train: 0.02091 loss_val: 0.02195 viol_train: 0.01474 viol_val: 0.01334
epoch: 00500 loss_train: 0.01870 loss_val: 0.01949 viol_train: 0.01381 viol_val: 0.01355
epoch: 00550 loss_train: 0.01653 loss_val: 0.01672 viol_train: 0.01327 viol_val: 0.01231
epoch: 00600 loss_train: 0.01466 loss_val: 0.01499 viol_train: 0.01350 viol_val: 0.01179
epoch: 00650 loss_train: 0.01304 loss_val: 0.01314 viol_train: 0.01272 viol_val: 0.01059
epoch: 00700 loss_train: 0.01129 loss_val: 0.01132 viol_train: 0.01100 viol_val: 0.00980
epoch: 00750 loss_train: 0.01052 loss_val: 0.01015 viol_train: 0.01164 viol_val: 0.00998
epoch: 00800 loss_train: 0.00906 loss_val: 0.00903 viol_train: 0.01118 viol_val: 0.00912
epoch: 00850 loss_train: 0.00827 loss_val: 0.00805 viol_train: 0.01105 viol_val: 0.00936
epoch: 00900 loss_train: 0.00725 loss_val: 0.00724 viol_train: 0.01196 viol_val: 0.00939
epoch: 00950 loss_train: 0.00704 loss_val: 0.00635 viol_train: 0.01131 viol_val: 0.00856
epoch: 01000 loss_train: 0.00634 loss_val: 0.00614 viol_train: 0.01025 viol_val: 0.00883
Training Finished!
