Scaler Factors: [800.           0.9936625    1.987325     1.81292375]
Scaler saved at /home/f25moham/CSTR/nonlinear/total/pieces/Reduced_T/segments/segments2/heaviside/heaviside2/scaler.pkl
Scaled dataset saved at /home/f25moham/CSTR/nonlinear/total/pieces/Reduced_T/segments/segments2/heaviside/heaviside2/scaled_data.csv
Scaler Factors outside function: [800.           0.9936625    1.987325     1.81292375]
Scaler loaded successfully.
Scaler Type: <class 'sklearn.preprocessing._data.MaxAbsScaler'>
Scaler Factors (scale_): [800.           0.9936625    1.987325     1.81292375]
Namespace(model='KKThPINN', model_id='adaptive_S90_r1', input_dim=1, hidden_dim=32, hidden_num=2, z0_dim=3, optimizer='adam', epochs=1000, batch_size=16, lr=0.0001, mu=1, max_subiter=500, eta=0.8, sigma=2, mu_safe=1000000000.0, dtype=64, dataset_type='cstr', dataset_path='data.csv', val_ratio=0.2, job='train', runs=1, run=0)
Scaler Factors: [800.           0.9936625    1.987325     1.81292375]
Scaler saved at /home/f25moham/CSTR/nonlinear/total/pieces/Reduced_T/segments/segments2/heaviside/heaviside2/scaler.pkl
Scaled dataset saved at /home/f25moham/CSTR/nonlinear/total/pieces/Reduced_T/segments/segments2/heaviside/heaviside2/scaled_data.csv
train set size: 90, val set size: 30, test set size: 30
Dtypes after casting:
[torch.float64, torch.float64, torch.float64, torch.float64, torch.float64, torch.float64, torch.float64, torch.float64, torch.float64, torch.float64, torch.float64, torch.float64, torch.float64, torch.float64, torch.float64, torch.float64, torch.float64, torch.float64, torch.float64, torch.float64, torch.float64, torch.float64, torch.float64, torch.float64, torch.float64, torch.float64, torch.float64, torch.float64, torch.float64, torch.float64, torch.float64, torch.float64, torch.float64, torch.float64, torch.float64, torch.float64, torch.float64, torch.float64, torch.float64, torch.float64, torch.float64, torch.float64, torch.float64, torch.float64, torch.float64, torch.float64, torch.float64, torch.float64, torch.float64, torch.float64, torch.float64, torch.float64, torch.float64, torch.float64, torch.float64, torch.float64, torch.float64, torch.float64, torch.float64, torch.float64, torch.float64, torch.float64, torch.float64, torch.float64, torch.float64, torch.float64, torch.float64, torch.float64, torch.float64, torch.float64, torch.float64, torch.float64, torch.float64, torch.float64, torch.float64, torch.float64, torch.float64, torch.float64, torch.float64, torch.float64, torch.float64, torch.float64, torch.float64, torch.float64, torch.float64, torch.float64, torch.float64, torch.float64, torch.float64, torch.float64]
[torch.float64, torch.float64, torch.float64, torch.float64, torch.float64, torch.float64, torch.float64, torch.float64, torch.float64, torch.float64, torch.float64, torch.float64, torch.float64, torch.float64, torch.float64, torch.float64, torch.float64, torch.float64, torch.float64, torch.float64, torch.float64, torch.float64, torch.float64, torch.float64, torch.float64, torch.float64, torch.float64, torch.float64, torch.float64, torch.float64, torch.float64, torch.float64, torch.float64, torch.float64, torch.float64, torch.float64, torch.float64, torch.float64, torch.float64, torch.float64, torch.float64, torch.float64, torch.float64, torch.float64, torch.float64, torch.float64, torch.float64, torch.float64, torch.float64, torch.float64, torch.float64, torch.float64, torch.float64, torch.float64, torch.float64, torch.float64, torch.float64, torch.float64, torch.float64, torch.float64, torch.float64, torch.float64, torch.float64, torch.float64, torch.float64, torch.float64, torch.float64, torch.float64, torch.float64, torch.float64, torch.float64, torch.float64, torch.float64, torch.float64, torch.float64, torch.float64, torch.float64, torch.float64, torch.float64, torch.float64, torch.float64, torch.float64, torch.float64, torch.float64, torch.float64, torch.float64, torch.float64, torch.float64, torch.float64, torch.float64]
[torch.float64, torch.float64, torch.float64, torch.float64, torch.float64, torch.float64, torch.float64, torch.float64, torch.float64, torch.float64, torch.float64, torch.float64, torch.float64, torch.float64, torch.float64, torch.float64, torch.float64, torch.float64, torch.float64, torch.float64, torch.float64, torch.float64, torch.float64, torch.float64, torch.float64, torch.float64, torch.float64, torch.float64, torch.float64, torch.float64, torch.float64, torch.float64, torch.float64, torch.float64, torch.float64, torch.float64, torch.float64, torch.float64, torch.float64, torch.float64, torch.float64, torch.float64, torch.float64, torch.float64, torch.float64, torch.float64, torch.float64, torch.float64, torch.float64, torch.float64, torch.float64, torch.float64, torch.float64, torch.float64, torch.float64, torch.float64, torch.float64, torch.float64, torch.float64, torch.float64, torch.float64, torch.float64, torch.float64, torch.float64, torch.float64, torch.float64, torch.float64, torch.float64, torch.float64, torch.float64, torch.float64, torch.float64, torch.float64, torch.float64, torch.float64, torch.float64, torch.float64, torch.float64, torch.float64, torch.float64, torch.float64, torch.float64, torch.float64, torch.float64, torch.float64, torch.float64, torch.float64, torch.float64, torch.float64, torch.float64]
Start Training…
epoch: 00050 loss_train: 0.13023 loss_val: 0.15124 viol_train: 0.00796 viol_val: 0.01119
epoch: 00100 loss_train: 0.06338 loss_val: 0.07403 viol_train: 0.00558 viol_val: 0.00747
epoch: 00150 loss_train: 0.04402 loss_val: 0.05102 viol_train: 0.00055 viol_val: 0.00057
epoch: 00200 loss_train: 0.03510 loss_val: 0.03922 viol_train: 0.00640 viol_val: 0.00803
epoch: 00250 loss_train: 0.03272 loss_val: 0.03591 viol_train: 0.01343 viol_val: 0.01793
epoch: 00300 loss_train: 0.03073 loss_val: 0.03205 viol_train: 0.01970 viol_val: 0.02467
epoch: 00350 loss_train: 0.02958 loss_val: 0.03117 viol_train: 0.01879 viol_val: 0.02679
epoch: 00400 loss_train: 0.02737 loss_val: 0.02954 viol_train: 0.02088 viol_val: 0.02570
epoch: 00450 loss_train: 0.02507 loss_val: 0.02753 viol_train: 0.01888 viol_val: 0.02575
epoch: 00500 loss_train: 0.02306 loss_val: 0.02494 viol_train: 0.01736 viol_val: 0.02147
epoch: 00550 loss_train: 0.02173 loss_val: 0.02290 viol_train: 0.01619 viol_val: 0.02175
epoch: 00600 loss_train: 0.01908 loss_val: 0.01952 viol_train: 0.01400 viol_val: 0.01830
epoch: 00650 loss_train: 0.01615 loss_val: 0.01712 viol_train: 0.01137 viol_val: 0.01455
epoch: 00700 loss_train: 0.01441 loss_val: 0.01491 viol_train: 0.00761 viol_val: 0.01047
epoch: 00750 loss_train: 0.01182 loss_val: 0.01272 viol_train: 0.00441 viol_val: 0.00584
epoch: 00800 loss_train: 0.01056 loss_val: 0.01114 viol_train: 0.00162 viol_val: 0.00230
epoch: 00850 loss_train: 0.00918 loss_val: 0.00997 viol_train: 0.00050 viol_val: 0.00062
epoch: 00900 loss_train: 0.00847 loss_val: 0.00883 viol_train: 0.00048 viol_val: 0.00053
epoch: 00950 loss_train: 0.00770 loss_val: 0.00844 viol_train: 0.00124 viol_val: 0.00132
epoch: 01000 loss_train: 0.00752 loss_val: 0.00821 viol_train: 0.00224 viol_val: 0.00267
Training Finished!
