Scaler Factors: [800.           0.9936625    1.987325     1.81292375]
Scaler saved at /home/f25moham/CSTR/nonlinear/total/pieces/Reduced_T/segments/segments2/heaviside/heaviside2/scaler.pkl
Scaled dataset saved at /home/f25moham/CSTR/nonlinear/total/pieces/Reduced_T/segments/segments2/heaviside/heaviside2/scaled_data.csv
Scaler Factors outside function: [800.           0.9936625    1.987325     1.81292375]
Scaler loaded successfully.
Scaler Type: <class 'sklearn.preprocessing._data.MaxAbsScaler'>
Scaler Factors (scale_): [800.           0.9936625    1.987325     1.81292375]
Namespace(model='KKThPINN', model_id='adaptive_S30_r0', input_dim=1, hidden_dim=32, hidden_num=2, z0_dim=3, optimizer='adam', epochs=1000, batch_size=16, lr=0.0001, mu=1, max_subiter=500, eta=0.8, sigma=2, mu_safe=1000000000.0, dtype=64, dataset_type='cstr', dataset_path='data.csv', val_ratio=0.2, job='train', runs=1, run=0)
Scaler Factors: [800.           0.9936625    1.987325     1.81292375]
Scaler saved at /home/f25moham/CSTR/nonlinear/total/pieces/Reduced_T/segments/segments2/heaviside/heaviside2/scaler.pkl
Scaled dataset saved at /home/f25moham/CSTR/nonlinear/total/pieces/Reduced_T/segments/segments2/heaviside/heaviside2/scaled_data.csv
train set size: 90, val set size: 30, test set size: 30
Dtypes after casting:
[torch.float64, torch.float64, torch.float64, torch.float64, torch.float64, torch.float64, torch.float64, torch.float64, torch.float64, torch.float64, torch.float64, torch.float64, torch.float64, torch.float64, torch.float64, torch.float64, torch.float64, torch.float64, torch.float64, torch.float64, torch.float64, torch.float64, torch.float64, torch.float64, torch.float64, torch.float64, torch.float64, torch.float64, torch.float64, torch.float64]
[torch.float64, torch.float64, torch.float64, torch.float64, torch.float64, torch.float64, torch.float64, torch.float64, torch.float64, torch.float64, torch.float64, torch.float64, torch.float64, torch.float64, torch.float64, torch.float64, torch.float64, torch.float64, torch.float64, torch.float64, torch.float64, torch.float64, torch.float64, torch.float64, torch.float64, torch.float64, torch.float64, torch.float64, torch.float64, torch.float64]
[torch.float64, torch.float64, torch.float64, torch.float64, torch.float64, torch.float64, torch.float64, torch.float64, torch.float64, torch.float64, torch.float64, torch.float64, torch.float64, torch.float64, torch.float64, torch.float64, torch.float64, torch.float64, torch.float64, torch.float64, torch.float64, torch.float64, torch.float64, torch.float64, torch.float64, torch.float64, torch.float64, torch.float64, torch.float64, torch.float64]
Start Training…
epoch: 00050 loss_train: 0.07968 loss_val: 0.09657 viol_train: 0.04688 viol_val: 0.06580
epoch: 00100 loss_train: 0.05148 loss_val: 0.05902 viol_train: 0.00574 viol_val: 0.00719
epoch: 00150 loss_train: 0.04012 loss_val: 0.04404 viol_train: 0.00157 viol_val: 0.00206
epoch: 00200 loss_train: 0.03548 loss_val: 0.04017 viol_train: 0.00756 viol_val: 0.00968
epoch: 00250 loss_train: 0.03451 loss_val: 0.03822 viol_train: 0.00929 viol_val: 0.01184
epoch: 00300 loss_train: 0.03282 loss_val: 0.03617 viol_train: 0.00899 viol_val: 0.01225
epoch: 00350 loss_train: 0.03077 loss_val: 0.03402 viol_train: 0.00855 viol_val: 0.01192
epoch: 00400 loss_train: 0.03137 loss_val: 0.03258 viol_train: 0.00881 viol_val: 0.01237
epoch: 00450 loss_train: 0.02747 loss_val: 0.03056 viol_train: 0.00865 viol_val: 0.01196
epoch: 00500 loss_train: 0.02597 loss_val: 0.02833 viol_train: 0.00703 viol_val: 0.01008
epoch: 00550 loss_train: 0.02396 loss_val: 0.02573 viol_train: 0.00694 viol_val: 0.00989
epoch: 00600 loss_train: 0.02219 loss_val: 0.02324 viol_train: 0.00565 viol_val: 0.00799
epoch: 00650 loss_train: 0.02003 loss_val: 0.02083 viol_train: 0.00429 viol_val: 0.00595
epoch: 00700 loss_train: 0.01794 loss_val: 0.01815 viol_train: 0.00315 viol_val: 0.00434
epoch: 00750 loss_train: 0.01612 loss_val: 0.01598 viol_train: 0.00200 viol_val: 0.00286
epoch: 00800 loss_train: 0.01314 loss_val: 0.01386 viol_train: 0.00115 viol_val: 0.00154
epoch: 00850 loss_train: 0.01221 loss_val: 0.01224 viol_train: 0.00046 viol_val: 0.00058
epoch: 00900 loss_train: 0.01072 loss_val: 0.01072 viol_train: 0.00038 viol_val: 0.00041
epoch: 00950 loss_train: 0.00923 loss_val: 0.00947 viol_train: 0.00056 viol_val: 0.00055
epoch: 01000 loss_train: 0.00827 loss_val: 0.00869 viol_train: 0.00070 viol_val: 0.00075
Training Finished!
