Scaler Factors: [800.           0.9936625    1.987325     1.81292375]
Scaler saved at /home/f25moham/CSTR/nonlinear/total/pieces/Reduced_T/segments/segments2/heaviside/heaviside2/scaler.pkl
Scaled dataset saved at /home/f25moham/CSTR/nonlinear/total/pieces/Reduced_T/segments/segments2/heaviside/heaviside2/scaled_data.csv
Scaler Factors outside function: [800.           0.9936625    1.987325     1.81292375]
Scaler loaded successfully.
Scaler Type: <class 'sklearn.preprocessing._data.MaxAbsScaler'>
Scaler Factors (scale_): [800.           0.9936625    1.987325     1.81292375]
Namespace(model='KKThPINN', model_id='uniform_S3_r4', input_dim=1, hidden_dim=32, hidden_num=2, z0_dim=3, optimizer='adam', epochs=1000, batch_size=16, lr=0.0001, mu=1, max_subiter=500, eta=0.8, sigma=2, mu_safe=1000000000.0, dtype=64, dataset_type='cstr', dataset_path='data.csv', val_ratio=0.2, job='train', runs=1, run=0)
Scaler Factors: [800.           0.9936625    1.987325     1.81292375]
Scaler saved at /home/f25moham/CSTR/nonlinear/total/pieces/Reduced_T/segments/segments2/heaviside/heaviside2/scaler.pkl
Scaled dataset saved at /home/f25moham/CSTR/nonlinear/total/pieces/Reduced_T/segments/segments2/heaviside/heaviside2/scaled_data.csv
train set size: 90, val set size: 30, test set size: 30
Dtypes after casting:
[torch.float64, torch.float64, torch.float64]
[torch.float64, torch.float64, torch.float64]
[torch.float64, torch.float64, torch.float64]
Start Training…
epoch: 00050 loss_train: 0.06699 loss_val: 0.06942 viol_train: 0.04661 viol_val: 0.06261
epoch: 00100 loss_train: 0.04440 loss_val: 0.04842 viol_train: 0.05587 viol_val: 0.06899
epoch: 00150 loss_train: 0.03587 loss_val: 0.04030 viol_train: 0.02055 viol_val: 0.02308
epoch: 00200 loss_train: 0.03043 loss_val: 0.03358 viol_train: 0.01263 viol_val: 0.01329
epoch: 00250 loss_train: 0.02817 loss_val: 0.03190 viol_train: 0.01526 viol_val: 0.01744
epoch: 00300 loss_train: 0.02663 loss_val: 0.02914 viol_train: 0.01952 viol_val: 0.02138
epoch: 00350 loss_train: 0.02299 loss_val: 0.02653 viol_train: 0.02083 viol_val: 0.02247
epoch: 00400 loss_train: 0.02056 loss_val: 0.02298 viol_train: 0.02410 viol_val: 0.02464
epoch: 00450 loss_train: 0.01740 loss_val: 0.02020 viol_train: 0.02249 viol_val: 0.02545
epoch: 00500 loss_train: 0.01460 loss_val: 0.01661 viol_train: 0.02342 viol_val: 0.02737
epoch: 00550 loss_train: 0.01267 loss_val: 0.01448 viol_train: 0.02207 viol_val: 0.02792
epoch: 00600 loss_train: 0.01089 loss_val: 0.01237 viol_train: 0.02538 viol_val: 0.02684
epoch: 00650 loss_train: 0.00958 loss_val: 0.01116 viol_train: 0.02473 viol_val: 0.02562
epoch: 00700 loss_train: 0.00874 loss_val: 0.01043 viol_train: 0.01943 viol_val: 0.02414
epoch: 00750 loss_train: 0.00760 loss_val: 0.00924 viol_train: 0.01996 viol_val: 0.02175
epoch: 00800 loss_train: 0.00683 loss_val: 0.00830 viol_train: 0.01968 viol_val: 0.02077
epoch: 00850 loss_train: 0.00658 loss_val: 0.00765 viol_train: 0.01714 viol_val: 0.01865
epoch: 00900 loss_train: 0.00581 loss_val: 0.00704 viol_train: 0.01608 viol_val: 0.01901
epoch: 00950 loss_train: 0.00532 loss_val: 0.00658 viol_train: 0.01479 viol_val: 0.01730
epoch: 01000 loss_train: 0.00517 loss_val: 0.00643 viol_train: 0.01475 viol_val: 0.01669
Training Finished!
