Scaler Factors: [800.           0.9936625    1.987325     1.81292375]
Scaler saved at /home/f25moham/CSTR/nonlinear/total/pieces/Reduced_T/segments/segments2/heaviside/heaviside2/scaler.pkl
Scaled dataset saved at /home/f25moham/CSTR/nonlinear/total/pieces/Reduced_T/segments/segments2/heaviside/heaviside2/scaled_data.csv
Scaler Factors outside function: [800.           0.9936625    1.987325     1.81292375]
Scaler loaded successfully.
Scaler Type: <class 'sklearn.preprocessing._data.MaxAbsScaler'>
Scaler Factors (scale_): [800.           0.9936625    1.987325     1.81292375]
Namespace(model='KKThPINN', model_id='uniform_S30', input_dim=1, hidden_dim=32, hidden_num=2, z0_dim=3, optimizer='adam', epochs=1000, batch_size=16, lr=0.0001, mu=1, max_subiter=500, eta=0.8, sigma=2, mu_safe=1000000000.0, dtype=64, dataset_type='cstr', dataset_path='data.csv', val_ratio=0.2, job='train', runs=1, run=0)
Scaler Factors: [800.           0.9936625    1.987325     1.81292375]
Scaler saved at /home/f25moham/CSTR/nonlinear/total/pieces/Reduced_T/segments/segments2/heaviside/heaviside2/scaler.pkl
Scaled dataset saved at /home/f25moham/CSTR/nonlinear/total/pieces/Reduced_T/segments/segments2/heaviside/heaviside2/scaled_data.csv
train set size: 90, val set size: 30, test set size: 30
Dtypes after casting:
[torch.float64, torch.float64, torch.float64, torch.float64, torch.float64, torch.float64, torch.float64, torch.float64, torch.float64, torch.float64, torch.float64, torch.float64, torch.float64, torch.float64, torch.float64, torch.float64, torch.float64, torch.float64, torch.float64, torch.float64, torch.float64, torch.float64, torch.float64, torch.float64, torch.float64, torch.float64, torch.float64, torch.float64, torch.float64, torch.float64]
[torch.float64, torch.float64, torch.float64, torch.float64, torch.float64, torch.float64, torch.float64, torch.float64, torch.float64, torch.float64, torch.float64, torch.float64, torch.float64, torch.float64, torch.float64, torch.float64, torch.float64, torch.float64, torch.float64, torch.float64, torch.float64, torch.float64, torch.float64, torch.float64, torch.float64, torch.float64, torch.float64, torch.float64, torch.float64, torch.float64]
[torch.float64, torch.float64, torch.float64, torch.float64, torch.float64, torch.float64, torch.float64, torch.float64, torch.float64, torch.float64, torch.float64, torch.float64, torch.float64, torch.float64, torch.float64, torch.float64, torch.float64, torch.float64, torch.float64, torch.float64, torch.float64, torch.float64, torch.float64, torch.float64, torch.float64, torch.float64, torch.float64, torch.float64, torch.float64, torch.float64]
Start Training…
epoch: 00050 loss_train: 0.09950 loss_val: 0.11694 viol_train: 0.03063 viol_val: 0.03984
epoch: 00100 loss_train: 0.03908 loss_val: 0.04690 viol_train: 0.00075 viol_val: 0.00073
epoch: 00150 loss_train: 0.03406 loss_val: 0.03830 viol_train: 0.00959 viol_val: 0.01270
epoch: 00200 loss_train: 0.03445 loss_val: 0.03811 viol_train: 0.01343 viol_val: 0.01805
epoch: 00250 loss_train: 0.03337 loss_val: 0.03630 viol_train: 0.01393 viol_val: 0.02031
epoch: 00300 loss_train: 0.03291 loss_val: 0.03477 viol_train: 0.01355 viol_val: 0.01943
epoch: 00350 loss_train: 0.03085 loss_val: 0.03458 viol_train: 0.01299 viol_val: 0.01870
epoch: 00400 loss_train: 0.03030 loss_val: 0.03280 viol_train: 0.01356 viol_val: 0.01822
epoch: 00450 loss_train: 0.02826 loss_val: 0.03095 viol_train: 0.01150 viol_val: 0.01705
epoch: 00500 loss_train: 0.02771 loss_val: 0.02912 viol_train: 0.01054 viol_val: 0.01491
epoch: 00550 loss_train: 0.02598 loss_val: 0.02716 viol_train: 0.00974 viol_val: 0.01328
epoch: 00600 loss_train: 0.02305 loss_val: 0.02441 viol_train: 0.00784 viol_val: 0.01053
epoch: 00650 loss_train: 0.02066 loss_val: 0.02147 viol_train: 0.00542 viol_val: 0.00750
epoch: 00700 loss_train: 0.01825 loss_val: 0.02014 viol_train: 0.00368 viol_val: 0.00522
epoch: 00750 loss_train: 0.01646 loss_val: 0.01690 viol_train: 0.00201 viol_val: 0.00282
epoch: 00800 loss_train: 0.01377 loss_val: 0.01433 viol_train: 0.00095 viol_val: 0.00125
epoch: 00850 loss_train: 0.01187 loss_val: 0.01252 viol_train: 0.00053 viol_val: 0.00069
epoch: 00900 loss_train: 0.01077 loss_val: 0.01112 viol_train: 0.00042 viol_val: 0.00042
epoch: 00950 loss_train: 0.00950 loss_val: 0.00967 viol_train: 0.00036 viol_val: 0.00034
epoch: 01000 loss_train: 0.00823 loss_val: 0.00860 viol_train: 0.00029 viol_val: 0.00028
Training Finished!
