Scaler Factors: [800.           0.9936625    1.987325     1.81292375]
Scaler saved at /home/f25moham/CSTR/nonlinear/total/pieces/Reduced_T/segments/segments2/heaviside/heaviside2/scaler.pkl
Scaled dataset saved at /home/f25moham/CSTR/nonlinear/total/pieces/Reduced_T/segments/segments2/heaviside/heaviside2/scaled_data.csv
Scaler Factors outside function: [800.           0.9936625    1.987325     1.81292375]
Scaler loaded successfully.
Scaler Type: <class 'sklearn.preprocessing._data.MaxAbsScaler'>
Scaler Factors (scale_): [800.           0.9936625    1.987325     1.81292375]
Namespace(model='KKThPINN', model_id='uniform_S3_r1', input_dim=1, hidden_dim=32, hidden_num=2, z0_dim=3, optimizer='adam', epochs=1000, batch_size=16, lr=0.0001, mu=1, max_subiter=500, eta=0.8, sigma=2, mu_safe=1000000000.0, dtype=64, dataset_type='cstr', dataset_path='data.csv', val_ratio=0.2, job='train', runs=1, run=0)
Scaler Factors: [800.           0.9936625    1.987325     1.81292375]
Scaler saved at /home/f25moham/CSTR/nonlinear/total/pieces/Reduced_T/segments/segments2/heaviside/heaviside2/scaler.pkl
Scaled dataset saved at /home/f25moham/CSTR/nonlinear/total/pieces/Reduced_T/segments/segments2/heaviside/heaviside2/scaled_data.csv
train set size: 90, val set size: 30, test set size: 30
Dtypes after casting:
[torch.float64, torch.float64, torch.float64]
[torch.float64, torch.float64, torch.float64]
[torch.float64, torch.float64, torch.float64]
Start Training…
epoch: 00050 loss_train: 0.10507 loss_val: 0.12014 viol_train: 0.10933 viol_val: 0.14380
epoch: 00100 loss_train: 0.04130 loss_val: 0.04688 viol_train: 0.01421 viol_val: 0.01670
epoch: 00150 loss_train: 0.03582 loss_val: 0.04143 viol_train: 0.01286 viol_val: 0.01456
epoch: 00200 loss_train: 0.03583 loss_val: 0.04021 viol_train: 0.01547 viol_val: 0.01582
epoch: 00250 loss_train: 0.03318 loss_val: 0.03774 viol_train: 0.01452 viol_val: 0.01643
epoch: 00300 loss_train: 0.03129 loss_val: 0.03569 viol_train: 0.01511 viol_val: 0.01756
epoch: 00350 loss_train: 0.02938 loss_val: 0.03434 viol_train: 0.01717 viol_val: 0.01775
epoch: 00400 loss_train: 0.02758 loss_val: 0.03090 viol_train: 0.01525 viol_val: 0.01859
epoch: 00450 loss_train: 0.02559 loss_val: 0.02914 viol_train: 0.01653 viol_val: 0.01840
epoch: 00500 loss_train: 0.02400 loss_val: 0.02720 viol_train: 0.01621 viol_val: 0.01818
epoch: 00550 loss_train: 0.02267 loss_val: 0.02407 viol_train: 0.01658 viol_val: 0.01891
epoch: 00600 loss_train: 0.01967 loss_val: 0.02227 viol_train: 0.01654 viol_val: 0.01984
epoch: 00650 loss_train: 0.01793 loss_val: 0.02057 viol_train: 0.01768 viol_val: 0.01860
epoch: 00700 loss_train: 0.01659 loss_val: 0.01777 viol_train: 0.01832 viol_val: 0.02017
epoch: 00750 loss_train: 0.01358 loss_val: 0.01628 viol_train: 0.01781 viol_val: 0.01850
epoch: 00800 loss_train: 0.01209 loss_val: 0.01421 viol_train: 0.01710 viol_val: 0.01856
epoch: 00850 loss_train: 0.01139 loss_val: 0.01253 viol_train: 0.01562 viol_val: 0.01918
epoch: 00900 loss_train: 0.01044 loss_val: 0.01135 viol_train: 0.01735 viol_val: 0.01864
epoch: 00950 loss_train: 0.00897 loss_val: 0.01072 viol_train: 0.01504 viol_val: 0.01762
epoch: 01000 loss_train: 0.00889 loss_val: 0.00987 viol_train: 0.01588 viol_val: 0.01732
Training Finished!
