Scaler Factors: [800.           0.9936625    1.987325     1.81292375]
Scaler saved at /home/f25moham/CSTR/nonlinear/total/pieces/Reduced_T/segments/segments2/heaviside/heaviside2/scaler.pkl
Scaled dataset saved at /home/f25moham/CSTR/nonlinear/total/pieces/Reduced_T/segments/segments2/heaviside/heaviside2/scaled_data.csv
Scaler Factors outside function: [800.           0.9936625    1.987325     1.81292375]
Scaler loaded successfully.
Scaler Type: <class 'sklearn.preprocessing._data.MaxAbsScaler'>
Scaler Factors (scale_): [800.           0.9936625    1.987325     1.81292375]
Namespace(model='KKThPINN', model_id='uniform_S5_r5', input_dim=1, hidden_dim=32, hidden_num=2, z0_dim=3, optimizer='adam', epochs=1000, batch_size=16, lr=0.0001, mu=1, max_subiter=500, eta=0.8, sigma=2, mu_safe=1000000000.0, dtype=64, dataset_type='cstr', dataset_path='data.csv', val_ratio=0.2, job='train', runs=1, run=0)
Scaler Factors: [800.           0.9936625    1.987325     1.81292375]
Scaler saved at /home/f25moham/CSTR/nonlinear/total/pieces/Reduced_T/segments/segments2/heaviside/heaviside2/scaler.pkl
Scaled dataset saved at /home/f25moham/CSTR/nonlinear/total/pieces/Reduced_T/segments/segments2/heaviside/heaviside2/scaled_data.csv
train set size: 90, val set size: 30, test set size: 30
Dtypes after casting:
[torch.float64, torch.float64, torch.float64, torch.float64, torch.float64]
[torch.float64, torch.float64, torch.float64, torch.float64, torch.float64]
[torch.float64, torch.float64, torch.float64, torch.float64, torch.float64]
Start Training…
epoch: 00050 loss_train: 0.08947 loss_val: 0.09743 viol_train: 0.05532 viol_val: 0.06766
epoch: 00100 loss_train: 0.04175 loss_val: 0.04854 viol_train: 0.00451 viol_val: 0.00588
epoch: 00150 loss_train: 0.03422 loss_val: 0.03642 viol_train: 0.01013 viol_val: 0.01332
epoch: 00200 loss_train: 0.03194 loss_val: 0.03444 viol_train: 0.01719 viol_val: 0.02324
epoch: 00250 loss_train: 0.02866 loss_val: 0.03119 viol_train: 0.01913 viol_val: 0.02503
epoch: 00300 loss_train: 0.02657 loss_val: 0.02922 viol_train: 0.01912 viol_val: 0.02504
epoch: 00350 loss_train: 0.02312 loss_val: 0.02568 viol_train: 0.01732 viol_val: 0.02285
epoch: 00400 loss_train: 0.02134 loss_val: 0.02271 viol_train: 0.01435 viol_val: 0.02018
epoch: 00450 loss_train: 0.01799 loss_val: 0.01912 viol_train: 0.01218 viol_val: 0.01692
epoch: 00500 loss_train: 0.01508 loss_val: 0.01624 viol_train: 0.00961 viol_val: 0.01344
epoch: 00550 loss_train: 0.01257 loss_val: 0.01341 viol_train: 0.00788 viol_val: 0.00945
epoch: 00600 loss_train: 0.01057 loss_val: 0.01122 viol_train: 0.00528 viol_val: 0.00694
epoch: 00650 loss_train: 0.00937 loss_val: 0.00992 viol_train: 0.00444 viol_val: 0.00565
epoch: 00700 loss_train: 0.00815 loss_val: 0.00867 viol_train: 0.00375 viol_val: 0.00511
epoch: 00750 loss_train: 0.00744 loss_val: 0.00783 viol_train: 0.00346 viol_val: 0.00459
epoch: 00800 loss_train: 0.00662 loss_val: 0.00716 viol_train: 0.00340 viol_val: 0.00459
epoch: 00850 loss_train: 0.00588 loss_val: 0.00644 viol_train: 0.00357 viol_val: 0.00423
epoch: 00900 loss_train: 0.00533 loss_val: 0.00588 viol_train: 0.00341 viol_val: 0.00433
epoch: 00950 loss_train: 0.00506 loss_val: 0.00544 viol_train: 0.00352 viol_val: 0.00471
epoch: 01000 loss_train: 0.00459 loss_val: 0.00513 viol_train: 0.00356 viol_val: 0.00480
Training Finished!
