Scaler Factors: [800.           0.9936625    1.987325     1.81292375]
Scaler saved at /home/f25moham/CSTR/nonlinear/total/pieces/Reduced_T/segments/segments2/heaviside/heaviside2/scaler.pkl
Scaled dataset saved at /home/f25moham/CSTR/nonlinear/total/pieces/Reduced_T/segments/segments2/heaviside/heaviside2/scaled_data.csv
Scaler Factors outside function: [800.           0.9936625    1.987325     1.81292375]
Scaler loaded successfully.
Scaler Type: <class 'sklearn.preprocessing._data.MaxAbsScaler'>
Scaler Factors (scale_): [800.           0.9936625    1.987325     1.81292375]
Namespace(model='KKThPINN', model_id='uniform_S11_r9', input_dim=1, hidden_dim=32, hidden_num=2, z0_dim=3, optimizer='adam', epochs=1000, batch_size=16, lr=0.0001, mu=1, max_subiter=500, eta=0.8, sigma=2, mu_safe=1000000000.0, dtype=64, dataset_type='cstr', dataset_path='data.csv', val_ratio=0.2, job='train', runs=1, run=0)
Scaler Factors: [800.           0.9936625    1.987325     1.81292375]
Scaler saved at /home/f25moham/CSTR/nonlinear/total/pieces/Reduced_T/segments/segments2/heaviside/heaviside2/scaler.pkl
Scaled dataset saved at /home/f25moham/CSTR/nonlinear/total/pieces/Reduced_T/segments/segments2/heaviside/heaviside2/scaled_data.csv
train set size: 90, val set size: 30, test set size: 30
Dtypes after casting:
[torch.float64, torch.float64, torch.float64, torch.float64, torch.float64, torch.float64, torch.float64, torch.float64, torch.float64, torch.float64, torch.float64]
[torch.float64, torch.float64, torch.float64, torch.float64, torch.float64, torch.float64, torch.float64, torch.float64, torch.float64, torch.float64, torch.float64]
[torch.float64, torch.float64, torch.float64, torch.float64, torch.float64, torch.float64, torch.float64, torch.float64, torch.float64, torch.float64, torch.float64]
Start Training…
epoch: 00050 loss_train: 0.11124 loss_val: 0.13212 viol_train: 0.08741 viol_val: 0.12219
epoch: 00100 loss_train: 0.04843 loss_val: 0.05550 viol_train: 0.00306 viol_val: 0.00397
epoch: 00150 loss_train: 0.04308 loss_val: 0.04654 viol_train: 0.00501 viol_val: 0.00710
epoch: 00200 loss_train: 0.03980 loss_val: 0.04372 viol_train: 0.00875 viol_val: 0.01214
epoch: 00250 loss_train: 0.03875 loss_val: 0.04228 viol_train: 0.01019 viol_val: 0.01323
epoch: 00300 loss_train: 0.03605 loss_val: 0.03990 viol_train: 0.00938 viol_val: 0.01191
epoch: 00350 loss_train: 0.03480 loss_val: 0.03716 viol_train: 0.00813 viol_val: 0.01082
epoch: 00400 loss_train: 0.03141 loss_val: 0.03481 viol_train: 0.00723 viol_val: 0.00993
epoch: 00450 loss_train: 0.02960 loss_val: 0.03143 viol_train: 0.00569 viol_val: 0.00837
epoch: 00500 loss_train: 0.02600 loss_val: 0.02875 viol_train: 0.00462 viol_val: 0.00599
epoch: 00550 loss_train: 0.02333 loss_val: 0.02645 viol_train: 0.00273 viol_val: 0.00389
epoch: 00600 loss_train: 0.02067 loss_val: 0.02267 viol_train: 0.00162 viol_val: 0.00239
epoch: 00650 loss_train: 0.01807 loss_val: 0.01899 viol_train: 0.00117 viol_val: 0.00161
epoch: 00700 loss_train: 0.01550 loss_val: 0.01598 viol_train: 0.00122 viol_val: 0.00177
epoch: 00750 loss_train: 0.01277 loss_val: 0.01337 viol_train: 0.00226 viol_val: 0.00269
epoch: 00800 loss_train: 0.01081 loss_val: 0.01167 viol_train: 0.00290 viol_val: 0.00346
epoch: 00850 loss_train: 0.00951 loss_val: 0.00978 viol_train: 0.00384 viol_val: 0.00491
epoch: 00900 loss_train: 0.00851 loss_val: 0.00902 viol_train: 0.00399 viol_val: 0.00490
epoch: 00950 loss_train: 0.00796 loss_val: 0.00823 viol_train: 0.00388 viol_val: 0.00528
epoch: 01000 loss_train: 0.00749 loss_val: 0.00780 viol_train: 0.00355 viol_val: 0.00463
Training Finished!
