Scaler Factors: [800.           0.9936625    1.987325     1.81292375]
Scaler saved at /home/f25moham/CSTR/nonlinear/total/pieces/Reduced_T/segments/segments2/heaviside/heaviside2/scaler.pkl
Scaled dataset saved at /home/f25moham/CSTR/nonlinear/total/pieces/Reduced_T/segments/segments2/heaviside/heaviside2/scaled_data.csv
Scaler Factors outside function: [800.           0.9936625    1.987325     1.81292375]
Scaler loaded successfully.
Scaler Type: <class 'sklearn.preprocessing._data.MaxAbsScaler'>
Scaler Factors (scale_): [800.           0.9936625    1.987325     1.81292375]
Namespace(model='KKThPINN', model_id='uniform_S5_r9', input_dim=1, hidden_dim=32, hidden_num=2, z0_dim=3, optimizer='adam', epochs=1000, batch_size=16, lr=0.0001, mu=1, max_subiter=500, eta=0.8, sigma=2, mu_safe=1000000000.0, dtype=64, dataset_type='cstr', dataset_path='data.csv', val_ratio=0.2, job='train', runs=1, run=0)
Scaler Factors: [800.           0.9936625    1.987325     1.81292375]
Scaler saved at /home/f25moham/CSTR/nonlinear/total/pieces/Reduced_T/segments/segments2/heaviside/heaviside2/scaler.pkl
Scaled dataset saved at /home/f25moham/CSTR/nonlinear/total/pieces/Reduced_T/segments/segments2/heaviside/heaviside2/scaled_data.csv
train set size: 90, val set size: 30, test set size: 30
Dtypes after casting:
[torch.float64, torch.float64, torch.float64, torch.float64, torch.float64]
[torch.float64, torch.float64, torch.float64, torch.float64, torch.float64]
[torch.float64, torch.float64, torch.float64, torch.float64, torch.float64]
Start Training…
epoch: 00050 loss_train: 0.05927 loss_val: 0.06117 viol_train: 0.07752 viol_val: 0.10082
epoch: 00100 loss_train: 0.03779 loss_val: 0.04097 viol_train: 0.00400 viol_val: 0.00544
epoch: 00150 loss_train: 0.03234 loss_val: 0.03616 viol_train: 0.00635 viol_val: 0.00902
epoch: 00200 loss_train: 0.03120 loss_val: 0.03312 viol_train: 0.00963 viol_val: 0.01189
epoch: 00250 loss_train: 0.02810 loss_val: 0.03071 viol_train: 0.00854 viol_val: 0.01211
epoch: 00300 loss_train: 0.02571 loss_val: 0.02641 viol_train: 0.00817 viol_val: 0.01113
epoch: 00350 loss_train: 0.02186 loss_val: 0.02335 viol_train: 0.00714 viol_val: 0.00941
epoch: 00400 loss_train: 0.01952 loss_val: 0.01972 viol_train: 0.00600 viol_val: 0.00771
epoch: 00450 loss_train: 0.01616 loss_val: 0.01699 viol_train: 0.00496 viol_val: 0.00656
epoch: 00500 loss_train: 0.01299 loss_val: 0.01417 viol_train: 0.00420 viol_val: 0.00557
epoch: 00550 loss_train: 0.01157 loss_val: 0.01184 viol_train: 0.00359 viol_val: 0.00477
epoch: 00600 loss_train: 0.00985 loss_val: 0.01019 viol_train: 0.00364 viol_val: 0.00459
epoch: 00650 loss_train: 0.00856 loss_val: 0.00899 viol_train: 0.00367 viol_val: 0.00458
epoch: 00700 loss_train: 0.00765 loss_val: 0.00823 viol_train: 0.00378 viol_val: 0.00476
epoch: 00750 loss_train: 0.00728 loss_val: 0.00779 viol_train: 0.00407 viol_val: 0.00517
epoch: 00800 loss_train: 0.00708 loss_val: 0.00764 viol_train: 0.00467 viol_val: 0.00580
epoch: 00850 loss_train: 0.00663 loss_val: 0.00730 viol_train: 0.00458 viol_val: 0.00600
epoch: 00900 loss_train: 0.00659 loss_val: 0.00719 viol_train: 0.00538 viol_val: 0.00612
epoch: 00950 loss_train: 0.00629 loss_val: 0.00694 viol_train: 0.00513 viol_val: 0.00632
epoch: 01000 loss_train: 0.00611 loss_val: 0.00686 viol_train: 0.00553 viol_val: 0.00636
Training Finished!
