Scaler Factors: [800.           0.9936625    1.987325     1.81292375]
Scaler saved at /home/f25moham/CSTR/nonlinear/total/pieces/Reduced_T/segments/segments2/heaviside/heaviside2/scaler.pkl
Scaled dataset saved at /home/f25moham/CSTR/nonlinear/total/pieces/Reduced_T/segments/segments2/heaviside/heaviside2/scaled_data.csv
Scaler Factors outside function: [800.           0.9936625    1.987325     1.81292375]
Scaler loaded successfully.
Scaler Type: <class 'sklearn.preprocessing._data.MaxAbsScaler'>
Scaler Factors (scale_): [800.           0.9936625    1.987325     1.81292375]
Namespace(model='KKThPINN', model_id='uniform_S1', input_dim=1, hidden_dim=32, hidden_num=2, z0_dim=3, optimizer='adam', epochs=1000, batch_size=16, lr=0.0001, mu=1, max_subiter=500, eta=0.8, sigma=2, mu_safe=1000000000.0, dtype=64, dataset_type='cstr', dataset_path='data.csv', val_ratio=0.2, job='train', runs=1, run=0)
Scaler Factors: [800.           0.9936625    1.987325     1.81292375]
Scaler saved at /home/f25moham/CSTR/nonlinear/total/pieces/Reduced_T/segments/segments2/heaviside/heaviside2/scaler.pkl
Scaled dataset saved at /home/f25moham/CSTR/nonlinear/total/pieces/Reduced_T/segments/segments2/heaviside/heaviside2/scaled_data.csv
train set size: 90, val set size: 30, test set size: 30
Dtypes after casting:
[torch.float64]
[torch.float64]
[torch.float64]
Start Training…
epoch: 00050 loss_train: 0.08180 loss_val: 0.09070 viol_train: 0.48406 viol_val: 0.62540
epoch: 00100 loss_train: 0.06050 loss_val: 0.06421 viol_train: 0.48245 viol_val: 0.63302
epoch: 00150 loss_train: 0.05735 loss_val: 0.06115 viol_train: 0.48736 viol_val: 0.65546
epoch: 00200 loss_train: 0.05624 loss_val: 0.05949 viol_train: 0.49157 viol_val: 0.65109
epoch: 00250 loss_train: 0.05381 loss_val: 0.05603 viol_train: 0.52461 viol_val: 0.65447
epoch: 00300 loss_train: 0.05029 loss_val: 0.05371 viol_train: 0.48438 viol_val: 0.65621
epoch: 00350 loss_train: 0.04654 loss_val: 0.04911 viol_train: 0.52464 viol_val: 0.62958
epoch: 00400 loss_train: 0.04366 loss_val: 0.04563 viol_train: 0.44652 viol_val: 0.61995
epoch: 00450 loss_train: 0.03965 loss_val: 0.04078 viol_train: 0.49893 viol_val: 0.60901
epoch: 00500 loss_train: 0.03801 loss_val: 0.03722 viol_train: 0.45940 viol_val: 0.59727
epoch: 00550 loss_train: 0.03412 loss_val: 0.03248 viol_train: 0.42591 viol_val: 0.60778
epoch: 00600 loss_train: 0.03122 loss_val: 0.03082 viol_train: 0.43274 viol_val: 0.61139
epoch: 00650 loss_train: 0.02792 loss_val: 0.02818 viol_train: 0.44455 viol_val: 0.59833
epoch: 00700 loss_train: 0.02631 loss_val: 0.02657 viol_train: 0.48969 viol_val: 0.61791
epoch: 00750 loss_train: 0.02629 loss_val: 0.02583 viol_train: 0.43211 viol_val: 0.61233
epoch: 00800 loss_train: 0.02428 loss_val: 0.02502 viol_train: 0.44776 viol_val: 0.59511
epoch: 00850 loss_train: 0.02425 loss_val: 0.02331 viol_train: 0.42897 viol_val: 0.58213
epoch: 00900 loss_train: 0.02370 loss_val: 0.02344 viol_train: 0.42869 viol_val: 0.61918
epoch: 00950 loss_train: 0.02237 loss_val: 0.02242 viol_train: 0.44337 viol_val: 0.61171
epoch: 01000 loss_train: 0.02314 loss_val: 0.02206 viol_train: 0.42888 viol_val: 0.58928
Training Finished!
