Scaler Factors: [800.           0.9936625    1.987325     1.81292375]
Scaler saved at /home/f25moham/CSTR/nonlinear/total/pieces/Reduced_T/segments/segments2/heaviside/heaviside2/scaler.pkl
Scaled dataset saved at /home/f25moham/CSTR/nonlinear/total/pieces/Reduced_T/segments/segments2/heaviside/heaviside2/scaled_data.csv
Scaler Factors outside function: [800.           0.9936625    1.987325     1.81292375]
Scaler loaded successfully.
Scaler Type: <class 'sklearn.preprocessing._data.MaxAbsScaler'>
Scaler Factors (scale_): [800.           0.9936625    1.987325     1.81292375]
Namespace(model='KKThPINN', model_id='adaptive_S9_r6', input_dim=1, hidden_dim=32, hidden_num=2, z0_dim=3, optimizer='adam', epochs=1000, batch_size=16, lr=0.0001, mu=1, max_subiter=500, eta=0.8, sigma=2, mu_safe=1000000000.0, dtype=64, dataset_type='cstr', dataset_path='data.csv', val_ratio=0.2, job='train', runs=1, run=0)
Scaler Factors: [800.           0.9936625    1.987325     1.81292375]
Scaler saved at /home/f25moham/CSTR/nonlinear/total/pieces/Reduced_T/segments/segments2/heaviside/heaviside2/scaler.pkl
Scaled dataset saved at /home/f25moham/CSTR/nonlinear/total/pieces/Reduced_T/segments/segments2/heaviside/heaviside2/scaled_data.csv
train set size: 90, val set size: 30, test set size: 30
Dtypes after casting:
[torch.float64, torch.float64, torch.float64, torch.float64, torch.float64, torch.float64, torch.float64, torch.float64, torch.float64]
[torch.float64, torch.float64, torch.float64, torch.float64, torch.float64, torch.float64, torch.float64, torch.float64, torch.float64]
[torch.float64, torch.float64, torch.float64, torch.float64, torch.float64, torch.float64, torch.float64, torch.float64, torch.float64]
Start Training…
epoch: 00050 loss_train: 0.10991 loss_val: 0.11734 viol_train: 0.20532 viol_val: 0.29422
epoch: 00100 loss_train: 0.05002 loss_val: 0.05413 viol_train: 0.03583 viol_val: 0.04450
epoch: 00150 loss_train: 0.03792 loss_val: 0.04228 viol_train: 0.00135 viol_val: 0.00104
epoch: 00200 loss_train: 0.03519 loss_val: 0.03792 viol_train: 0.00571 viol_val: 0.00653
epoch: 00250 loss_train: 0.03407 loss_val: 0.03706 viol_train: 0.00918 viol_val: 0.01161
epoch: 00300 loss_train: 0.03264 loss_val: 0.03582 viol_train: 0.01011 viol_val: 0.01323
epoch: 00350 loss_train: 0.03271 loss_val: 0.03494 viol_train: 0.00980 viol_val: 0.01342
epoch: 00400 loss_train: 0.03092 loss_val: 0.03325 viol_train: 0.00991 viol_val: 0.01300
epoch: 00450 loss_train: 0.02948 loss_val: 0.03200 viol_train: 0.01035 viol_val: 0.01366
epoch: 00500 loss_train: 0.02770 loss_val: 0.03056 viol_train: 0.01062 viol_val: 0.01298
epoch: 00550 loss_train: 0.02611 loss_val: 0.02857 viol_train: 0.00955 viol_val: 0.01240
epoch: 00600 loss_train: 0.02420 loss_val: 0.02624 viol_train: 0.00988 viol_val: 0.01128
epoch: 00650 loss_train: 0.02168 loss_val: 0.02219 viol_train: 0.00752 viol_val: 0.00947
epoch: 00700 loss_train: 0.01837 loss_val: 0.01940 viol_train: 0.00602 viol_val: 0.00722
epoch: 00750 loss_train: 0.01581 loss_val: 0.01628 viol_train: 0.00491 viol_val: 0.00562
epoch: 00800 loss_train: 0.01307 loss_val: 0.01427 viol_train: 0.00326 viol_val: 0.00334
epoch: 00850 loss_train: 0.01177 loss_val: 0.01220 viol_train: 0.00236 viol_val: 0.00235
epoch: 00900 loss_train: 0.01014 loss_val: 0.01079 viol_train: 0.00162 viol_val: 0.00144
epoch: 00950 loss_train: 0.00890 loss_val: 0.00973 viol_train: 0.00134 viol_val: 0.00104
epoch: 01000 loss_train: 0.00860 loss_val: 0.00918 viol_train: 0.00125 viol_val: 0.00085
Training Finished!
