Scaler Factors: [800.           0.9936625    1.987325     1.81292375]
Scaler saved at /home/f25moham/CSTR/nonlinear/total/pieces/Reduced_T/segments/segments2/heaviside/heaviside2/scaler.pkl
Scaled dataset saved at /home/f25moham/CSTR/nonlinear/total/pieces/Reduced_T/segments/segments2/heaviside/heaviside2/scaled_data.csv
Scaler Factors outside function: [800.           0.9936625    1.987325     1.81292375]
Scaler loaded successfully.
Scaler Type: <class 'sklearn.preprocessing._data.MaxAbsScaler'>
Scaler Factors (scale_): [800.           0.9936625    1.987325     1.81292375]
Namespace(model='KKThPINN', model_id='adaptive_S5_r7', input_dim=1, hidden_dim=32, hidden_num=2, z0_dim=3, optimizer='adam', epochs=1000, batch_size=16, lr=0.0001, mu=1, max_subiter=500, eta=0.8, sigma=2, mu_safe=1000000000.0, dtype=64, dataset_type='cstr', dataset_path='data.csv', val_ratio=0.2, job='train', runs=1, run=0)
Scaler Factors: [800.           0.9936625    1.987325     1.81292375]
Scaler saved at /home/f25moham/CSTR/nonlinear/total/pieces/Reduced_T/segments/segments2/heaviside/heaviside2/scaler.pkl
Scaled dataset saved at /home/f25moham/CSTR/nonlinear/total/pieces/Reduced_T/segments/segments2/heaviside/heaviside2/scaled_data.csv
train set size: 90, val set size: 30, test set size: 30
Dtypes after casting:
[torch.float64, torch.float64, torch.float64, torch.float64, torch.float64]
[torch.float64, torch.float64, torch.float64, torch.float64, torch.float64]
[torch.float64, torch.float64, torch.float64, torch.float64, torch.float64]
Start Training…
epoch: 00050 loss_train: 0.04285 loss_val: 0.04712 viol_train: 0.02408 viol_val: 0.03135
epoch: 00100 loss_train: 0.03179 loss_val: 0.03400 viol_train: 0.00460 viol_val: 0.00506
epoch: 00150 loss_train: 0.02892 loss_val: 0.03025 viol_train: 0.00836 viol_val: 0.00995
epoch: 00200 loss_train: 0.02387 loss_val: 0.02652 viol_train: 0.00812 viol_val: 0.00913
epoch: 00250 loss_train: 0.02053 loss_val: 0.02188 viol_train: 0.00581 viol_val: 0.00647
epoch: 00300 loss_train: 0.01671 loss_val: 0.01764 viol_train: 0.00419 viol_val: 0.00435
epoch: 00350 loss_train: 0.01319 loss_val: 0.01376 viol_train: 0.00338 viol_val: 0.00308
epoch: 00400 loss_train: 0.01072 loss_val: 0.01171 viol_train: 0.00268 viol_val: 0.00195
epoch: 00450 loss_train: 0.00910 loss_val: 0.00961 viol_train: 0.00272 viol_val: 0.00198
epoch: 00500 loss_train: 0.00768 loss_val: 0.00787 viol_train: 0.00264 viol_val: 0.00219
epoch: 00550 loss_train: 0.00625 loss_val: 0.00662 viol_train: 0.00288 viol_val: 0.00244
epoch: 00600 loss_train: 0.00549 loss_val: 0.00572 viol_train: 0.00304 viol_val: 0.00253
epoch: 00650 loss_train: 0.00482 loss_val: 0.00505 viol_train: 0.00301 viol_val: 0.00280
epoch: 00700 loss_train: 0.00424 loss_val: 0.00458 viol_train: 0.00282 viol_val: 0.00234
epoch: 00750 loss_train: 0.00377 loss_val: 0.00415 viol_train: 0.00275 viol_val: 0.00207
epoch: 00800 loss_train: 0.00352 loss_val: 0.00370 viol_train: 0.00252 viol_val: 0.00190
epoch: 00850 loss_train: 0.00321 loss_val: 0.00338 viol_train: 0.00240 viol_val: 0.00187
epoch: 00900 loss_train: 0.00296 loss_val: 0.00308 viol_train: 0.00243 viol_val: 0.00181
epoch: 00950 loss_train: 0.00269 loss_val: 0.00274 viol_train: 0.00250 viol_val: 0.00186
epoch: 01000 loss_train: 0.00243 loss_val: 0.00247 viol_train: 0.00247 viol_val: 0.00198
Training Finished!
