Scaler Factors: [800.           0.9936625    1.987325     1.81292375]
Scaler saved at /home/f25moham/CSTR/nonlinear/total/pieces/Reduced_T/segments/segments2/heaviside/heaviside2/scaler.pkl
Scaled dataset saved at /home/f25moham/CSTR/nonlinear/total/pieces/Reduced_T/segments/segments2/heaviside/heaviside2/scaled_data.csv
Scaler Factors outside function: [800.           0.9936625    1.987325     1.81292375]
Scaler loaded successfully.
Scaler Type: <class 'sklearn.preprocessing._data.MaxAbsScaler'>
Scaler Factors (scale_): [800.           0.9936625    1.987325     1.81292375]
Namespace(model='KKThPINN', model_id='adaptive_S30_r9', input_dim=1, hidden_dim=32, hidden_num=2, z0_dim=3, optimizer='adam', epochs=1000, batch_size=16, lr=0.0001, mu=1, max_subiter=500, eta=0.8, sigma=2, mu_safe=1000000000.0, dtype=64, dataset_type='cstr', dataset_path='data.csv', val_ratio=0.2, job='train', runs=1, run=0)
Scaler Factors: [800.           0.9936625    1.987325     1.81292375]
Scaler saved at /home/f25moham/CSTR/nonlinear/total/pieces/Reduced_T/segments/segments2/heaviside/heaviside2/scaler.pkl
Scaled dataset saved at /home/f25moham/CSTR/nonlinear/total/pieces/Reduced_T/segments/segments2/heaviside/heaviside2/scaled_data.csv
train set size: 90, val set size: 30, test set size: 30
Dtypes after casting:
[torch.float64, torch.float64, torch.float64, torch.float64, torch.float64, torch.float64, torch.float64, torch.float64, torch.float64, torch.float64, torch.float64, torch.float64, torch.float64, torch.float64, torch.float64, torch.float64, torch.float64, torch.float64, torch.float64, torch.float64, torch.float64, torch.float64, torch.float64, torch.float64, torch.float64, torch.float64, torch.float64, torch.float64, torch.float64, torch.float64]
[torch.float64, torch.float64, torch.float64, torch.float64, torch.float64, torch.float64, torch.float64, torch.float64, torch.float64, torch.float64, torch.float64, torch.float64, torch.float64, torch.float64, torch.float64, torch.float64, torch.float64, torch.float64, torch.float64, torch.float64, torch.float64, torch.float64, torch.float64, torch.float64, torch.float64, torch.float64, torch.float64, torch.float64, torch.float64, torch.float64]
[torch.float64, torch.float64, torch.float64, torch.float64, torch.float64, torch.float64, torch.float64, torch.float64, torch.float64, torch.float64, torch.float64, torch.float64, torch.float64, torch.float64, torch.float64, torch.float64, torch.float64, torch.float64, torch.float64, torch.float64, torch.float64, torch.float64, torch.float64, torch.float64, torch.float64, torch.float64, torch.float64, torch.float64, torch.float64, torch.float64]
Start Training…
epoch: 00050 loss_train: 0.08823 loss_val: 0.10867 viol_train: 0.03076 viol_val: 0.04147
epoch: 00100 loss_train: 0.04484 loss_val: 0.05372 viol_train: 0.00265 viol_val: 0.00353
epoch: 00150 loss_train: 0.03593 loss_val: 0.04124 viol_train: 0.00106 viol_val: 0.00151
epoch: 00200 loss_train: 0.03545 loss_val: 0.03756 viol_train: 0.00583 viol_val: 0.00773
epoch: 00250 loss_train: 0.03272 loss_val: 0.03567 viol_train: 0.00837 viol_val: 0.01154
epoch: 00300 loss_train: 0.03240 loss_val: 0.03321 viol_train: 0.00855 viol_val: 0.01196
epoch: 00350 loss_train: 0.02879 loss_val: 0.03117 viol_train: 0.00932 viol_val: 0.01265
epoch: 00400 loss_train: 0.02682 loss_val: 0.02854 viol_train: 0.00937 viol_val: 0.01195
epoch: 00450 loss_train: 0.02401 loss_val: 0.02588 viol_train: 0.00735 viol_val: 0.01026
epoch: 00500 loss_train: 0.02116 loss_val: 0.02240 viol_train: 0.00606 viol_val: 0.00851
epoch: 00550 loss_train: 0.01920 loss_val: 0.01974 viol_train: 0.00441 viol_val: 0.00639
epoch: 00600 loss_train: 0.01550 loss_val: 0.01643 viol_train: 0.00306 viol_val: 0.00394
epoch: 00650 loss_train: 0.01326 loss_val: 0.01404 viol_train: 0.00165 viol_val: 0.00216
epoch: 00700 loss_train: 0.01136 loss_val: 0.01203 viol_train: 0.00075 viol_val: 0.00098
epoch: 00750 loss_train: 0.00974 loss_val: 0.01032 viol_train: 0.00046 viol_val: 0.00054
epoch: 00800 loss_train: 0.00887 loss_val: 0.00896 viol_train: 0.00031 viol_val: 0.00032
epoch: 00850 loss_train: 0.00755 loss_val: 0.00803 viol_train: 0.00025 viol_val: 0.00028
epoch: 00900 loss_train: 0.00680 loss_val: 0.00741 viol_train: 0.00030 viol_val: 0.00032
epoch: 00950 loss_train: 0.00667 loss_val: 0.00669 viol_train: 0.00049 viol_val: 0.00054
epoch: 01000 loss_train: 0.00600 loss_val: 0.00641 viol_train: 0.00081 viol_val: 0.00093
Training Finished!
