Scaler Factors: [800.           0.9936625    1.987325     1.81292375]
Scaler saved at /home/f25moham/CSTR/nonlinear/total/pieces/Reduced_T/segments/segments2/heaviside/heaviside2/scaler.pkl
Scaled dataset saved at /home/f25moham/CSTR/nonlinear/total/pieces/Reduced_T/segments/segments2/heaviside/heaviside2/scaled_data.csv
Scaler Factors outside function: [800.           0.9936625    1.987325     1.81292375]
Scaler loaded successfully.
Scaler Type: <class 'sklearn.preprocessing._data.MaxAbsScaler'>
Scaler Factors (scale_): [800.           0.9936625    1.987325     1.81292375]
Namespace(model='KKThPINN', model_id='uniform_S11_r6', input_dim=1, hidden_dim=32, hidden_num=2, z0_dim=3, optimizer='adam', epochs=1000, batch_size=16, lr=0.0001, mu=1, max_subiter=500, eta=0.8, sigma=2, mu_safe=1000000000.0, dtype=64, dataset_type='cstr', dataset_path='data.csv', val_ratio=0.2, job='train', runs=1, run=0)
Scaler Factors: [800.           0.9936625    1.987325     1.81292375]
Scaler saved at /home/f25moham/CSTR/nonlinear/total/pieces/Reduced_T/segments/segments2/heaviside/heaviside2/scaler.pkl
Scaled dataset saved at /home/f25moham/CSTR/nonlinear/total/pieces/Reduced_T/segments/segments2/heaviside/heaviside2/scaled_data.csv
train set size: 90, val set size: 30, test set size: 30
Dtypes after casting:
[torch.float64, torch.float64, torch.float64, torch.float64, torch.float64, torch.float64, torch.float64, torch.float64, torch.float64, torch.float64, torch.float64]
[torch.float64, torch.float64, torch.float64, torch.float64, torch.float64, torch.float64, torch.float64, torch.float64, torch.float64, torch.float64, torch.float64]
[torch.float64, torch.float64, torch.float64, torch.float64, torch.float64, torch.float64, torch.float64, torch.float64, torch.float64, torch.float64, torch.float64]
Start Training…
epoch: 00050 loss_train: 0.06401 loss_val: 0.07616 viol_train: 0.01881 viol_val: 0.02429
epoch: 00100 loss_train: 0.03595 loss_val: 0.04197 viol_train: 0.00181 viol_val: 0.00234
epoch: 00150 loss_train: 0.03214 loss_val: 0.03514 viol_train: 0.00945 viol_val: 0.01362
epoch: 00200 loss_train: 0.02933 loss_val: 0.03238 viol_train: 0.01276 viol_val: 0.01752
epoch: 00250 loss_train: 0.02833 loss_val: 0.03000 viol_train: 0.01496 viol_val: 0.01929
epoch: 00300 loss_train: 0.02509 loss_val: 0.02785 viol_train: 0.01275 viol_val: 0.01639
epoch: 00350 loss_train: 0.02285 loss_val: 0.02493 viol_train: 0.01106 viol_val: 0.01504
epoch: 00400 loss_train: 0.01967 loss_val: 0.02155 viol_train: 0.00948 viol_val: 0.01253
epoch: 00450 loss_train: 0.01790 loss_val: 0.01880 viol_train: 0.00711 viol_val: 0.00943
epoch: 00500 loss_train: 0.01447 loss_val: 0.01581 viol_train: 0.00424 viol_val: 0.00613
epoch: 00550 loss_train: 0.01244 loss_val: 0.01312 viol_train: 0.00246 viol_val: 0.00348
epoch: 00600 loss_train: 0.01065 loss_val: 0.01087 viol_train: 0.00121 viol_val: 0.00182
epoch: 00650 loss_train: 0.00896 loss_val: 0.00951 viol_train: 0.00107 viol_val: 0.00143
epoch: 00700 loss_train: 0.00853 loss_val: 0.00893 viol_train: 0.00164 viol_val: 0.00200
epoch: 00750 loss_train: 0.00781 loss_val: 0.00829 viol_train: 0.00233 viol_val: 0.00304
epoch: 00800 loss_train: 0.00710 loss_val: 0.00774 viol_train: 0.00290 viol_val: 0.00391
epoch: 00850 loss_train: 0.00688 loss_val: 0.00752 viol_train: 0.00292 viol_val: 0.00357
epoch: 00900 loss_train: 0.00657 loss_val: 0.00699 viol_train: 0.00356 viol_val: 0.00401
epoch: 00950 loss_train: 0.00617 loss_val: 0.00680 viol_train: 0.00311 viol_val: 0.00389
epoch: 01000 loss_train: 0.00578 loss_val: 0.00630 viol_train: 0.00262 viol_val: 0.00319
Training Finished!
