Scaler Factors: [800.           0.9936625    1.987325     1.81292375]
Scaler saved at /home/f25moham/CSTR/nonlinear/total/pieces/Reduced_T/segments/segments2/heaviside/heaviside2/scaler.pkl
Scaled dataset saved at /home/f25moham/CSTR/nonlinear/total/pieces/Reduced_T/segments/segments2/heaviside/heaviside2/scaled_data.csv
Scaler Factors outside function: [800.           0.9936625    1.987325     1.81292375]
Scaler loaded successfully.
Scaler Type: <class 'sklearn.preprocessing._data.MaxAbsScaler'>
Scaler Factors (scale_): [800.           0.9936625    1.987325     1.81292375]
Namespace(model='KKThPINN', model_id='uniform_S7_r2', input_dim=1, hidden_dim=32, hidden_num=2, z0_dim=3, optimizer='adam', epochs=1000, batch_size=16, lr=0.0001, mu=1, max_subiter=500, eta=0.8, sigma=2, mu_safe=1000000000.0, dtype=64, dataset_type='cstr', dataset_path='data.csv', val_ratio=0.2, job='train', runs=1, run=0)
Scaler Factors: [800.           0.9936625    1.987325     1.81292375]
Scaler saved at /home/f25moham/CSTR/nonlinear/total/pieces/Reduced_T/segments/segments2/heaviside/heaviside2/scaler.pkl
Scaled dataset saved at /home/f25moham/CSTR/nonlinear/total/pieces/Reduced_T/segments/segments2/heaviside/heaviside2/scaled_data.csv
train set size: 90, val set size: 30, test set size: 30
Dtypes after casting:
[torch.float64, torch.float64, torch.float64, torch.float64, torch.float64, torch.float64, torch.float64]
[torch.float64, torch.float64, torch.float64, torch.float64, torch.float64, torch.float64, torch.float64]
[torch.float64, torch.float64, torch.float64, torch.float64, torch.float64, torch.float64, torch.float64]
Start Training…
epoch: 00050 loss_train: 0.07246 loss_val: 0.08199 viol_train: 0.01401 viol_val: 0.01947
epoch: 00100 loss_train: 0.04541 loss_val: 0.04932 viol_train: 0.00174 viol_val: 0.00221
epoch: 00150 loss_train: 0.03452 loss_val: 0.03852 viol_train: 0.00658 viol_val: 0.00863
epoch: 00200 loss_train: 0.03060 loss_val: 0.03459 viol_train: 0.01053 viol_val: 0.01362
epoch: 00250 loss_train: 0.02897 loss_val: 0.03119 viol_train: 0.01146 viol_val: 0.01376
epoch: 00300 loss_train: 0.02679 loss_val: 0.02791 viol_train: 0.00920 viol_val: 0.01250
epoch: 00350 loss_train: 0.02362 loss_val: 0.02550 viol_train: 0.00682 viol_val: 0.00964
epoch: 00400 loss_train: 0.02056 loss_val: 0.02216 viol_train: 0.00482 viol_val: 0.00678
epoch: 00450 loss_train: 0.01778 loss_val: 0.01872 viol_train: 0.00327 viol_val: 0.00450
epoch: 00500 loss_train: 0.01526 loss_val: 0.01625 viol_train: 0.00245 viol_val: 0.00311
epoch: 00550 loss_train: 0.01291 loss_val: 0.01316 viol_train: 0.00186 viol_val: 0.00240
epoch: 00600 loss_train: 0.01095 loss_val: 0.01144 viol_train: 0.00239 viol_val: 0.00268
epoch: 00650 loss_train: 0.00938 loss_val: 0.01002 viol_train: 0.00301 viol_val: 0.00355
epoch: 00700 loss_train: 0.00825 loss_val: 0.00837 viol_train: 0.00294 viol_val: 0.00363
epoch: 00750 loss_train: 0.00717 loss_val: 0.00727 viol_train: 0.00319 viol_val: 0.00351
epoch: 00800 loss_train: 0.00636 loss_val: 0.00649 viol_train: 0.00308 viol_val: 0.00403
epoch: 00850 loss_train: 0.00564 loss_val: 0.00601 viol_train: 0.00350 viol_val: 0.00406
epoch: 00900 loss_train: 0.00518 loss_val: 0.00550 viol_train: 0.00382 viol_val: 0.00455
epoch: 00950 loss_train: 0.00512 loss_val: 0.00513 viol_train: 0.00460 viol_val: 0.00498
epoch: 01000 loss_train: 0.00465 loss_val: 0.00490 viol_train: 0.00492 viol_val: 0.00620
Training Finished!
