Scaler Factors: [800.           0.9936625    1.987325     1.81292375]
Scaler saved at /home/f25moham/CSTR/nonlinear/total/pieces/Reduced_T/segments/segments2/heaviside/heaviside2/scaler.pkl
Scaled dataset saved at /home/f25moham/CSTR/nonlinear/total/pieces/Reduced_T/segments/segments2/heaviside/heaviside2/scaled_data.csv
Scaler Factors outside function: [800.           0.9936625    1.987325     1.81292375]
Scaler loaded successfully.
Scaler Type: <class 'sklearn.preprocessing._data.MaxAbsScaler'>
Scaler Factors (scale_): [800.           0.9936625    1.987325     1.81292375]
Namespace(model='KKThPINN', model_id='adaptive_S5_r1', input_dim=1, hidden_dim=32, hidden_num=2, z0_dim=3, optimizer='adam', epochs=1000, batch_size=16, lr=0.0001, mu=1, max_subiter=500, eta=0.8, sigma=2, mu_safe=1000000000.0, dtype=64, dataset_type='cstr', dataset_path='data.csv', val_ratio=0.2, job='train', runs=1, run=0)
Scaler Factors: [800.           0.9936625    1.987325     1.81292375]
Scaler saved at /home/f25moham/CSTR/nonlinear/total/pieces/Reduced_T/segments/segments2/heaviside/heaviside2/scaler.pkl
Scaled dataset saved at /home/f25moham/CSTR/nonlinear/total/pieces/Reduced_T/segments/segments2/heaviside/heaviside2/scaled_data.csv
train set size: 90, val set size: 30, test set size: 30
Dtypes after casting:
[torch.float64, torch.float64, torch.float64, torch.float64, torch.float64]
[torch.float64, torch.float64, torch.float64, torch.float64, torch.float64]
[torch.float64, torch.float64, torch.float64, torch.float64, torch.float64]
Start Training…
epoch: 00050 loss_train: 0.07473 loss_val: 0.08339 viol_train: 0.09964 viol_val: 0.14238
epoch: 00100 loss_train: 0.03537 loss_val: 0.03702 viol_train: 0.00536 viol_val: 0.00580
epoch: 00150 loss_train: 0.02934 loss_val: 0.03314 viol_train: 0.00522 viol_val: 0.00559
epoch: 00200 loss_train: 0.02885 loss_val: 0.03128 viol_train: 0.00743 viol_val: 0.00819
epoch: 00250 loss_train: 0.02681 loss_val: 0.02947 viol_train: 0.00699 viol_val: 0.00789
epoch: 00300 loss_train: 0.02513 loss_val: 0.02651 viol_train: 0.00637 viol_val: 0.00705
epoch: 00350 loss_train: 0.02272 loss_val: 0.02419 viol_train: 0.00565 viol_val: 0.00591
epoch: 00400 loss_train: 0.02017 loss_val: 0.02113 viol_train: 0.00480 viol_val: 0.00492
epoch: 00450 loss_train: 0.01729 loss_val: 0.01838 viol_train: 0.00399 viol_val: 0.00396
epoch: 00500 loss_train: 0.01505 loss_val: 0.01591 viol_train: 0.00314 viol_val: 0.00268
epoch: 00550 loss_train: 0.01381 loss_val: 0.01356 viol_train: 0.00270 viol_val: 0.00219
epoch: 00600 loss_train: 0.01094 loss_val: 0.01181 viol_train: 0.00256 viol_val: 0.00197
epoch: 00650 loss_train: 0.00985 loss_val: 0.01034 viol_train: 0.00277 viol_val: 0.00196
epoch: 00700 loss_train: 0.00859 loss_val: 0.00913 viol_train: 0.00280 viol_val: 0.00201
epoch: 00750 loss_train: 0.00803 loss_val: 0.00880 viol_train: 0.00277 viol_val: 0.00221
epoch: 00800 loss_train: 0.00788 loss_val: 0.00858 viol_train: 0.00290 viol_val: 0.00214
epoch: 00850 loss_train: 0.00770 loss_val: 0.00839 viol_train: 0.00291 viol_val: 0.00239
epoch: 00900 loss_train: 0.00764 loss_val: 0.00833 viol_train: 0.00289 viol_val: 0.00234
epoch: 00950 loss_train: 0.00756 loss_val: 0.00837 viol_train: 0.00285 viol_val: 0.00227
epoch: 01000 loss_train: 0.00778 loss_val: 0.00839 viol_train: 0.00278 viol_val: 0.00219
Training Finished!
