Scaler Factors: [800.           0.9936625    1.987325     1.81292375]
Scaler saved at /home/f25moham/CSTR/nonlinear/total/pieces/Reduced_T/segments/segments2/heaviside/heaviside2/scaler.pkl
Scaled dataset saved at /home/f25moham/CSTR/nonlinear/total/pieces/Reduced_T/segments/segments2/heaviside/heaviside2/scaled_data.csv
Scaler Factors outside function: [800.           0.9936625    1.987325     1.81292375]
Scaler loaded successfully.
Scaler Type: <class 'sklearn.preprocessing._data.MaxAbsScaler'>
Scaler Factors (scale_): [800.           0.9936625    1.987325     1.81292375]
Namespace(model='KKThPINN', model_id='adaptive_S7_r2', input_dim=1, hidden_dim=32, hidden_num=2, z0_dim=3, optimizer='adam', epochs=1000, batch_size=16, lr=0.0001, mu=1, max_subiter=500, eta=0.8, sigma=2, mu_safe=1000000000.0, dtype=64, dataset_type='cstr', dataset_path='data.csv', val_ratio=0.2, job='train', runs=1, run=0)
Scaler Factors: [800.           0.9936625    1.987325     1.81292375]
Scaler saved at /home/f25moham/CSTR/nonlinear/total/pieces/Reduced_T/segments/segments2/heaviside/heaviside2/scaler.pkl
Scaled dataset saved at /home/f25moham/CSTR/nonlinear/total/pieces/Reduced_T/segments/segments2/heaviside/heaviside2/scaled_data.csv
train set size: 90, val set size: 30, test set size: 30
Dtypes after casting:
[torch.float64, torch.float64, torch.float64, torch.float64, torch.float64, torch.float64, torch.float64]
[torch.float64, torch.float64, torch.float64, torch.float64, torch.float64, torch.float64, torch.float64]
[torch.float64, torch.float64, torch.float64, torch.float64, torch.float64, torch.float64, torch.float64]
Start Training…
epoch: 00050 loss_train: 0.08745 loss_val: 0.09633 viol_train: 0.21145 viol_val: 0.27195
epoch: 00100 loss_train: 0.03668 loss_val: 0.04162 viol_train: 0.00552 viol_val: 0.00671
epoch: 00150 loss_train: 0.02998 loss_val: 0.03212 viol_train: 0.00675 viol_val: 0.00854
epoch: 00200 loss_train: 0.02534 loss_val: 0.02729 viol_train: 0.01077 viol_val: 0.01418
epoch: 00250 loss_train: 0.02176 loss_val: 0.02378 viol_train: 0.01137 viol_val: 0.01258
epoch: 00300 loss_train: 0.01819 loss_val: 0.01906 viol_train: 0.00765 viol_val: 0.00967
epoch: 00350 loss_train: 0.01568 loss_val: 0.01578 viol_train: 0.00520 viol_val: 0.00698
epoch: 00400 loss_train: 0.01225 loss_val: 0.01267 viol_train: 0.00333 viol_val: 0.00398
epoch: 00450 loss_train: 0.00995 loss_val: 0.01051 viol_train: 0.00239 viol_val: 0.00252
epoch: 00500 loss_train: 0.00807 loss_val: 0.00840 viol_train: 0.00186 viol_val: 0.00184
epoch: 00550 loss_train: 0.00691 loss_val: 0.00711 viol_train: 0.00201 viol_val: 0.00185
epoch: 00600 loss_train: 0.00562 loss_val: 0.00589 viol_train: 0.00213 viol_val: 0.00216
epoch: 00650 loss_train: 0.00467 loss_val: 0.00502 viol_train: 0.00218 viol_val: 0.00222
epoch: 00700 loss_train: 0.00423 loss_val: 0.00436 viol_train: 0.00193 viol_val: 0.00210
epoch: 00750 loss_train: 0.00360 loss_val: 0.00383 viol_train: 0.00180 viol_val: 0.00187
epoch: 00800 loss_train: 0.00305 loss_val: 0.00319 viol_train: 0.00172 viol_val: 0.00176
epoch: 00850 loss_train: 0.00275 loss_val: 0.00276 viol_train: 0.00146 viol_val: 0.00144
epoch: 00900 loss_train: 0.00242 loss_val: 0.00246 viol_train: 0.00136 viol_val: 0.00121
epoch: 00950 loss_train: 0.00212 loss_val: 0.00209 viol_train: 0.00136 viol_val: 0.00114
epoch: 01000 loss_train: 0.00186 loss_val: 0.00178 viol_train: 0.00129 viol_val: 0.00113
Training Finished!
