
=== Linearization accuracy by region ===
 region_id  T_low  T_high  n_points  mean_abs_linearization_error  rmse_linearization_error  max_abs_linearization_error  mean_abs_nonlinear_residual  mean_abs_linearized_residual  mean_abs_y_PL_error_scaled  rmse_y_PL_error_scaled  max_abs_y_PL_error_scaled  mean_abs_y_PL_error_original  rmse_y_PL_error_original  max_abs_y_PL_error_original  mean_abs_f_PL  max_abs_f_PL  mean_abs_dCa  mean_abs_dCb  max_abs_dCa  max_abs_dCb  mean_abs_df_dCa  mean_abs_df_dCb  max_abs_df_dCa  max_abs_df_dCb  mean_amplification  max_amplification
         0  280.0   340.0        51                      0.066535                  0.106937                     0.272827                 8.745738e-17                      0.066535                    0.021878                0.047331                   0.195926                      0.027652                  0.054998                     0.194685       0.057282      0.197490      0.047478      0.035477     0.194685     0.145475         1.484650         0.484650        3.258501        2.258501            1.477892           3.901902
         1  340.0   400.0        45                      0.596919                  0.873550                     2.814889                 5.908854e-15                      0.596919                    0.005224                0.009814                   0.048561                      0.008602                  0.017870                     0.096507       0.983809      5.652873      0.005339      0.020465     0.025179     0.096507        48.626525        47.626525      163.334261      162.334261           57.574487         194.287617
         2  400.0   460.0        54                      2.434186                  3.272341                     7.528946                 1.639117e-11                      2.434186                    0.000491                0.000852                   0.003035                      0.000813                  0.001560                     0.006031       4.074157     26.459614      0.000488      0.001950     0.001509     0.006031      1494.757202      1493.757202     4596.088395     4595.088395         1808.015933        5552.037263

=== Overall linearization accuracy ===
Overall mean absolute linearization error: 1.078005e+00
Overall RMSE linearization error:          2.021824e+00
Overall max absolute linearization error: 7.528946e+00

=== Manual PL y accuracy ===
Overall mean absolute PL-y error, scaled:   9.182170e-03
Overall RMSE PL-y error, scaled:            2.812174e-02
Overall max absolute PL-y error, scaled:    1.959262e-01
Overall mean absolute PL-y error, original: 1.227461e-02
Overall RMSE PL-y error, original:          3.354239e-02
Overall max absolute PL-y error, original:  1.946845e-01

=== Nonlinear sensitivity diagnostic ===
Mean |f(true)|:                 5.902623e-12
Mean |f(PL)|:                   1.781315e+00
Max  |f(PL)|:                   2.645961e+01
Mean |dCa|:                     1.792003e-02
Mean |dCb|:                     1.890381e-02
Max  |dCa|:                     1.946845e-01
Max  |dCb|:                     1.454754e-01
Mean |df/dCa|:                  5.532053e+02
Mean |df/dCb|:                  5.522053e+02
Max  |df/dCa|:                  4.596088e+03
Max  |df/dCb|:                  4.595088e+03
Mean amplification |df|/|dy|:   6.686606e+02
Max  amplification |df|/|dy|:   5.552037e+03

Top 10 largest nonlinear residuals after PL projection:
 Temperature (T)       Ca       Cb    Ca_PL    Cb_PL  abs_Ca_PL_error  abs_Cb_PL_error  abs_df_dCa  abs_df_dCb  abs_f_PL  amplification
      460.000000 0.395692 0.791384 0.394535 0.786761         0.001157         0.004623 4596.088395 4595.088395 26.459614    5552.037263
      459.497788 0.396003 0.792005 0.394882 0.787528         0.001121         0.004478 4487.475301 4486.475301 25.024146    5421.486620
      459.000000 0.396311 0.792622 0.395226 0.788287         0.001085         0.004335 4382.126282 4381.126282 23.663548    5294.831794
      457.000000 0.397560 0.795120 0.396613 0.791335         0.000947         0.003785 3981.136199 3980.136199 18.778240    4812.491658
      456.550361 0.397843 0.795685 0.396925 0.792019         0.000917         0.003666 3895.712968 3894.712968 17.799193    4709.685254
      455.000000 0.398823 0.797646 0.398005 0.794377         0.000818         0.003269 3613.800561 3612.800561 14.727409    4370.268761
      453.000000 0.400100 0.800201 0.399403 0.797413         0.000698         0.002788 3277.567830 3276.567830 11.394485    3965.169925
      451.818182 0.400862 0.801724 0.400232 0.799205         0.000631         0.002520 3092.531359 3091.531359  9.720136    3742.099542
      451.000000 0.401393 0.802785 0.400807 0.800444         0.000586         0.002342 2970.057538 2969.057538  8.676457    3594.397085
      450.000000 0.402044 0.804089 0.401511 0.801957         0.000534         0.002132 2826.373764 2825.373764  7.519220    3421.059245

Saved:
linearization_accuracy_detailed.csv
linearization_accuracy_summary.csv
