Scaler Factors: [800.           0.9936625    1.987325     1.81292375]
Scaler saved at /home/f25moham/CSTR/nonlinear/total/pieces/Reduced_T/segments/segments2/heaviside/heaviside2/scaler.pkl
Scaled dataset saved at /home/f25moham/CSTR/nonlinear/total/pieces/Reduced_T/segments/segments2/heaviside/heaviside2/scaled_data.csv
Scaler Factors outside function: [800.           0.9936625    1.987325     1.81292375]
Scaler loaded successfully.
Scaler Type: <class 'sklearn.preprocessing._data.MaxAbsScaler'>
Scaler Factors (scale_): [800.           0.9936625    1.987325     1.81292375]
Namespace(model='KKThPINN', model_id='uniform_S3', input_dim=1, hidden_dim=32, hidden_num=2, z0_dim=3, optimizer='adam', epochs=1000, batch_size=16, lr=0.0001, mu=1, max_subiter=500, eta=0.8, sigma=2, mu_safe=1000000000.0, dtype=64, dataset_type='cstr', dataset_path='data.csv', val_ratio=0.2, job='train', runs=1, run=0)
Scaler Factors: [800.           0.9936625    1.987325     1.81292375]
Scaler saved at /home/f25moham/CSTR/nonlinear/total/pieces/Reduced_T/segments/segments2/heaviside/heaviside2/scaler.pkl
Scaled dataset saved at /home/f25moham/CSTR/nonlinear/total/pieces/Reduced_T/segments/segments2/heaviside/heaviside2/scaled_data.csv
train set size: 90, val set size: 30, test set size: 30
Dtypes after casting:
[torch.float64, torch.float64, torch.float64]
[torch.float64, torch.float64, torch.float64]
[torch.float64, torch.float64, torch.float64]
Start Training…
epoch: 00050 loss_train: 0.26023 loss_val: 0.28373 viol_train: 0.18491 viol_val: 0.26191
epoch: 00100 loss_train: 0.15389 loss_val: 0.17212 viol_train: 0.19121 viol_val: 0.24835
epoch: 00150 loss_train: 0.07085 loss_val: 0.08274 viol_train: 0.08051 viol_val: 0.10605
epoch: 00200 loss_train: 0.04218 loss_val: 0.04848 viol_train: 0.01545 viol_val: 0.01721
epoch: 00250 loss_train: 0.03705 loss_val: 0.04264 viol_train: 0.01302 viol_val: 0.01414
epoch: 00300 loss_train: 0.03797 loss_val: 0.04155 viol_train: 0.01474 viol_val: 0.01727
epoch: 00350 loss_train: 0.03696 loss_val: 0.04150 viol_train: 0.01593 viol_val: 0.01794
epoch: 00400 loss_train: 0.03693 loss_val: 0.04059 viol_train: 0.01705 viol_val: 0.01953
epoch: 00450 loss_train: 0.03374 loss_val: 0.03941 viol_train: 0.01780 viol_val: 0.01984
epoch: 00500 loss_train: 0.03268 loss_val: 0.03798 viol_train: 0.01844 viol_val: 0.01993
epoch: 00550 loss_train: 0.03341 loss_val: 0.03682 viol_train: 0.01657 viol_val: 0.02085
epoch: 00600 loss_train: 0.03078 loss_val: 0.03533 viol_train: 0.01677 viol_val: 0.01969
epoch: 00650 loss_train: 0.02848 loss_val: 0.03112 viol_train: 0.01698 viol_val: 0.02107
epoch: 00700 loss_train: 0.02696 loss_val: 0.02867 viol_train: 0.01621 viol_val: 0.01890
epoch: 00750 loss_train: 0.02369 loss_val: 0.02753 viol_train: 0.01828 viol_val: 0.01996
epoch: 00800 loss_train: 0.02075 loss_val: 0.02330 viol_train: 0.01738 viol_val: 0.01985
epoch: 00850 loss_train: 0.01968 loss_val: 0.02038 viol_train: 0.01620 viol_val: 0.01940
epoch: 00900 loss_train: 0.01654 loss_val: 0.01827 viol_train: 0.01533 viol_val: 0.01754
epoch: 00950 loss_train: 0.01431 loss_val: 0.01578 viol_train: 0.01508 viol_val: 0.01694
epoch: 01000 loss_train: 0.01246 loss_val: 0.01343 viol_train: 0.01446 viol_val: 0.01607
Training Finished!
