Scaler Factors: [800.           0.9936625    1.987325     1.81292375]
Scaler saved at /home/f25moham/CSTR/nonlinear/total/pieces/Reduced_T/segments/segments2/heaviside/heaviside2/scaler.pkl
Scaled dataset saved at /home/f25moham/CSTR/nonlinear/total/pieces/Reduced_T/segments/segments2/heaviside/heaviside2/scaled_data.csv
Scaler Factors outside function: [800.           0.9936625    1.987325     1.81292375]
Scaler loaded successfully.
Scaler Type: <class 'sklearn.preprocessing._data.MaxAbsScaler'>
Scaler Factors (scale_): [800.           0.9936625    1.987325     1.81292375]
Namespace(model='KKThPINN', model_id='uniform_S5_r7', input_dim=1, hidden_dim=32, hidden_num=2, z0_dim=3, optimizer='adam', epochs=1000, batch_size=16, lr=0.0001, mu=1, max_subiter=500, eta=0.8, sigma=2, mu_safe=1000000000.0, dtype=64, dataset_type='cstr', dataset_path='data.csv', val_ratio=0.2, job='train', runs=1, run=0)
Scaler Factors: [800.           0.9936625    1.987325     1.81292375]
Scaler saved at /home/f25moham/CSTR/nonlinear/total/pieces/Reduced_T/segments/segments2/heaviside/heaviside2/scaler.pkl
Scaled dataset saved at /home/f25moham/CSTR/nonlinear/total/pieces/Reduced_T/segments/segments2/heaviside/heaviside2/scaled_data.csv
train set size: 90, val set size: 30, test set size: 30
Dtypes after casting:
[torch.float64, torch.float64, torch.float64, torch.float64, torch.float64]
[torch.float64, torch.float64, torch.float64, torch.float64, torch.float64]
[torch.float64, torch.float64, torch.float64, torch.float64, torch.float64]
Start Training…
epoch: 00050 loss_train: 0.05085 loss_val: 0.05436 viol_train: 0.02228 viol_val: 0.03001
epoch: 00100 loss_train: 0.03772 loss_val: 0.04048 viol_train: 0.00576 viol_val: 0.00796
epoch: 00150 loss_train: 0.03366 loss_val: 0.03747 viol_train: 0.01233 viol_val: 0.01688
epoch: 00200 loss_train: 0.03069 loss_val: 0.03346 viol_train: 0.01299 viol_val: 0.01873
epoch: 00250 loss_train: 0.02791 loss_val: 0.02933 viol_train: 0.01191 viol_val: 0.01700
epoch: 00300 loss_train: 0.02377 loss_val: 0.02624 viol_train: 0.01145 viol_val: 0.01548
epoch: 00350 loss_train: 0.02103 loss_val: 0.02159 viol_train: 0.01132 viol_val: 0.01350
epoch: 00400 loss_train: 0.01688 loss_val: 0.01833 viol_train: 0.00908 viol_val: 0.01154
epoch: 00450 loss_train: 0.01386 loss_val: 0.01458 viol_train: 0.00668 viol_val: 0.00903
epoch: 00500 loss_train: 0.01123 loss_val: 0.01164 viol_train: 0.00518 viol_val: 0.00712
epoch: 00550 loss_train: 0.00948 loss_val: 0.00987 viol_train: 0.00380 viol_val: 0.00512
epoch: 00600 loss_train: 0.00821 loss_val: 0.00907 viol_train: 0.00365 viol_val: 0.00451
epoch: 00650 loss_train: 0.00710 loss_val: 0.00781 viol_train: 0.00409 viol_val: 0.00439
epoch: 00700 loss_train: 0.00637 loss_val: 0.00681 viol_train: 0.00340 viol_val: 0.00440
epoch: 00750 loss_train: 0.00564 loss_val: 0.00612 viol_train: 0.00391 viol_val: 0.00450
epoch: 00800 loss_train: 0.00524 loss_val: 0.00566 viol_train: 0.00376 viol_val: 0.00483
epoch: 00850 loss_train: 0.00495 loss_val: 0.00531 viol_train: 0.00415 viol_val: 0.00532
epoch: 00900 loss_train: 0.00456 loss_val: 0.00491 viol_train: 0.00424 viol_val: 0.00571
epoch: 00950 loss_train: 0.00427 loss_val: 0.00473 viol_train: 0.00436 viol_val: 0.00580
epoch: 01000 loss_train: 0.00411 loss_val: 0.00437 viol_train: 0.00562 viol_val: 0.00580
Training Finished!
