Scaler Factors: [800.           0.9936625    1.987325     1.81292375]
Scaler saved at /home/f25moham/CSTR/nonlinear/total/pieces/Reduced_T/segments/segments2/heaviside/heaviside2/scaler.pkl
Scaled dataset saved at /home/f25moham/CSTR/nonlinear/total/pieces/Reduced_T/segments/segments2/heaviside/heaviside2/scaled_data.csv
Scaler Factors outside function: [800.           0.9936625    1.987325     1.81292375]
Scaler loaded successfully.
Scaler Type: <class 'sklearn.preprocessing._data.MaxAbsScaler'>
Scaler Factors (scale_): [800.           0.9936625    1.987325     1.81292375]
Namespace(model='KKThPINN', model_id='uniform_S30_r6', input_dim=1, hidden_dim=32, hidden_num=2, z0_dim=3, optimizer='adam', epochs=1000, batch_size=16, lr=0.0001, mu=1, max_subiter=500, eta=0.8, sigma=2, mu_safe=1000000000.0, dtype=64, dataset_type='cstr', dataset_path='data.csv', val_ratio=0.2, job='train', runs=1, run=0)
Scaler Factors: [800.           0.9936625    1.987325     1.81292375]
Scaler saved at /home/f25moham/CSTR/nonlinear/total/pieces/Reduced_T/segments/segments2/heaviside/heaviside2/scaler.pkl
Scaled dataset saved at /home/f25moham/CSTR/nonlinear/total/pieces/Reduced_T/segments/segments2/heaviside/heaviside2/scaled_data.csv
train set size: 90, val set size: 30, test set size: 30
Dtypes after casting:
[torch.float64, torch.float64, torch.float64, torch.float64, torch.float64, torch.float64, torch.float64, torch.float64, torch.float64, torch.float64, torch.float64, torch.float64, torch.float64, torch.float64, torch.float64, torch.float64, torch.float64, torch.float64, torch.float64, torch.float64, torch.float64, torch.float64, torch.float64, torch.float64, torch.float64, torch.float64, torch.float64, torch.float64, torch.float64, torch.float64]
[torch.float64, torch.float64, torch.float64, torch.float64, torch.float64, torch.float64, torch.float64, torch.float64, torch.float64, torch.float64, torch.float64, torch.float64, torch.float64, torch.float64, torch.float64, torch.float64, torch.float64, torch.float64, torch.float64, torch.float64, torch.float64, torch.float64, torch.float64, torch.float64, torch.float64, torch.float64, torch.float64, torch.float64, torch.float64, torch.float64]
[torch.float64, torch.float64, torch.float64, torch.float64, torch.float64, torch.float64, torch.float64, torch.float64, torch.float64, torch.float64, torch.float64, torch.float64, torch.float64, torch.float64, torch.float64, torch.float64, torch.float64, torch.float64, torch.float64, torch.float64, torch.float64, torch.float64, torch.float64, torch.float64, torch.float64, torch.float64, torch.float64, torch.float64, torch.float64, torch.float64]
Start Training…
epoch: 00050 loss_train: 0.09377 loss_val: 0.11338 viol_train: 0.09938 viol_val: 0.13857
epoch: 00100 loss_train: 0.04485 loss_val: 0.05346 viol_train: 0.00919 viol_val: 0.01233
epoch: 00150 loss_train: 0.03804 loss_val: 0.04172 viol_train: 0.00190 viol_val: 0.00244
epoch: 00200 loss_train: 0.03583 loss_val: 0.03975 viol_train: 0.00860 viol_val: 0.01128
epoch: 00250 loss_train: 0.03421 loss_val: 0.03804 viol_train: 0.01102 viol_val: 0.01512
epoch: 00300 loss_train: 0.03424 loss_val: 0.03678 viol_train: 0.01242 viol_val: 0.01764
epoch: 00350 loss_train: 0.03505 loss_val: 0.03627 viol_train: 0.01183 viol_val: 0.01669
epoch: 00400 loss_train: 0.03138 loss_val: 0.03479 viol_train: 0.01222 viol_val: 0.01691
epoch: 00450 loss_train: 0.03247 loss_val: 0.03386 viol_train: 0.01269 viol_val: 0.01603
epoch: 00500 loss_train: 0.03051 loss_val: 0.03310 viol_train: 0.01202 viol_val: 0.01709
epoch: 00550 loss_train: 0.02950 loss_val: 0.03151 viol_train: 0.01168 viol_val: 0.01589
epoch: 00600 loss_train: 0.02847 loss_val: 0.03020 viol_train: 0.01018 viol_val: 0.01380
epoch: 00650 loss_train: 0.02599 loss_val: 0.02832 viol_train: 0.01012 viol_val: 0.01314
epoch: 00700 loss_train: 0.02294 loss_val: 0.02508 viol_train: 0.00989 viol_val: 0.01210
epoch: 00750 loss_train: 0.02189 loss_val: 0.02231 viol_train: 0.00711 viol_val: 0.01010
epoch: 00800 loss_train: 0.01988 loss_val: 0.02008 viol_train: 0.00512 viol_val: 0.00732
epoch: 00850 loss_train: 0.01717 loss_val: 0.01850 viol_train: 0.00338 viol_val: 0.00449
epoch: 00900 loss_train: 0.01506 loss_val: 0.01578 viol_train: 0.00213 viol_val: 0.00292
epoch: 00950 loss_train: 0.01281 loss_val: 0.01339 viol_train: 0.00102 viol_val: 0.00157
epoch: 01000 loss_train: 0.01161 loss_val: 0.01172 viol_train: 0.00054 viol_val: 0.00071
Training Finished!
