Scaler Factors: [800.           0.9936625    1.987325     1.81292375]
Scaler saved at /home/f25moham/CSTR/nonlinear/total/pieces/Reduced_T/segments/segments2/heaviside/heaviside2/scaler.pkl
Scaled dataset saved at /home/f25moham/CSTR/nonlinear/total/pieces/Reduced_T/segments/segments2/heaviside/heaviside2/scaled_data.csv
Scaler Factors outside function: [800.           0.9936625    1.987325     1.81292375]
Scaler loaded successfully.
Scaler Type: <class 'sklearn.preprocessing._data.MaxAbsScaler'>
Scaler Factors (scale_): [800.           0.9936625    1.987325     1.81292375]
Namespace(model='KKThPINN', model_id='uniform_S2_r6', input_dim=1, hidden_dim=32, hidden_num=2, z0_dim=3, optimizer='adam', epochs=1000, batch_size=16, lr=0.0001, mu=1, max_subiter=500, eta=0.8, sigma=2, mu_safe=1000000000.0, dtype=64, dataset_type='cstr', dataset_path='data.csv', val_ratio=0.2, job='train', runs=1, run=0)
Scaler Factors: [800.           0.9936625    1.987325     1.81292375]
Scaler saved at /home/f25moham/CSTR/nonlinear/total/pieces/Reduced_T/segments/segments2/heaviside/heaviside2/scaler.pkl
Scaled dataset saved at /home/f25moham/CSTR/nonlinear/total/pieces/Reduced_T/segments/segments2/heaviside/heaviside2/scaled_data.csv
train set size: 90, val set size: 30, test set size: 30
Dtypes after casting:
[torch.float64, torch.float64]
[torch.float64, torch.float64]
[torch.float64, torch.float64]
Start Training…
epoch: 00050 loss_train: 0.05776 loss_val: 0.06693 viol_train: 0.18225 viol_val: 0.24033
epoch: 00100 loss_train: 0.03948 loss_val: 0.04462 viol_train: 0.07898 viol_val: 0.10166
epoch: 00150 loss_train: 0.03551 loss_val: 0.03906 viol_train: 0.05323 viol_val: 0.06231
epoch: 00200 loss_train: 0.03236 loss_val: 0.03196 viol_train: 0.03816 viol_val: 0.04880
epoch: 00250 loss_train: 0.02711 loss_val: 0.02853 viol_train: 0.03444 viol_val: 0.03877
epoch: 00300 loss_train: 0.02350 loss_val: 0.02386 viol_train: 0.03312 viol_val: 0.03737
epoch: 00350 loss_train: 0.01999 loss_val: 0.02070 viol_train: 0.03299 viol_val: 0.03808
epoch: 00400 loss_train: 0.01698 loss_val: 0.01686 viol_train: 0.03484 viol_val: 0.04000
epoch: 00450 loss_train: 0.01414 loss_val: 0.01397 viol_train: 0.03581 viol_val: 0.04432
epoch: 00500 loss_train: 0.01275 loss_val: 0.01175 viol_train: 0.03743 viol_val: 0.04382
epoch: 00550 loss_train: 0.01037 loss_val: 0.01053 viol_train: 0.03708 viol_val: 0.04408
epoch: 00600 loss_train: 0.00905 loss_val: 0.00906 viol_train: 0.03854 viol_val: 0.04134
epoch: 00650 loss_train: 0.00806 loss_val: 0.00787 viol_train: 0.03714 viol_val: 0.04184
epoch: 00700 loss_train: 0.00706 loss_val: 0.00688 viol_train: 0.03635 viol_val: 0.04133
epoch: 00750 loss_train: 0.00658 loss_val: 0.00609 viol_train: 0.03537 viol_val: 0.04346
epoch: 00800 loss_train: 0.00574 loss_val: 0.00548 viol_train: 0.03617 viol_val: 0.04052
epoch: 00850 loss_train: 0.00527 loss_val: 0.00476 viol_train: 0.03720 viol_val: 0.04135
epoch: 00900 loss_train: 0.00488 loss_val: 0.00445 viol_train: 0.03923 viol_val: 0.04327
epoch: 00950 loss_train: 0.00482 loss_val: 0.00402 viol_train: 0.03513 viol_val: 0.04410
epoch: 01000 loss_train: 0.00432 loss_val: 0.00377 viol_train: 0.03564 viol_val: 0.03996
Training Finished!
