Scaler Factors: [800.           0.9936625    1.987325     1.81292375]
Scaler saved at /home/f25moham/CSTR/nonlinear/total/pieces/Reduced_T/segments/segments2/heaviside/heaviside2/scaler.pkl
Scaled dataset saved at /home/f25moham/CSTR/nonlinear/total/pieces/Reduced_T/segments/segments2/heaviside/heaviside2/scaled_data.csv
Scaler Factors outside function: [800.           0.9936625    1.987325     1.81292375]
Scaler loaded successfully.
Scaler Type: <class 'sklearn.preprocessing._data.MaxAbsScaler'>
Scaler Factors (scale_): [800.           0.9936625    1.987325     1.81292375]
Namespace(model='KKThPINN', model_id='uniform_S9_r1', input_dim=1, hidden_dim=32, hidden_num=2, z0_dim=3, optimizer='adam', epochs=1000, batch_size=16, lr=0.0001, mu=1, max_subiter=500, eta=0.8, sigma=2, mu_safe=1000000000.0, dtype=64, dataset_type='cstr', dataset_path='data.csv', val_ratio=0.2, job='train', runs=1, run=0)
Scaler Factors: [800.           0.9936625    1.987325     1.81292375]
Scaler saved at /home/f25moham/CSTR/nonlinear/total/pieces/Reduced_T/segments/segments2/heaviside/heaviside2/scaler.pkl
Scaled dataset saved at /home/f25moham/CSTR/nonlinear/total/pieces/Reduced_T/segments/segments2/heaviside/heaviside2/scaled_data.csv
train set size: 90, val set size: 30, test set size: 30
Dtypes after casting:
[torch.float64, torch.float64, torch.float64, torch.float64, torch.float64, torch.float64, torch.float64, torch.float64, torch.float64]
[torch.float64, torch.float64, torch.float64, torch.float64, torch.float64, torch.float64, torch.float64, torch.float64, torch.float64]
[torch.float64, torch.float64, torch.float64, torch.float64, torch.float64, torch.float64, torch.float64, torch.float64, torch.float64]
Start Training…
epoch: 00050 loss_train: 0.06910 loss_val: 0.08189 viol_train: 0.03798 viol_val: 0.05090
epoch: 00100 loss_train: 0.03915 loss_val: 0.04701 viol_train: 0.00193 viol_val: 0.00212
epoch: 00150 loss_train: 0.02921 loss_val: 0.03223 viol_train: 0.01314 viol_val: 0.01665
epoch: 00200 loss_train: 0.02482 loss_val: 0.02760 viol_train: 0.02335 viol_val: 0.03068
epoch: 00250 loss_train: 0.02196 loss_val: 0.02321 viol_train: 0.02413 viol_val: 0.03292
epoch: 00300 loss_train: 0.01859 loss_val: 0.01996 viol_train: 0.02010 viol_val: 0.02555
epoch: 00350 loss_train: 0.01504 loss_val: 0.01575 viol_train: 0.01551 viol_val: 0.02163
epoch: 00400 loss_train: 0.01236 loss_val: 0.01273 viol_train: 0.01058 viol_val: 0.01421
epoch: 00450 loss_train: 0.01004 loss_val: 0.01052 viol_train: 0.00685 viol_val: 0.00895
epoch: 00500 loss_train: 0.00847 loss_val: 0.00903 viol_train: 0.00404 viol_val: 0.00507
epoch: 00550 loss_train: 0.00749 loss_val: 0.00804 viol_train: 0.00236 viol_val: 0.00335
epoch: 00600 loss_train: 0.00679 loss_val: 0.00733 viol_train: 0.00137 viol_val: 0.00188
epoch: 00650 loss_train: 0.00636 loss_val: 0.00699 viol_train: 0.00109 viol_val: 0.00142
epoch: 00700 loss_train: 0.00606 loss_val: 0.00686 viol_train: 0.00141 viol_val: 0.00173
epoch: 00750 loss_train: 0.00609 loss_val: 0.00651 viol_train: 0.00193 viol_val: 0.00225
epoch: 00800 loss_train: 0.00601 loss_val: 0.00660 viol_train: 0.00256 viol_val: 0.00302
epoch: 00850 loss_train: 0.00578 loss_val: 0.00642 viol_train: 0.00279 viol_val: 0.00346
epoch: 00900 loss_train: 0.00563 loss_val: 0.00606 viol_train: 0.00310 viol_val: 0.00347
epoch: 00950 loss_train: 0.00540 loss_val: 0.00598 viol_train: 0.00307 viol_val: 0.00351
epoch: 01000 loss_train: 0.00524 loss_val: 0.00586 viol_train: 0.00322 viol_val: 0.00385
Training Finished!
