Scaler Factors: [800.           0.9936625    1.987325     1.81292375]
Scaler saved at /home/f25moham/CSTR/nonlinear/total/pieces/Reduced_T/segments/segments2/heaviside/heaviside2/scaler.pkl
Scaled dataset saved at /home/f25moham/CSTR/nonlinear/total/pieces/Reduced_T/segments/segments2/heaviside/heaviside2/scaled_data.csv
Scaler Factors outside function: [800.           0.9936625    1.987325     1.81292375]
Scaler loaded successfully.
Scaler Type: <class 'sklearn.preprocessing._data.MaxAbsScaler'>
Scaler Factors (scale_): [800.           0.9936625    1.987325     1.81292375]
Namespace(model='KKThPINN', model_id='adaptive_S5_r0', input_dim=1, hidden_dim=32, hidden_num=2, z0_dim=3, optimizer='adam', epochs=1000, batch_size=16, lr=0.0001, mu=1, max_subiter=500, eta=0.8, sigma=2, mu_safe=1000000000.0, dtype=64, dataset_type='cstr', dataset_path='data.csv', val_ratio=0.2, job='train', runs=1, run=0)
Scaler Factors: [800.           0.9936625    1.987325     1.81292375]
Scaler saved at /home/f25moham/CSTR/nonlinear/total/pieces/Reduced_T/segments/segments2/heaviside/heaviside2/scaler.pkl
Scaled dataset saved at /home/f25moham/CSTR/nonlinear/total/pieces/Reduced_T/segments/segments2/heaviside/heaviside2/scaled_data.csv
train set size: 90, val set size: 30, test set size: 30
Dtypes after casting:
[torch.float64, torch.float64, torch.float64, torch.float64, torch.float64]
[torch.float64, torch.float64, torch.float64, torch.float64, torch.float64]
[torch.float64, torch.float64, torch.float64, torch.float64, torch.float64]
Start Training…
epoch: 00050 loss_train: 0.07772 loss_val: 0.08438 viol_train: 0.09557 viol_val: 0.11822
epoch: 00100 loss_train: 0.04701 loss_val: 0.05158 viol_train: 0.01598 viol_val: 0.01995
epoch: 00150 loss_train: 0.03798 loss_val: 0.04373 viol_train: 0.00265 viol_val: 0.00212
epoch: 00200 loss_train: 0.03622 loss_val: 0.04151 viol_train: 0.00664 viol_val: 0.00711
epoch: 00250 loss_train: 0.03719 loss_val: 0.03971 viol_train: 0.00953 viol_val: 0.01080
epoch: 00300 loss_train: 0.03606 loss_val: 0.03939 viol_train: 0.01003 viol_val: 0.01199
epoch: 00350 loss_train: 0.03503 loss_val: 0.03805 viol_train: 0.00950 viol_val: 0.01189
epoch: 00400 loss_train: 0.03399 loss_val: 0.03779 viol_train: 0.00938 viol_val: 0.01120
epoch: 00450 loss_train: 0.03323 loss_val: 0.03586 viol_train: 0.00918 viol_val: 0.01099
epoch: 00500 loss_train: 0.03155 loss_val: 0.03568 viol_train: 0.00896 viol_val: 0.01069
epoch: 00550 loss_train: 0.03141 loss_val: 0.03396 viol_train: 0.00876 viol_val: 0.01087
epoch: 00600 loss_train: 0.02901 loss_val: 0.03118 viol_train: 0.00866 viol_val: 0.01061
epoch: 00650 loss_train: 0.02676 loss_val: 0.03063 viol_train: 0.00783 viol_val: 0.00902
epoch: 00700 loss_train: 0.02710 loss_val: 0.02889 viol_train: 0.00770 viol_val: 0.00826
epoch: 00750 loss_train: 0.02407 loss_val: 0.02693 viol_train: 0.00679 viol_val: 0.00778
epoch: 00800 loss_train: 0.02223 loss_val: 0.02508 viol_train: 0.00628 viol_val: 0.00701
epoch: 00850 loss_train: 0.02086 loss_val: 0.02233 viol_train: 0.00583 viol_val: 0.00605
epoch: 00900 loss_train: 0.01867 loss_val: 0.02100 viol_train: 0.00516 viol_val: 0.00543
epoch: 00950 loss_train: 0.01835 loss_val: 0.01851 viol_train: 0.00424 viol_val: 0.00430
epoch: 01000 loss_train: 0.01559 loss_val: 0.01710 viol_train: 0.00387 viol_val: 0.00355
Training Finished!
