Scaler Factors: [800.           0.9936625    1.987325     1.81292375]
Scaler saved at /home/f25moham/CSTR/nonlinear/total/pieces/Reduced_T/segments/segments2/heaviside/heaviside2/scaler.pkl
Scaled dataset saved at /home/f25moham/CSTR/nonlinear/total/pieces/Reduced_T/segments/segments2/heaviside/heaviside2/scaled_data.csv
Scaler Factors outside function: [800.           0.9936625    1.987325     1.81292375]
Scaler loaded successfully.
Scaler Type: <class 'sklearn.preprocessing._data.MaxAbsScaler'>
Scaler Factors (scale_): [800.           0.9936625    1.987325     1.81292375]
Namespace(model='KKThPINN', model_id='adaptive_S90_r5', input_dim=1, hidden_dim=32, hidden_num=2, z0_dim=3, optimizer='adam', epochs=1000, batch_size=16, lr=0.0001, mu=1, max_subiter=500, eta=0.8, sigma=2, mu_safe=1000000000.0, dtype=64, dataset_type='cstr', dataset_path='data.csv', val_ratio=0.2, job='train', runs=1, run=0)
Scaler Factors: [800.           0.9936625    1.987325     1.81292375]
Scaler saved at /home/f25moham/CSTR/nonlinear/total/pieces/Reduced_T/segments/segments2/heaviside/heaviside2/scaler.pkl
Scaled dataset saved at /home/f25moham/CSTR/nonlinear/total/pieces/Reduced_T/segments/segments2/heaviside/heaviside2/scaled_data.csv
train set size: 90, val set size: 30, test set size: 30
Dtypes after casting:
[torch.float64, torch.float64, torch.float64, torch.float64, torch.float64, torch.float64, torch.float64, torch.float64, torch.float64, torch.float64, torch.float64, torch.float64, torch.float64, torch.float64, torch.float64, torch.float64, torch.float64, torch.float64, torch.float64, torch.float64, torch.float64, torch.float64, torch.float64, torch.float64, torch.float64, torch.float64, torch.float64, torch.float64, torch.float64, torch.float64, torch.float64, torch.float64, torch.float64, torch.float64, torch.float64, torch.float64, torch.float64, torch.float64, torch.float64, torch.float64, torch.float64, torch.float64, torch.float64, torch.float64, torch.float64, torch.float64, torch.float64, torch.float64, torch.float64, torch.float64, torch.float64, torch.float64, torch.float64, torch.float64, torch.float64, torch.float64, torch.float64, torch.float64, torch.float64, torch.float64, torch.float64, torch.float64, torch.float64, torch.float64, torch.float64, torch.float64, torch.float64, torch.float64, torch.float64, torch.float64, torch.float64, torch.float64, torch.float64, torch.float64, torch.float64, torch.float64, torch.float64, torch.float64, torch.float64, torch.float64, torch.float64, torch.float64, torch.float64, torch.float64, torch.float64, torch.float64, torch.float64, torch.float64, torch.float64, torch.float64]
[torch.float64, torch.float64, torch.float64, torch.float64, torch.float64, torch.float64, torch.float64, torch.float64, torch.float64, torch.float64, torch.float64, torch.float64, torch.float64, torch.float64, torch.float64, torch.float64, torch.float64, torch.float64, torch.float64, torch.float64, torch.float64, torch.float64, torch.float64, torch.float64, torch.float64, torch.float64, torch.float64, torch.float64, torch.float64, torch.float64, torch.float64, torch.float64, torch.float64, torch.float64, torch.float64, torch.float64, torch.float64, torch.float64, torch.float64, torch.float64, torch.float64, torch.float64, torch.float64, torch.float64, torch.float64, torch.float64, torch.float64, torch.float64, torch.float64, torch.float64, torch.float64, torch.float64, torch.float64, torch.float64, torch.float64, torch.float64, torch.float64, torch.float64, torch.float64, torch.float64, torch.float64, torch.float64, torch.float64, torch.float64, torch.float64, torch.float64, torch.float64, torch.float64, torch.float64, torch.float64, torch.float64, torch.float64, torch.float64, torch.float64, torch.float64, torch.float64, torch.float64, torch.float64, torch.float64, torch.float64, torch.float64, torch.float64, torch.float64, torch.float64, torch.float64, torch.float64, torch.float64, torch.float64, torch.float64, torch.float64]
[torch.float64, torch.float64, torch.float64, torch.float64, torch.float64, torch.float64, torch.float64, torch.float64, torch.float64, torch.float64, torch.float64, torch.float64, torch.float64, torch.float64, torch.float64, torch.float64, torch.float64, torch.float64, torch.float64, torch.float64, torch.float64, torch.float64, torch.float64, torch.float64, torch.float64, torch.float64, torch.float64, torch.float64, torch.float64, torch.float64, torch.float64, torch.float64, torch.float64, torch.float64, torch.float64, torch.float64, torch.float64, torch.float64, torch.float64, torch.float64, torch.float64, torch.float64, torch.float64, torch.float64, torch.float64, torch.float64, torch.float64, torch.float64, torch.float64, torch.float64, torch.float64, torch.float64, torch.float64, torch.float64, torch.float64, torch.float64, torch.float64, torch.float64, torch.float64, torch.float64, torch.float64, torch.float64, torch.float64, torch.float64, torch.float64, torch.float64, torch.float64, torch.float64, torch.float64, torch.float64, torch.float64, torch.float64, torch.float64, torch.float64, torch.float64, torch.float64, torch.float64, torch.float64, torch.float64, torch.float64, torch.float64, torch.float64, torch.float64, torch.float64, torch.float64, torch.float64, torch.float64, torch.float64, torch.float64, torch.float64]
Start Training…
epoch: 00050 loss_train: 0.16575 loss_val: 0.18849 viol_train: 0.02095 viol_val: 0.02806
epoch: 00100 loss_train: 0.07023 loss_val: 0.08440 viol_train: 0.00373 viol_val: 0.00488
epoch: 00150 loss_train: 0.04489 loss_val: 0.05243 viol_train: 0.00027 viol_val: 0.00028
epoch: 00200 loss_train: 0.03927 loss_val: 0.04349 viol_train: 0.00378 viol_val: 0.00495
epoch: 00250 loss_train: 0.03506 loss_val: 0.03902 viol_train: 0.00903 viol_val: 0.01237
epoch: 00300 loss_train: 0.03254 loss_val: 0.03705 viol_train: 0.01391 viol_val: 0.01608
epoch: 00350 loss_train: 0.03115 loss_val: 0.03600 viol_train: 0.01248 viol_val: 0.01817
epoch: 00400 loss_train: 0.03210 loss_val: 0.03307 viol_train: 0.01249 viol_val: 0.01687
epoch: 00450 loss_train: 0.02835 loss_val: 0.03181 viol_train: 0.01380 viol_val: 0.01689
epoch: 00500 loss_train: 0.02696 loss_val: 0.02902 viol_train: 0.01072 viol_val: 0.01452
epoch: 00550 loss_train: 0.02473 loss_val: 0.02654 viol_train: 0.00962 viol_val: 0.01263
epoch: 00600 loss_train: 0.02221 loss_val: 0.02412 viol_train: 0.00765 viol_val: 0.00998
epoch: 00650 loss_train: 0.01979 loss_val: 0.02133 viol_train: 0.00557 viol_val: 0.00736
epoch: 00700 loss_train: 0.01731 loss_val: 0.01811 viol_train: 0.00366 viol_val: 0.00498
epoch: 00750 loss_train: 0.01501 loss_val: 0.01574 viol_train: 0.00196 viol_val: 0.00264
epoch: 00800 loss_train: 0.01311 loss_val: 0.01351 viol_train: 0.00079 viol_val: 0.00108
epoch: 00850 loss_train: 0.01149 loss_val: 0.01200 viol_train: 0.00033 viol_val: 0.00041
epoch: 00900 loss_train: 0.00978 loss_val: 0.01015 viol_train: 0.00033 viol_val: 0.00035
epoch: 00950 loss_train: 0.00863 loss_val: 0.00921 viol_train: 0.00045 viol_val: 0.00047
epoch: 01000 loss_train: 0.00792 loss_val: 0.00826 viol_train: 0.00065 viol_val: 0.00068
Training Finished!
