Scaler Factors: [800.           0.9936625    1.987325     1.81292375]
Scaler saved at /home/f25moham/CSTR/nonlinear/total/pieces/Reduced_T/segments/segments2/heaviside/heaviside2/scaler.pkl
Scaled dataset saved at /home/f25moham/CSTR/nonlinear/total/pieces/Reduced_T/segments/segments2/heaviside/heaviside2/scaled_data.csv
Scaler Factors outside function: [800.           0.9936625    1.987325     1.81292375]
Scaler loaded successfully.
Scaler Type: <class 'sklearn.preprocessing._data.MaxAbsScaler'>
Scaler Factors (scale_): [800.           0.9936625    1.987325     1.81292375]
Namespace(model='KKThPINN', model_id='uniform_S7_r8', input_dim=1, hidden_dim=32, hidden_num=2, z0_dim=3, optimizer='adam', epochs=1000, batch_size=16, lr=0.0001, mu=1, max_subiter=500, eta=0.8, sigma=2, mu_safe=1000000000.0, dtype=64, dataset_type='cstr', dataset_path='data.csv', val_ratio=0.2, job='train', runs=1, run=0)
Scaler Factors: [800.           0.9936625    1.987325     1.81292375]
Scaler saved at /home/f25moham/CSTR/nonlinear/total/pieces/Reduced_T/segments/segments2/heaviside/heaviside2/scaler.pkl
Scaled dataset saved at /home/f25moham/CSTR/nonlinear/total/pieces/Reduced_T/segments/segments2/heaviside/heaviside2/scaled_data.csv
train set size: 90, val set size: 30, test set size: 30
Dtypes after casting:
[torch.float64, torch.float64, torch.float64, torch.float64, torch.float64, torch.float64, torch.float64]
[torch.float64, torch.float64, torch.float64, torch.float64, torch.float64, torch.float64, torch.float64]
[torch.float64, torch.float64, torch.float64, torch.float64, torch.float64, torch.float64, torch.float64]
Start Training…
epoch: 00050 loss_train: 0.06969 loss_val: 0.08366 viol_train: 0.04876 viol_val: 0.06195
epoch: 00100 loss_train: 0.04099 loss_val: 0.04731 viol_train: 0.00177 viol_val: 0.00215
epoch: 00150 loss_train: 0.03501 loss_val: 0.03848 viol_train: 0.00625 viol_val: 0.00835
epoch: 00200 loss_train: 0.03145 loss_val: 0.03426 viol_train: 0.00986 viol_val: 0.01310
epoch: 00250 loss_train: 0.02984 loss_val: 0.03214 viol_train: 0.01079 viol_val: 0.01374
epoch: 00300 loss_train: 0.02805 loss_val: 0.03099 viol_train: 0.01046 viol_val: 0.01274
epoch: 00350 loss_train: 0.02619 loss_val: 0.02779 viol_train: 0.00817 viol_val: 0.01067
epoch: 00400 loss_train: 0.02487 loss_val: 0.02569 viol_train: 0.00689 viol_val: 0.00905
epoch: 00450 loss_train: 0.02228 loss_val: 0.02360 viol_train: 0.00581 viol_val: 0.00790
epoch: 00500 loss_train: 0.01899 loss_val: 0.02051 viol_train: 0.00468 viol_val: 0.00587
epoch: 00550 loss_train: 0.01705 loss_val: 0.01781 viol_train: 0.00322 viol_val: 0.00422
epoch: 00600 loss_train: 0.01476 loss_val: 0.01504 viol_train: 0.00231 viol_val: 0.00300
epoch: 00650 loss_train: 0.01298 loss_val: 0.01316 viol_train: 0.00191 viol_val: 0.00240
epoch: 00700 loss_train: 0.01127 loss_val: 0.01106 viol_train: 0.00221 viol_val: 0.00281
epoch: 00750 loss_train: 0.00974 loss_val: 0.00986 viol_train: 0.00297 viol_val: 0.00351
epoch: 00800 loss_train: 0.00867 loss_val: 0.00919 viol_train: 0.00390 viol_val: 0.00472
epoch: 00850 loss_train: 0.00823 loss_val: 0.00855 viol_train: 0.00502 viol_val: 0.00561
epoch: 00900 loss_train: 0.00808 loss_val: 0.00825 viol_train: 0.00511 viol_val: 0.00669
epoch: 00950 loss_train: 0.00760 loss_val: 0.00807 viol_train: 0.00548 viol_val: 0.00688
epoch: 01000 loss_train: 0.00762 loss_val: 0.00815 viol_train: 0.00636 viol_val: 0.00793
Training Finished!
