Scaler Factors: [800.           0.9936625    1.987325     1.81292375]
Scaler saved at /home/f25moham/CSTR/nonlinear/total/pieces/Reduced_T/segments/segments2/heaviside/heaviside2/scaler.pkl
Scaled dataset saved at /home/f25moham/CSTR/nonlinear/total/pieces/Reduced_T/segments/segments2/heaviside/heaviside2/scaled_data.csv
Scaler Factors outside function: [800.           0.9936625    1.987325     1.81292375]
Scaler loaded successfully.
Scaler Type: <class 'sklearn.preprocessing._data.MaxAbsScaler'>
Scaler Factors (scale_): [800.           0.9936625    1.987325     1.81292375]
Namespace(model='KKThPINN', model_id='adaptive_S1_r2', input_dim=1, hidden_dim=32, hidden_num=2, z0_dim=3, optimizer='adam', epochs=1000, batch_size=16, lr=0.0001, mu=1, max_subiter=500, eta=0.8, sigma=2, mu_safe=1000000000.0, dtype=64, dataset_type='cstr', dataset_path='data.csv', val_ratio=0.2, job='train', runs=1, run=0)
Scaler Factors: [800.           0.9936625    1.987325     1.81292375]
Scaler saved at /home/f25moham/CSTR/nonlinear/total/pieces/Reduced_T/segments/segments2/heaviside/heaviside2/scaler.pkl
Scaled dataset saved at /home/f25moham/CSTR/nonlinear/total/pieces/Reduced_T/segments/segments2/heaviside/heaviside2/scaled_data.csv
train set size: 90, val set size: 30, test set size: 30
Dtypes after casting:
[torch.float64]
[torch.float64]
[torch.float64]
Start Training…
epoch: 00050 loss_train: 0.06498 loss_val: 0.07296 viol_train: 0.50379 viol_val: 0.67601
epoch: 00100 loss_train: 0.05241 loss_val: 0.05731 viol_train: 0.50448 viol_val: 0.64944
epoch: 00150 loss_train: 0.05017 loss_val: 0.05218 viol_train: 0.47461 viol_val: 0.63659
epoch: 00200 loss_train: 0.04582 loss_val: 0.05001 viol_train: 0.45728 viol_val: 0.64158
epoch: 00250 loss_train: 0.04400 loss_val: 0.04519 viol_train: 0.44826 viol_val: 0.61743
epoch: 00300 loss_train: 0.04028 loss_val: 0.04070 viol_train: 0.50211 viol_val: 0.60694
epoch: 00350 loss_train: 0.03552 loss_val: 0.03819 viol_train: 0.46303 viol_val: 0.62412
epoch: 00400 loss_train: 0.03265 loss_val: 0.03487 viol_train: 0.50959 viol_val: 0.59778
epoch: 00450 loss_train: 0.03219 loss_val: 0.03148 viol_train: 0.46660 viol_val: 0.61868
epoch: 00500 loss_train: 0.02762 loss_val: 0.02826 viol_train: 0.44413 viol_val: 0.61039
epoch: 00550 loss_train: 0.02645 loss_val: 0.02716 viol_train: 0.46153 viol_val: 0.58801
epoch: 00600 loss_train: 0.02581 loss_val: 0.02514 viol_train: 0.47443 viol_val: 0.61815
epoch: 00650 loss_train: 0.02351 loss_val: 0.02346 viol_train: 0.49615 viol_val: 0.62107
epoch: 00700 loss_train: 0.02241 loss_val: 0.02291 viol_train: 0.46441 viol_val: 0.63145
epoch: 00750 loss_train: 0.02208 loss_val: 0.02301 viol_train: 0.47911 viol_val: 0.61272
epoch: 00800 loss_train: 0.02138 loss_val: 0.02224 viol_train: 0.46296 viol_val: 0.60235
epoch: 00850 loss_train: 0.02089 loss_val: 0.02076 viol_train: 0.48869 viol_val: 0.61033
epoch: 00900 loss_train: 0.02153 loss_val: 0.02027 viol_train: 0.44331 viol_val: 0.62287
epoch: 00950 loss_train: 0.02150 loss_val: 0.02068 viol_train: 0.43445 viol_val: 0.63014
epoch: 01000 loss_train: 0.01977 loss_val: 0.02025 viol_train: 0.45406 viol_val: 0.62287
Training Finished!
