Scaler Factors: [800.           0.9936625    1.987325     1.81292375]
Scaler saved at /home/f25moham/CSTR/nonlinear/total/pieces/Reduced_T/segments/segments2/heaviside/heaviside2/scaler.pkl
Scaled dataset saved at /home/f25moham/CSTR/nonlinear/total/pieces/Reduced_T/segments/segments2/heaviside/heaviside2/scaled_data.csv
Scaler Factors outside function: [800.           0.9936625    1.987325     1.81292375]
Scaler loaded successfully.
Scaler Type: <class 'sklearn.preprocessing._data.MaxAbsScaler'>
Scaler Factors (scale_): [800.           0.9936625    1.987325     1.81292375]
Namespace(model='KKThPINN', model_id='uniform_S11_r3', input_dim=1, hidden_dim=32, hidden_num=2, z0_dim=3, optimizer='adam', epochs=1000, batch_size=16, lr=0.0001, mu=1, max_subiter=500, eta=0.8, sigma=2, mu_safe=1000000000.0, dtype=64, dataset_type='cstr', dataset_path='data.csv', val_ratio=0.2, job='train', runs=1, run=0)
Scaler Factors: [800.           0.9936625    1.987325     1.81292375]
Scaler saved at /home/f25moham/CSTR/nonlinear/total/pieces/Reduced_T/segments/segments2/heaviside/heaviside2/scaler.pkl
Scaled dataset saved at /home/f25moham/CSTR/nonlinear/total/pieces/Reduced_T/segments/segments2/heaviside/heaviside2/scaled_data.csv
train set size: 90, val set size: 30, test set size: 30
Dtypes after casting:
[torch.float64, torch.float64, torch.float64, torch.float64, torch.float64, torch.float64, torch.float64, torch.float64, torch.float64, torch.float64, torch.float64]
[torch.float64, torch.float64, torch.float64, torch.float64, torch.float64, torch.float64, torch.float64, torch.float64, torch.float64, torch.float64, torch.float64]
[torch.float64, torch.float64, torch.float64, torch.float64, torch.float64, torch.float64, torch.float64, torch.float64, torch.float64, torch.float64, torch.float64]
Start Training…
epoch: 00050 loss_train: 0.08186 loss_val: 0.09507 viol_train: 0.08549 viol_val: 0.11493
epoch: 00100 loss_train: 0.04372 loss_val: 0.04906 viol_train: 0.00306 viol_val: 0.00407
epoch: 00150 loss_train: 0.03525 loss_val: 0.03893 viol_train: 0.00481 viol_val: 0.00697
epoch: 00200 loss_train: 0.03393 loss_val: 0.03764 viol_train: 0.00900 viol_val: 0.01256
epoch: 00250 loss_train: 0.03256 loss_val: 0.03517 viol_train: 0.00932 viol_val: 0.01227
epoch: 00300 loss_train: 0.03058 loss_val: 0.03360 viol_train: 0.00855 viol_val: 0.01163
epoch: 00350 loss_train: 0.02901 loss_val: 0.03061 viol_train: 0.00674 viol_val: 0.00925
epoch: 00400 loss_train: 0.02592 loss_val: 0.02807 viol_train: 0.00569 viol_val: 0.00793
epoch: 00450 loss_train: 0.02388 loss_val: 0.02574 viol_train: 0.00411 viol_val: 0.00546
epoch: 00500 loss_train: 0.02093 loss_val: 0.02229 viol_train: 0.00298 viol_val: 0.00377
epoch: 00550 loss_train: 0.01744 loss_val: 0.01946 viol_train: 0.00155 viol_val: 0.00218
epoch: 00600 loss_train: 0.01530 loss_val: 0.01610 viol_train: 0.00098 viol_val: 0.00143
epoch: 00650 loss_train: 0.01333 loss_val: 0.01382 viol_train: 0.00103 viol_val: 0.00138
epoch: 00700 loss_train: 0.01124 loss_val: 0.01151 viol_train: 0.00146 viol_val: 0.00196
epoch: 00750 loss_train: 0.00950 loss_val: 0.00990 viol_train: 0.00163 viol_val: 0.00237
epoch: 00800 loss_train: 0.00822 loss_val: 0.00868 viol_train: 0.00149 viol_val: 0.00210
epoch: 00850 loss_train: 0.00691 loss_val: 0.00734 viol_train: 0.00160 viol_val: 0.00192
epoch: 00900 loss_train: 0.00603 loss_val: 0.00644 viol_train: 0.00147 viol_val: 0.00194
epoch: 00950 loss_train: 0.00528 loss_val: 0.00573 viol_train: 0.00160 viol_val: 0.00221
epoch: 01000 loss_train: 0.00457 loss_val: 0.00506 viol_train: 0.00169 viol_val: 0.00233
Training Finished!
