Scaler Factors: [800.           0.9936625    1.987325     1.81292375]
Scaler saved at /home/f25moham/CSTR/nonlinear/total/pieces/Reduced_T/segments/segments2/heaviside/heaviside2/scaler.pkl
Scaled dataset saved at /home/f25moham/CSTR/nonlinear/total/pieces/Reduced_T/segments/segments2/heaviside/heaviside2/scaled_data.csv
Scaler Factors outside function: [800.           0.9936625    1.987325     1.81292375]
Scaler loaded successfully.
Scaler Type: <class 'sklearn.preprocessing._data.MaxAbsScaler'>
Scaler Factors (scale_): [800.           0.9936625    1.987325     1.81292375]
Namespace(model='KKThPINN', model_id='uniform_S11_r2', input_dim=1, hidden_dim=32, hidden_num=2, z0_dim=3, optimizer='adam', epochs=1000, batch_size=16, lr=0.0001, mu=1, max_subiter=500, eta=0.8, sigma=2, mu_safe=1000000000.0, dtype=64, dataset_type='cstr', dataset_path='data.csv', val_ratio=0.2, job='train', runs=1, run=0)
Scaler Factors: [800.           0.9936625    1.987325     1.81292375]
Scaler saved at /home/f25moham/CSTR/nonlinear/total/pieces/Reduced_T/segments/segments2/heaviside/heaviside2/scaler.pkl
Scaled dataset saved at /home/f25moham/CSTR/nonlinear/total/pieces/Reduced_T/segments/segments2/heaviside/heaviside2/scaled_data.csv
train set size: 90, val set size: 30, test set size: 30
Dtypes after casting:
[torch.float64, torch.float64, torch.float64, torch.float64, torch.float64, torch.float64, torch.float64, torch.float64, torch.float64, torch.float64, torch.float64]
[torch.float64, torch.float64, torch.float64, torch.float64, torch.float64, torch.float64, torch.float64, torch.float64, torch.float64, torch.float64, torch.float64]
[torch.float64, torch.float64, torch.float64, torch.float64, torch.float64, torch.float64, torch.float64, torch.float64, torch.float64, torch.float64, torch.float64]
Start Training…
epoch: 00050 loss_train: 0.06769 loss_val: 0.07855 viol_train: 0.12416 viol_val: 0.15547
epoch: 00100 loss_train: 0.03995 loss_val: 0.04511 viol_train: 0.00434 viol_val: 0.00591
epoch: 00150 loss_train: 0.03288 loss_val: 0.03705 viol_train: 0.00603 viol_val: 0.00806
epoch: 00200 loss_train: 0.03228 loss_val: 0.03587 viol_train: 0.01253 viol_val: 0.01660
epoch: 00250 loss_train: 0.03032 loss_val: 0.03411 viol_train: 0.01314 viol_val: 0.01876
epoch: 00300 loss_train: 0.03090 loss_val: 0.03238 viol_train: 0.01288 viol_val: 0.01760
epoch: 00350 loss_train: 0.02894 loss_val: 0.03002 viol_train: 0.01234 viol_val: 0.01618
epoch: 00400 loss_train: 0.02615 loss_val: 0.02785 viol_train: 0.01214 viol_val: 0.01601
epoch: 00450 loss_train: 0.02438 loss_val: 0.02572 viol_train: 0.00938 viol_val: 0.01397
epoch: 00500 loss_train: 0.02258 loss_val: 0.02323 viol_train: 0.00767 viol_val: 0.01095
epoch: 00550 loss_train: 0.01918 loss_val: 0.02095 viol_train: 0.00683 viol_val: 0.00958
epoch: 00600 loss_train: 0.01752 loss_val: 0.01815 viol_train: 0.00504 viol_val: 0.00732
epoch: 00650 loss_train: 0.01491 loss_val: 0.01598 viol_train: 0.00312 viol_val: 0.00433
epoch: 00700 loss_train: 0.01334 loss_val: 0.01305 viol_train: 0.00183 viol_val: 0.00272
epoch: 00750 loss_train: 0.01116 loss_val: 0.01207 viol_train: 0.00107 viol_val: 0.00150
epoch: 00800 loss_train: 0.00962 loss_val: 0.01042 viol_train: 0.00092 viol_val: 0.00133
epoch: 00850 loss_train: 0.00881 loss_val: 0.00905 viol_train: 0.00087 viol_val: 0.00122
epoch: 00900 loss_train: 0.00796 loss_val: 0.00801 viol_train: 0.00095 viol_val: 0.00124
epoch: 00950 loss_train: 0.00670 loss_val: 0.00743 viol_train: 0.00107 viol_val: 0.00131
epoch: 01000 loss_train: 0.00615 loss_val: 0.00653 viol_train: 0.00140 viol_val: 0.00190
Training Finished!
