Scaler Factors: [800.           0.9936625    1.987325     1.81292375]
Scaler saved at /home/f25moham/CSTR/nonlinear/total/pieces/Reduced_T/segments/segments2/heaviside/heaviside2/scaler.pkl
Scaled dataset saved at /home/f25moham/CSTR/nonlinear/total/pieces/Reduced_T/segments/segments2/heaviside/heaviside2/scaled_data.csv
Scaler Factors outside function: [800.           0.9936625    1.987325     1.81292375]
Scaler loaded successfully.
Scaler Type: <class 'sklearn.preprocessing._data.MaxAbsScaler'>
Scaler Factors (scale_): [800.           0.9936625    1.987325     1.81292375]
Namespace(model='KKThPINN', model_id='adaptive_S30_r8', input_dim=1, hidden_dim=32, hidden_num=2, z0_dim=3, optimizer='adam', epochs=1000, batch_size=16, lr=0.0001, mu=1, max_subiter=500, eta=0.8, sigma=2, mu_safe=1000000000.0, dtype=64, dataset_type='cstr', dataset_path='data.csv', val_ratio=0.2, job='train', runs=1, run=0)
Scaler Factors: [800.           0.9936625    1.987325     1.81292375]
Scaler saved at /home/f25moham/CSTR/nonlinear/total/pieces/Reduced_T/segments/segments2/heaviside/heaviside2/scaler.pkl
Scaled dataset saved at /home/f25moham/CSTR/nonlinear/total/pieces/Reduced_T/segments/segments2/heaviside/heaviside2/scaled_data.csv
train set size: 90, val set size: 30, test set size: 30
Dtypes after casting:
[torch.float64, torch.float64, torch.float64, torch.float64, torch.float64, torch.float64, torch.float64, torch.float64, torch.float64, torch.float64, torch.float64, torch.float64, torch.float64, torch.float64, torch.float64, torch.float64, torch.float64, torch.float64, torch.float64, torch.float64, torch.float64, torch.float64, torch.float64, torch.float64, torch.float64, torch.float64, torch.float64, torch.float64, torch.float64, torch.float64]
[torch.float64, torch.float64, torch.float64, torch.float64, torch.float64, torch.float64, torch.float64, torch.float64, torch.float64, torch.float64, torch.float64, torch.float64, torch.float64, torch.float64, torch.float64, torch.float64, torch.float64, torch.float64, torch.float64, torch.float64, torch.float64, torch.float64, torch.float64, torch.float64, torch.float64, torch.float64, torch.float64, torch.float64, torch.float64, torch.float64]
[torch.float64, torch.float64, torch.float64, torch.float64, torch.float64, torch.float64, torch.float64, torch.float64, torch.float64, torch.float64, torch.float64, torch.float64, torch.float64, torch.float64, torch.float64, torch.float64, torch.float64, torch.float64, torch.float64, torch.float64, torch.float64, torch.float64, torch.float64, torch.float64, torch.float64, torch.float64, torch.float64, torch.float64, torch.float64, torch.float64]
Start Training…
epoch: 00050 loss_train: 0.09196 loss_val: 0.11044 viol_train: 0.02917 viol_val: 0.03867
epoch: 00100 loss_train: 0.04149 loss_val: 0.04684 viol_train: 0.00034 viol_val: 0.00036
epoch: 00150 loss_train: 0.03611 loss_val: 0.04011 viol_train: 0.00351 viol_val: 0.00487
epoch: 00200 loss_train: 0.03617 loss_val: 0.03903 viol_train: 0.00632 viol_val: 0.00833
epoch: 00250 loss_train: 0.03461 loss_val: 0.03739 viol_train: 0.00685 viol_val: 0.00885
epoch: 00300 loss_train: 0.03168 loss_val: 0.03465 viol_train: 0.00645 viol_val: 0.00880
epoch: 00350 loss_train: 0.03146 loss_val: 0.03396 viol_train: 0.00607 viol_val: 0.00833
epoch: 00400 loss_train: 0.02898 loss_val: 0.03132 viol_train: 0.00480 viol_val: 0.00688
epoch: 00450 loss_train: 0.02679 loss_val: 0.02886 viol_train: 0.00399 viol_val: 0.00570
epoch: 00500 loss_train: 0.02458 loss_val: 0.02701 viol_train: 0.00330 viol_val: 0.00478
epoch: 00550 loss_train: 0.02201 loss_val: 0.02393 viol_train: 0.00243 viol_val: 0.00313
epoch: 00600 loss_train: 0.02032 loss_val: 0.02116 viol_train: 0.00140 viol_val: 0.00183
epoch: 00650 loss_train: 0.01776 loss_val: 0.01924 viol_train: 0.00078 viol_val: 0.00105
epoch: 00700 loss_train: 0.01543 loss_val: 0.01632 viol_train: 0.00044 viol_val: 0.00049
epoch: 00750 loss_train: 0.01372 loss_val: 0.01459 viol_train: 0.00063 viol_val: 0.00068
epoch: 00800 loss_train: 0.01195 loss_val: 0.01262 viol_train: 0.00115 viol_val: 0.00133
epoch: 00850 loss_train: 0.01058 loss_val: 0.01126 viol_train: 0.00186 viol_val: 0.00205
epoch: 00900 loss_train: 0.00998 loss_val: 0.01012 viol_train: 0.00347 viol_val: 0.00405
epoch: 00950 loss_train: 0.00871 loss_val: 0.00911 viol_train: 0.00358 viol_val: 0.00439
epoch: 01000 loss_train: 0.00845 loss_val: 0.00865 viol_train: 0.00491 viol_val: 0.00579
Training Finished!
