
=== Linearization accuracy by region ===
 region_id  T_low  T_high  n_points  mean_abs_linearization_error  rmse_linearization_error  max_abs_linearization_error  mean_abs_nonlinear_residual  mean_abs_linearized_residual  mean_abs_y_PL_error_scaled  rmse_y_PL_error_scaled  max_abs_y_PL_error_scaled  mean_abs_y_PL_error_original  rmse_y_PL_error_original  max_abs_y_PL_error_original  mean_abs_f_PL  max_abs_f_PL  mean_abs_dCa  mean_abs_dCb  max_abs_dCa  max_abs_dCb  mean_abs_df_dCa  mean_abs_df_dCb  max_abs_df_dCa  max_abs_df_dCb  mean_amplification  max_amplification
         0  280.0   325.0        38                      0.043683                  0.056174                     0.121546                 7.282201e-17                      0.043683                    0.015216                0.028783                   0.105757                      0.017650                  0.030221                     0.105087       0.045934      0.123305      0.037768      0.015181     0.105087     0.042241         1.162231         0.162231        1.672695        0.672695            1.141483           1.823352
         1  325.0   370.0        33                      0.232080                  0.329872                     0.902976                 8.419191e-16                      0.232080                    0.010602                0.018970                   0.076569                      0.017054                  0.033584                     0.152168       0.251984      1.910998      0.012051      0.039110     0.046887     0.152168         6.617259         5.617259       22.331845       21.331845            7.162588          25.671031
         2  370.0   415.0        39                      0.359397                  0.535104                     1.646298                 3.493502e-14                      0.359397                    0.000675                0.001296                   0.006166                      0.001117                  0.002372                     0.012254       0.460133      2.474419      0.000675      0.002675     0.003092     0.012254       148.423886       147.423886      382.100838      381.100838          178.931717         461.207844
         3  415.0   437.5        20                      0.279487                  0.372227                     0.847917                 1.584510e-12                      0.279487                    0.000069                0.000119                   0.000420                      0.000115                  0.000218                     0.000834       0.325496      1.225035      0.000069      0.000275     0.000209     0.000834       902.098907       901.098907     1453.351108     1452.351108         1092.929452        1760.843733
         4  437.5   460.0        20                      0.623667                  0.873255                     1.869959                 4.261551e-11                      0.623667                    0.000047                0.000085                   0.000284                      0.000078                  0.000157                     0.000563       0.796095      3.235163      0.000047      0.000188     0.000141     0.000563      2944.387784      2943.387784     4596.088395     4595.088395         3569.179707        5570.296730

=== Overall linearization accuracy ===
Overall mean absolute linearization error: 2.759876e-01
Overall RMSE linearization error:          4.683337e-01
Overall max absolute linearization error: 1.869959e+00

=== Manual PL y accuracy ===
Overall mean absolute PL-y error, scaled:   6.378282e-03
Overall RMSE PL-y error, scaled:            1.701436e-02
Overall max absolute PL-y error, scaled:    1.057568e-01
Overall mean absolute PL-y error, original: 8.539074e-03
Overall RMSE PL-y error, original:          2.193093e-02
Overall max absolute PL-y error, original:  1.521678e-01

=== Nonlinear sensitivity diagnostic ===
Mean |f(true)|:                 5.902623e-12
Mean |f(PL)|:                   3.362533e-01
Max  |f(PL)|:                   3.235163e+00
Mean |dCa|:                     1.240994e-02
Mean |dCb|:                     1.320729e-02
Max  |dCa|:                     1.050866e-01
Max  |dCb|:                     1.521678e-01
Mean |df/dCa|:                  5.532053e+02
Mean |df/dCb|:                  5.522053e+02
Max  |df/dCa|:                  4.596088e+03
Max  |df/dCb|:                  4.595088e+03
Mean amplification |df|/|dy|:   6.700017e+02
Max  amplification |df|/|dy|:   5.570297e+03

Top 10 largest nonlinear residuals after PL projection:
 Temperature (T)       Ca       Cb    Ca_PL    Cb_PL  abs_Ca_PL_error  abs_Cb_PL_error  abs_df_dCa  abs_df_dCb  abs_f_PL  amplification
      460.000000 0.395692 0.791384 0.395551 0.790821         0.000141         0.000563 4596.088395 4595.088395  3.235163    5570.296730
      459.497788 0.396003 0.792005 0.395874 0.791490         0.000129         0.000515 4487.475301 4486.475301  2.887698    5438.859249
      459.000000 0.396311 0.792622 0.396194 0.792153         0.000117         0.000469 4382.126282 4381.126282  2.568905    5311.356607
      413.000000 0.429271 0.858542 0.427959 0.853340         0.001313         0.005202  382.100838  381.100838  2.474419     461.207844
      411.337980 0.430668 0.861336 0.429541 0.856869         0.001127         0.004468  346.402688  345.402688  1.927178     418.264605
      411.309381 0.430692 0.861385 0.429568 0.856930         0.001124         0.004455  345.816265  344.816265  1.918655     417.558802
      369.000000 0.477898 0.955796 0.455978 0.884655         0.021921         0.071141   22.331845   21.331845  1.910998      25.671031
      411.000000 0.430955 0.861909 0.429864 0.857585         0.001091         0.004324  339.530769  338.530769  1.828267     409.992995
      410.000000 0.431807 0.863613 0.430820 0.859704         0.000987         0.003910  319.928251  318.928251  1.557985     386.388596
      457.000000 0.397560 0.795120 0.397483 0.794814         0.000077         0.000306 3981.136199 3980.136199  1.521862    4825.905402

Saved:
linearization_accuracy_detailed.csv
linearization_accuracy_summary.csv
