Scaler Factors: [800.           0.9936625    1.987325     1.81292375]
Scaler saved at /home/f25moham/CSTR/nonlinear/total/pieces/Reduced_T/segments/segments2/heaviside/heaviside2/scaler.pkl
Scaled dataset saved at /home/f25moham/CSTR/nonlinear/total/pieces/Reduced_T/segments/segments2/heaviside/heaviside2/scaled_data.csv
Scaler Factors outside function: [800.           0.9936625    1.987325     1.81292375]
Scaler loaded successfully.
Scaler Type: <class 'sklearn.preprocessing._data.MaxAbsScaler'>
Scaler Factors (scale_): [800.           0.9936625    1.987325     1.81292375]
Namespace(model='KKThPINN', model_id='uniform_S2', input_dim=1, hidden_dim=32, hidden_num=2, z0_dim=3, optimizer='adam', epochs=1000, batch_size=16, lr=0.0001, mu=1, max_subiter=500, eta=0.8, sigma=2, mu_safe=1000000000.0, dtype=64, dataset_type='cstr', dataset_path='data.csv', val_ratio=0.2, job='train', runs=1, run=0)
Scaler Factors: [800.           0.9936625    1.987325     1.81292375]
Scaler saved at /home/f25moham/CSTR/nonlinear/total/pieces/Reduced_T/segments/segments2/heaviside/heaviside2/scaler.pkl
Scaled dataset saved at /home/f25moham/CSTR/nonlinear/total/pieces/Reduced_T/segments/segments2/heaviside/heaviside2/scaled_data.csv
train set size: 90, val set size: 30, test set size: 30
Dtypes after casting:
[torch.float64, torch.float64]
[torch.float64, torch.float64]
[torch.float64, torch.float64]
Start Training…
epoch: 00050 loss_train: 0.09594 loss_val: 0.10993 viol_train: 0.10594 viol_val: 0.13811
epoch: 00100 loss_train: 0.04679 loss_val: 0.05205 viol_train: 0.04522 viol_val: 0.05427
epoch: 00150 loss_train: 0.03810 loss_val: 0.04257 viol_train: 0.03318 viol_val: 0.04023
epoch: 00200 loss_train: 0.03792 loss_val: 0.04068 viol_train: 0.03339 viol_val: 0.04018
epoch: 00250 loss_train: 0.03553 loss_val: 0.03781 viol_train: 0.03757 viol_val: 0.04158
epoch: 00300 loss_train: 0.03334 loss_val: 0.03524 viol_train: 0.03683 viol_val: 0.04371
epoch: 00350 loss_train: 0.02970 loss_val: 0.03283 viol_train: 0.03748 viol_val: 0.04221
epoch: 00400 loss_train: 0.02789 loss_val: 0.02890 viol_train: 0.03860 viol_val: 0.04201
epoch: 00450 loss_train: 0.02511 loss_val: 0.02616 viol_train: 0.03594 viol_val: 0.04483
epoch: 00500 loss_train: 0.02160 loss_val: 0.02230 viol_train: 0.03624 viol_val: 0.04529
epoch: 00550 loss_train: 0.01891 loss_val: 0.01929 viol_train: 0.03613 viol_val: 0.04445
epoch: 00600 loss_train: 0.01642 loss_val: 0.01629 viol_train: 0.03759 viol_val: 0.04378
epoch: 00650 loss_train: 0.01456 loss_val: 0.01400 viol_train: 0.03691 viol_val: 0.04150
epoch: 00700 loss_train: 0.01211 loss_val: 0.01222 viol_train: 0.03691 viol_val: 0.03949
epoch: 00750 loss_train: 0.01084 loss_val: 0.01070 viol_train: 0.03740 viol_val: 0.03974
epoch: 00800 loss_train: 0.00960 loss_val: 0.00951 viol_train: 0.03445 viol_val: 0.04049
epoch: 00850 loss_train: 0.00853 loss_val: 0.00857 viol_train: 0.03408 viol_val: 0.04120
epoch: 00900 loss_train: 0.00788 loss_val: 0.00772 viol_train: 0.03523 viol_val: 0.04128
epoch: 00950 loss_train: 0.00707 loss_val: 0.00692 viol_train: 0.03470 viol_val: 0.04169
epoch: 01000 loss_train: 0.00695 loss_val: 0.00654 viol_train: 0.03774 viol_val: 0.04069
Training Finished!
