Scaler Factors: [800.           0.9936625    1.987325     1.81292375]
Scaler saved at /home/f25moham/CSTR/nonlinear/total/pieces/Reduced_T/segments/segments2/heaviside/heaviside2/scaler.pkl
Scaled dataset saved at /home/f25moham/CSTR/nonlinear/total/pieces/Reduced_T/segments/segments2/heaviside/heaviside2/scaled_data.csv
Scaler Factors outside function: [800.           0.9936625    1.987325     1.81292375]
Scaler loaded successfully.
Scaler Type: <class 'sklearn.preprocessing._data.MaxAbsScaler'>
Scaler Factors (scale_): [800.           0.9936625    1.987325     1.81292375]
Namespace(model='KKThPINN', model_id='uniform_S90_r1', input_dim=1, hidden_dim=32, hidden_num=2, z0_dim=3, optimizer='adam', epochs=1000, batch_size=16, lr=0.0001, mu=1, max_subiter=500, eta=0.8, sigma=2, mu_safe=1000000000.0, dtype=64, dataset_type='cstr', dataset_path='data.csv', val_ratio=0.2, job='train', runs=1, run=0)
Scaler Factors: [800.           0.9936625    1.987325     1.81292375]
Scaler saved at /home/f25moham/CSTR/nonlinear/total/pieces/Reduced_T/segments/segments2/heaviside/heaviside2/scaler.pkl
Scaled dataset saved at /home/f25moham/CSTR/nonlinear/total/pieces/Reduced_T/segments/segments2/heaviside/heaviside2/scaled_data.csv
train set size: 90, val set size: 30, test set size: 30
Dtypes after casting:
[torch.float64, torch.float64, torch.float64, torch.float64, torch.float64, torch.float64, torch.float64, torch.float64, torch.float64, torch.float64, torch.float64, torch.float64, torch.float64, torch.float64, torch.float64, torch.float64, torch.float64, torch.float64, torch.float64, torch.float64, torch.float64, torch.float64, torch.float64, torch.float64, torch.float64, torch.float64, torch.float64, torch.float64, torch.float64, torch.float64, torch.float64, torch.float64, torch.float64, torch.float64, torch.float64, torch.float64, torch.float64, torch.float64, torch.float64, torch.float64, torch.float64, torch.float64, torch.float64, torch.float64, torch.float64, torch.float64, torch.float64, torch.float64, torch.float64, torch.float64, torch.float64, torch.float64, torch.float64, torch.float64, torch.float64, torch.float64, torch.float64, torch.float64, torch.float64, torch.float64, torch.float64, torch.float64, torch.float64, torch.float64, torch.float64, torch.float64, torch.float64, torch.float64, torch.float64, torch.float64, torch.float64, torch.float64, torch.float64, torch.float64, torch.float64, torch.float64, torch.float64, torch.float64, torch.float64, torch.float64, torch.float64, torch.float64, torch.float64, torch.float64, torch.float64, torch.float64, torch.float64, torch.float64, torch.float64, torch.float64]
[torch.float64, torch.float64, torch.float64, torch.float64, torch.float64, torch.float64, torch.float64, torch.float64, torch.float64, torch.float64, torch.float64, torch.float64, torch.float64, torch.float64, torch.float64, torch.float64, torch.float64, torch.float64, torch.float64, torch.float64, torch.float64, torch.float64, torch.float64, torch.float64, torch.float64, torch.float64, torch.float64, torch.float64, torch.float64, torch.float64, torch.float64, torch.float64, torch.float64, torch.float64, torch.float64, torch.float64, torch.float64, torch.float64, torch.float64, torch.float64, torch.float64, torch.float64, torch.float64, torch.float64, torch.float64, torch.float64, torch.float64, torch.float64, torch.float64, torch.float64, torch.float64, torch.float64, torch.float64, torch.float64, torch.float64, torch.float64, torch.float64, torch.float64, torch.float64, torch.float64, torch.float64, torch.float64, torch.float64, torch.float64, torch.float64, torch.float64, torch.float64, torch.float64, torch.float64, torch.float64, torch.float64, torch.float64, torch.float64, torch.float64, torch.float64, torch.float64, torch.float64, torch.float64, torch.float64, torch.float64, torch.float64, torch.float64, torch.float64, torch.float64, torch.float64, torch.float64, torch.float64, torch.float64, torch.float64, torch.float64]
[torch.float64, torch.float64, torch.float64, torch.float64, torch.float64, torch.float64, torch.float64, torch.float64, torch.float64, torch.float64, torch.float64, torch.float64, torch.float64, torch.float64, torch.float64, torch.float64, torch.float64, torch.float64, torch.float64, torch.float64, torch.float64, torch.float64, torch.float64, torch.float64, torch.float64, torch.float64, torch.float64, torch.float64, torch.float64, torch.float64, torch.float64, torch.float64, torch.float64, torch.float64, torch.float64, torch.float64, torch.float64, torch.float64, torch.float64, torch.float64, torch.float64, torch.float64, torch.float64, torch.float64, torch.float64, torch.float64, torch.float64, torch.float64, torch.float64, torch.float64, torch.float64, torch.float64, torch.float64, torch.float64, torch.float64, torch.float64, torch.float64, torch.float64, torch.float64, torch.float64, torch.float64, torch.float64, torch.float64, torch.float64, torch.float64, torch.float64, torch.float64, torch.float64, torch.float64, torch.float64, torch.float64, torch.float64, torch.float64, torch.float64, torch.float64, torch.float64, torch.float64, torch.float64, torch.float64, torch.float64, torch.float64, torch.float64, torch.float64, torch.float64, torch.float64, torch.float64, torch.float64, torch.float64, torch.float64, torch.float64]
Start Training…
epoch: 00050 loss_train: 0.10585 loss_val: 0.12896 viol_train: 0.12806 viol_val: 0.16785
epoch: 00100 loss_train: 0.05892 loss_val: 0.07124 viol_train: 0.03910 viol_val: 0.05574
epoch: 00150 loss_train: 0.04680 loss_val: 0.05342 viol_train: 0.00423 viol_val: 0.00552
epoch: 00200 loss_train: 0.03897 loss_val: 0.04411 viol_train: 0.00178 viol_val: 0.00240
epoch: 00250 loss_train: 0.03630 loss_val: 0.04173 viol_train: 0.00832 viol_val: 0.01128
epoch: 00300 loss_train: 0.03734 loss_val: 0.03946 viol_train: 0.01209 viol_val: 0.01627
epoch: 00350 loss_train: 0.03318 loss_val: 0.03663 viol_train: 0.01443 viol_val: 0.01880
epoch: 00400 loss_train: 0.03366 loss_val: 0.03597 viol_train: 0.01470 viol_val: 0.01772
epoch: 00450 loss_train: 0.03015 loss_val: 0.03308 viol_train: 0.01353 viol_val: 0.01899
epoch: 00500 loss_train: 0.03003 loss_val: 0.03118 viol_train: 0.01359 viol_val: 0.01885
epoch: 00550 loss_train: 0.02701 loss_val: 0.02803 viol_train: 0.01366 viol_val: 0.01911
epoch: 00600 loss_train: 0.02347 loss_val: 0.02621 viol_train: 0.01437 viol_val: 0.01772
epoch: 00650 loss_train: 0.02311 loss_val: 0.02299 viol_train: 0.01303 viol_val: 0.01731
epoch: 00700 loss_train: 0.01945 loss_val: 0.02027 viol_train: 0.01225 viol_val: 0.01448
epoch: 00750 loss_train: 0.01682 loss_val: 0.01781 viol_train: 0.00829 viol_val: 0.01180
epoch: 00800 loss_train: 0.01467 loss_val: 0.01484 viol_train: 0.00715 viol_val: 0.00947
epoch: 00850 loss_train: 0.01248 loss_val: 0.01304 viol_train: 0.00457 viol_val: 0.00616
epoch: 00900 loss_train: 0.01110 loss_val: 0.01140 viol_train: 0.00289 viol_val: 0.00384
epoch: 00950 loss_train: 0.01007 loss_val: 0.01013 viol_train: 0.00145 viol_val: 0.00190
epoch: 01000 loss_train: 0.00897 loss_val: 0.00911 viol_train: 0.00115 viol_val: 0.00142
Training Finished!
