Scaler Factors: [800.           0.9936625    1.987325     1.81292375]
Scaler saved at /home/f25moham/CSTR/nonlinear/total/pieces/Reduced_T/segments/segments2/heaviside/heaviside2/scaler.pkl
Scaled dataset saved at /home/f25moham/CSTR/nonlinear/total/pieces/Reduced_T/segments/segments2/heaviside/heaviside2/scaled_data.csv
Scaler Factors outside function: [800.           0.9936625    1.987325     1.81292375]
Scaler loaded successfully.
Scaler Type: <class 'sklearn.preprocessing._data.MaxAbsScaler'>
Scaler Factors (scale_): [800.           0.9936625    1.987325     1.81292375]
Namespace(model='KKThPINN', model_id='adaptive_S11_r1', input_dim=1, hidden_dim=32, hidden_num=2, z0_dim=3, optimizer='adam', epochs=1000, batch_size=16, lr=0.0001, mu=1, max_subiter=500, eta=0.8, sigma=2, mu_safe=1000000000.0, dtype=64, dataset_type='cstr', dataset_path='data.csv', val_ratio=0.2, job='train', runs=1, run=0)
Scaler Factors: [800.           0.9936625    1.987325     1.81292375]
Scaler saved at /home/f25moham/CSTR/nonlinear/total/pieces/Reduced_T/segments/segments2/heaviside/heaviside2/scaler.pkl
Scaled dataset saved at /home/f25moham/CSTR/nonlinear/total/pieces/Reduced_T/segments/segments2/heaviside/heaviside2/scaled_data.csv
train set size: 90, val set size: 30, test set size: 30
Dtypes after casting:
[torch.float64, torch.float64, torch.float64, torch.float64, torch.float64, torch.float64, torch.float64, torch.float64, torch.float64, torch.float64, torch.float64]
[torch.float64, torch.float64, torch.float64, torch.float64, torch.float64, torch.float64, torch.float64, torch.float64, torch.float64, torch.float64, torch.float64]
[torch.float64, torch.float64, torch.float64, torch.float64, torch.float64, torch.float64, torch.float64, torch.float64, torch.float64, torch.float64, torch.float64]
Start Training…
epoch: 00050 loss_train: 0.06916 loss_val: 0.07076 viol_train: 0.02514 viol_val: 0.03338
epoch: 00100 loss_train: 0.04412 loss_val: 0.04837 viol_train: 0.00349 viol_val: 0.00440
epoch: 00150 loss_train: 0.03371 loss_val: 0.03770 viol_train: 0.00582 viol_val: 0.00762
epoch: 00200 loss_train: 0.03084 loss_val: 0.03285 viol_train: 0.01586 viol_val: 0.02209
epoch: 00250 loss_train: 0.02792 loss_val: 0.02938 viol_train: 0.01822 viol_val: 0.02402
epoch: 00300 loss_train: 0.02370 loss_val: 0.02587 viol_train: 0.01904 viol_val: 0.02482
epoch: 00350 loss_train: 0.02108 loss_val: 0.02270 viol_train: 0.01771 viol_val: 0.02267
epoch: 00400 loss_train: 0.01719 loss_val: 0.01838 viol_train: 0.01537 viol_val: 0.01899
epoch: 00450 loss_train: 0.01438 loss_val: 0.01560 viol_train: 0.01315 viol_val: 0.01550
epoch: 00500 loss_train: 0.01243 loss_val: 0.01313 viol_train: 0.00880 viol_val: 0.01188
epoch: 00550 loss_train: 0.01054 loss_val: 0.01134 viol_train: 0.00637 viol_val: 0.00826
epoch: 00600 loss_train: 0.00903 loss_val: 0.00947 viol_train: 0.00437 viol_val: 0.00576
epoch: 00650 loss_train: 0.00774 loss_val: 0.00817 viol_train: 0.00333 viol_val: 0.00427
epoch: 00700 loss_train: 0.00668 loss_val: 0.00737 viol_train: 0.00288 viol_val: 0.00328
epoch: 00750 loss_train: 0.00586 loss_val: 0.00646 viol_train: 0.00190 viol_val: 0.00243
epoch: 00800 loss_train: 0.00523 loss_val: 0.00571 viol_train: 0.00153 viol_val: 0.00181
epoch: 00850 loss_train: 0.00484 loss_val: 0.00503 viol_train: 0.00108 viol_val: 0.00131
epoch: 00900 loss_train: 0.00434 loss_val: 0.00467 viol_train: 0.00080 viol_val: 0.00085
epoch: 00950 loss_train: 0.00383 loss_val: 0.00429 viol_train: 0.00077 viol_val: 0.00078
epoch: 01000 loss_train: 0.00365 loss_val: 0.00409 viol_train: 0.00060 viol_val: 0.00057
Training Finished!
